
 RUN  v1.6.1 /home/jin/guozha-poker-game

stdout | tests/unit/async/AsyncTaskManager.test.ts > AsyncTaskManager > 基础执行 > 应该成功执行简单任务
[AsyncTask] Starting: test-task (task_1764969116756_1)
[AsyncTask] Success: test-task in 3ms

stdout | tests/unit/async/AsyncTaskManager.test.ts > AsyncTaskManager > 基础执行 > 应该记录执行时长
[AsyncTask] Starting: unknown (task_1764969116762_1)

 ✓ tests/unit/async/AsyncTaskManager.test.ts > AsyncTaskManager > 基础执行 > 应该成功执行简单任务
stdout | tests/unit/async/AsyncTaskManager.test.ts > AsyncTaskManager > 基础执行 > 应该记录执行时长
[AsyncTask] Success: unknown in 101ms

stdout | tests/unit/async/AsyncTaskManager.test.ts > AsyncTaskManager > 基础执行 > 应该处理返回复杂对象的任务
[AsyncTask] Starting: unknown (task_1764969116864_1)
[AsyncTask] Success: unknown in 1ms

stdout | tests/unit/async/AsyncTaskManager.test.ts > AsyncTaskManager > 超时控制 > 应该在超时后抛出TimeoutError
[AsyncTask] Starting: timeout-test (task_1764969116866_1)

 ✓ tests/unit/async/AsyncTaskManager.test.ts > AsyncTaskManager > 基础执行 > 应该记录执行时长
 ✓ tests/unit/async/AsyncTaskManager.test.ts > AsyncTaskManager > 基础执行 > 应该处理返回复杂对象的任务
stdout | tests/unit/async/AsyncTaskManager.test.ts > AsyncTaskManager > 超时控制 > 应该在超时后抛出TimeoutError
<empty line>
stderr | tests/unit/async/AsyncTaskManager.test.ts > AsyncTaskManager > 超时控制 > 应该在超时后抛出TimeoutError
[AsyncTask] Timeout on attempt 1: timeout-test
[AsyncTask] Failed: timeout-test TimeoutError: Task timed out after 100ms
    at Timeout._onTimeout (/home/jin/guozha-poker-game/src/central-brain/infrastructure/async/AsyncTaskManager.ts:360:16)
    at listOnTimeout (node:internal/timers:581:17)
    at processTimers (node:internal/timers:519:7)

stdout | tests/unit/async/AsyncTaskManager.test.ts > AsyncTaskManager > 超时控制 > 应该在超时前正常完成
[AsyncTask] Starting: unknown (task_1764969116976_1)

stdout | tests/unit/async/AsyncTaskManager.test.ts > AsyncTaskManager > 超时控制 > 应该在超时前正常完成
[AsyncTask] Success: unknown in 50ms

stdout | tests/unit/async/AsyncTaskManager.test.ts > AsyncTaskManager > 超时控制 > 应该支持极短超时
[AsyncTask] Starting: unknown (task_1764969117028_1)

stdout | tests/unit/async/AsyncTaskManager.test.ts > AsyncTaskManager > 超时控制 > 应该支持极短超时
<empty line>
stderr | tests/unit/async/AsyncTaskManager.test.ts > AsyncTaskManager > 超时控制 > 应该支持极短超时
[AsyncTask] Timeout on attempt 1: unknown
[AsyncTask] Failed: unknown TimeoutError: Task timed out after 10ms
    at Timeout._onTimeout (/home/jin/guozha-poker-game/src/central-brain/infrastructure/async/AsyncTaskManager.ts:360:16)
    at listOnTimeout (node:internal/timers:581:17)
    at processTimers (node:internal/timers:519:7)

stdout | tests/unit/async/AsyncTaskManager.test.ts > AsyncTaskManager > 重试机制 > 应该在失败后重试指定次数
[AsyncTask] Starting: retry-test (task_1764969117040_1)

stderr | tests/unit/async/AsyncTaskManager.test.ts > AsyncTaskManager > 重试机制 > 应该在失败后重试指定次数
[AsyncTask] Error on attempt 1: retry-test Error: Attempt 1 failed
    at /home/jin/guozha-poker-game/tests/unit/async/AsyncTaskManager.test.ts:168:15
    at mockCall (file:///home/jin/guozha-poker-game/node_modules/@vitest/spy/dist/index.js:50:17)
    at spy (file:///home/jin/guozha-poker-game/node_modules/tinyspy/dist/index.js:42:80)
    at /home/jin/guozha-poker-game/src/central-brain/infrastructure/async/AsyncTaskManager.ts:375:30
    at new Promise (<anonymous>)
    at AsyncTaskManager.executeWithTimeout (/home/jin/guozha-poker-game/src/central-brain/infrastructure/async/AsyncTaskManager.ts:357:12)
    at AsyncTaskManager.executeWithFullSupport (/home/jin/guozha-poker-game/src/central-brain/infrastructure/async/AsyncTaskManager.ts:256:33)
    at AsyncTaskManager.execute (/home/jin/guozha-poker-game/src/central-brain/infrastructure/async/AsyncTaskManager.ts:180:33)
    at /home/jin/guozha-poker-game/tests/unit/async/AsyncTaskManager.test.ts:178:36
    at file:///home/jin/guozha-poker-game/node_modules/@vitest/runner/dist/index.js:135:14

 ✓ tests/unit/async/AsyncTaskManager.test.ts > AsyncTaskManager > 超时控制 > 应该在超时后抛出TimeoutError
 ✓ tests/unit/async/AsyncTaskManager.test.ts > AsyncTaskManager > 超时控制 > 应该在超时前正常完成
 ✓ tests/unit/async/AsyncTaskManager.test.ts > AsyncTaskManager > 超时控制 > 应该支持极短超时
stdout | tests/unit/async/AsyncTaskManager.test.ts > AsyncTaskManager > 重试机制 > 应该在失败后重试指定次数
<empty line>
stderr | tests/unit/async/AsyncTaskManager.test.ts > AsyncTaskManager > 重试机制 > 应该在失败后重试指定次数
[AsyncTask] Error on attempt 2: retry-test Error: Attempt 2 failed
    at /home/jin/guozha-poker-game/tests/unit/async/AsyncTaskManager.test.ts:168:15
    at mockCall (file:///home/jin/guozha-poker-game/node_modules/@vitest/spy/dist/index.js:50:17)
    at spy (file:///home/jin/guozha-poker-game/node_modules/tinyspy/dist/index.js:42:80)
    at /home/jin/guozha-poker-game/src/central-brain/infrastructure/async/AsyncTaskManager.ts:375:30
    at new Promise (<anonymous>)
    at AsyncTaskManager.executeWithTimeout (/home/jin/guozha-poker-game/src/central-brain/infrastructure/async/AsyncTaskManager.ts:357:12)
    at AsyncTaskManager.executeWithFullSupport (/home/jin/guozha-poker-game/src/central-brain/infrastructure/async/AsyncTaskManager.ts:256:33)
    at AsyncTaskManager.execute (/home/jin/guozha-poker-game/src/central-brain/infrastructure/async/AsyncTaskManager.ts:180:22)
    at /home/jin/guozha-poker-game/tests/unit/async/AsyncTaskManager.test.ts:178:22
    at runTest (file:///home/jin/guozha-poker-game/node_modules/@vitest/runner/dist/index.js:781:11)

stdout | tests/unit/async/AsyncTaskManager.test.ts > AsyncTaskManager > 重试机制 > 应该在失败后重试指定次数
<empty line>
stderr | tests/unit/async/AsyncTaskManager.test.ts > AsyncTaskManager > 重试机制 > 应该在失败后重试指定次数
[AsyncTask] Error on attempt 3: retry-test Error: Attempt 3 failed
    at /home/jin/guozha-poker-game/tests/unit/async/AsyncTaskManager.test.ts:168:15
    at mockCall (file:///home/jin/guozha-poker-game/node_modules/@vitest/spy/dist/index.js:50:17)
    at spy (file:///home/jin/guozha-poker-game/node_modules/tinyspy/dist/index.js:42:80)
    at /home/jin/guozha-poker-game/src/central-brain/infrastructure/async/AsyncTaskManager.ts:375:30
    at new Promise (<anonymous>)
    at AsyncTaskManager.executeWithTimeout (/home/jin/guozha-poker-game/src/central-brain/infrastructure/async/AsyncTaskManager.ts:357:12)
    at AsyncTaskManager.executeWithFullSupport (/home/jin/guozha-poker-game/src/central-brain/infrastructure/async/AsyncTaskManager.ts:256:33)
    at AsyncTaskManager.execute (/home/jin/guozha-poker-game/src/central-brain/infrastructure/async/AsyncTaskManager.ts:180:22)
    at /home/jin/guozha-poker-game/tests/unit/async/AsyncTaskManager.test.ts:178:22
    at runTest (file:///home/jin/guozha-poker-game/node_modules/@vitest/runner/dist/index.js:781:11)

stdout | tests/unit/async/AsyncTaskManager.test.ts > AsyncTaskManager > 重试机制 > 应该在失败后重试指定次数
<empty line>
stderr | tests/unit/async/AsyncTaskManager.test.ts > AsyncTaskManager > 重试机制 > 应该在失败后重试指定次数
[AsyncTask] Error on attempt 4: retry-test Error: Attempt 4 failed
    at /home/jin/guozha-poker-game/tests/unit/async/AsyncTaskManager.test.ts:168:15
    at mockCall (file:///home/jin/guozha-poker-game/node_modules/@vitest/spy/dist/index.js:50:17)
    at spy (file:///home/jin/guozha-poker-game/node_modules/tinyspy/dist/index.js:42:80)
    at /home/jin/guozha-poker-game/src/central-brain/infrastructure/async/AsyncTaskManager.ts:375:30
    at new Promise (<anonymous>)
    at AsyncTaskManager.executeWithTimeout (/home/jin/guozha-poker-game/src/central-brain/infrastructure/async/AsyncTaskManager.ts:357:12)
    at AsyncTaskManager.executeWithFullSupport (/home/jin/guozha-poker-game/src/central-brain/infrastructure/async/AsyncTaskManager.ts:256:33)
    at AsyncTaskManager.execute (/home/jin/guozha-poker-game/src/central-brain/infrastructure/async/AsyncTaskManager.ts:180:22)
    at /home/jin/guozha-poker-game/tests/unit/async/AsyncTaskManager.test.ts:178:22
    at runTest (file:///home/jin/guozha-poker-game/node_modules/@vitest/runner/dist/index.js:781:11)
[AsyncTask] Failed: retry-test Error: Attempt 4 failed
    at /home/jin/guozha-poker-game/tests/unit/async/AsyncTaskManager.test.ts:168:15
    at mockCall (file:///home/jin/guozha-poker-game/node_modules/@vitest/spy/dist/index.js:50:17)
    at spy (file:///home/jin/guozha-poker-game/node_modules/tinyspy/dist/index.js:42:80)
    at /home/jin/guozha-poker-game/src/central-brain/infrastructure/async/AsyncTaskManager.ts:375:30
    at new Promise (<anonymous>)
    at AsyncTaskManager.executeWithTimeout (/home/jin/guozha-poker-game/src/central-brain/infrastructure/async/AsyncTaskManager.ts:357:12)
    at AsyncTaskManager.executeWithFullSupport (/home/jin/guozha-poker-game/src/central-brain/infrastructure/async/AsyncTaskManager.ts:256:33)
    at AsyncTaskManager.execute (/home/jin/guozha-poker-game/src/central-brain/infrastructure/async/AsyncTaskManager.ts:180:22)
    at /home/jin/guozha-poker-game/tests/unit/async/AsyncTaskManager.test.ts:178:22
    at runTest (file:///home/jin/guozha-poker-game/node_modules/@vitest/runner/dist/index.js:781:11)

stdout | tests/unit/async/AsyncTaskManager.test.ts > AsyncTaskManager > 重试机制 > 应该使用指数退避延迟
[AsyncTask] Starting: unknown (task_1764969117099_1)

stderr | tests/unit/async/AsyncTaskManager.test.ts > AsyncTaskManager > 重试机制 > 应该使用指数退避延迟
[AsyncTask] Error on attempt 1: unknown Error: Fail
    at mockTask (/home/jin/guozha-poker-game/tests/unit/async/AsyncTaskManager.test.ts:193:15)
    at /home/jin/guozha-poker-game/src/central-brain/infrastructure/async/AsyncTaskManager.ts:375:30
    at new Promise (<anonymous>)
    at AsyncTaskManager.executeWithTimeout (/home/jin/guozha-poker-game/src/central-brain/infrastructure/async/AsyncTaskManager.ts:357:12)
    at AsyncTaskManager.executeWithFullSupport (/home/jin/guozha-poker-game/src/central-brain/infrastructure/async/AsyncTaskManager.ts:256:33)
    at AsyncTaskManager.execute (/home/jin/guozha-poker-game/src/central-brain/infrastructure/async/AsyncTaskManager.ts:180:33)
    at /home/jin/guozha-poker-game/tests/unit/async/AsyncTaskManager.test.ts:204:21
    at file:///home/jin/guozha-poker-game/node_modules/@vitest/runner/dist/index.js:135:14
    at file:///home/jin/guozha-poker-game/node_modules/@vitest/runner/dist/index.js:60:26
    at runTest (file:///home/jin/guozha-poker-game/node_modules/@vitest/runner/dist/index.js:781:17)

 ✓ tests/unit/async/AsyncTaskManager.test.ts > AsyncTaskManager > 重试机制 > 应该在失败后重试指定次数
stdout | tests/unit/async/AsyncTaskManager.test.ts > AsyncTaskManager > 重试机制 > 应该使用指数退避延迟
<empty line>
stderr | tests/unit/async/AsyncTaskManager.test.ts > AsyncTaskManager > 重试机制 > 应该使用指数退避延迟
[AsyncTask] Error on attempt 2: unknown Error: Fail
    at mockTask (/home/jin/guozha-poker-game/tests/unit/async/AsyncTaskManager.test.ts:193:15)
    at /home/jin/guozha-poker-game/src/central-brain/infrastructure/async/AsyncTaskManager.ts:375:30
    at new Promise (<anonymous>)
    at AsyncTaskManager.executeWithTimeout (/home/jin/guozha-poker-game/src/central-brain/infrastructure/async/AsyncTaskManager.ts:357:12)
    at AsyncTaskManager.executeWithFullSupport (/home/jin/guozha-poker-game/src/central-brain/infrastructure/async/AsyncTaskManager.ts:256:33)
    at AsyncTaskManager.execute (/home/jin/guozha-poker-game/src/central-brain/infrastructure/async/AsyncTaskManager.ts:180:22)
    at /home/jin/guozha-poker-game/tests/unit/async/AsyncTaskManager.test.ts:204:7
    at runTest (file:///home/jin/guozha-poker-game/node_modules/@vitest/runner/dist/index.js:781:11)
    at runSuite (file:///home/jin/guozha-poker-game/node_modules/@vitest/runner/dist/index.js:909:15)
    at runSuite (file:///home/jin/guozha-poker-game/node_modules/@vitest/runner/dist/index.js:909:15)

stdout | tests/playCardRegression.test.ts > 打牌出牌回归测试 > 牌型识别测试 > 应该正确识别单张

============================================================
📋 测试：识别单张
  出牌: spades-5
  识别结果: 类型=single, 值=5
  ✅ 单张识别正确


stdout | tests/playCardRegression.test.ts > 打牌出牌回归测试 > 牌型识别测试 > 应该正确识别对子

============================================================
📋 测试：识别对子
  出牌: 2张相同点数
  识别结果: 类型=pair, 值=3
  ✅ 对子识别正确


stdout | tests/playCardRegression.test.ts > 打牌出牌回归测试 > 牌型识别测试 > 应该正确识别三张

============================================================
📋 测试：识别三张
  出牌: 3张相同点数
  识别结果: 类型=triple, 值=4
  ✅ 三张识别正确


stdout | tests/playCardRegression.test.ts > 打牌出牌回归测试 > 牌型识别测试 > 应该正确识别炸弹（4-6张）

============================================================
📋 测试：识别炸弹
  出牌: 4张相同点数
  识别结果: 类型=bomb, 值=5
  ✅ 4张炸弹识别正确
  出牌: 5张相同点数
  识别结果: 类型=bomb, 值=5
  ✅ 5张炸弹识别正确
  出牌: 6张相同点数
  识别结果: 类型=bomb, 值=5
  ✅ 6张炸弹识别正确


stdout | tests/playCardRegression.test.ts > 打牌出牌回归测试 > 牌型识别测试 > 应该正确识别墩（7张及以上）

============================================================
📋 测试：识别墩
  出牌: 7张相同点数
  识别结果: 类型=dun, 值=6
  ✅ 7张墩识别正确
  出牌: 8张相同点数
  识别结果: 类型=dun, 值=6
  ✅ 8张墩识别正确
  出牌: 9张相同点数
  识别结果: 类型=dun, 值=6
  ✅ 9张墩识别正确
  出牌: 10张相同点数
  识别结果: 类型=dun, 值=6
  ✅ 10张墩识别正确


stdout | tests/playCardRegression.test.ts > 打牌出牌回归测试 > 压牌规则测试 > 应该正确判断单张压牌

============================================================
📋 测试：单张压牌规则
  上家: 单张3
  测试1: 单张4 能否压过? true
  测试2: 单张3 能否压过? false (相同点数不能压过)
  ✅ 单张压牌规则正确


stdout | tests/playCardRegression.test.ts > 打牌出牌回归测试 > 压牌规则测试 > 应该正确判断对子压牌

============================================================
📋 测试：对子压牌规则
  上家: 对子3
  测试: 对子4 能否压过? true
  ✅ 对子压牌规则正确


stdout | tests/playCardRegression.test.ts > 打牌出牌回归测试 > 压牌规则测试 > 应该正确判断炸弹压单张/对子/三张

============================================================
📋 测试：炸弹压牌规则
  炸弹: 4张5
  测试1: 炸弹能否压单张? true
  测试2: 炸弹能否压对子? true
  测试3: 炸弹能否压三张? true
  ✅ 炸弹压牌规则正确


stdout | tests/playCardRegression.test.ts > 打牌出牌回归测试 > 压牌规则测试 > 应该正确判断墩压任何非墩牌型

============================================================
📋 测试：墩压牌规则
  墩: 7张6
  测试1: 墩能否压单张? true
  测试2: 墩能否压炸弹? true
  ✅ 墩压牌规则正确


stdout | tests/playCardRegression.test.ts > 打牌出牌回归测试 > 压牌规则测试 > 应该正确判断墩压墩（数量多的赢）

============================================================
📋 测试：墩压墩规则
  上家: 7张7
  测试: 8张8 能否压过? true
  ✅ 墩压墩规则正确（数量多的赢）


stdout | tests/playCardRegression.test.ts > 打牌出牌回归测试 > 压牌规则测试 > 应该正确判断炸弹压炸弹（数量多的赢）

============================================================
📋 测试：炸弹压炸弹规则
  上家: 4张9
  测试: 5张10 能否压过? true
  ✅ 炸弹压炸弹规则正确（数量多的赢）


stdout | tests/playCardRegression.test.ts > 打牌出牌回归测试 > 出牌查找测试 > 应该能找到可以出的牌（接风状态）

============================================================
📋 测试：接风状态下找可出的牌
  手牌: 7张
  找到可出牌组合: 10种
    组合1: 1张, 类型=single
    组合2: 1张, 类型=single
    组合3: 1张, 类型=single
    组合4: 1张, 类型=single
    组合5: 1张, 类型=single
  ✅ 接风状态下能找到可出的牌


stdout | tests/playCardRegression.test.ts > 打牌出牌回归测试 > 出牌查找测试 > 应该能找到可以压过上家的牌

============================================================
📋 测试：找能压过上家的牌
  手牌: 9张
  上家: 单张3
  找到可压过的牌组合: 5种
    组合1: 1张, 类型=single, 值=4
    组合2: 1张, 类型=single, 值=5
    组合3: 1张, 类型=single, 值=6
    组合4: 1张, 类型=single, 值=7
    组合5: 4张, 类型=bomb, 值=7
  ✅ 能找到能压过上家的牌


stdout | tests/playCardRegression.test.ts > 打牌出牌回归测试 > 出牌查找测试 > 应该正确判断是否有能打过的牌

============================================================
📋 测试：判断是否有能打过的牌
  手牌: 4张
  上家: 单张3
  是否有能打过的牌: true
  ✅ 正确判断有能打过的牌


stdout | tests/playCardRegression.test.ts > 打牌出牌回归测试 > 计分规则测试 > 应该正确识别分牌

============================================================
📋 测试：识别分牌
  分牌测试:
    5: 是分牌=true, 分值=5
    10: 是分牌=true, 分值=10
    13: 是分牌=true, 分值=10
  非分牌测试:
    3: 是分牌=false, 分值=0
    4: 是分牌=false, 分值=0
  ✅ 分牌识别正确


stdout | tests/playCardRegression.test.ts > 打牌出牌回归测试 > 计分规则测试 > 应该正确计算分牌总分

============================================================
📋 测试：计算分牌总分
  牌组: 6张
  计算总分: 40分
  期望总分: 40分
  ✅ 分牌总分计算正确


stdout | tests/playCardRegression.test.ts > 打牌出牌回归测试 > 计分规则测试 > 应该正确计算墩的数量

============================================================
📋 测试：计算墩的数量
  墩数计算测试:
    7张 = 1墩 (期望: 1墩)
    8张 = 2墩 (期望: 2墩)
    9张 = 4墩 (期望: 4墩)
    10张 = 8墩 (期望: 8墩)
    11张 = 16墩 (期望: 16墩)
    12张 = 32墩 (期望: 32墩)
    13张 = 64墩 (期望: 64墩)
  ✅ 墩的数量计算正确


stdout | tests/playCardRegression.test.ts > 打牌出牌回归测试 > 计分规则测试 > 应该正确计算墩的分数（4人游戏）

============================================================
📋 测试：计算墩的分数（4人游戏）
  玩家数: 4人
  1墩:
    出墩玩家得分: 90 (期望: 90)
    其他玩家扣分: 30 (期望: 30)
  2墩:
    出墩玩家得分: 180 (期望: 180)
    其他玩家扣分: 60 (期望: 60)
  4墩:
    出墩玩家得分: 360 (期望: 360)
    其他玩家扣分: 120 (期望: 120)
  ✅ 墩的分数计算正确


stdout | tests/playCardRegression.test.ts > 打牌出牌回归测试 > 综合场景测试 > 应该正确处理完整的出牌流程

============================================================
📋 测试：完整出牌流程
  玩家A出牌: 单张3
  玩家B可出的牌: 2种
  玩家B出牌: 单张4
  ✅ 完整出牌流程正确


stdout | tests/playCardRegression.test.ts > 打牌出牌回归测试 > 综合场景测试 > 应该正确处理炸弹压单张的场景

============================================================
📋 测试：炸弹压单张场景
  上家: 单张14
  炸弹: 4张3
  能否压过: true
  ✅ 炸弹压单张场景正确


stdout | tests/playCardRegression.test.ts > 打牌出牌回归测试 > 综合场景测试 > 应该正确处理墩压炸弹的场景

============================================================
📋 测试：墩压炸弹场景
  上家: 6张炸弹15
  墩: 7张3
  能否压过: true
  ✅ 墩压炸弹场景正确


stdout | tests/playCardRegression.test.ts > 打牌出牌回归测试 > 边界情况测试 > 应该正确处理空手牌

============================================================
📋 测试：空手牌处理
  手牌: 0张
  可出的牌: 0种
  ✅ 空手牌处理正确


stdout | tests/playCardRegression.test.ts > 打牌出牌回归测试 > 边界情况测试 > 应该正确处理无法压过的情况

============================================================
📋 测试：无法压过的情况
  手牌: 单张3, 单张4
  上家: 单张A
  可出的牌: 0种
  是否有能打过的牌: false
  ✅ 无法压过的情况处理正确


 ✓ tests/playCardRegression.test.ts > 打牌出牌回归测试 > 牌型识别测试 > 应该正确识别单张
 ✓ tests/playCardRegression.test.ts > 打牌出牌回归测试 > 牌型识别测试 > 应该正确识别对子
 ✓ tests/playCardRegression.test.ts > 打牌出牌回归测试 > 牌型识别测试 > 应该正确识别三张
 ✓ tests/playCardRegression.test.ts > 打牌出牌回归测试 > 牌型识别测试 > 应该正确识别炸弹（4-6张）
 ✓ tests/playCardRegression.test.ts > 打牌出牌回归测试 > 牌型识别测试 > 应该正确识别墩（7张及以上）
 ✓ tests/playCardRegression.test.ts > 打牌出牌回归测试 > 压牌规则测试 > 应该正确判断单张压牌
 ✓ tests/playCardRegression.test.ts > 打牌出牌回归测试 > 压牌规则测试 > 应该正确判断对子压牌
 ✓ tests/playCardRegression.test.ts > 打牌出牌回归测试 > 压牌规则测试 > 应该正确判断炸弹压单张/对子/三张
 ✓ tests/playCardRegression.test.ts > 打牌出牌回归测试 > 压牌规则测试 > 应该正确判断墩压任何非墩牌型
 ✓ tests/playCardRegression.test.ts > 打牌出牌回归测试 > 压牌规则测试 > 应该正确判断墩压墩（数量多的赢）
 ✓ tests/playCardRegression.test.ts > 打牌出牌回归测试 > 压牌规则测试 > 应该正确判断炸弹压炸弹（数量多的赢）
 ✓ tests/playCardRegression.test.ts > 打牌出牌回归测试 > 出牌查找测试 > 应该能找到可以出的牌（接风状态）
 ✓ tests/playCardRegression.test.ts > 打牌出牌回归测试 > 出牌查找测试 > 应该能找到可以压过上家的牌
 ✓ tests/playCardRegression.test.ts > 打牌出牌回归测试 > 出牌查找测试 > 应该正确判断是否有能打过的牌
 ✓ tests/playCardRegression.test.ts > 打牌出牌回归测试 > 计分规则测试 > 应该正确识别分牌
 ✓ tests/playCardRegression.test.ts > 打牌出牌回归测试 > 计分规则测试 > 应该正确计算分牌总分
 ✓ tests/playCardRegression.test.ts > 打牌出牌回归测试 > 计分规则测试 > 应该正确计算墩的数量
 ✓ tests/playCardRegression.test.ts > 打牌出牌回归测试 > 计分规则测试 > 应该正确计算墩的分数（4人游戏）
 ✓ tests/playCardRegression.test.ts > 打牌出牌回归测试 > 综合场景测试 > 应该正确处理完整的出牌流程
 ✓ tests/playCardRegression.test.ts > 打牌出牌回归测试 > 综合场景测试 > 应该正确处理炸弹压单张的场景
 ✓ tests/playCardRegression.test.ts > 打牌出牌回归测试 > 综合场景测试 > 应该正确处理墩压炸弹的场景
 ✓ tests/playCardRegression.test.ts > 打牌出牌回归测试 > 边界情况测试 > 应该正确处理空手牌
 ✓ tests/playCardRegression.test.ts > 打牌出牌回归测试 > 边界情况测试 > 应该正确处理无法压过的情况
stdout | tests/unit/async/AsyncTaskManager.test.ts > AsyncTaskManager > 重试机制 > 应该使用指数退避延迟
<empty line>
stderr | tests/unit/async/AsyncTaskManager.test.ts > AsyncTaskManager > 重试机制 > 应该使用指数退避延迟
[AsyncTask] Error on attempt 3: unknown Error: Fail
    at mockTask (/home/jin/guozha-poker-game/tests/unit/async/AsyncTaskManager.test.ts:193:15)
    at /home/jin/guozha-poker-game/src/central-brain/infrastructure/async/AsyncTaskManager.ts:375:30
    at new Promise (<anonymous>)
    at AsyncTaskManager.executeWithTimeout (/home/jin/guozha-poker-game/src/central-brain/infrastructure/async/AsyncTaskManager.ts:357:12)
    at AsyncTaskManager.executeWithFullSupport (/home/jin/guozha-poker-game/src/central-brain/infrastructure/async/AsyncTaskManager.ts:256:33)
    at AsyncTaskManager.execute (/home/jin/guozha-poker-game/src/central-brain/infrastructure/async/AsyncTaskManager.ts:180:22)
    at /home/jin/guozha-poker-game/tests/unit/async/AsyncTaskManager.test.ts:204:7
    at runTest (file:///home/jin/guozha-poker-game/node_modules/@vitest/runner/dist/index.js:781:11)
    at runSuite (file:///home/jin/guozha-poker-game/node_modules/@vitest/runner/dist/index.js:909:15)
    at runSuite (file:///home/jin/guozha-poker-game/node_modules/@vitest/runner/dist/index.js:909:15)

stdout | tests/unit/async/AsyncTaskManager.test.ts > AsyncTaskManager > 重试机制 > 应该使用指数退避延迟
<empty line>
stderr | tests/unit/async/AsyncTaskManager.test.ts > AsyncTaskManager > 重试机制 > 应该使用指数退避延迟
[AsyncTask] Error on attempt 4: unknown Error: Fail
    at mockTask (/home/jin/guozha-poker-game/tests/unit/async/AsyncTaskManager.test.ts:193:15)
    at /home/jin/guozha-poker-game/src/central-brain/infrastructure/async/AsyncTaskManager.ts:375:30
    at new Promise (<anonymous>)
    at AsyncTaskManager.executeWithTimeout (/home/jin/guozha-poker-game/src/central-brain/infrastructure/async/AsyncTaskManager.ts:357:12)
    at AsyncTaskManager.executeWithFullSupport (/home/jin/guozha-poker-game/src/central-brain/infrastructure/async/AsyncTaskManager.ts:256:33)
    at AsyncTaskManager.execute (/home/jin/guozha-poker-game/src/central-brain/infrastructure/async/AsyncTaskManager.ts:180:22)
    at /home/jin/guozha-poker-game/tests/unit/async/AsyncTaskManager.test.ts:204:7
    at runTest (file:///home/jin/guozha-poker-game/node_modules/@vitest/runner/dist/index.js:781:11)
    at runSuite (file:///home/jin/guozha-poker-game/node_modules/@vitest/runner/dist/index.js:909:15)
    at runSuite (file:///home/jin/guozha-poker-game/node_modules/@vitest/runner/dist/index.js:909:15)
[AsyncTask] Failed: unknown Error: Fail
    at mockTask (/home/jin/guozha-poker-game/tests/unit/async/AsyncTaskManager.test.ts:193:15)
    at /home/jin/guozha-poker-game/src/central-brain/infrastructure/async/AsyncTaskManager.ts:375:30
    at new Promise (<anonymous>)
    at AsyncTaskManager.executeWithTimeout (/home/jin/guozha-poker-game/src/central-brain/infrastructure/async/AsyncTaskManager.ts:357:12)
    at AsyncTaskManager.executeWithFullSupport (/home/jin/guozha-poker-game/src/central-brain/infrastructure/async/AsyncTaskManager.ts:256:33)
    at AsyncTaskManager.execute (/home/jin/guozha-poker-game/src/central-brain/infrastructure/async/AsyncTaskManager.ts:180:22)
    at /home/jin/guozha-poker-game/tests/unit/async/AsyncTaskManager.test.ts:204:7
    at runTest (file:///home/jin/guozha-poker-game/node_modules/@vitest/runner/dist/index.js:781:11)
    at runSuite (file:///home/jin/guozha-poker-game/node_modules/@vitest/runner/dist/index.js:909:15)
    at runSuite (file:///home/jin/guozha-poker-game/node_modules/@vitest/runner/dist/index.js:909:15)

stdout | tests/unit/async/AsyncTaskManager.test.ts > AsyncTaskManager > 重试机制 > 应该在某次重试成功后停止
[AsyncTask] Starting: unknown (task_1764969117807_1)

stderr | tests/unit/async/AsyncTaskManager.test.ts > AsyncTaskManager > 重试机制 > 应该在某次重试成功后停止
[AsyncTask] Error on attempt 1: unknown Error: Not yet
    at mockTask (/home/jin/guozha-poker-game/tests/unit/async/AsyncTaskManager.test.ts:230:17)
    at /home/jin/guozha-poker-game/src/central-brain/infrastructure/async/AsyncTaskManager.ts:375:30
    at new Promise (<anonymous>)
    at AsyncTaskManager.executeWithTimeout (/home/jin/guozha-poker-game/src/central-brain/infrastructure/async/AsyncTaskManager.ts:357:12)
    at AsyncTaskManager.executeWithFullSupport (/home/jin/guozha-poker-game/src/central-brain/infrastructure/async/AsyncTaskManager.ts:256:33)
    at AsyncTaskManager.execute (/home/jin/guozha-poker-game/src/central-brain/infrastructure/async/AsyncTaskManager.ts:180:33)
    at /home/jin/guozha-poker-game/tests/unit/async/AsyncTaskManager.test.ts:242:36
    at file:///home/jin/guozha-poker-game/node_modules/@vitest/runner/dist/index.js:135:14
    at file:///home/jin/guozha-poker-game/node_modules/@vitest/runner/dist/index.js:60:26
    at runTest (file:///home/jin/guozha-poker-game/node_modules/@vitest/runner/dist/index.js:781:17)

 ✓ tests/unit/async/AsyncTaskManager.test.ts > AsyncTaskManager > 重试机制 > 应该使用指数退避延迟 707ms
stdout | tests/unit/async/AsyncTaskManager.test.ts > AsyncTaskManager > 重试机制 > 应该在某次重试成功后停止
<empty line>
stderr | tests/unit/async/AsyncTaskManager.test.ts > AsyncTaskManager > 重试机制 > 应该在某次重试成功后停止
[AsyncTask] Error on attempt 2: unknown Error: Not yet
    at mockTask (/home/jin/guozha-poker-game/tests/unit/async/AsyncTaskManager.test.ts:230:17)
    at /home/jin/guozha-poker-game/src/central-brain/infrastructure/async/AsyncTaskManager.ts:375:30
    at new Promise (<anonymous>)
    at AsyncTaskManager.executeWithTimeout (/home/jin/guozha-poker-game/src/central-brain/infrastructure/async/AsyncTaskManager.ts:357:12)
    at AsyncTaskManager.executeWithFullSupport (/home/jin/guozha-poker-game/src/central-brain/infrastructure/async/AsyncTaskManager.ts:256:33)
    at AsyncTaskManager.execute (/home/jin/guozha-poker-game/src/central-brain/infrastructure/async/AsyncTaskManager.ts:180:22)
    at /home/jin/guozha-poker-game/tests/unit/async/AsyncTaskManager.test.ts:242:22
    at runTest (file:///home/jin/guozha-poker-game/node_modules/@vitest/runner/dist/index.js:781:11)
    at runSuite (file:///home/jin/guozha-poker-game/node_modules/@vitest/runner/dist/index.js:909:15)
    at runSuite (file:///home/jin/guozha-poker-game/node_modules/@vitest/runner/dist/index.js:909:15)

stderr | tests/unit/async/AsyncTaskManager.test.ts > AsyncTaskManager > 重试机制 > 应该在某次重试成功后停止
<empty line>
stdout | tests/unit/async/AsyncTaskManager.test.ts > AsyncTaskManager > 重试机制 > 应该在某次重试成功后停止
[AsyncTask] Success: unknown in 27ms

stdout | tests/unit/async/AsyncTaskManager.test.ts > AsyncTaskManager > 重试机制 > 超时错误也应该支持重试
[AsyncTask] Starting: unknown (task_1764969117836_1)

 ✓ tests/unit/async/AsyncTaskManager.test.ts > AsyncTaskManager > 重试机制 > 应该在某次重试成功后停止
stderr | tests/unit/async/AsyncTaskManager.test.ts > AsyncTaskManager > 重试机制 > 超时错误也应该支持重试
[AsyncTask] Timeout on attempt 1: unknown

stdout | tests/unit/async/AsyncTaskManager.test.ts > AsyncTaskManager > 重试机制 > 超时错误也应该支持重试
[AsyncTask] Retrying in 10ms...

stdout | tests/unit/async/AsyncTaskManager.test.ts > AsyncTaskManager > 重试机制 > 超时错误也应该支持重试
[AsyncTask] Retrying in 15ms...

stderr | tests/unit/async/AsyncTaskManager.test.ts > AsyncTaskManager > 重试机制 > 超时错误也应该支持重试
[AsyncTask] Timeout on attempt 2: unknown

stderr | tests/unit/async/AsyncTaskManager.test.ts > AsyncTaskManager > 重试机制 > 超时错误也应该支持重试
<empty line>
stdout | tests/unit/async/AsyncTaskManager.test.ts > AsyncTaskManager > 重试机制 > 超时错误也应该支持重试
[AsyncTask] Success: unknown in 227ms

stdout | tests/unit/async/AsyncTaskManager.test.ts > AsyncTaskManager > 取消机制 > 应该支持通过AbortSignal取消任务
[AsyncTask] Starting: unknown (task_1764969118065_1)

 ✓ tests/unit/async/AsyncTaskManager.test.ts > AsyncTaskManager > 重试机制 > 超时错误也应该支持重试
stdout | tests/unit/async/AsyncTaskManager.test.ts > AsyncTaskManager > 取消机制 > 应该支持通过AbortSignal取消任务
<empty line>
stderr | tests/unit/async/AsyncTaskManager.test.ts > AsyncTaskManager > 取消机制 > 应该支持通过AbortSignal取消任务
[AsyncTask] Failed: unknown CancellationError: Task was cancelled
    at AbortSignal.onAbort (/home/jin/guozha-poker-game/src/central-brain/infrastructure/async/AsyncTaskManager.ts:366:16)
    at AbortSignal.callTheUserObjectsOperation (/home/jin/guozha-poker-game/node_modules/jsdom/lib/jsdom/living/generated/EventListener.js:26:30)
    at innerInvokeEventListeners (/home/jin/guozha-poker-game/node_modules/jsdom/lib/jsdom/living/events/EventTarget-impl.js:350:25)
    at invokeEventListeners (/home/jin/guozha-poker-game/node_modules/jsdom/lib/jsdom/living/events/EventTarget-impl.js:286:3)
    at AbortSignalImpl._dispatch (/home/jin/guozha-poker-game/node_modules/jsdom/lib/jsdom/living/events/EventTarget-impl.js:233:9)
    at fireAnEvent (/home/jin/guozha-poker-game/node_modules/jsdom/lib/jsdom/living/helpers/events.js:18:36)
    at AbortSignalImpl._signalAbort (/home/jin/guozha-poker-game/node_modules/jsdom/lib/jsdom/living/aborting/AbortSignal-impl.js:65:5)
    at AbortControllerImpl.abort (/home/jin/guozha-poker-game/node_modules/jsdom/lib/jsdom/living/aborting/AbortController-impl.js:11:17)
    at AbortController.abort (/home/jin/guozha-poker-game/node_modules/jsdom/lib/jsdom/living/generated/AbortController.js:112:34)
    at Timeout._onTimeout (/home/jin/guozha-poker-game/tests/unit/async/AsyncTaskManager.test.ts:292:40)

stdout | tests/unit/async/AsyncTaskManager.test.ts > AsyncTaskManager > 取消机制 > 应该在任务开始前检测取消
[AsyncTask] Starting: unknown (task_1764969118171_1)

stderr | tests/unit/async/AsyncTaskManager.test.ts > AsyncTaskManager > 取消机制 > 应该在任务开始前检测取消
[AsyncTask] Failed: unknown CancellationError: Task was cancelled before execution
    at AsyncTaskManager.checkCancellation (/home/jin/guozha-poker-game/src/central-brain/infrastructure/async/AsyncTaskManager.ts:402:13)
    at AsyncTaskManager.executeWithFullSupport (/home/jin/guozha-poker-game/src/central-brain/infrastructure/async/AsyncTaskManager.ts:252:14)
    at AsyncTaskManager.execute (/home/jin/guozha-poker-game/src/central-brain/infrastructure/async/AsyncTaskManager.ts:180:33)
    at /home/jin/guozha-poker-game/tests/unit/async/AsyncTaskManager.test.ts:316:36
    at file:///home/jin/guozha-poker-game/node_modules/@vitest/runner/dist/index.js:135:14
    at file:///home/jin/guozha-poker-game/node_modules/@vitest/runner/dist/index.js:60:26
    at runTest (file:///home/jin/guozha-poker-game/node_modules/@vitest/runner/dist/index.js:781:17)
    at runSuite (file:///home/jin/guozha-poker-game/node_modules/@vitest/runner/dist/index.js:909:15)
    at runSuite (file:///home/jin/guozha-poker-game/node_modules/@vitest/runner/dist/index.js:909:15)
    at runSuite (file:///home/jin/guozha-poker-game/node_modules/@vitest/runner/dist/index.js:909:15)

stdout | tests/unit/async/AsyncTaskManager.test.ts > AsyncTaskManager > 取消机制 > 取消应该优先于超时
[AsyncTask] Starting: unknown (task_1764969118174_1)

 ✓ tests/unit/async/AsyncTaskManager.test.ts > AsyncTaskManager > 取消机制 > 应该支持通过AbortSignal取消任务
 ✓ tests/unit/async/AsyncTaskManager.test.ts > AsyncTaskManager > 取消机制 > 应该在任务开始前检测取消
stdout | tests/unit/async/AsyncTaskManager.test.ts > AsyncTaskManager > 取消机制 > 取消应该优先于超时
<empty line>
stderr | tests/unit/async/AsyncTaskManager.test.ts > AsyncTaskManager > 取消机制 > 取消应该优先于超时
[AsyncTask] Failed: unknown CancellationError: Task was cancelled
    at AbortSignal.onAbort (/home/jin/guozha-poker-game/src/central-brain/infrastructure/async/AsyncTaskManager.ts:366:16)
    at AbortSignal.callTheUserObjectsOperation (/home/jin/guozha-poker-game/node_modules/jsdom/lib/jsdom/living/generated/EventListener.js:26:30)
    at innerInvokeEventListeners (/home/jin/guozha-poker-game/node_modules/jsdom/lib/jsdom/living/events/EventTarget-impl.js:350:25)
    at invokeEventListeners (/home/jin/guozha-poker-game/node_modules/jsdom/lib/jsdom/living/events/EventTarget-impl.js:286:3)
    at AbortSignalImpl._dispatch (/home/jin/guozha-poker-game/node_modules/jsdom/lib/jsdom/living/events/EventTarget-impl.js:233:9)
    at fireAnEvent (/home/jin/guozha-poker-game/node_modules/jsdom/lib/jsdom/living/helpers/events.js:18:36)
    at AbortSignalImpl._signalAbort (/home/jin/guozha-poker-game/node_modules/jsdom/lib/jsdom/living/aborting/AbortSignal-impl.js:65:5)
    at AbortControllerImpl.abort (/home/jin/guozha-poker-game/node_modules/jsdom/lib/jsdom/living/aborting/AbortController-impl.js:11:17)
    at AbortController.abort (/home/jin/guozha-poker-game/node_modules/jsdom/lib/jsdom/living/generated/AbortController.js:112:34)
    at Timeout._onTimeout (/home/jin/guozha-poker-game/tests/unit/async/AsyncTaskManager.test.ts:337:40)

stdout | tests/unit/async/AsyncTaskManager.test.ts > AsyncTaskManager > 降级策略 > 应该在主任务失败后执行降级函数
[AsyncTask] Starting: unknown (task_1764969118227_1)

stderr | tests/unit/async/AsyncTaskManager.test.ts > AsyncTaskManager > 降级策略 > 应该在主任务失败后执行降级函数
[AsyncTask] Error on attempt 1: unknown Error: Main task failed
    at mockTask (/home/jin/guozha-poker-game/tests/unit/async/AsyncTaskManager.test.ts:353:15)
    at /home/jin/guozha-poker-game/src/central-brain/infrastructure/async/AsyncTaskManager.ts:375:30
    at new Promise (<anonymous>)
    at AsyncTaskManager.executeWithTimeout (/home/jin/guozha-poker-game/src/central-brain/infrastructure/async/AsyncTaskManager.ts:357:12)
    at AsyncTaskManager.executeWithFullSupport (/home/jin/guozha-poker-game/src/central-brain/infrastructure/async/AsyncTaskManager.ts:256:33)
    at AsyncTaskManager.execute (/home/jin/guozha-poker-game/src/central-brain/infrastructure/async/AsyncTaskManager.ts:180:33)
    at /home/jin/guozha-poker-game/tests/unit/async/AsyncTaskManager.test.ts:363:36
    at file:///home/jin/guozha-poker-game/node_modules/@vitest/runner/dist/index.js:135:14
    at file:///home/jin/guozha-poker-game/node_modules/@vitest/runner/dist/index.js:60:26
    at runTest (file:///home/jin/guozha-poker-game/node_modules/@vitest/runner/dist/index.js:781:17)

 ✓ tests/unit/async/AsyncTaskManager.test.ts > AsyncTaskManager > 取消机制 > 取消应该优先于超时
stdout | tests/unit/async/AsyncTaskManager.test.ts > AsyncTaskManager > 降级策略 > 应该在主任务失败后执行降级函数
<empty line>
stderr | tests/unit/async/AsyncTaskManager.test.ts > AsyncTaskManager > 降级策略 > 应该在主任务失败后执行降级函数
[AsyncTask] Error on attempt 2: unknown Error: Main task failed
    at mockTask (/home/jin/guozha-poker-game/tests/unit/async/AsyncTaskManager.test.ts:353:15)
    at /home/jin/guozha-poker-game/src/central-brain/infrastructure/async/AsyncTaskManager.ts:375:30
    at new Promise (<anonymous>)
    at AsyncTaskManager.executeWithTimeout (/home/jin/guozha-poker-game/src/central-brain/infrastructure/async/AsyncTaskManager.ts:357:12)
    at AsyncTaskManager.executeWithFullSupport (/home/jin/guozha-poker-game/src/central-brain/infrastructure/async/AsyncTaskManager.ts:256:33)
    at AsyncTaskManager.execute (/home/jin/guozha-poker-game/src/central-brain/infrastructure/async/AsyncTaskManager.ts:180:22)
    at /home/jin/guozha-poker-game/tests/unit/async/AsyncTaskManager.test.ts:363:22
    at runTest (file:///home/jin/guozha-poker-game/node_modules/@vitest/runner/dist/index.js:781:11)
    at runSuite (file:///home/jin/guozha-poker-game/node_modules/@vitest/runner/dist/index.js:909:15)
    at runSuite (file:///home/jin/guozha-poker-game/node_modules/@vitest/runner/dist/index.js:909:15)

stdout | tests/roundScheduler.test.ts > RoundScheduler 接风轮询逻辑 > onPassCompleted - 开始接风轮询 > 应该正确开始接风轮询（玩家要不起后）
[接风轮询] 所有剩余玩家都要不起，直接判断接风
[接风轮询] 出牌玩家索引: 0
[接风轮询] 所有玩家状态: [
  {
    index: 0,
    id: 0,
    name: 'Player 0',
    handCount: 2,
    teamId: undefined
  },
  {
    index: 1,
    id: 1,
    name: 'Player 1',
    handCount: 1,
    teamId: undefined
  },
  {
    index: 2,
    id: 2,
    name: 'Player 2',
    handCount: 1,
    teamId: undefined
  },
  {
    index: 3,
    id: 3,
    name: 'Player 3',
    handCount: 1,
    teamId: undefined
  }
]
[接风轮询] 调用onRoundEnd，传入savedWinnerIndex: 0

stdout | tests/roundScheduler.test.ts > RoundScheduler 接风轮询逻辑 > onPassCompleted - 接风轮询进行中 > 当接风轮询完成时（回到出牌玩家），应该结束本轮
[接风轮询] 轮询完成，回到出牌玩家
[接风轮询] 出牌玩家索引: 0
[接风轮询] 出牌玩家已出完: false
[接风轮询] 所有玩家状态: [
  {
    index: 0,
    id: 0,
    name: 'Player 0',
    handCount: 1,
    teamId: undefined
  },
  {
    index: 1,
    id: 1,
    name: 'Player 1',
    handCount: 1,
    teamId: undefined
  },
  {
    index: 2,
    id: 2,
    name: 'Player 2',
    handCount: 1,
    teamId: undefined
  },
  {
    index: 3,
    id: 3,
    name: 'Player 3',
    handCount: 1,
    teamId: undefined
  }
]
[接风轮询] 调用onRoundEnd，传入savedWinnerIndex: 0

stdout | tests/roundScheduler.test.ts > RoundScheduler 集成测试 - 完整接风流程 > 完整接风流程：玩家0出牌 -> 玩家1要不起 -> 玩家2要不起 -> 玩家3要得起
[接风轮询] 所有剩余玩家都要不起，直接判断接风
[接风轮询] 出牌玩家索引: 0
[接风轮询] 所有玩家状态: [
  {
    index: 0,
    id: 0,
    name: 'Player 0',
    handCount: 1,
    teamId: undefined
  },
  {
    index: 1,
    id: 1,
    name: 'Player 1',
    handCount: 1,
    teamId: undefined
  },
  {
    index: 2,
    id: 2,
    name: 'Player 2',
    handCount: 1,
    teamId: undefined
  },
  {
    index: 3,
    id: 3,
    name: 'Player 3',
    handCount: 1,
    teamId: undefined
  }
]
[接风轮询] 调用onRoundEnd，传入savedWinnerIndex: 0

stdout | tests/roundScheduler.test.ts > RoundScheduler 集成测试 - 完整接风流程 > 完整接风流程：所有玩家都要不起，回到出牌玩家
[接风轮询] 所有剩余玩家都要不起，直接判断接风
[接风轮询] 出牌玩家索引: 0
[接风轮询] 所有玩家状态: [
  {
    index: 0,
    id: 0,
    name: 'Player 0',
    handCount: 1,
    teamId: undefined
  },
  {
    index: 1,
    id: 1,
    name: 'Player 1',
    handCount: 1,
    teamId: undefined
  },
  {
    index: 2,
    id: 2,
    name: 'Player 2',
    handCount: 1,
    teamId: undefined
  },
  {
    index: 3,
    id: 3,
    name: 'Player 3',
    handCount: 1,
    teamId: undefined
  }
]
[接风轮询] 调用onRoundEnd，传入savedWinnerIndex: 0
[接风轮询] 所有剩余玩家都要不起，直接判断接风
[接风轮询] 出牌玩家索引: 0
[接风轮询] 所有玩家状态: [
  {
    index: 0,
    id: 0,
    name: 'Player 0',
    handCount: 1,
    teamId: undefined
  },
  {
    index: 1,
    id: 1,
    name: 'Player 1',
    handCount: 1,
    teamId: undefined
  },
  {
    index: 2,
    id: 2,
    name: 'Player 2',
    handCount: 1,
    teamId: undefined
  },
  {
    index: 3,
    id: 3,
    name: 'Player 3',
    handCount: 1,
    teamId: undefined
  }
]
[接风轮询] 调用onRoundEnd，传入savedWinnerIndex: 0
[接风轮询] 所有剩余玩家都要不起，直接判断接风
[接风轮询] 出牌玩家索引: 0
[接风轮询] 所有玩家状态: [
  {
    index: 0,
    id: 0,
    name: 'Player 0',
    handCount: 1,
    teamId: undefined
  },
  {
    index: 1,
    id: 1,
    name: 'Player 1',
    handCount: 1,
    teamId: undefined
  },
  {
    index: 2,
    id: 2,
    name: 'Player 2',
    handCount: 1,
    teamId: undefined
  },
  {
    index: 3,
    id: 3,
    name: 'Player 3',
    handCount: 1,
    teamId: undefined
  }
]
[接风轮询] 调用onRoundEnd，传入savedWinnerIndex: 0
[接风轮询] 所有剩余玩家都要不起，直接判断接风
[接风轮询] 出牌玩家索引: 0
[接风轮询] 所有玩家状态: [
  {
    index: 0,
    id: 0,
    name: 'Player 0',
    handCount: 1,
    teamId: undefined
  },
  {
    index: 1,
    id: 1,
    name: 'Player 1',
    handCount: 1,
    teamId: undefined
  },
  {
    index: 2,
    id: 2,
    name: 'Player 2',
    handCount: 1,
    teamId: undefined
  },
  {
    index: 3,
    id: 3,
    name: 'Player 3',
    handCount: 1,
    teamId: undefined
  }
]
[接风轮询] 调用onRoundEnd，传入savedWinnerIndex: 0

 ✓ tests/roundScheduler.test.ts > Round 接风轮标记功能 > 接风轮标记基本功能 > 应该正确开始接风轮
 ✓ tests/roundScheduler.test.ts > Round 接风轮标记功能 > 接风轮标记基本功能 > 应该正确结束接风轮
 ✓ tests/roundScheduler.test.ts > Round 接风轮标记功能 > 接风轮标记基本功能 > 默认情况下不应该标记为接风轮
 ✓ tests/roundScheduler.test.ts > Round 接风轮标记功能 > 接风轮询完成判断 > 应该正确判断接风轮询是否完成（回到出牌玩家）
 ✓ tests/roundScheduler.test.ts > Round 接风轮标记功能 > 接风轮询完成判断 > 非接风轮应该返回false
 ✓ tests/roundScheduler.test.ts > Round 接风轮标记功能 > 接风轮询完成判断 > 应该在4人游戏中正确判断（玩家1出牌，玩家2要不起，回到玩家1）
 × tests/roundScheduler.test.ts > RoundScheduler 接风轮询逻辑 > onPassCompleted - 开始接风轮询 > 应该正确开始接风轮询（玩家要不起后）
   → expected false to be true // Object.is equality
 ✓ tests/roundScheduler.test.ts > RoundScheduler 接风轮询逻辑 > onPassCompleted - 开始接风轮询 > 如果没有上家出牌，不应该开始接风轮询
 ✓ tests/roundScheduler.test.ts > RoundScheduler 接风轮询逻辑 > onPassCompleted - 接风轮询进行中 > 应该继续接风轮询到下一个玩家
 ✓ tests/roundScheduler.test.ts > RoundScheduler 接风轮询逻辑 > onPassCompleted - 接风轮询进行中 > 当接风轮询完成时（回到出牌玩家），应该结束本轮
 ✓ tests/roundScheduler.test.ts > RoundScheduler 接风轮询逻辑 > onPlayCompleted - 接风轮询中玩家出牌 > 当接风轮询中有玩家出牌时，应该结束接风轮询
 × tests/roundScheduler.test.ts > RoundScheduler 集成测试 - 完整接风流程 > 完整接风流程：玩家0出牌 -> 玩家1要不起 -> 玩家2要不起 -> 玩家3要得起
   → expected false to be true // Object.is equality
 × tests/roundScheduler.test.ts > RoundScheduler 集成测试 - 完整接风流程 > 完整接风流程：所有玩家都要不起，回到出牌玩家
   → expected 4 to be 1 // Object.is equality
 ✓ tests/chatService.test.ts > 聊天服务 > 消息管理 > 应该能够添加聊天消息
 ✓ tests/chatService.test.ts > 聊天服务 > 消息管理 > 应该能够获取所有聊天消息
 ✓ tests/chatService.test.ts > 聊天服务 > 消息管理 > 应该能够清空聊天消息
 ✓ tests/chatService.test.ts > 聊天服务 > 消息管理 > 应该限制消息数量在配置的最大值以内
 ✓ tests/chatService.test.ts > 聊天服务 > createChatMessage > 应该创建正确的聊天消息
 ✓ tests/chatService.test.ts > 聊天服务 > triggerRandomChat > 应该根据概率触发随机闲聊
 ✓ tests/chatService.test.ts > 聊天服务 > triggerRandomChat > 应该根据概率不触发随机闲聊
 ✓ tests/chatService.test.ts > 聊天服务 > triggerEventChat > 应该触发大墩事件聊天
 ✓ tests/chatService.test.ts > 聊天服务 > triggerEventChat > 应该触发分牌被捡走事件聊天
 ✓ tests/chatService.test.ts > 聊天服务 > triggerEventChat > 应该触发好牌事件聊天
 ✓ tests/chatService.test.ts > 聊天服务 > triggerBigDunReaction > 应该为大墩触发其他玩家的反应
 ✓ tests/chatService.test.ts > 聊天服务 > triggerBigDunReaction > 不应该为小墩触发反应
 ✓ tests/chatService.test.ts > 聊天服务 > triggerScoreStolenReaction > 应该触发分牌被捡走反应
 ✓ tests/chatService.test.ts > 聊天服务 > triggerScoreStolenReaction > 不应该在没有分牌被捡走时触发
 ✓ tests/chatService.test.ts > 聊天服务 > triggerGoodPlayReaction > 应该触发好牌反应
 ✓ tests/chatService.test.ts > 聊天服务 > triggerTaunt > 应该触发对骂
 ✓ tests/chatService.test.ts > 聊天服务 > 其他事件反应函数 > 应该触发坏运气反应
 ✓ tests/chatService.test.ts > 聊天服务 > 其他事件反应函数 > 应该触发获胜反应
 ✓ tests/chatService.test.ts > 聊天服务 > 其他事件反应函数 > 应该触发失败反应
 ✓ tests/chatService.test.ts > 聊天服务 > 其他事件反应函数 > 应该触发第一个出完反应
 ✓ tests/chatService.test.ts > 聊天服务 > 其他事件反应函数 > 应该触发最后一个出完反应
 ✓ tests/chatService.test.ts > 聊天服务 > ChatService类方法 > 应该能够获取最新消息
 ✓ tests/chatService.test.ts > 聊天服务 > ChatService类方法 > 应该能够获取消息数量
 ✓ tests/chatService.test.ts > 聊天服务 > ChatService类方法 > 应该能够更新配置
 ✓ tests/chatService.test.ts > 聊天服务 > triggerSortingReaction - 理牌聊天触发 > 应该在形成炸弹时触发聊天
 ✓ tests/chatService.test.ts > 聊天服务 > triggerSortingReaction - 理牌聊天触发 > 应该在形成墩时触发聊天
 ✓ tests/chatService.test.ts > 聊天服务 > triggerSortingReaction - 理牌聊天触发 > 应该在抓到超大牌时触发聊天
 ✓ tests/chatService.test.ts > 聊天服务 > triggerSortingReaction - 理牌聊天触发 > 应该在手牌质量差时触发聊天
 ✓ tests/chatService.test.ts > 聊天服务 > triggerSortingReaction - 理牌聊天触发 > 应该优先检测炸弹/墩而不是超大牌
stderr | tests/unit/async/AsyncTaskManager.test.ts > AsyncTaskManager > 降级策略 > 应该在主任务失败后执行降级函数
[AsyncTask] Error on attempt 3: unknown Error: Main task failed
    at mockTask (/home/jin/guozha-poker-game/tests/unit/async/AsyncTaskManager.test.ts:353:15)
    at /home/jin/guozha-poker-game/src/central-brain/infrastructure/async/AsyncTaskManager.ts:375:30
    at new Promise (<anonymous>)
    at AsyncTaskManager.executeWithTimeout (/home/jin/guozha-poker-game/src/central-brain/infrastructure/async/AsyncTaskManager.ts:357:12)
    at AsyncTaskManager.executeWithFullSupport (/home/jin/guozha-poker-game/src/central-brain/infrastructure/async/AsyncTaskManager.ts:256:33)
    at AsyncTaskManager.execute (/home/jin/guozha-poker-game/src/central-brain/infrastructure/async/AsyncTaskManager.ts:180:22)
    at /home/jin/guozha-poker-game/tests/unit/async/AsyncTaskManager.test.ts:363:22
    at runTest (file:///home/jin/guozha-poker-game/node_modules/@vitest/runner/dist/index.js:781:11)
    at runSuite (file:///home/jin/guozha-poker-game/node_modules/@vitest/runner/dist/index.js:909:15)
    at runSuite (file:///home/jin/guozha-poker-game/node_modules/@vitest/runner/dist/index.js:909:15)
[AsyncTask] Falling back: unknown

stdout | tests/unit/async/AsyncTaskManager.test.ts > AsyncTaskManager > 降级策略 > 应该在主任务失败后执行降级函数
[AsyncTask] Success: unknown in 2512ms

stdout | tests/unit/async/AsyncTaskManager.test.ts > AsyncTaskManager > 降级策略 > 应该在降级也失败后抛出FallbackFailedError
[AsyncTask] Starting: unknown (task_1764969120740_1)

stderr | tests/unit/async/AsyncTaskManager.test.ts > AsyncTaskManager > 降级策略 > 应该在降级也失败后抛出FallbackFailedError
[AsyncTask] Error on attempt 1: unknown Error: Main failed
    at /home/jin/guozha-poker-game/tests/unit/async/AsyncTaskManager.test.ts:375:25
    at file:///home/jin/guozha-poker-game/node_modules/@vitest/runner/dist/index.js:135:14
    at file:///home/jin/guozha-poker-game/node_modules/@vitest/runner/dist/index.js:60:26
    at runTest (file:///home/jin/guozha-poker-game/node_modules/@vitest/runner/dist/index.js:781:17)
    at runSuite (file:///home/jin/guozha-poker-game/node_modules/@vitest/runner/dist/index.js:909:15)
    at runSuite (file:///home/jin/guozha-poker-game/node_modules/@vitest/runner/dist/index.js:909:15)
    at runSuite (file:///home/jin/guozha-poker-game/node_modules/@vitest/runner/dist/index.js:909:15)
    at runFiles (file:///home/jin/guozha-poker-game/node_modules/@vitest/runner/dist/index.js:958:5)
    at startTests (file:///home/jin/guozha-poker-game/node_modules/@vitest/runner/dist/index.js:967:3)
    at file:///home/jin/guozha-poker-game/node_modules/vitest/dist/chunks/runtime-runBaseTests.oAvMKtQC.js:116:7
[AsyncTask] Falling back: unknown
[AsyncTask] Fallback failed: unknown Error: Fallback failed
    at /home/jin/guozha-poker-game/tests/unit/async/AsyncTaskManager.test.ts:376:29
    at file:///home/jin/guozha-poker-game/node_modules/@vitest/runner/dist/index.js:135:14
    at file:///home/jin/guozha-poker-game/node_modules/@vitest/runner/dist/index.js:60:26
    at runTest (file:///home/jin/guozha-poker-game/node_modules/@vitest/runner/dist/index.js:781:17)
    at runSuite (file:///home/jin/guozha-poker-game/node_modules/@vitest/runner/dist/index.js:909:15)
    at runSuite (file:///home/jin/guozha-poker-game/node_modules/@vitest/runner/dist/index.js:909:15)
    at runSuite (file:///home/jin/guozha-poker-game/node_modules/@vitest/runner/dist/index.js:909:15)
    at runFiles (file:///home/jin/guozha-poker-game/node_modules/@vitest/runner/dist/index.js:958:5)
    at startTests (file:///home/jin/guozha-poker-game/node_modules/@vitest/runner/dist/index.js:967:3)
    at file:///home/jin/guozha-poker-game/node_modules/vitest/dist/chunks/runtime-runBaseTests.oAvMKtQC.js:116:7
[AsyncTask] Failed: unknown FallbackFailedError: Task and fallback both failed: unknown
    at AsyncTaskManager.executeWithFullSupport (/home/jin/guozha-poker-game/src/central-brain/infrastructure/async/AsyncTaskManager.ts:333:15)
    at AsyncTaskManager.execute (/home/jin/guozha-poker-game/src/central-brain/infrastructure/async/AsyncTaskManager.ts:180:22)
    at /home/jin/guozha-poker-game/tests/unit/async/AsyncTaskManager.test.ts:388:22
    at runTest (file:///home/jin/guozha-poker-game/node_modules/@vitest/runner/dist/index.js:781:11)
    at runSuite (file:///home/jin/guozha-poker-game/node_modules/@vitest/runner/dist/index.js:909:15)
    at runSuite (file:///home/jin/guozha-poker-game/node_modules/@vitest/runner/dist/index.js:909:15)
    at runSuite (file:///home/jin/guozha-poker-game/node_modules/@vitest/runner/dist/index.js:909:15)
    at runFiles (file:///home/jin/guozha-poker-game/node_modules/@vitest/runner/dist/index.js:958:5)
    at startTests (file:///home/jin/guozha-poker-game/node_modules/@vitest/runner/dist/index.js:967:3)
    at file:///home/jin/guozha-poker-game/node_modules/vitest/dist/chunks/runtime-runBaseTests.oAvMKtQC.js:116:7 {
  originalError: Error: Main failed
      at /home/jin/guozha-poker-game/tests/unit/async/AsyncTaskManager.test.ts:375:25
      at file:///home/jin/guozha-poker-game/node_modules/@vitest/runner/dist/index.js:135:14
      at file:///home/jin/guozha-poker-game/node_modules/@vitest/runner/dist/index.js:60:26
      at runTest (file:///home/jin/guozha-poker-game/node_modules/@vitest/runner/dist/index.js:781:17)
      at runSuite (file:///home/jin/guozha-poker-game/node_modules/@vitest/runner/dist/index.js:909:15)
      at runSuite (file:///home/jin/guozha-poker-game/node_modules/@vitest/runner/dist/index.js:909:15)
      at runSuite (file:///home/jin/guozha-poker-game/node_modules/@vitest/runner/dist/index.js:909:15)
      at runFiles (file:///home/jin/guozha-poker-game/node_modules/@vitest/runner/dist/index.js:958:5)
      at startTests (file:///home/jin/guozha-poker-game/node_modules/@vitest/runner/dist/index.js:967:3)
      at file:///home/jin/guozha-poker-game/node_modules/vitest/dist/chunks/runtime-runBaseTests.oAvMKtQC.js:116:7,
  fallbackError: Error: Fallback failed
      at /home/jin/guozha-poker-game/tests/unit/async/AsyncTaskManager.test.ts:376:29
      at file:///home/jin/guozha-poker-game/node_modules/@vitest/runner/dist/index.js:135:14
      at file:///home/jin/guozha-poker-game/node_modules/@vitest/runner/dist/index.js:60:26
      at runTest (file:///home/jin/guozha-poker-game/node_modules/@vitest/runner/dist/index.js:781:17)
      at runSuite (file:///home/jin/guozha-poker-game/node_modules/@vitest/runner/dist/index.js:909:15)
      at runSuite (file:///home/jin/guozha-poker-game/node_modules/@vitest/runner/dist/index.js:909:15)
      at runSuite (file:///home/jin/guozha-poker-game/node_modules/@vitest/runner/dist/index.js:909:15)
      at runFiles (file:///home/jin/guozha-poker-game/node_modules/@vitest/runner/dist/index.js:958:5)
      at startTests (file:///home/jin/guozha-poker-game/node_modules/@vitest/runner/dist/index.js:967:3)
      at file:///home/jin/guozha-poker-game/node_modules/vitest/dist/chunks/runtime-runBaseTests.oAvMKtQC.js:116:7
}

stdout | tests/unit/async/AsyncTaskManager.test.ts > AsyncTaskManager > 降级策略 > 降级函数也应该支持超时
[AsyncTask] Starting: unknown (task_1764969120757_1)

stderr | tests/unit/async/AsyncTaskManager.test.ts > AsyncTaskManager > 降级策略 > 降级函数也应该支持超时
[AsyncTask] Error on attempt 1: unknown Error: Fail
    at mockTask (/home/jin/guozha-poker-game/tests/unit/async/AsyncTaskManager.test.ts:399:44)
    at /home/jin/guozha-poker-game/src/central-brain/infrastructure/async/AsyncTaskManager.ts:375:30
    at new Promise (<anonymous>)
    at AsyncTaskManager.executeWithTimeout (/home/jin/guozha-poker-game/src/central-brain/infrastructure/async/AsyncTaskManager.ts:357:12)
    at AsyncTaskManager.executeWithFullSupport (/home/jin/guozha-poker-game/src/central-brain/infrastructure/async/AsyncTaskManager.ts:256:33)
    at AsyncTaskManager.execute (/home/jin/guozha-poker-game/src/central-brain/infrastructure/async/AsyncTaskManager.ts:180:33)
    at /home/jin/guozha-poker-game/tests/unit/async/AsyncTaskManager.test.ts:413:36
    at file:///home/jin/guozha-poker-game/node_modules/@vitest/runner/dist/index.js:135:14
    at file:///home/jin/guozha-poker-game/node_modules/@vitest/runner/dist/index.js:60:26
    at runTest (file:///home/jin/guozha-poker-game/node_modules/@vitest/runner/dist/index.js:781:17)
[AsyncTask] Falling back: unknown

 ✓ tests/unit/async/AsyncTaskManager.test.ts > AsyncTaskManager > 降级策略 > 应该在主任务失败后执行降级函数 2515ms
 ✓ tests/unit/async/AsyncTaskManager.test.ts > AsyncTaskManager > 降级策略 > 应该在降级也失败后抛出FallbackFailedError
stdout | tests/unit/async/AsyncTaskManager.test.ts > AsyncTaskManager > 降级策略 > 降级函数也应该支持超时
<empty line>
stderr | tests/unit/async/AsyncTaskManager.test.ts > AsyncTaskManager > 降级策略 > 降级函数也应该支持超时
[AsyncTask] Fallback failed: unknown TimeoutError: Task timed out after 100ms
    at Timeout._onTimeout (/home/jin/guozha-poker-game/src/central-brain/infrastructure/async/AsyncTaskManager.ts:360:16)
    at listOnTimeout (node:internal/timers:581:17)
    at processTimers (node:internal/timers:519:7)
[AsyncTask] Failed: unknown FallbackFailedError: Task and fallback both failed: unknown
    at AsyncTaskManager.executeWithFullSupport (/home/jin/guozha-poker-game/src/central-brain/infrastructure/async/AsyncTaskManager.ts:333:15)
    at AsyncTaskManager.execute (/home/jin/guozha-poker-game/src/central-brain/infrastructure/async/AsyncTaskManager.ts:180:22)
    at /home/jin/guozha-poker-game/tests/unit/async/AsyncTaskManager.test.ts:413:22
    at runTest (file:///home/jin/guozha-poker-game/node_modules/@vitest/runner/dist/index.js:781:11)
    at runSuite (file:///home/jin/guozha-poker-game/node_modules/@vitest/runner/dist/index.js:909:15)
    at runSuite (file:///home/jin/guozha-poker-game/node_modules/@vitest/runner/dist/index.js:909:15)
    at runSuite (file:///home/jin/guozha-poker-game/node_modules/@vitest/runner/dist/index.js:909:15)
    at runFiles (file:///home/jin/guozha-poker-game/node_modules/@vitest/runner/dist/index.js:958:5)
    at startTests (file:///home/jin/guozha-poker-game/node_modules/@vitest/runner/dist/index.js:967:3)
    at file:///home/jin/guozha-poker-game/node_modules/vitest/dist/chunks/runtime-runBaseTests.oAvMKtQC.js:116:7 {
  originalError: Error: Fail
      at mockTask (/home/jin/guozha-poker-game/tests/unit/async/AsyncTaskManager.test.ts:399:44)
      at /home/jin/guozha-poker-game/src/central-brain/infrastructure/async/AsyncTaskManager.ts:375:30
      at new Promise (<anonymous>)
      at AsyncTaskManager.executeWithTimeout (/home/jin/guozha-poker-game/src/central-brain/infrastructure/async/AsyncTaskManager.ts:357:12)
      at AsyncTaskManager.executeWithFullSupport (/home/jin/guozha-poker-game/src/central-brain/infrastructure/async/AsyncTaskManager.ts:256:33)
      at AsyncTaskManager.execute (/home/jin/guozha-poker-game/src/central-brain/infrastructure/async/AsyncTaskManager.ts:180:33)
      at /home/jin/guozha-poker-game/tests/unit/async/AsyncTaskManager.test.ts:413:36
      at file:///home/jin/guozha-poker-game/node_modules/@vitest/runner/dist/index.js:135:14
      at file:///home/jin/guozha-poker-game/node_modules/@vitest/runner/dist/index.js:60:26
      at runTest (file:///home/jin/guozha-poker-game/node_modules/@vitest/runner/dist/index.js:781:17),
  fallbackError: TimeoutError: Task timed out after 100ms
      at Timeout._onTimeout (/home/jin/guozha-poker-game/src/central-brain/infrastructure/async/AsyncTaskManager.ts:360:16)
      at listOnTimeout (node:internal/timers:581:17)
      at processTimers (node:internal/timers:519:7)
}

stdout | tests/unit/async/AsyncTaskManager.test.ts > AsyncTaskManager > 降级策略 > 没有降级时应该直接抛出原始错误
[AsyncTask] Starting: unknown (task_1764969120860_1)

stderr | tests/unit/async/AsyncTaskManager.test.ts > AsyncTaskManager > 降级策略 > 没有降级时应该直接抛出原始错误
[AsyncTask] Error on attempt 1: unknown Error: Task failed
    at /home/jin/guozha-poker-game/tests/unit/async/AsyncTaskManager.test.ts:422:21
    at file:///home/jin/guozha-poker-game/node_modules/@vitest/runner/dist/index.js:135:14
    at file:///home/jin/guozha-poker-game/node_modules/@vitest/runner/dist/index.js:60:26
    at runTest (file:///home/jin/guozha-poker-game/node_modules/@vitest/runner/dist/index.js:781:17)
    at runSuite (file:///home/jin/guozha-poker-game/node_modules/@vitest/runner/dist/index.js:909:15)
    at runSuite (file:///home/jin/guozha-poker-game/node_modules/@vitest/runner/dist/index.js:909:15)
    at runSuite (file:///home/jin/guozha-poker-game/node_modules/@vitest/runner/dist/index.js:909:15)
    at runFiles (file:///home/jin/guozha-poker-game/node_modules/@vitest/runner/dist/index.js:958:5)
    at startTests (file:///home/jin/guozha-poker-game/node_modules/@vitest/runner/dist/index.js:967:3)
    at file:///home/jin/guozha-poker-game/node_modules/vitest/dist/chunks/runtime-runBaseTests.oAvMKtQC.js:116:7
[AsyncTask] Failed: unknown Error: Task failed
    at /home/jin/guozha-poker-game/tests/unit/async/AsyncTaskManager.test.ts:422:21
    at file:///home/jin/guozha-poker-game/node_modules/@vitest/runner/dist/index.js:135:14
    at file:///home/jin/guozha-poker-game/node_modules/@vitest/runner/dist/index.js:60:26
    at runTest (file:///home/jin/guozha-poker-game/node_modules/@vitest/runner/dist/index.js:781:17)
    at runSuite (file:///home/jin/guozha-poker-game/node_modules/@vitest/runner/dist/index.js:909:15)
    at runSuite (file:///home/jin/guozha-poker-game/node_modules/@vitest/runner/dist/index.js:909:15)
    at runSuite (file:///home/jin/guozha-poker-game/node_modules/@vitest/runner/dist/index.js:909:15)
    at runFiles (file:///home/jin/guozha-poker-game/node_modules/@vitest/runner/dist/index.js:958:5)
    at startTests (file:///home/jin/guozha-poker-game/node_modules/@vitest/runner/dist/index.js:967:3)
    at file:///home/jin/guozha-poker-game/node_modules/vitest/dist/chunks/runtime-runBaseTests.oAvMKtQC.js:116:7

stdout | tests/unit/async/AsyncTaskManager.test.ts > AsyncTaskManager > 指标收集 > 应该正确记录成功指标
[AsyncTask] Starting: test-task (task_1764969120862_1)

stdout | tests/unit/async/AsyncTaskManager.test.ts > AsyncTaskManager > 指标收集 > 应该正确记录成功指标
[AsyncTask] Success: test-task in 7ms
[AsyncTask] Starting: test-task (task_1764969120869_2)

 ✓ tests/unit/async/AsyncTaskManager.test.ts > AsyncTaskManager > 降级策略 > 降级函数也应该支持超时
 ✓ tests/unit/async/AsyncTaskManager.test.ts > AsyncTaskManager > 降级策略 > 没有降级时应该直接抛出原始错误
stdout | tests/unit/async/AsyncTaskManager.test.ts > AsyncTaskManager > 指标收集 > 应该正确记录成功指标
[AsyncTask] Success: test-task in 5ms
[AsyncTask] Starting: test-task (task_1764969120875_3)

stdout | tests/unit/async/AsyncTaskManager.test.ts > AsyncTaskManager > 指标收集 > 应该正确记录成功指标
[AsyncTask] Success: test-task in 5ms

stdout | tests/unit/async/AsyncTaskManager.test.ts > AsyncTaskManager > 指标收集 > 应该正确记录失败指标
[AsyncTask] Starting: fail-task (task_1764969120881_1)
[AsyncTask] Starting: fail-task (task_1764969120882_2)

stderr | tests/unit/async/AsyncTaskManager.test.ts > AsyncTaskManager > 指标收集 > 应该正确记录失败指标
[AsyncTask] Error on attempt 1: fail-task Error: Fail
    at manager.execute.timeout (/home/jin/guozha-poker-game/tests/unit/async/AsyncTaskManager.test.ts:468:31)
    at /home/jin/guozha-poker-game/src/central-brain/infrastructure/async/AsyncTaskManager.ts:375:30
    at new Promise (<anonymous>)
    at AsyncTaskManager.executeWithTimeout (/home/jin/guozha-poker-game/src/central-brain/infrastructure/async/AsyncTaskManager.ts:357:12)
    at AsyncTaskManager.executeWithFullSupport (/home/jin/guozha-poker-game/src/central-brain/infrastructure/async/AsyncTaskManager.ts:256:33)
    at AsyncTaskManager.execute (/home/jin/guozha-poker-game/src/central-brain/infrastructure/async/AsyncTaskManager.ts:180:33)
    at /home/jin/guozha-poker-game/tests/unit/async/AsyncTaskManager.test.ts:467:23
    at file:///home/jin/guozha-poker-game/node_modules/@vitest/runner/dist/index.js:135:14
    at file:///home/jin/guozha-poker-game/node_modules/@vitest/runner/dist/index.js:60:26
    at runTest (file:///home/jin/guozha-poker-game/node_modules/@vitest/runner/dist/index.js:781:17)
[AsyncTask] Failed: fail-task Error: Fail
    at manager.execute.timeout (/home/jin/guozha-poker-game/tests/unit/async/AsyncTaskManager.test.ts:468:31)
    at /home/jin/guozha-poker-game/src/central-brain/infrastructure/async/AsyncTaskManager.ts:375:30
    at new Promise (<anonymous>)
    at AsyncTaskManager.executeWithTimeout (/home/jin/guozha-poker-game/src/central-brain/infrastructure/async/AsyncTaskManager.ts:357:12)
    at AsyncTaskManager.executeWithFullSupport (/home/jin/guozha-poker-game/src/central-brain/infrastructure/async/AsyncTaskManager.ts:256:33)
    at AsyncTaskManager.execute (/home/jin/guozha-poker-game/src/central-brain/infrastructure/async/AsyncTaskManager.ts:180:33)
    at /home/jin/guozha-poker-game/tests/unit/async/AsyncTaskManager.test.ts:467:23
    at file:///home/jin/guozha-poker-game/node_modules/@vitest/runner/dist/index.js:135:14
    at file:///home/jin/guozha-poker-game/node_modules/@vitest/runner/dist/index.js:60:26
    at runTest (file:///home/jin/guozha-poker-game/node_modules/@vitest/runner/dist/index.js:781:17)
[AsyncTask] Error on attempt 1: fail-task Error: Fail
    at manager.execute.timeout (/home/jin/guozha-poker-game/tests/unit/async/AsyncTaskManager.test.ts:468:31)
    at /home/jin/guozha-poker-game/src/central-brain/infrastructure/async/AsyncTaskManager.ts:375:30
    at new Promise (<anonymous>)
    at AsyncTaskManager.executeWithTimeout (/home/jin/guozha-poker-game/src/central-brain/infrastructure/async/AsyncTaskManager.ts:357:12)
    at AsyncTaskManager.executeWithFullSupport (/home/jin/guozha-poker-game/src/central-brain/infrastructure/async/AsyncTaskManager.ts:256:33)
    at AsyncTaskManager.execute (/home/jin/guozha-poker-game/src/central-brain/infrastructure/async/AsyncTaskManager.ts:180:33)
    at /home/jin/guozha-poker-game/tests/unit/async/AsyncTaskManager.test.ts:467:23
    at runTest (file:///home/jin/guozha-poker-game/node_modules/@vitest/runner/dist/index.js:781:11)
    at runSuite (file:///home/jin/guozha-poker-game/node_modules/@vitest/runner/dist/index.js:909:15)
    at runSuite (file:///home/jin/guozha-poker-game/node_modules/@vitest/runner/dist/index.js:909:15)
[AsyncTask] Failed: fail-task Error: Fail
    at manager.execute.timeout (/home/jin/guozha-poker-game/tests/unit/async/AsyncTaskManager.test.ts:468:31)
    at /home/jin/guozha-poker-game/src/central-brain/infrastructure/async/AsyncTaskManager.ts:375:30
    at new Promise (<anonymous>)
    at AsyncTaskManager.executeWithTimeout (/home/jin/guozha-poker-game/src/central-brain/infrastructure/async/AsyncTaskManager.ts:357:12)
    at AsyncTaskManager.executeWithFullSupport (/home/jin/guozha-poker-game/src/central-brain/infrastructure/async/AsyncTaskManager.ts:256:33)
    at AsyncTaskManager.execute (/home/jin/guozha-poker-game/src/central-brain/infrastructure/async/AsyncTaskManager.ts:180:33)
    at /home/jin/guozha-poker-game/tests/unit/async/AsyncTaskManager.test.ts:467:23
    at runTest (file:///home/jin/guozha-poker-game/node_modules/@vitest/runner/dist/index.js:781:11)
    at runSuite (file:///home/jin/guozha-poker-game/node_modules/@vitest/runner/dist/index.js:909:15)
    at runSuite (file:///home/jin/guozha-poker-game/node_modules/@vitest/runner/dist/index.js:909:15)

stdout | tests/unit/async/AsyncTaskManager.test.ts > AsyncTaskManager > 指标收集 > 应该按任务名分类记录指标
[AsyncTask] Starting: task-a (task_1764969120884_1)
[AsyncTask] Success: task-a in 0ms
[AsyncTask] Starting: task-a (task_1764969120884_2)
[AsyncTask] Success: task-a in 1ms
[AsyncTask] Starting: task-b (task_1764969120885_3)
[AsyncTask] Success: task-b in 0ms

stdout | tests/unit/async/AsyncTaskManager.test.ts > AsyncTaskManager > 指标收集 > 应该计算正确的成功率
[AsyncTask] Starting: unknown (task_1764969120891_1)
[AsyncTask] Success: unknown in 0ms
[AsyncTask] Starting: unknown (task_1764969120891_2)
[AsyncTask] Success: unknown in 0ms
[AsyncTask] Starting: unknown (task_1764969120891_3)
[AsyncTask] Starting: unknown (task_1764969120892_4)
[AsyncTask] Starting: unknown (task_1764969120893_5)

stderr | tests/unit/async/AsyncTaskManager.test.ts > AsyncTaskManager > 指标收集 > 应该计算正确的成功率
[AsyncTask] Error on attempt 1: unknown Error: 
    at manager.execute.timeout (/home/jin/guozha-poker-game/tests/unit/async/AsyncTaskManager.test.ts:501:49)
    at /home/jin/guozha-poker-game/src/central-brain/infrastructure/async/AsyncTaskManager.ts:375:30
    at new Promise (<anonymous>)
    at AsyncTaskManager.executeWithTimeout (/home/jin/guozha-poker-game/src/central-brain/infrastructure/async/AsyncTaskManager.ts:357:12)
    at AsyncTaskManager.executeWithFullSupport (/home/jin/guozha-poker-game/src/central-brain/infrastructure/async/AsyncTaskManager.ts:256:33)
    at AsyncTaskManager.execute (/home/jin/guozha-poker-game/src/central-brain/infrastructure/async/AsyncTaskManager.ts:180:33)
    at /home/jin/guozha-poker-game/tests/unit/async/AsyncTaskManager.test.ts:501:21
    at runTest (file:///home/jin/guozha-poker-game/node_modules/@vitest/runner/dist/index.js:781:11)
    at runSuite (file:///home/jin/guozha-poker-game/node_modules/@vitest/runner/dist/index.js:909:15)
    at runSuite (file:///home/jin/guozha-poker-game/node_modules/@vitest/runner/dist/index.js:909:15)
[AsyncTask] Failed: unknown Error: 
    at manager.execute.timeout (/home/jin/guozha-poker-game/tests/unit/async/AsyncTaskManager.test.ts:501:49)
    at /home/jin/guozha-poker-game/src/central-brain/infrastructure/async/AsyncTaskManager.ts:375:30
    at new Promise (<anonymous>)
    at AsyncTaskManager.executeWithTimeout (/home/jin/guozha-poker-game/src/central-brain/infrastructure/async/AsyncTaskManager.ts:357:12)
    at AsyncTaskManager.executeWithFullSupport (/home/jin/guozha-poker-game/src/central-brain/infrastructure/async/AsyncTaskManager.ts:256:33)
    at AsyncTaskManager.execute (/home/jin/guozha-poker-game/src/central-brain/infrastructure/async/AsyncTaskManager.ts:180:33)
    at /home/jin/guozha-poker-game/tests/unit/async/AsyncTaskManager.test.ts:501:21
    at runTest (file:///home/jin/guozha-poker-game/node_modules/@vitest/runner/dist/index.js:781:11)
    at runSuite (file:///home/jin/guozha-poker-game/node_modules/@vitest/runner/dist/index.js:909:15)
    at runSuite (file:///home/jin/guozha-poker-game/node_modules/@vitest/runner/dist/index.js:909:15)
[AsyncTask] Error on attempt 1: unknown Error: 
    at manager.execute.timeout (/home/jin/guozha-poker-game/tests/unit/async/AsyncTaskManager.test.ts:502:49)
    at /home/jin/guozha-poker-game/src/central-brain/infrastructure/async/AsyncTaskManager.ts:375:30
    at new Promise (<anonymous>)
    at AsyncTaskManager.executeWithTimeout (/home/jin/guozha-poker-game/src/central-brain/infrastructure/async/AsyncTaskManager.ts:357:12)
    at AsyncTaskManager.executeWithFullSupport (/home/jin/guozha-poker-game/src/central-brain/infrastructure/async/AsyncTaskManager.ts:256:33)
    at AsyncTaskManager.execute (/home/jin/guozha-poker-game/src/central-brain/infrastructure/async/AsyncTaskManager.ts:180:33)
    at /home/jin/guozha-poker-game/tests/unit/async/AsyncTaskManager.test.ts:502:21
    at runTest (file:///home/jin/guozha-poker-game/node_modules/@vitest/runner/dist/index.js:781:11)
    at runSuite (file:///home/jin/guozha-poker-game/node_modules/@vitest/runner/dist/index.js:909:15)
    at runSuite (file:///home/jin/guozha-poker-game/node_modules/@vitest/runner/dist/index.js:909:15)
[AsyncTask] Failed: unknown Error: 
    at manager.execute.timeout (/home/jin/guozha-poker-game/tests/unit/async/AsyncTaskManager.test.ts:502:49)
    at /home/jin/guozha-poker-game/src/central-brain/infrastructure/async/AsyncTaskManager.ts:375:30
    at new Promise (<anonymous>)
    at AsyncTaskManager.executeWithTimeout (/home/jin/guozha-poker-game/src/central-brain/infrastructure/async/AsyncTaskManager.ts:357:12)
    at AsyncTaskManager.executeWithFullSupport (/home/jin/guozha-poker-game/src/central-brain/infrastructure/async/AsyncTaskManager.ts:256:33)
    at AsyncTaskManager.execute (/home/jin/guozha-poker-game/src/central-brain/infrastructure/async/AsyncTaskManager.ts:180:33)
    at /home/jin/guozha-poker-game/tests/unit/async/AsyncTaskManager.test.ts:502:21
    at runTest (file:///home/jin/guozha-poker-game/node_modules/@vitest/runner/dist/index.js:781:11)
    at runSuite (file:///home/jin/guozha-poker-game/node_modules/@vitest/runner/dist/index.js:909:15)
    at runSuite (file:///home/jin/guozha-poker-game/node_modules/@vitest/runner/dist/index.js:909:15)
[AsyncTask] Error on attempt 1: unknown Error: 
    at manager.execute.timeout (/home/jin/guozha-poker-game/tests/unit/async/AsyncTaskManager.test.ts:503:49)
    at /home/jin/guozha-poker-game/src/central-brain/infrastructure/async/AsyncTaskManager.ts:375:30
    at new Promise (<anonymous>)
    at AsyncTaskManager.executeWithTimeout (/home/jin/guozha-poker-game/src/central-brain/infrastructure/async/AsyncTaskManager.ts:357:12)
    at AsyncTaskManager.executeWithFullSupport (/home/jin/guozha-poker-game/src/central-brain/infrastructure/async/AsyncTaskManager.ts:256:33)
    at AsyncTaskManager.execute (/home/jin/guozha-poker-game/src/central-brain/infrastructure/async/AsyncTaskManager.ts:180:33)
    at /home/jin/guozha-poker-game/tests/unit/async/AsyncTaskManager.test.ts:503:21
    at runTest (file:///home/jin/guozha-poker-game/node_modules/@vitest/runner/dist/index.js:781:11)
    at runSuite (file:///home/jin/guozha-poker-game/node_modules/@vitest/runner/dist/index.js:909:15)
    at runSuite (file:///home/jin/guozha-poker-game/node_modules/@vitest/runner/dist/index.js:909:15)
[AsyncTask] Failed: unknown Error: 
    at manager.execute.timeout (/home/jin/guozha-poker-game/tests/unit/async/AsyncTaskManager.test.ts:503:49)
    at /home/jin/guozha-poker-game/src/central-brain/infrastructure/async/AsyncTaskManager.ts:375:30
    at new Promise (<anonymous>)
    at AsyncTaskManager.executeWithTimeout (/home/jin/guozha-poker-game/src/central-brain/infrastructure/async/AsyncTaskManager.ts:357:12)
    at AsyncTaskManager.executeWithFullSupport (/home/jin/guozha-poker-game/src/central-brain/infrastructure/async/AsyncTaskManager.ts:256:33)
    at AsyncTaskManager.execute (/home/jin/guozha-poker-game/src/central-brain/infrastructure/async/AsyncTaskManager.ts:180:33)
    at /home/jin/guozha-poker-game/tests/unit/async/AsyncTaskManager.test.ts:503:21
    at runTest (file:///home/jin/guozha-poker-game/node_modules/@vitest/runner/dist/index.js:781:11)
    at runSuite (file:///home/jin/guozha-poker-game/node_modules/@vitest/runner/dist/index.js:909:15)
    at runSuite (file:///home/jin/guozha-poker-game/node_modules/@vitest/runner/dist/index.js:909:15)

stdout | tests/unit/async/AsyncTaskManager.test.ts > AsyncTaskManager > 指标收集 > 禁用指标时不应该记录
[AsyncTask] Starting: unknown (task_1764969120895_1)
[AsyncTask] Success: unknown in 0ms

stdout | tests/unit/async/AsyncTaskManager.test.ts > AsyncTaskManager > 指标收集 > 应该记录最后的错误
[AsyncTask] Starting: error-task (task_1764969120895_1)

stderr | tests/unit/async/AsyncTaskManager.test.ts > AsyncTaskManager > 指标收集 > 应该记录最后的错误
[AsyncTask] Error on attempt 1: error-task Error: Last error
    at /home/jin/guozha-poker-game/tests/unit/async/AsyncTaskManager.test.ts:524:21
    at file:///home/jin/guozha-poker-game/node_modules/@vitest/runner/dist/index.js:135:14
    at file:///home/jin/guozha-poker-game/node_modules/@vitest/runner/dist/index.js:60:26
    at runTest (file:///home/jin/guozha-poker-game/node_modules/@vitest/runner/dist/index.js:781:17)
    at runSuite (file:///home/jin/guozha-poker-game/node_modules/@vitest/runner/dist/index.js:909:15)
    at runSuite (file:///home/jin/guozha-poker-game/node_modules/@vitest/runner/dist/index.js:909:15)
    at runSuite (file:///home/jin/guozha-poker-game/node_modules/@vitest/runner/dist/index.js:909:15)
    at runFiles (file:///home/jin/guozha-poker-game/node_modules/@vitest/runner/dist/index.js:958:5)
    at startTests (file:///home/jin/guozha-poker-game/node_modules/@vitest/runner/dist/index.js:967:3)
    at file:///home/jin/guozha-poker-game/node_modules/vitest/dist/chunks/runtime-runBaseTests.oAvMKtQC.js:116:7
[AsyncTask] Failed: error-task Error: Last error
    at /home/jin/guozha-poker-game/tests/unit/async/AsyncTaskManager.test.ts:524:21
    at file:///home/jin/guozha-poker-game/node_modules/@vitest/runner/dist/index.js:135:14
    at file:///home/jin/guozha-poker-game/node_modules/@vitest/runner/dist/index.js:60:26
    at runTest (file:///home/jin/guozha-poker-game/node_modules/@vitest/runner/dist/index.js:781:17)
    at runSuite (file:///home/jin/guozha-poker-game/node_modules/@vitest/runner/dist/index.js:909:15)
    at runSuite (file:///home/jin/guozha-poker-game/node_modules/@vitest/runner/dist/index.js:909:15)
    at runSuite (file:///home/jin/guozha-poker-game/node_modules/@vitest/runner/dist/index.js:909:15)
    at runFiles (file:///home/jin/guozha-poker-game/node_modules/@vitest/runner/dist/index.js:958:5)
    at startTests (file:///home/jin/guozha-poker-game/node_modules/@vitest/runner/dist/index.js:967:3)
    at file:///home/jin/guozha-poker-game/node_modules/vitest/dist/chunks/runtime-runBaseTests.oAvMKtQC.js:116:7

 ✓ tests/unit/async/AsyncTaskManager.test.ts > AsyncTaskManager > 指标收集 > 应该正确记录成功指标
 ✓ tests/unit/async/AsyncTaskManager.test.ts > AsyncTaskManager > 指标收集 > 应该正确记录失败指标
 ✓ tests/unit/async/AsyncTaskManager.test.ts > AsyncTaskManager > 指标收集 > 应该按任务名分类记录指标
 ✓ tests/unit/async/AsyncTaskManager.test.ts > AsyncTaskManager > 指标收集 > 应该计算正确的成功率
 ✓ tests/unit/async/AsyncTaskManager.test.ts > AsyncTaskManager > 指标收集 > 禁用指标时不应该记录
 ✓ tests/unit/async/AsyncTaskManager.test.ts > AsyncTaskManager > 指标收集 > 应该记录最后的错误
stdout | tests/unit/async/AsyncTaskManager.test.ts > AsyncTaskManager > 并发处理 > 应该支持同时执行多个任务
[AsyncTask] Starting: task-0 (task_1764969120908_1)
[AsyncTask] Starting: task-1 (task_1764969120909_2)
[AsyncTask] Starting: task-2 (task_1764969120909_3)
[AsyncTask] Starting: task-3 (task_1764969120909_4)
[AsyncTask] Starting: task-4 (task_1764969120921_5)

stdout | tests/unit/async/AsyncTaskManager.test.ts > AsyncTaskManager > 并发处理 > 应该支持同时执行多个任务
[AsyncTask] Success: task-0 in 50ms
[AsyncTask] Success: task-1 in 50ms
[AsyncTask] Success: task-2 in 50ms
[AsyncTask] Success: task-3 in 50ms

stdout | tests/unit/async/AsyncTaskManager.test.ts > AsyncTaskManager > 并发处理 > 应该支持同时执行多个任务
[AsyncTask] Success: task-4 in 50ms

stdout | tests/unit/async/AsyncTaskManager.test.ts > AsyncTaskManager > 并发处理 > 应该正确追踪活跃任务数
[AsyncTask] Starting: unknown (task_1764969120973_1)

 ✓ tests/unit/async/AsyncTaskManager.test.ts > AsyncTaskManager > 并发处理 > 应该支持同时执行多个任务
stdout | tests/unit/async/AsyncTaskManager.test.ts > AsyncTaskManager > 并发处理 > 应该正确追踪活跃任务数
[AsyncTask] Success: unknown in 102ms

stdout | tests/unit/async/AsyncTaskManager.test.ts > AsyncTaskManager > 并发处理 > 并发任务互不干扰
[AsyncTask] Starting: fail (task_1764969121076_1)
[AsyncTask] Starting: success (task_1764969121076_2)
[AsyncTask] Success: success in 1ms

stderr | tests/unit/async/AsyncTaskManager.test.ts > AsyncTaskManager > 并发处理 > 并发任务互不干扰
[AsyncTask] Error on attempt 1: fail Error: Fail
    at manager.execute.timeout (/home/jin/guozha-poker-game/tests/unit/async/AsyncTaskManager.test.ts:586:29)
    at /home/jin/guozha-poker-game/src/central-brain/infrastructure/async/AsyncTaskManager.ts:375:30
    at new Promise (<anonymous>)
    at AsyncTaskManager.executeWithTimeout (/home/jin/guozha-poker-game/src/central-brain/infrastructure/async/AsyncTaskManager.ts:357:12)
    at AsyncTaskManager.executeWithFullSupport (/home/jin/guozha-poker-game/src/central-brain/infrastructure/async/AsyncTaskManager.ts:256:33)
    at AsyncTaskManager.execute (/home/jin/guozha-poker-game/src/central-brain/infrastructure/async/AsyncTaskManager.ts:180:33)
    at /home/jin/guozha-poker-game/tests/unit/async/AsyncTaskManager.test.ts:585:29
    at file:///home/jin/guozha-poker-game/node_modules/@vitest/runner/dist/index.js:135:14
    at file:///home/jin/guozha-poker-game/node_modules/@vitest/runner/dist/index.js:60:26
    at runTest (file:///home/jin/guozha-poker-game/node_modules/@vitest/runner/dist/index.js:781:17)
[AsyncTask] Failed: fail Error: Fail
    at manager.execute.timeout (/home/jin/guozha-poker-game/tests/unit/async/AsyncTaskManager.test.ts:586:29)
    at /home/jin/guozha-poker-game/src/central-brain/infrastructure/async/AsyncTaskManager.ts:375:30
    at new Promise (<anonymous>)
    at AsyncTaskManager.executeWithTimeout (/home/jin/guozha-poker-game/src/central-brain/infrastructure/async/AsyncTaskManager.ts:357:12)
    at AsyncTaskManager.executeWithFullSupport (/home/jin/guozha-poker-game/src/central-brain/infrastructure/async/AsyncTaskManager.ts:256:33)
    at AsyncTaskManager.execute (/home/jin/guozha-poker-game/src/central-brain/infrastructure/async/AsyncTaskManager.ts:180:33)
    at /home/jin/guozha-poker-game/tests/unit/async/AsyncTaskManager.test.ts:585:29
    at file:///home/jin/guozha-poker-game/node_modules/@vitest/runner/dist/index.js:135:14
    at file:///home/jin/guozha-poker-game/node_modules/@vitest/runner/dist/index.js:60:26
    at runTest (file:///home/jin/guozha-poker-game/node_modules/@vitest/runner/dist/index.js:781:17)

stdout | tests/unit/async/AsyncTaskManager.test.ts > AsyncTaskManager > 边界情况 > 应该处理任务返回undefined
[AsyncTask] Starting: unknown (task_1764969121078_1)
[AsyncTask] Success: unknown in 0ms

stdout | tests/unit/async/AsyncTaskManager.test.ts > AsyncTaskManager > 边界情况 > 应该处理任务返回null
[AsyncTask] Starting: unknown (task_1764969121078_1)
[AsyncTask] Success: unknown in 0ms

stdout | tests/unit/async/AsyncTaskManager.test.ts > AsyncTaskManager > 边界情况 > 应该处理同步抛出的错误
[AsyncTask] Starting: unknown (task_1764969121079_1)

stderr | tests/unit/async/AsyncTaskManager.test.ts > AsyncTaskManager > 边界情况 > 应该处理同步抛出的错误
[AsyncTask] Error on attempt 1: unknown Error: Sync error
    at mockTask (/home/jin/guozha-poker-game/tests/unit/async/AsyncTaskManager.test.ts:640:15)
    at /home/jin/guozha-poker-game/src/central-brain/infrastructure/async/AsyncTaskManager.ts:375:30
    at new Promise (<anonymous>)
    at AsyncTaskManager.executeWithTimeout (/home/jin/guozha-poker-game/src/central-brain/infrastructure/async/AsyncTaskManager.ts:357:12)
    at AsyncTaskManager.executeWithFullSupport (/home/jin/guozha-poker-game/src/central-brain/infrastructure/async/AsyncTaskManager.ts:256:33)
    at AsyncTaskManager.execute (/home/jin/guozha-poker-game/src/central-brain/infrastructure/async/AsyncTaskManager.ts:180:33)
    at /home/jin/guozha-poker-game/tests/unit/async/AsyncTaskManager.test.ts:645:36
    at file:///home/jin/guozha-poker-game/node_modules/@vitest/runner/dist/index.js:135:14
    at file:///home/jin/guozha-poker-game/node_modules/@vitest/runner/dist/index.js:60:26
    at runTest (file:///home/jin/guozha-poker-game/node_modules/@vitest/runner/dist/index.js:781:17)
[AsyncTask] Failed: unknown Error: Sync error
    at mockTask (/home/jin/guozha-poker-game/tests/unit/async/AsyncTaskManager.test.ts:640:15)
    at /home/jin/guozha-poker-game/src/central-brain/infrastructure/async/AsyncTaskManager.ts:375:30
    at new Promise (<anonymous>)
    at AsyncTaskManager.executeWithTimeout (/home/jin/guozha-poker-game/src/central-brain/infrastructure/async/AsyncTaskManager.ts:357:12)
    at AsyncTaskManager.executeWithFullSupport (/home/jin/guozha-poker-game/src/central-brain/infrastructure/async/AsyncTaskManager.ts:256:33)
    at AsyncTaskManager.execute (/home/jin/guozha-poker-game/src/central-brain/infrastructure/async/AsyncTaskManager.ts:180:33)
    at /home/jin/guozha-poker-game/tests/unit/async/AsyncTaskManager.test.ts:645:36
    at file:///home/jin/guozha-poker-game/node_modules/@vitest/runner/dist/index.js:135:14
    at file:///home/jin/guozha-poker-game/node_modules/@vitest/runner/dist/index.js:60:26
    at runTest (file:///home/jin/guozha-poker-game/node_modules/@vitest/runner/dist/index.js:781:17)

stdout | tests/unit/async/AsyncTaskManager.test.ts > AsyncTaskManager > 边界情况 > 应该处理非Error对象的异常
[AsyncTask] Starting: unknown (task_1764969121080_1)

stderr | tests/unit/async/AsyncTaskManager.test.ts > AsyncTaskManager > 边界情况 > 应该处理非Error对象的异常
[AsyncTask] Error on attempt 1: unknown string error
[AsyncTask] Failed: unknown string error

stdout | tests/unit/async/AsyncTaskManager.test.ts > AsyncTaskManager > 边界情况 > 应该处理重试次数为0
[AsyncTask] Starting: unknown (task_1764969121081_1)

stderr | tests/unit/async/AsyncTaskManager.test.ts > AsyncTaskManager > 边界情况 > 应该处理重试次数为0
[AsyncTask] Error on attempt 1: unknown Error: Fail
    at mockTask (/home/jin/guozha-poker-game/tests/unit/async/AsyncTaskManager.test.ts:672:15)
    at /home/jin/guozha-poker-game/src/central-brain/infrastructure/async/AsyncTaskManager.ts:375:30
    at new Promise (<anonymous>)
    at AsyncTaskManager.executeWithTimeout (/home/jin/guozha-poker-game/src/central-brain/infrastructure/async/AsyncTaskManager.ts:357:12)
    at AsyncTaskManager.executeWithFullSupport (/home/jin/guozha-poker-game/src/central-brain/infrastructure/async/AsyncTaskManager.ts:256:33)
    at AsyncTaskManager.execute (/home/jin/guozha-poker-game/src/central-brain/infrastructure/async/AsyncTaskManager.ts:180:33)
    at /home/jin/guozha-poker-game/tests/unit/async/AsyncTaskManager.test.ts:680:21
    at file:///home/jin/guozha-poker-game/node_modules/@vitest/runner/dist/index.js:135:14
    at file:///home/jin/guozha-poker-game/node_modules/@vitest/runner/dist/index.js:60:26
    at runTest (file:///home/jin/guozha-poker-game/node_modules/@vitest/runner/dist/index.js:781:17)
[AsyncTask] Failed: unknown Error: Fail
    at mockTask (/home/jin/guozha-poker-game/tests/unit/async/AsyncTaskManager.test.ts:672:15)
    at /home/jin/guozha-poker-game/src/central-brain/infrastructure/async/AsyncTaskManager.ts:375:30
    at new Promise (<anonymous>)
    at AsyncTaskManager.executeWithTimeout (/home/jin/guozha-poker-game/src/central-brain/infrastructure/async/AsyncTaskManager.ts:357:12)
    at AsyncTaskManager.executeWithFullSupport (/home/jin/guozha-poker-game/src/central-brain/infrastructure/async/AsyncTaskManager.ts:256:33)
    at AsyncTaskManager.execute (/home/jin/guozha-poker-game/src/central-brain/infrastructure/async/AsyncTaskManager.ts:180:33)
    at /home/jin/guozha-poker-game/tests/unit/async/AsyncTaskManager.test.ts:680:21
    at file:///home/jin/guozha-poker-game/node_modules/@vitest/runner/dist/index.js:135:14
    at file:///home/jin/guozha-poker-game/node_modules/@vitest/runner/dist/index.js:60:26
    at runTest (file:///home/jin/guozha-poker-game/node_modules/@vitest/runner/dist/index.js:781:17)

stdout | tests/unit/async/AsyncTaskManager.test.ts > AsyncTaskManager > 边界情况 > 应该处理超大重试次数
[AsyncTask] Starting: unknown (task_1764969121085_1)

stderr | tests/unit/async/AsyncTaskManager.test.ts > AsyncTaskManager > 边界情况 > 应该处理超大重试次数
[AsyncTask] Error on attempt 1: unknown Error: Fail
    at mockTask (/home/jin/guozha-poker-game/tests/unit/async/AsyncTaskManager.test.ts:688:44)
    at /home/jin/guozha-poker-game/src/central-brain/infrastructure/async/AsyncTaskManager.ts:375:30
    at new Promise (<anonymous>)
    at AsyncTaskManager.executeWithTimeout (/home/jin/guozha-poker-game/src/central-brain/infrastructure/async/AsyncTaskManager.ts:357:12)
    at AsyncTaskManager.executeWithFullSupport (/home/jin/guozha-poker-game/src/central-brain/infrastructure/async/AsyncTaskManager.ts:256:33)
    at AsyncTaskManager.execute (/home/jin/guozha-poker-game/src/central-brain/infrastructure/async/AsyncTaskManager.ts:180:33)
    at /home/jin/guozha-poker-game/tests/unit/async/AsyncTaskManager.test.ts:698:36
    at file:///home/jin/guozha-poker-game/node_modules/@vitest/runner/dist/index.js:135:14
    at file:///home/jin/guozha-poker-game/node_modules/@vitest/runner/dist/index.js:60:26
    at runTest (file:///home/jin/guozha-poker-game/node_modules/@vitest/runner/dist/index.js:781:17)

stdout | tests/unit/async/AsyncTaskManager.test.ts > AsyncTaskManager > 边界情况 > 应该处理超大重试次数
<empty line>
stderr | tests/unit/async/AsyncTaskManager.test.ts > AsyncTaskManager > 边界情况 > 应该处理超大重试次数
[AsyncTask] Error on attempt 2: unknown Error: Fail
    at mockTask (/home/jin/guozha-poker-game/tests/unit/async/AsyncTaskManager.test.ts:688:44)
    at /home/jin/guozha-poker-game/src/central-brain/infrastructure/async/AsyncTaskManager.ts:375:30
    at new Promise (<anonymous>)
    at AsyncTaskManager.executeWithTimeout (/home/jin/guozha-poker-game/src/central-brain/infrastructure/async/AsyncTaskManager.ts:357:12)
    at AsyncTaskManager.executeWithFullSupport (/home/jin/guozha-poker-game/src/central-brain/infrastructure/async/AsyncTaskManager.ts:256:33)
    at AsyncTaskManager.execute (/home/jin/guozha-poker-game/src/central-brain/infrastructure/async/AsyncTaskManager.ts:180:22)
    at /home/jin/guozha-poker-game/tests/unit/async/AsyncTaskManager.test.ts:698:22
    at runTest (file:///home/jin/guozha-poker-game/node_modules/@vitest/runner/dist/index.js:781:11)
    at runSuite (file:///home/jin/guozha-poker-game/node_modules/@vitest/runner/dist/index.js:909:15)
    at runSuite (file:///home/jin/guozha-poker-game/node_modules/@vitest/runner/dist/index.js:909:15)

stdout | tests/unit/async/AsyncTaskManager.test.ts > AsyncTaskManager > 边界情况 > 应该处理超大重试次数
<empty line>
stderr | tests/unit/async/AsyncTaskManager.test.ts > AsyncTaskManager > 边界情况 > 应该处理超大重试次数
[AsyncTask] Error on attempt 3: unknown Error: Fail
    at mockTask (/home/jin/guozha-poker-game/tests/unit/async/AsyncTaskManager.test.ts:688:44)
    at /home/jin/guozha-poker-game/src/central-brain/infrastructure/async/AsyncTaskManager.ts:375:30
    at new Promise (<anonymous>)
    at AsyncTaskManager.executeWithTimeout (/home/jin/guozha-poker-game/src/central-brain/infrastructure/async/AsyncTaskManager.ts:357:12)
    at AsyncTaskManager.executeWithFullSupport (/home/jin/guozha-poker-game/src/central-brain/infrastructure/async/AsyncTaskManager.ts:256:33)
    at AsyncTaskManager.execute (/home/jin/guozha-poker-game/src/central-brain/infrastructure/async/AsyncTaskManager.ts:180:22)
    at /home/jin/guozha-poker-game/tests/unit/async/AsyncTaskManager.test.ts:698:22
    at runTest (file:///home/jin/guozha-poker-game/node_modules/@vitest/runner/dist/index.js:781:11)
    at runSuite (file:///home/jin/guozha-poker-game/node_modules/@vitest/runner/dist/index.js:909:15)
    at runSuite (file:///home/jin/guozha-poker-game/node_modules/@vitest/runner/dist/index.js:909:15)

 ✓ tests/unit/async/AsyncTaskManager.test.ts > AsyncTaskManager > 并发处理 > 应该正确追踪活跃任务数
 ✓ tests/unit/async/AsyncTaskManager.test.ts > AsyncTaskManager > 并发处理 > 并发任务互不干扰
 ✓ tests/unit/async/AsyncTaskManager.test.ts > AsyncTaskManager > 边界情况 > 应该处理任务返回undefined
 ✓ tests/unit/async/AsyncTaskManager.test.ts > AsyncTaskManager > 边界情况 > 应该处理任务返回null
 ✓ tests/unit/async/AsyncTaskManager.test.ts > AsyncTaskManager > 边界情况 > 应该处理同步抛出的错误
 ✓ tests/unit/async/AsyncTaskManager.test.ts > AsyncTaskManager > 边界情况 > 应该处理非Error对象的异常
 ✓ tests/unit/async/AsyncTaskManager.test.ts > AsyncTaskManager > 边界情况 > 应该处理重试次数为0
stdout | tests/unit/async/AsyncTaskManager.test.ts > AsyncTaskManager > 边界情况 > 应该处理超大重试次数
<empty line>
stderr | tests/unit/async/AsyncTaskManager.test.ts > AsyncTaskManager > 边界情况 > 应该处理超大重试次数
[AsyncTask] Error on attempt 4: unknown Error: Fail
    at mockTask (/home/jin/guozha-poker-game/tests/unit/async/AsyncTaskManager.test.ts:688:44)
    at /home/jin/guozha-poker-game/src/central-brain/infrastructure/async/AsyncTaskManager.ts:375:30
    at new Promise (<anonymous>)
    at AsyncTaskManager.executeWithTimeout (/home/jin/guozha-poker-game/src/central-brain/infrastructure/async/AsyncTaskManager.ts:357:12)
    at AsyncTaskManager.executeWithFullSupport (/home/jin/guozha-poker-game/src/central-brain/infrastructure/async/AsyncTaskManager.ts:256:33)
    at AsyncTaskManager.execute (/home/jin/guozha-poker-game/src/central-brain/infrastructure/async/AsyncTaskManager.ts:180:22)
    at /home/jin/guozha-poker-game/tests/unit/async/AsyncTaskManager.test.ts:698:22
    at runTest (file:///home/jin/guozha-poker-game/node_modules/@vitest/runner/dist/index.js:781:11)
    at runSuite (file:///home/jin/guozha-poker-game/node_modules/@vitest/runner/dist/index.js:909:15)
    at runSuite (file:///home/jin/guozha-poker-game/node_modules/@vitest/runner/dist/index.js:909:15)

stdout | tests/unit/async/AsyncTaskManager.test.ts > AsyncTaskManager > 边界情况 > 应该处理超大重试次数
<empty line>
stderr | tests/unit/async/AsyncTaskManager.test.ts > AsyncTaskManager > 边界情况 > 应该处理超大重试次数
[AsyncTask] Error on attempt 5: unknown Error: Fail
    at mockTask (/home/jin/guozha-poker-game/tests/unit/async/AsyncTaskManager.test.ts:688:44)
    at /home/jin/guozha-poker-game/src/central-brain/infrastructure/async/AsyncTaskManager.ts:375:30
    at new Promise (<anonymous>)
    at AsyncTaskManager.executeWithTimeout (/home/jin/guozha-poker-game/src/central-brain/infrastructure/async/AsyncTaskManager.ts:357:12)
    at AsyncTaskManager.executeWithFullSupport (/home/jin/guozha-poker-game/src/central-brain/infrastructure/async/AsyncTaskManager.ts:256:33)
    at AsyncTaskManager.execute (/home/jin/guozha-poker-game/src/central-brain/infrastructure/async/AsyncTaskManager.ts:180:22)
    at /home/jin/guozha-poker-game/tests/unit/async/AsyncTaskManager.test.ts:698:22
    at runTest (file:///home/jin/guozha-poker-game/node_modules/@vitest/runner/dist/index.js:781:11)
    at runSuite (file:///home/jin/guozha-poker-game/node_modules/@vitest/runner/dist/index.js:909:15)
    at runSuite (file:///home/jin/guozha-poker-game/node_modules/@vitest/runner/dist/index.js:909:15)

stdout | tests/unit/async/AsyncTaskManager.test.ts > AsyncTaskManager > 边界情况 > 应该处理超大重试次数
<empty line>
stderr | tests/unit/async/AsyncTaskManager.test.ts > AsyncTaskManager > 边界情况 > 应该处理超大重试次数
[AsyncTask] Error on attempt 6: unknown Error: Fail
    at mockTask (/home/jin/guozha-poker-game/tests/unit/async/AsyncTaskManager.test.ts:688:44)
    at /home/jin/guozha-poker-game/src/central-brain/infrastructure/async/AsyncTaskManager.ts:375:30
    at new Promise (<anonymous>)
    at AsyncTaskManager.executeWithTimeout (/home/jin/guozha-poker-game/src/central-brain/infrastructure/async/AsyncTaskManager.ts:357:12)
    at AsyncTaskManager.executeWithFullSupport (/home/jin/guozha-poker-game/src/central-brain/infrastructure/async/AsyncTaskManager.ts:256:33)
    at AsyncTaskManager.execute (/home/jin/guozha-poker-game/src/central-brain/infrastructure/async/AsyncTaskManager.ts:180:22)
    at /home/jin/guozha-poker-game/tests/unit/async/AsyncTaskManager.test.ts:698:22
    at runTest (file:///home/jin/guozha-poker-game/node_modules/@vitest/runner/dist/index.js:781:11)
    at runSuite (file:///home/jin/guozha-poker-game/node_modules/@vitest/runner/dist/index.js:909:15)
    at runSuite (file:///home/jin/guozha-poker-game/node_modules/@vitest/runner/dist/index.js:909:15)

stdout | tests/unit/async/AsyncTaskManager.test.ts > AsyncTaskManager > 边界情况 > 应该处理超大重试次数
<empty line>
stderr | tests/unit/async/AsyncTaskManager.test.ts > AsyncTaskManager > 边界情况 > 应该处理超大重试次数
[AsyncTask] Error on attempt 7: unknown Error: Fail
    at mockTask (/home/jin/guozha-poker-game/tests/unit/async/AsyncTaskManager.test.ts:688:44)
    at /home/jin/guozha-poker-game/src/central-brain/infrastructure/async/AsyncTaskManager.ts:375:30
    at new Promise (<anonymous>)
    at AsyncTaskManager.executeWithTimeout (/home/jin/guozha-poker-game/src/central-brain/infrastructure/async/AsyncTaskManager.ts:357:12)
    at AsyncTaskManager.executeWithFullSupport (/home/jin/guozha-poker-game/src/central-brain/infrastructure/async/AsyncTaskManager.ts:256:33)
    at AsyncTaskManager.execute (/home/jin/guozha-poker-game/src/central-brain/infrastructure/async/AsyncTaskManager.ts:180:22)
    at /home/jin/guozha-poker-game/tests/unit/async/AsyncTaskManager.test.ts:698:22
    at runTest (file:///home/jin/guozha-poker-game/node_modules/@vitest/runner/dist/index.js:781:11)
    at runSuite (file:///home/jin/guozha-poker-game/node_modules/@vitest/runner/dist/index.js:909:15)
    at runSuite (file:///home/jin/guozha-poker-game/node_modules/@vitest/runner/dist/index.js:909:15)

stdout | tests/unit/async/AsyncTaskManager.test.ts > AsyncTaskManager > 边界情况 > 应该处理超大重试次数
<empty line>
stderr | tests/unit/async/AsyncTaskManager.test.ts > AsyncTaskManager > 边界情况 > 应该处理超大重试次数
[AsyncTask] Error on attempt 8: unknown Error: Fail
    at mockTask (/home/jin/guozha-poker-game/tests/unit/async/AsyncTaskManager.test.ts:688:44)
    at /home/jin/guozha-poker-game/src/central-brain/infrastructure/async/AsyncTaskManager.ts:375:30
    at new Promise (<anonymous>)
    at AsyncTaskManager.executeWithTimeout (/home/jin/guozha-poker-game/src/central-brain/infrastructure/async/AsyncTaskManager.ts:357:12)
    at AsyncTaskManager.executeWithFullSupport (/home/jin/guozha-poker-game/src/central-brain/infrastructure/async/AsyncTaskManager.ts:256:33)
    at AsyncTaskManager.execute (/home/jin/guozha-poker-game/src/central-brain/infrastructure/async/AsyncTaskManager.ts:180:22)
    at /home/jin/guozha-poker-game/tests/unit/async/AsyncTaskManager.test.ts:698:22
    at runTest (file:///home/jin/guozha-poker-game/node_modules/@vitest/runner/dist/index.js:781:11)
    at runSuite (file:///home/jin/guozha-poker-game/node_modules/@vitest/runner/dist/index.js:909:15)
    at runSuite (file:///home/jin/guozha-poker-game/node_modules/@vitest/runner/dist/index.js:909:15)

stdout | tests/unit/async/AsyncTaskManager.test.ts > AsyncTaskManager > 边界情况 > 应该处理超大重试次数
<empty line>
stderr | tests/unit/async/AsyncTaskManager.test.ts > AsyncTaskManager > 边界情况 > 应该处理超大重试次数
[AsyncTask] Error on attempt 9: unknown Error: Fail
    at mockTask (/home/jin/guozha-poker-game/tests/unit/async/AsyncTaskManager.test.ts:688:44)
    at /home/jin/guozha-poker-game/src/central-brain/infrastructure/async/AsyncTaskManager.ts:375:30
    at new Promise (<anonymous>)
    at AsyncTaskManager.executeWithTimeout (/home/jin/guozha-poker-game/src/central-brain/infrastructure/async/AsyncTaskManager.ts:357:12)
    at AsyncTaskManager.executeWithFullSupport (/home/jin/guozha-poker-game/src/central-brain/infrastructure/async/AsyncTaskManager.ts:256:33)
    at AsyncTaskManager.execute (/home/jin/guozha-poker-game/src/central-brain/infrastructure/async/AsyncTaskManager.ts:180:22)
    at /home/jin/guozha-poker-game/tests/unit/async/AsyncTaskManager.test.ts:698:22
    at runTest (file:///home/jin/guozha-poker-game/node_modules/@vitest/runner/dist/index.js:781:11)
    at runSuite (file:///home/jin/guozha-poker-game/node_modules/@vitest/runner/dist/index.js:909:15)
    at runSuite (file:///home/jin/guozha-poker-game/node_modules/@vitest/runner/dist/index.js:909:15)

stdout | tests/unit/async/AsyncTaskManager.test.ts > AsyncTaskManager > 边界情况 > 应该处理超大重试次数
<empty line>
stderr | tests/unit/async/AsyncTaskManager.test.ts > AsyncTaskManager > 边界情况 > 应该处理超大重试次数
[AsyncTask] Error on attempt 10: unknown Error: Fail
    at mockTask (/home/jin/guozha-poker-game/tests/unit/async/AsyncTaskManager.test.ts:688:44)
    at /home/jin/guozha-poker-game/src/central-brain/infrastructure/async/AsyncTaskManager.ts:375:30
    at new Promise (<anonymous>)
    at AsyncTaskManager.executeWithTimeout (/home/jin/guozha-poker-game/src/central-brain/infrastructure/async/AsyncTaskManager.ts:357:12)
    at AsyncTaskManager.executeWithFullSupport (/home/jin/guozha-poker-game/src/central-brain/infrastructure/async/AsyncTaskManager.ts:256:33)
    at AsyncTaskManager.execute (/home/jin/guozha-poker-game/src/central-brain/infrastructure/async/AsyncTaskManager.ts:180:22)
    at /home/jin/guozha-poker-game/tests/unit/async/AsyncTaskManager.test.ts:698:22
    at runTest (file:///home/jin/guozha-poker-game/node_modules/@vitest/runner/dist/index.js:781:11)
    at runSuite (file:///home/jin/guozha-poker-game/node_modules/@vitest/runner/dist/index.js:909:15)
    at runSuite (file:///home/jin/guozha-poker-game/node_modules/@vitest/runner/dist/index.js:909:15)

stderr | tests/unit/async/AsyncTaskManager.test.ts > AsyncTaskManager > 边界情况 > 应该处理超大重试次数
[AsyncTask] Error on attempt 11: unknown Error: Fail
    at mockTask (/home/jin/guozha-poker-game/tests/unit/async/AsyncTaskManager.test.ts:688:44)
    at /home/jin/guozha-poker-game/src/central-brain/infrastructure/async/AsyncTaskManager.ts:375:30
    at new Promise (<anonymous>)
    at AsyncTaskManager.executeWithTimeout (/home/jin/guozha-poker-game/src/central-brain/infrastructure/async/AsyncTaskManager.ts:357:12)
    at AsyncTaskManager.executeWithFullSupport (/home/jin/guozha-poker-game/src/central-brain/infrastructure/async/AsyncTaskManager.ts:256:33)
    at AsyncTaskManager.execute (/home/jin/guozha-poker-game/src/central-brain/infrastructure/async/AsyncTaskManager.ts:180:22)
    at /home/jin/guozha-poker-game/tests/unit/async/AsyncTaskManager.test.ts:698:22
    at runTest (file:///home/jin/guozha-poker-game/node_modules/@vitest/runner/dist/index.js:781:11)
    at runSuite (file:///home/jin/guozha-poker-game/node_modules/@vitest/runner/dist/index.js:909:15)
    at runSuite (file:///home/jin/guozha-poker-game/node_modules/@vitest/runner/dist/index.js:909:15)
[AsyncTask] Falling back: unknown

stdout | tests/unit/async/AsyncTaskManager.test.ts > AsyncTaskManager > 边界情况 > 应该处理超大重试次数
[AsyncTask] Success: unknown in 32ms

stdout | tests/unit/async/AsyncTaskManager.test.ts > AsyncTaskManager > 历史记录 > 应该记录任务历史
[AsyncTask] Starting: unknown (task_1764969121119_1)
[AsyncTask] Success: unknown in 1ms
[AsyncTask] Starting: unknown (task_1764969121120_2)
[AsyncTask] Success: unknown in 0ms
[AsyncTask] Starting: unknown (task_1764969121120_3)
[AsyncTask] Success: unknown in 0ms

stdout | tests/unit/async/AsyncTaskManager.test.ts > AsyncTaskManager > 历史记录 > 应该限制历史大小
[AsyncTask] Starting: unknown (task_1764969121122_1)
[AsyncTask] Success: unknown in 0ms
[AsyncTask] Starting: unknown (task_1764969121122_2)
[AsyncTask] Success: unknown in 0ms
[AsyncTask] Starting: unknown (task_1764969121122_3)
[AsyncTask] Success: unknown in 0ms
[AsyncTask] Starting: unknown (task_1764969121122_4)
[AsyncTask] Success: unknown in 0ms
[AsyncTask] Starting: unknown (task_1764969121122_5)
[AsyncTask] Success: unknown in 0ms
[AsyncTask] Starting: unknown (task_1764969121122_6)
[AsyncTask] Success: unknown in 0ms
[AsyncTask] Starting: unknown (task_1764969121122_7)
[AsyncTask] Success: unknown in 0ms
[AsyncTask] Starting: unknown (task_1764969121122_8)
[AsyncTask] Success: unknown in 0ms
[AsyncTask] Starting: unknown (task_1764969121122_9)
[AsyncTask] Success: unknown in 0ms
[AsyncTask] Starting: unknown (task_1764969121122_10)
[AsyncTask] Success: unknown in 0ms
[AsyncTask] Starting: unknown (task_1764969121122_11)
[AsyncTask] Success: unknown in 1ms
[AsyncTask] Starting: unknown (task_1764969121123_12)
[AsyncTask] Success: unknown in 0ms
[AsyncTask] Starting: unknown (task_1764969121123_13)
[AsyncTask] Success: unknown in 0ms
[AsyncTask] Starting: unknown (task_1764969121123_14)
[AsyncTask] Success: unknown in 0ms
[AsyncTask] Starting: unknown (task_1764969121123_15)
[AsyncTask] Success: unknown in 0ms
[AsyncTask] Starting: unknown (task_1764969121123_16)
[AsyncTask] Success: unknown in 0ms
[AsyncTask] Starting: unknown (task_1764969121123_17)
[AsyncTask] Success: unknown in 0ms
[AsyncTask] Starting: unknown (task_1764969121123_18)
[AsyncTask] Success: unknown in 0ms
[AsyncTask] Starting: unknown (task_1764969121123_19)
[AsyncTask] Success: unknown in 0ms
[AsyncTask] Starting: unknown (task_1764969121123_20)
[AsyncTask] Success: unknown in 0ms
[AsyncTask] Starting: unknown (task_1764969121123_21)
[AsyncTask] Success: unknown in 0ms
[AsyncTask] Starting: unknown (task_1764969121123_22)
[AsyncTask] Success: unknown in 0ms
[AsyncTask] Starting: unknown (task_1764969121123_23)
[AsyncTask] Success: unknown in 0ms
[AsyncTask] Starting: unknown (task_1764969121123_24)
[AsyncTask] Success: unknown in 0ms
[AsyncTask] Starting: unknown (task_1764969121123_25)
[AsyncTask] Success: unknown in 0ms
[AsyncTask] Starting: unknown (task_1764969121124_26)
[AsyncTask] Success: unknown in 0ms
[AsyncTask] Starting: unknown (task_1764969121124_27)
[AsyncTask] Success: unknown in 0ms
[AsyncTask] Starting: unknown (task_1764969121124_28)
[AsyncTask] Success: unknown in 0ms
[AsyncTask] Starting: unknown (task_1764969121124_29)
[AsyncTask] Success: unknown in 0ms
[AsyncTask] Starting: unknown (task_1764969121124_30)
[AsyncTask] Success: unknown in 0ms
[AsyncTask] Starting: unknown (task_1764969121124_31)
[AsyncTask] Success: unknown in 0ms
[AsyncTask] Starting: unknown (task_1764969121124_32)
[AsyncTask] Success: unknown in 0ms
[AsyncTask] Starting: unknown (task_1764969121124_33)
[AsyncTask] Success: unknown in 0ms
[AsyncTask] Starting: unknown (task_1764969121124_34)
[AsyncTask] Success: unknown in 0ms
[AsyncTask] Starting: unknown (task_1764969121124_35)
[AsyncTask] Success: unknown in 0ms
[AsyncTask] Starting: unknown (task_1764969121124_36)
[AsyncTask] Success: unknown in 0ms
[AsyncTask] Starting: unknown (task_1764969121124_37)
[AsyncTask] Success: unknown in 0ms
[AsyncTask] Starting: unknown (task_1764969121124_38)
[AsyncTask] Success: unknown in 0ms
[AsyncTask] Starting: unknown (task_1764969121124_39)
[AsyncTask] Success: unknown in 0ms
[AsyncTask] Starting: unknown (task_1764969121124_40)
[AsyncTask] Success: unknown in 0ms
[AsyncTask] Starting: unknown (task_1764969121124_41)
[AsyncTask] Success: unknown in 0ms
[AsyncTask] Starting: unknown (task_1764969121124_42)
[AsyncTask] Success: unknown in 0ms
[AsyncTask] Starting: unknown (task_1764969121124_43)
[AsyncTask] Success: unknown in 0ms
[AsyncTask] Starting: unknown (task_1764969121124_44)
[AsyncTask] Success: unknown in 0ms
[AsyncTask] Starting: unknown (task_1764969121124_45)
[AsyncTask] Success: unknown in 0ms
[AsyncTask] Starting: unknown (task_1764969121124_46)
[AsyncTask] Success: unknown in 0ms
[AsyncTask] Starting: unknown (task_1764969121124_47)
[AsyncTask] Success: unknown in 0ms
[AsyncTask] Starting: unknown (task_1764969121124_48)
[AsyncTask] Success: unknown in 0ms
[AsyncTask] Starting: unknown (task_1764969121125_49)
[AsyncTask] Success: unknown in 0ms
[AsyncTask] Starting: unknown (task_1764969121125_50)
[AsyncTask] Success: unknown in 0ms
[AsyncTask] Starting: unknown (task_1764969121125_51)
[AsyncTask] Success: unknown in 0ms
[AsyncTask] Starting: unknown (task_1764969121125_52)
[AsyncTask] Success: unknown in 0ms
[AsyncTask] Starting: unknown (task_1764969121125_53)
[AsyncTask] Success: unknown in 0ms
[AsyncTask] Starting: unknown (task_1764969121125_54)
[AsyncTask] Success: unknown in 0ms
[AsyncTask] Starting: unknown (task_1764969121125_55)
[AsyncTask] Success: unknown in 0ms
[AsyncTask] Starting: unknown (task_1764969121125_56)
[AsyncTask] Success: unknown in 0ms
[AsyncTask] Starting: unknown (task_1764969121125_57)
[AsyncTask] Success: unknown in 0ms
[AsyncTask] Starting: unknown (task_1764969121125_58)
[AsyncTask] Success: unknown in 0ms
[AsyncTask] Starting: unknown (task_1764969121125_59)
[AsyncTask] Success: unknown in 0ms
[AsyncTask] Starting: unknown (task_1764969121125_60)
[AsyncTask] Success: unknown in 0ms
[AsyncTask] Starting: unknown (task_1764969121125_61)
[AsyncTask] Success: unknown in 0ms
[AsyncTask] Starting: unknown (task_1764969121125_62)
[AsyncTask] Success: unknown in 0ms
[AsyncTask] Starting: unknown (task_1764969121125_63)
[AsyncTask] Success: unknown in 0ms
[AsyncTask] Starting: unknown (task_1764969121125_64)
[AsyncTask] Success: unknown in 0ms
[AsyncTask] Starting: unknown (task_1764969121125_65)
[AsyncTask] Success: unknown in 0ms
[AsyncTask] Starting: unknown (task_1764969121125_66)
[AsyncTask] Success: unknown in 0ms
[AsyncTask] Starting: unknown (task_1764969121125_67)
[AsyncTask] Success: unknown in 0ms
[AsyncTask] Starting: unknown (task_1764969121125_68)
[AsyncTask] Success: unknown in 0ms
[AsyncTask] Starting: unknown (task_1764969121125_69)
[AsyncTask] Success: unknown in 0ms
[AsyncTask] Starting: unknown (task_1764969121125_70)
[AsyncTask] Success: unknown in 0ms
[AsyncTask] Starting: unknown (task_1764969121125_71)
[AsyncTask] Success: unknown in 0ms
[AsyncTask] Starting: unknown (task_1764969121125_72)
[AsyncTask] Success: unknown in 0ms
[AsyncTask] Starting: unknown (task_1764969121125_73)
[AsyncTask] Success: unknown in 0ms
[AsyncTask] Starting: unknown (task_1764969121126_74)
[AsyncTask] Success: unknown in 0ms
[AsyncTask] Starting: unknown (task_1764969121126_75)
[AsyncTask] Success: unknown in 0ms
[AsyncTask] Starting: unknown (task_1764969121126_76)
[AsyncTask] Success: unknown in 0ms
[AsyncTask] Starting: unknown (task_1764969121126_77)
[AsyncTask] Success: unknown in 0ms
[AsyncTask] Starting: unknown (task_1764969121126_78)
[AsyncTask] Success: unknown in 0ms
[AsyncTask] Starting: unknown (task_1764969121126_79)
[AsyncTask] Success: unknown in 0ms
[AsyncTask] Starting: unknown (task_1764969121126_80)
[AsyncTask] Success: unknown in 0ms
[AsyncTask] Starting: unknown (task_1764969121126_81)
[AsyncTask] Success: unknown in 0ms
[AsyncTask] Starting: unknown (task_1764969121126_82)
[AsyncTask] Success: unknown in 0ms
[AsyncTask] Starting: unknown (task_1764969121126_83)
[AsyncTask] Success: unknown in 0ms
[AsyncTask] Starting: unknown (task_1764969121126_84)
[AsyncTask] Success: unknown in 0ms
[AsyncTask] Starting: unknown (task_1764969121126_85)
[AsyncTask] Success: unknown in 0ms
[AsyncTask] Starting: unknown (task_1764969121126_86)
[AsyncTask] Success: unknown in 0ms
[AsyncTask] Starting: unknown (task_1764969121126_87)
[AsyncTask] Success: unknown in 0ms
[AsyncTask] Starting: unknown (task_1764969121126_88)
[AsyncTask] Success: unknown in 0ms
[AsyncTask] Starting: unknown (task_1764969121126_89)
[AsyncTask] Success: unknown in 0ms
[AsyncTask] Starting: unknown (task_1764969121126_90)
[AsyncTask] Success: unknown in 0ms
[AsyncTask] Starting: unknown (task_1764969121126_91)
[AsyncTask] Success: unknown in 0ms
[AsyncTask] Starting: unknown (task_1764969121126_92)
[AsyncTask] Success: unknown in 0ms
[AsyncTask] Starting: unknown (task_1764969121126_93)
[AsyncTask] Success: unknown in 0ms
[AsyncTask] Starting: unknown (task_1764969121126_94)
[AsyncTask] Success: unknown in 0ms
[AsyncTask] Starting: unknown (task_1764969121127_95)
[AsyncTask] Success: unknown in 0ms
[AsyncTask] Starting: unknown (task_1764969121127_96)
[AsyncTask] Success: unknown in 0ms
[AsyncTask] Starting: unknown (task_1764969121127_97)
[AsyncTask] Success: unknown in 0ms
[AsyncTask] Starting: unknown (task_1764969121127_98)
[AsyncTask] Success: unknown in 0ms
[AsyncTask] Starting: unknown (task_1764969121127_99)
[AsyncTask] Success: unknown in 0ms
[AsyncTask] Starting: unknown (task_1764969121127_100)
[AsyncTask] Success: unknown in 0ms
[AsyncTask] Starting: unknown (task_1764969121127_101)
[AsyncTask] Success: unknown in 0ms
[AsyncTask] Starting: unknown (task_1764969121127_102)
[AsyncTask] Success: unknown in 0ms
[AsyncTask] Starting: unknown (task_1764969121127_103)
[AsyncTask] Success: unknown in 0ms
[AsyncTask] Starting: unknown (task_1764969121127_104)
[AsyncTask] Success: unknown in 0ms
[AsyncTask] Starting: unknown (task_1764969121127_105)
[AsyncTask] Success: unknown in 0ms
[AsyncTask] Starting: unknown (task_1764969121127_106)
[AsyncTask] Success: unknown in 0ms
[AsyncTask] Starting: unknown (task_1764969121127_107)
[AsyncTask] Success: unknown in 0ms
[AsyncTask] Starting: unknown (task_1764969121127_108)
[AsyncTask] Success: unknown in 0ms
[AsyncTask] Starting: unknown (task_1764969121127_109)
[AsyncTask] Success: unknown in 0ms
[AsyncTask] Starting: unknown (task_1764969121127_110)
[AsyncTask] Success: unknown in 0ms
[AsyncTask] Starting: unknown (task_1764969121127_111)
[AsyncTask] Success: unknown in 0ms
[AsyncTask] Starting: unknown (task_1764969121127_112)
[AsyncTask] Success: unknown in 0ms
[AsyncTask] Starting: unknown (task_1764969121127_113)
[AsyncTask] Success: unknown in 0ms
[AsyncTask] Starting: unknown (task_1764969121127_114)
[AsyncTask] Success: unknown in 1ms
[AsyncTask] Starting: unknown (task_1764969121128_115)
[AsyncTask] Success: unknown in 0ms
[AsyncTask] Starting: unknown (task_1764969121128_116)
[AsyncTask] Success: unknown in 0ms
[AsyncTask] Starting: unknown (task_1764969121128_117)
[AsyncTask] Success: unknown in 0ms
[AsyncTask] Starting: unknown (task_1764969121128_118)
[AsyncTask] Success: unknown in 0ms
[AsyncTask] Starting: unknown (task_1764969121128_119)
[AsyncTask] Success: unknown in 0ms
[AsyncTask] Starting: unknown (task_1764969121128_120)
[AsyncTask] Success: unknown in 0ms
[AsyncTask] Starting: unknown (task_1764969121128_121)
[AsyncTask] Success: unknown in 0ms
[AsyncTask] Starting: unknown (task_1764969121128_122)
[AsyncTask] Success: unknown in 0ms
[AsyncTask] Starting: unknown (task_1764969121128_123)
[AsyncTask] Success: unknown in 0ms
[AsyncTask] Starting: unknown (task_1764969121128_124)
[AsyncTask] Success: unknown in 0ms
[AsyncTask] Starting: unknown (task_1764969121128_125)
[AsyncTask] Success: unknown in 0ms
[AsyncTask] Starting: unknown (task_1764969121128_126)
[AsyncTask] Success: unknown in 0ms
[AsyncTask] Starting: unknown (task_1764969121128_127)
[AsyncTask] Success: unknown in 0ms
[AsyncTask] Starting: unknown (task_1764969121128_128)
[AsyncTask] Success: unknown in 0ms
[AsyncTask] Starting: unknown (task_1764969121128_129)
[AsyncTask] Success: unknown in 0ms
[AsyncTask] Starting: unknown (task_1764969121128_130)
[AsyncTask] Success: unknown in 0ms
[AsyncTask] Starting: unknown (task_1764969121128_131)
[AsyncTask] Success: unknown in 0ms
[AsyncTask] Starting: unknown (task_1764969121128_132)
[AsyncTask] Success: unknown in 0ms
[AsyncTask] Starting: unknown (task_1764969121128_133)
[AsyncTask] Success: unknown in 0ms
[AsyncTask] Starting: unknown (task_1764969121128_134)
[AsyncTask] Success: unknown in 0ms
[AsyncTask] Starting: unknown (task_1764969121128_135)
[AsyncTask] Success: unknown in 0ms
[AsyncTask] Starting: unknown (task_1764969121128_136)
[AsyncTask] Success: unknown in 0ms
[AsyncTask] Starting: unknown (task_1764969121128_137)
[AsyncTask] Success: unknown in 0ms
[AsyncTask] Starting: unknown (task_1764969121128_138)
[AsyncTask] Success: unknown in 0ms
[AsyncTask] Starting: unknown (task_1764969121128_139)
[AsyncTask] Success: unknown in 0ms
[AsyncTask] Starting: unknown (task_1764969121128_140)
[AsyncTask] Success: unknown in 0ms
[AsyncTask] Starting: unknown (task_1764969121129_141)
[AsyncTask] Success: unknown in 0ms
[AsyncTask] Starting: unknown (task_1764969121129_142)
[AsyncTask] Success: unknown in 0ms
[AsyncTask] Starting: unknown (task_1764969121129_143)
[AsyncTask] Success: unknown in 0ms
[AsyncTask] Starting: unknown (task_1764969121129_144)
[AsyncTask] Success: unknown in 0ms
[AsyncTask] Starting: unknown (task_1764969121129_145)
[AsyncTask] Success: unknown in 0ms
[AsyncTask] Starting: unknown (task_1764969121129_146)
[AsyncTask] Success: unknown in 0ms
[AsyncTask] Starting: unknown (task_1764969121129_147)
[AsyncTask] Success: unknown in 0ms
[AsyncTask] Starting: unknown (task_1764969121129_148)
[AsyncTask] Success: unknown in 0ms
[AsyncTask] Starting: unknown (task_1764969121129_149)
[AsyncTask] Success: unknown in 0ms
[AsyncTask] Starting: unknown (task_1764969121129_150)
[AsyncTask] Success: unknown in 0ms
[AsyncTask] Starting: unknown (task_1764969121129_151)
[AsyncTask] Success: unknown in 1ms
[AsyncTask] Starting: unknown (task_1764969121130_152)
[AsyncTask] Success: unknown in 0ms
[AsyncTask] Starting: unknown (task_1764969121130_153)
[AsyncTask] Success: unknown in 0ms
[AsyncTask] Starting: unknown (task_1764969121130_154)
[AsyncTask] Success: unknown in 0ms
[AsyncTask] Starting: unknown (task_1764969121130_155)
[AsyncTask] Success: unknown in 0ms
[AsyncTask] Starting: unknown (task_1764969121130_156)
[AsyncTask] Success: unknown in 0ms
[AsyncTask] Starting: unknown (task_1764969121130_157)
[AsyncTask] Success: unknown in 0ms
[AsyncTask] Starting: unknown (task_1764969121130_158)
[AsyncTask] Success: unknown in 1ms
[AsyncTask] Starting: unknown (task_1764969121131_159)
[AsyncTask] Success: unknown in 0ms
[AsyncTask] Starting: unknown (task_1764969121131_160)
[AsyncTask] Success: unknown in 0ms
[AsyncTask] Starting: unknown (task_1764969121131_161)
[AsyncTask] Success: unknown in 0ms
[AsyncTask] Starting: unknown (task_1764969121131_162)
[AsyncTask] Success: unknown in 0ms
[AsyncTask] Starting: unknown (task_1764969121131_163)
[AsyncTask] Success: unknown in 0ms
[AsyncTask] Starting: unknown (task_1764969121131_164)
[AsyncTask] Success: unknown in 0ms
[AsyncTask] Starting: unknown (task_1764969121131_165)
[AsyncTask] Success: unknown in 0ms
[AsyncTask] Starting: unknown (task_1764969121131_166)
[AsyncTask] Success: unknown in 0ms
[AsyncTask] Starting: unknown (task_1764969121131_167)
[AsyncTask] Success: unknown in 0ms
[AsyncTask] Starting: unknown (task_1764969121131_168)
[AsyncTask] Success: unknown in 0ms
[AsyncTask] Starting: unknown (task_1764969121131_169)
[AsyncTask] Success: unknown in 0ms
[AsyncTask] Starting: unknown (task_1764969121131_170)
[AsyncTask] Success: unknown in 0ms
[AsyncTask] Starting: unknown (task_1764969121131_171)
[AsyncTask] Success: unknown in 0ms
[AsyncTask] Starting: unknown (task_1764969121131_172)
[AsyncTask] Success: unknown in 0ms
[AsyncTask] Starting: unknown (task_1764969121131_173)
[AsyncTask] Success: unknown in 0ms
[AsyncTask] Starting: unknown (task_1764969121131_174)
[AsyncTask] Success: unknown in 0ms
[AsyncTask] Starting: unknown (task_1764969121131_175)
[AsyncTask] Success: unknown in 1ms
[AsyncTask] Starting: unknown (task_1764969121132_176)
[AsyncTask] Success: unknown in 0ms
[AsyncTask] Starting: unknown (task_1764969121132_177)
[AsyncTask] Success: unknown in 0ms
[AsyncTask] Starting: unknown (task_1764969121132_178)
[AsyncTask] Success: unknown in 0ms
[AsyncTask] Starting: unknown (task_1764969121132_179)
[AsyncTask] Success: unknown in 0ms
[AsyncTask] Starting: unknown (task_1764969121132_180)
[AsyncTask] Success: unknown in 0ms
[AsyncTask] Starting: unknown (task_1764969121132_181)
[AsyncTask] Success: unknown in 0ms
[AsyncTask] Starting: unknown (task_1764969121132_182)
[AsyncTask] Success: unknown in 0ms
[AsyncTask] Starting: unknown (task_1764969121132_183)
[AsyncTask] Success: unknown in 0ms
[AsyncTask] Starting: unknown (task_1764969121132_184)
[AsyncTask] Success: unknown in 0ms
[AsyncTask] Starting: unknown (task_1764969121132_185)
[AsyncTask] Success: unknown in 0ms
[AsyncTask] Starting: unknown (task_1764969121132_186)
[AsyncTask] Success: unknown in 0ms
[AsyncTask] Starting: unknown (task_1764969121132_187)
[AsyncTask] Success: unknown in 0ms
[AsyncTask] Starting: unknown (task_1764969121132_188)
[AsyncTask] Success: unknown in 0ms
[AsyncTask] Starting: unknown (task_1764969121133_189)
[AsyncTask] Success: unknown in 0ms
[AsyncTask] Starting: unknown (task_1764969121133_190)
[AsyncTask] Success: unknown in 0ms
[AsyncTask] Starting: unknown (task_1764969121133_191)
[AsyncTask] Success: unknown in 0ms
[AsyncTask] Starting: unknown (task_1764969121133_192)
[AsyncTask] Success: unknown in 0ms
[AsyncTask] Starting: unknown (task_1764969121133_193)
[AsyncTask] Success: unknown in 0ms
[AsyncTask] Starting: unknown (task_1764969121133_194)
[AsyncTask] Success: unknown in 0ms
[AsyncTask] Starting: unknown (task_1764969121133_195)
[AsyncTask] Success: unknown in 0ms
[AsyncTask] Starting: unknown (task_1764969121133_196)
[AsyncTask] Success: unknown in 0ms
[AsyncTask] Starting: unknown (task_1764969121133_197)
[AsyncTask] Success: unknown in 0ms
[AsyncTask] Starting: unknown (task_1764969121133_198)
[AsyncTask] Success: unknown in 0ms
[AsyncTask] Starting: unknown (task_1764969121133_199)
[AsyncTask] Success: unknown in 0ms
[AsyncTask] Starting: unknown (task_1764969121133_200)
[AsyncTask] Success: unknown in 0ms
[AsyncTask] Starting: unknown (task_1764969121133_201)
[AsyncTask] Success: unknown in 0ms
[AsyncTask] Starting: unknown (task_1764969121133_202)
[AsyncTask] Success: unknown in 0ms
[AsyncTask] Starting: unknown (task_1764969121133_203)
[AsyncTask] Success: unknown in 0ms
[AsyncTask] Starting: unknown (task_1764969121133_204)
[AsyncTask] Success: unknown in 0ms
[AsyncTask] Starting: unknown (task_1764969121133_205)
[AsyncTask] Success: unknown in 0ms
[AsyncTask] Starting: unknown (task_1764969121133_206)
[AsyncTask] Success: unknown in 0ms
[AsyncTask] Starting: unknown (task_1764969121133_207)
[AsyncTask] Success: unknown in 1ms
[AsyncTask] Starting: unknown (task_1764969121134_208)
[AsyncTask] Success: unknown in 0ms
[AsyncTask] Starting: unknown (task_1764969121134_209)
[AsyncTask] Success: unknown in 0ms
[AsyncTask] Starting: unknown (task_1764969121134_210)
[AsyncTask] Success: unknown in 0ms
[AsyncTask] Starting: unknown (task_1764969121134_211)
[AsyncTask] Success: unknown in 0ms
[AsyncTask] Starting: unknown (task_1764969121134_212)
[AsyncTask] Success: unknown in 0ms
[AsyncTask] Starting: unknown (task_1764969121134_213)
[AsyncTask] Success: unknown in 0ms
[AsyncTask] Starting: unknown (task_1764969121134_214)
[AsyncTask] Success: unknown in 0ms
[AsyncTask] Starting: unknown (task_1764969121134_215)
[AsyncTask] Success: unknown in 0ms
[AsyncTask] Starting: unknown (task_1764969121134_216)
[AsyncTask] Success: unknown in 0ms
[AsyncTask] Starting: unknown (task_1764969121134_217)
[AsyncTask] Success: unknown in 0ms
[AsyncTask] Starting: unknown (task_1764969121134_218)
[AsyncTask] Success: unknown in 0ms
[AsyncTask] Starting: unknown (task_1764969121134_219)
[AsyncTask] Success: unknown in 0ms
[AsyncTask] Starting: unknown (task_1764969121134_220)
[AsyncTask] Success: unknown in 0ms
[AsyncTask] Starting: unknown (task_1764969121134_221)
[AsyncTask] Success: unknown in 1ms
[AsyncTask] Starting: unknown (task_1764969121135_222)
[AsyncTask] Success: unknown in 0ms
[AsyncTask] Starting: unknown (task_1764969121135_223)
[AsyncTask] Success: unknown in 0ms
[AsyncTask] Starting: unknown (task_1764969121135_224)
[AsyncTask] Success: unknown in 0ms
[AsyncTask] Starting: unknown (task_1764969121135_225)
[AsyncTask] Success: unknown in 0ms
[AsyncTask] Starting: unknown (task_1764969121135_226)
[AsyncTask] Success: unknown in 0ms
[AsyncTask] Starting: unknown (task_1764969121135_227)
[AsyncTask] Success: unknown in 0ms
[AsyncTask] Starting: unknown (task_1764969121135_228)
[AsyncTask] Success: unknown in 0ms
[AsyncTask] Starting: unknown (task_1764969121135_229)
[AsyncTask] Success: unknown in 0ms
[AsyncTask] Starting: unknown (task_1764969121135_230)
[AsyncTask] Success: unknown in 0ms
[AsyncTask] Starting: unknown (task_1764969121135_231)
[AsyncTask] Success: unknown in 0ms
[AsyncTask] Starting: unknown (task_1764969121135_232)
[AsyncTask] Success: unknown in 0ms
[AsyncTask] Starting: unknown (task_1764969121135_233)
[AsyncTask] Success: unknown in 0ms
[AsyncTask] Starting: unknown (task_1764969121135_234)
[AsyncTask] Success: unknown in 0ms
[AsyncTask] Starting: unknown (task_1764969121135_235)
[AsyncTask] Success: unknown in 0ms
[AsyncTask] Starting: unknown (task_1764969121135_236)
[AsyncTask] Success: unknown in 0ms
[AsyncTask] Starting: unknown (task_1764969121135_237)
[AsyncTask] Success: unknown in 0ms
[AsyncTask] Starting: unknown (task_1764969121135_238)
[AsyncTask] Success: unknown in 0ms
[AsyncTask] Starting: unknown (task_1764969121136_239)
[AsyncTask] Success: unknown in 0ms
[AsyncTask] Starting: unknown (task_1764969121136_240)
[AsyncTask] Success: unknown in 0ms
[AsyncTask] Starting: unknown (task_1764969121136_241)
[AsyncTask] Success: unknown in 0ms
[AsyncTask] Starting: unknown (task_1764969121136_242)
[AsyncTask] Success: unknown in 0ms
[AsyncTask] Starting: unknown (task_1764969121136_243)
[AsyncTask] Success: unknown in 0ms
[AsyncTask] Starting: unknown (task_1764969121136_244)
[AsyncTask] Success: unknown in 0ms
[AsyncTask] Starting: unknown (task_1764969121136_245)
[AsyncTask] Success: unknown in 0ms
[AsyncTask] Starting: unknown (task_1764969121136_246)
[AsyncTask] Success: unknown in 0ms
[AsyncTask] Starting: unknown (task_1764969121136_247)
[AsyncTask] Success: unknown in 0ms
[AsyncTask] Starting: unknown (task_1764969121136_248)
[AsyncTask] Success: unknown in 0ms
[AsyncTask] Starting: unknown (task_1764969121136_249)
[AsyncTask] Success: unknown in 0ms
[AsyncTask] Starting: unknown (task_1764969121136_250)
[AsyncTask] Success: unknown in 0ms
[AsyncTask] Starting: unknown (task_1764969121136_251)
[AsyncTask] Success: unknown in 0ms
[AsyncTask] Starting: unknown (task_1764969121136_252)
[AsyncTask] Success: unknown in 0ms
[AsyncTask] Starting: unknown (task_1764969121136_253)
[AsyncTask] Success: unknown in 0ms
[AsyncTask] Starting: unknown (task_1764969121136_254)
[AsyncTask] Success: unknown in 1ms
[AsyncTask] Starting: unknown (task_1764969121137_255)
[AsyncTask] Success: unknown in 0ms
[AsyncTask] Starting: unknown (task_1764969121137_256)
[AsyncTask] Success: unknown in 0ms
[AsyncTask] Starting: unknown (task_1764969121137_257)
[AsyncTask] Success: unknown in 0ms
[AsyncTask] Starting: unknown (task_1764969121137_258)
[AsyncTask] Success: unknown in 0ms
[AsyncTask] Starting: unknown (task_1764969121137_259)
[AsyncTask] Success: unknown in 0ms
[AsyncTask] Starting: unknown (task_1764969121137_260)
[AsyncTask] Success: unknown in 0ms
[AsyncTask] Starting: unknown (task_1764969121137_261)
[AsyncTask] Success: unknown in 0ms
[AsyncTask] Starting: unknown (task_1764969121137_262)
[AsyncTask] Success: unknown in 0ms
[AsyncTask] Starting: unknown (task_1764969121137_263)
[AsyncTask] Success: unknown in 0ms
[AsyncTask] Starting: unknown (task_1764969121137_264)
[AsyncTask] Success: unknown in 0ms
[AsyncTask] Starting: unknown (task_1764969121137_265)
[AsyncTask] Success: unknown in 0ms
[AsyncTask] Starting: unknown (task_1764969121137_266)
[AsyncTask] Success: unknown in 0ms
[AsyncTask] Starting: unknown (task_1764969121137_267)
[AsyncTask] Success: unknown in 0ms
[AsyncTask] Starting: unknown (task_1764969121137_268)
[AsyncTask] Success: unknown in 0ms
[AsyncTask] Starting: unknown (task_1764969121137_269)
[AsyncTask] Success: unknown in 0ms
[AsyncTask] Starting: unknown (task_1764969121137_270)
[AsyncTask] Success: unknown in 0ms
[AsyncTask] Starting: unknown (task_1764969121137_271)
[AsyncTask] Success: unknown in 0ms
[AsyncTask] Starting: unknown (task_1764969121137_272)
[AsyncTask] Success: unknown in 0ms
[AsyncTask] Starting: unknown (task_1764969121137_273)
[AsyncTask] Success: unknown in 0ms
[AsyncTask] Starting: unknown (task_1764969121137_274)
[AsyncTask] Success: unknown in 0ms
[AsyncTask] Starting: unknown (task_1764969121138_275)
[AsyncTask] Success: unknown in 0ms
[AsyncTask] Starting: unknown (task_1764969121138_276)
[AsyncTask] Success: unknown in 0ms
[AsyncTask] Starting: unknown (task_1764969121138_277)
[AsyncTask] Success: unknown in 0ms
[AsyncTask] Starting: unknown (task_1764969121138_278)
[AsyncTask] Success: unknown in 0ms
[AsyncTask] Starting: unknown (task_1764969121138_279)
[AsyncTask] Success: unknown in 0ms
[AsyncTask] Starting: unknown (task_1764969121138_280)
[AsyncTask] Success: unknown in 0ms
[AsyncTask] Starting: unknown (task_1764969121138_281)
[AsyncTask] Success: unknown in 0ms
[AsyncTask] Starting: unknown (task_1764969121138_282)
[AsyncTask] Success: unknown in 0ms
[AsyncTask] Starting: unknown (task_1764969121138_283)
[AsyncTask] Success: unknown in 0ms
[AsyncTask] Starting: unknown (task_1764969121138_284)
[AsyncTask] Success: unknown in 0ms
[AsyncTask] Starting: unknown (task_1764969121138_285)
[AsyncTask] Success: unknown in 0ms
[AsyncTask] Starting: unknown (task_1764969121138_286)
[AsyncTask] Success: unknown in 0ms
[AsyncTask] Starting: unknown (task_1764969121138_287)
[AsyncTask] Success: unknown in 0ms
[AsyncTask] Starting: unknown (task_1764969121138_288)
[AsyncTask] Success: unknown in 0ms
[AsyncTask] Starting: unknown (task_1764969121138_289)
[AsyncTask] Success: unknown in 0ms
[AsyncTask] Starting: unknown (task_1764969121138_290)
[AsyncTask] Success: unknown in 0ms
[AsyncTask] Starting: unknown (task_1764969121139_291)
[AsyncTask] Success: unknown in 0ms
[AsyncTask] Starting: unknown (task_1764969121139_292)
[AsyncTask] Success: unknown in 0ms
[AsyncTask] Starting: unknown (task_1764969121139_293)
[AsyncTask] Success: unknown in 0ms
[AsyncTask] Starting: unknown (task_1764969121139_294)
[AsyncTask] Success: unknown in 0ms
[AsyncTask] Starting: unknown (task_1764969121139_295)
[AsyncTask] Success: unknown in 0ms
[AsyncTask] Starting: unknown (task_1764969121139_296)
[AsyncTask] Success: unknown in 0ms
[AsyncTask] Starting: unknown (task_1764969121139_297)
[AsyncTask] Success: unknown in 0ms
[AsyncTask] Starting: unknown (task_1764969121139_298)
[AsyncTask] Success: unknown in 0ms
[AsyncTask] Starting: unknown (task_1764969121139_299)
[AsyncTask] Success: unknown in 0ms
[AsyncTask] Starting: unknown (task_1764969121139_300)
[AsyncTask] Success: unknown in 0ms
[AsyncTask] Starting: unknown (task_1764969121139_301)
[AsyncTask] Success: unknown in 0ms
[AsyncTask] Starting: unknown (task_1764969121139_302)
[AsyncTask] Success: unknown in 0ms
[AsyncTask] Starting: unknown (task_1764969121139_303)
[AsyncTask] Success: unknown in 0ms
[AsyncTask] Starting: unknown (task_1764969121139_304)
[AsyncTask] Success: unknown in 0ms
[AsyncTask] Starting: unknown (task_1764969121139_305)
[AsyncTask] Success: unknown in 0ms
[AsyncTask] Starting: unknown (task_1764969121139_306)
[AsyncTask] Success: unknown in 0ms
[AsyncTask] Starting: unknown (task_1764969121139_307)
[AsyncTask] Success: unknown in 0ms
[AsyncTask] Starting: unknown (task_1764969121139_308)
[AsyncTask] Success: unknown in 0ms
[AsyncTask] Starting: unknown (task_1764969121139_309)
[AsyncTask] Success: unknown in 0ms
[AsyncTask] Starting: unknown (task_1764969121139_310)
[AsyncTask] Success: unknown in 0ms
[AsyncTask] Starting: unknown (task_1764969121139_311)
[AsyncTask] Success: unknown in 0ms
[AsyncTask] Starting: unknown (task_1764969121139_312)
[AsyncTask] Success: unknown in 0ms
[AsyncTask] Starting: unknown (task_1764969121139_313)
[AsyncTask] Success: unknown in 1ms
[AsyncTask] Starting: unknown (task_1764969121140_314)
[AsyncTask] Success: unknown in 0ms
[AsyncTask] Starting: unknown (task_1764969121140_315)
[AsyncTask] Success: unknown in 0ms
[AsyncTask] Starting: unknown (task_1764969121140_316)
[AsyncTask] Success: unknown in 0ms
[AsyncTask] Starting: unknown (task_1764969121140_317)
[AsyncTask] Success: unknown in 0ms
[AsyncTask] Starting: unknown (task_1764969121140_318)
[AsyncTask] Success: unknown in 0ms
[AsyncTask] Starting: unknown (task_1764969121140_319)
[AsyncTask] Success: unknown in 0ms
[AsyncTask] Starting: unknown (task_1764969121140_320)
[AsyncTask] Success: unknown in 0ms
[AsyncTask] Starting: unknown (task_1764969121140_321)
[AsyncTask] Success: unknown in 0ms
[AsyncTask] Starting: unknown (task_1764969121140_322)
[AsyncTask] Success: unknown in 0ms
[AsyncTask] Starting: unknown (task_1764969121140_323)
[AsyncTask] Success: unknown in 0ms
[AsyncTask] Starting: unknown (task_1764969121140_324)
[AsyncTask] Success: unknown in 0ms
[AsyncTask] Starting: unknown (task_1764969121140_325)
[AsyncTask] Success: unknown in 0ms
[AsyncTask] Starting: unknown (task_1764969121140_326)
[AsyncTask] Success: unknown in 0ms
[AsyncTask] Starting: unknown (task_1764969121140_327)
[AsyncTask] Success: unknown in 0ms
[AsyncTask] Starting: unknown (task_1764969121140_328)
[AsyncTask] Success: unknown in 0ms
[AsyncTask] Starting: unknown (task_1764969121140_329)
[AsyncTask] Success: unknown in 0ms
[AsyncTask] Starting: unknown (task_1764969121140_330)
[AsyncTask] Success: unknown in 0ms
[AsyncTask] Starting: unknown (task_1764969121140_331)
[AsyncTask] Success: unknown in 0ms
[AsyncTask] Starting: unknown (task_1764969121140_332)
[AsyncTask] Success: unknown in 0ms
[AsyncTask] Starting: unknown (task_1764969121140_333)
[AsyncTask] Success: unknown in 0ms
[AsyncTask] Starting: unknown (task_1764969121140_334)
[AsyncTask] Success: unknown in 0ms
[AsyncTask] Starting: unknown (task_1764969121140_335)
[AsyncTask] Success: unknown in 0ms
[AsyncTask] Starting: unknown (task_1764969121140_336)
[AsyncTask] Success: unknown in 1ms
[AsyncTask] Starting: unknown (task_1764969121141_337)
[AsyncTask] Success: unknown in 0ms
[AsyncTask] Starting: unknown (task_1764969121141_338)
[AsyncTask] Success: unknown in 0ms
[AsyncTask] Starting: unknown (task_1764969121141_339)
[AsyncTask] Success: unknown in 0ms
[AsyncTask] Starting: unknown (task_1764969121141_340)
[AsyncTask] Success: unknown in 0ms
[AsyncTask] Starting: unknown (task_1764969121141_341)
[AsyncTask] Success: unknown in 0ms
[AsyncTask] Starting: unknown (task_1764969121141_342)
[AsyncTask] Success: unknown in 0ms
[AsyncTask] Starting: unknown (task_1764969121141_343)
[AsyncTask] Success: unknown in 0ms
[AsyncTask] Starting: unknown (task_1764969121141_344)
[AsyncTask] Success: unknown in 0ms
[AsyncTask] Starting: unknown (task_1764969121141_345)
[AsyncTask] Success: unknown in 0ms
[AsyncTask] Starting: unknown (task_1764969121141_346)
[AsyncTask] Success: unknown in 0ms
[AsyncTask] Starting: unknown (task_1764969121141_347)
[AsyncTask] Success: unknown in 0ms
[AsyncTask] Starting: unknown (task_1764969121141_348)
[AsyncTask] Success: unknown in 0ms
[AsyncTask] Starting: unknown (task_1764969121141_349)
[AsyncTask] Success: unknown in 0ms
[AsyncTask] Starting: unknown (task_1764969121141_350)
[AsyncTask] Success: unknown in 0ms
[AsyncTask] Starting: unknown (task_1764969121141_351)
[AsyncTask] Success: unknown in 0ms
[AsyncTask] Starting: unknown (task_1764969121141_352)
[AsyncTask] Success: unknown in 0ms
[AsyncTask] Starting: unknown (task_1764969121141_353)
[AsyncTask] Success: unknown in 0ms
[AsyncTask] Starting: unknown (task_1764969121141_354)
[AsyncTask] Success: unknown in 0ms
[AsyncTask] Starting: unknown (task_1764969121141_355)
[AsyncTask] Success: unknown in 0ms
[AsyncTask] Starting: unknown (task_1764969121141_356)
[AsyncTask] Success: unknown in 0ms
[AsyncTask] Starting: unknown (task_1764969121141_357)
[AsyncTask] Success: unknown in 0ms
[AsyncTask] Starting: unknown (task_1764969121141_358)
[AsyncTask] Success: unknown in 0ms
[AsyncTask] Starting: unknown (task_1764969121141_359)
[AsyncTask] Success: unknown in 0ms
[AsyncTask] Starting: unknown (task_1764969121141_360)
[AsyncTask] Success: unknown in 0ms
[AsyncTask] Starting: unknown (task_1764969121141_361)
[AsyncTask] Success: unknown in 0ms
[AsyncTask] Starting: unknown (task_1764969121141_362)
[AsyncTask] Success: unknown in 1ms
[AsyncTask] Starting: unknown (task_1764969121142_363)
[AsyncTask] Success: unknown in 0ms
[AsyncTask] Starting: unknown (task_1764969121142_364)
[AsyncTask] Success: unknown in 0ms
[AsyncTask] Starting: unknown (task_1764969121142_365)
[AsyncTask] Success: unknown in 0ms
[AsyncTask] Starting: unknown (task_1764969121142_366)
[AsyncTask] Success: unknown in 0ms
[AsyncTask] Starting: unknown (task_1764969121142_367)
[AsyncTask] Success: unknown in 0ms
[AsyncTask] Starting: unknown (task_1764969121142_368)
[AsyncTask] Success: unknown in 0ms
[AsyncTask] Starting: unknown (task_1764969121142_369)
[AsyncTask] Success: unknown in 0ms
[AsyncTask] Starting: unknown (task_1764969121142_370)
[AsyncTask] Success: unknown in 0ms
[AsyncTask] Starting: unknown (task_1764969121142_371)
[AsyncTask] Success: unknown in 0ms
[AsyncTask] Starting: unknown (task_1764969121142_372)
[AsyncTask] Success: unknown in 0ms
[AsyncTask] Starting: unknown (task_1764969121142_373)
[AsyncTask] Success: unknown in 0ms
[AsyncTask] Starting: unknown (task_1764969121142_374)
[AsyncTask] Success: unknown in 0ms
[AsyncTask] Starting: unknown (task_1764969121142_375)
[AsyncTask] Success: unknown in 0ms
[AsyncTask] Starting: unknown (task_1764969121142_376)
[AsyncTask] Success: unknown in 0ms
[AsyncTask] Starting: unknown (task_1764969121142_377)
[AsyncTask] Success: unknown in 0ms
[AsyncTask] Starting: unknown (task_1764969121142_378)
[AsyncTask] Success: unknown in 0ms
[AsyncTask] Starting: unknown (task_1764969121142_379)
[AsyncTask] Success: unknown in 0ms
[AsyncTask] Starting: unknown (task_1764969121142_380)
[AsyncTask] Success: unknown in 0ms
[AsyncTask] Starting: unknown (task_1764969121142_381)
[AsyncTask] Success: unknown in 0ms
[AsyncTask] Starting: unknown (task_1764969121143_382)
[AsyncTask] Success: unknown in 0ms
[AsyncTask] Starting: unknown (task_1764969121143_383)
[AsyncTask] Success: unknown in 0ms
[AsyncTask] Starting: unknown (task_1764969121143_384)
[AsyncTask] Success: unknown in 0ms
[AsyncTask] Starting: unknown (task_1764969121143_385)
[AsyncTask] Success: unknown in 0ms
[AsyncTask] Starting: unknown (task_1764969121143_386)
[AsyncTask] Success: unknown in 0ms
[AsyncTask] Starting: unknown (task_1764969121143_387)
[AsyncTask] Success: unknown in 0ms
[AsyncTask] Starting: unknown (task_1764969121143_388)
[AsyncTask] Success: unknown in 0ms
[AsyncTask] Starting: unknown (task_1764969121143_389)
[AsyncTask] Success: unknown in 0ms
[AsyncTask] Starting: unknown (task_1764969121143_390)
[AsyncTask] Success: unknown in 0ms
[AsyncTask] Starting: unknown (task_1764969121143_391)
[AsyncTask] Success: unknown in 0ms
[AsyncTask] Starting: unknown (task_1764969121143_392)
[AsyncTask] Success: unknown in 0ms
[AsyncTask] Starting: unknown (task_1764969121143_393)
[AsyncTask] Success: unknown in 0ms
[AsyncTask] Starting: unknown (task_1764969121143_394)
[AsyncTask] Success: unknown in 0ms
[AsyncTask] Starting: unknown (task_1764969121143_395)
[AsyncTask] Success: unknown in 0ms
[AsyncTask] Starting: unknown (task_1764969121143_396)
[AsyncTask] Success: unknown in 0ms
[AsyncTask] Starting: unknown (task_1764969121143_397)
[AsyncTask] Success: unknown in 0ms
[AsyncTask] Starting: unknown (task_1764969121143_398)
[AsyncTask] Success: unknown in 0ms
[AsyncTask] Starting: unknown (task_1764969121143_399)
[AsyncTask] Success: unknown in 0ms
[AsyncTask] Starting: unknown (task_1764969121143_400)
[AsyncTask] Success: unknown in 0ms
[AsyncTask] Starting: unknown (task_1764969121143_401)
[AsyncTask] Success: unknown in 0ms
[AsyncTask] Starting: unknown (task_1764969121143_402)
[AsyncTask] Success: unknown in 0ms
[AsyncTask] Starting: unknown (task_1764969121143_403)
[AsyncTask] Success: unknown in 0ms
[AsyncTask] Starting: unknown (task_1764969121144_404)
[AsyncTask] Success: unknown in 0ms
[AsyncTask] Starting: unknown (task_1764969121144_405)
[AsyncTask] Success: unknown in 0ms
[AsyncTask] Starting: unknown (task_1764969121144_406)
[AsyncTask] Success: unknown in 0ms
[AsyncTask] Starting: unknown (task_1764969121144_407)
[AsyncTask] Success: unknown in 0ms
[AsyncTask] Starting: unknown (task_1764969121144_408)
[AsyncTask] Success: unknown in 0ms
[AsyncTask] Starting: unknown (task_1764969121144_409)
[AsyncTask] Success: unknown in 0ms
[AsyncTask] Starting: unknown (task_1764969121144_410)
[AsyncTask] Success: unknown in 0ms
[AsyncTask] Starting: unknown (task_1764969121144_411)
[AsyncTask] Success: unknown in 0ms
[AsyncTask] Starting: unknown (task_1764969121144_412)
[AsyncTask] Success: unknown in 0ms
[AsyncTask] Starting: unknown (task_1764969121144_413)
[AsyncTask] Success: unknown in 0ms
[AsyncTask] Starting: unknown (task_1764969121144_414)
[AsyncTask] Success: unknown in 0ms
[AsyncTask] Starting: unknown (task_1764969121144_415)
[AsyncTask] Success: unknown in 0ms
[AsyncTask] Starting: unknown (task_1764969121144_416)
[AsyncTask] Success: unknown in 0ms
[AsyncTask] Starting: unknown (task_1764969121144_417)
[AsyncTask] Success: unknown in 0ms
[AsyncTask] Starting: unknown (task_1764969121144_418)
[AsyncTask] Success: unknown in 0ms
[AsyncTask] Starting: unknown (task_1764969121144_419)
[AsyncTask] Success: unknown in 0ms
[AsyncTask] Starting: unknown (task_1764969121144_420)
[AsyncTask] Success: unknown in 0ms
[AsyncTask] Starting: unknown (task_1764969121144_421)
[AsyncTask] Success: unknown in 0ms
[AsyncTask] Starting: unknown (task_1764969121144_422)
[AsyncTask] Success: unknown in 0ms
[AsyncTask] Starting: unknown (task_1764969121144_423)
[AsyncTask] Success: unknown in 0ms
[AsyncTask] Starting: unknown (task_1764969121144_424)
[AsyncTask] Success: unknown in 0ms
[AsyncTask] Starting: unknown (task_1764969121145_425)
[AsyncTask] Success: unknown in 0ms
[AsyncTask] Starting: unknown (task_1764969121145_426)
[AsyncTask] Success: unknown in 0ms
[AsyncTask] Starting: unknown (task_1764969121145_427)
[AsyncTask] Success: unknown in 0ms
[AsyncTask] Starting: unknown (task_1764969121145_428)
[AsyncTask] Success: unknown in 0ms
[AsyncTask] Starting: unknown (task_1764969121145_429)
[AsyncTask] Success: unknown in 0ms
[AsyncTask] Starting: unknown (task_1764969121145_430)
[AsyncTask] Success: unknown in 0ms
[AsyncTask] Starting: unknown (task_1764969121145_431)
[AsyncTask] Success: unknown in 0ms
[AsyncTask] Starting: unknown (task_1764969121145_432)
[AsyncTask] Success: unknown in 0ms
[AsyncTask] Starting: unknown (task_1764969121145_433)
[AsyncTask] Success: unknown in 0ms
[AsyncTask] Starting: unknown (task_1764969121145_434)
[AsyncTask] Success: unknown in 0ms
[AsyncTask] Starting: unknown (task_1764969121145_435)
[AsyncTask] Success: unknown in 0ms
[AsyncTask] Starting: unknown (task_1764969121145_436)
[AsyncTask] Success: unknown in 0ms
[AsyncTask] Starting: unknown (task_1764969121145_437)
[AsyncTask] Success: unknown in 0ms
[AsyncTask] Starting: unknown (task_1764969121145_438)
[AsyncTask] Success: unknown in 0ms
[AsyncTask] Starting: unknown (task_1764969121145_439)
[AsyncTask] Success: unknown in 0ms
[AsyncTask] Starting: unknown (task_1764969121145_440)
[AsyncTask] Success: unknown in 0ms
[AsyncTask] Starting: unknown (task_1764969121146_441)
[AsyncTask] Success: unknown in 0ms
[AsyncTask] Starting: unknown (task_1764969121146_442)
[AsyncTask] Success: unknown in 0ms
[AsyncTask] Starting: unknown (task_1764969121146_443)
[AsyncTask] Success: unknown in 0ms
[AsyncTask] Starting: unknown (task_1764969121146_444)
[AsyncTask] Success: unknown in 0ms
[AsyncTask] Starting: unknown (task_1764969121146_445)
[AsyncTask] Success: unknown in 0ms
[AsyncTask] Starting: unknown (task_1764969121146_446)
[AsyncTask] Success: unknown in 0ms
[AsyncTask] Starting: unknown (task_1764969121146_447)
[AsyncTask] Success: unknown in 0ms
[AsyncTask] Starting: unknown (task_1764969121146_448)
[AsyncTask] Success: unknown in 0ms
[AsyncTask] Starting: unknown (task_1764969121146_449)
[AsyncTask] Success: unknown in 0ms
[AsyncTask] Starting: unknown (task_1764969121146_450)
[AsyncTask] Success: unknown in 0ms
[AsyncTask] Starting: unknown (task_1764969121147_451)
[AsyncTask] Success: unknown in 0ms
[AsyncTask] Starting: unknown (task_1764969121147_452)
[AsyncTask] Success: unknown in 0ms
[AsyncTask] Starting: unknown (task_1764969121147_453)
[AsyncTask] Success: unknown in 0ms
[AsyncTask] Starting: unknown (task_1764969121147_454)
[AsyncTask] Success: unknown in 0ms
[AsyncTask] Starting: unknown (task_1764969121147_455)
[AsyncTask] Success: unknown in 0ms
[AsyncTask] Starting: unknown (task_1764969121147_456)
[AsyncTask] Success: unknown in 0ms
[AsyncTask] Starting: unknown (task_1764969121147_457)
[AsyncTask] Success: unknown in 0ms
[AsyncTask] Starting: unknown (task_1764969121147_458)
[AsyncTask] Success: unknown in 0ms
[AsyncTask] Starting: unknown (task_1764969121147_459)
[AsyncTask] Success: unknown in 0ms
[AsyncTask] Starting: unknown (task_1764969121147_460)
[AsyncTask] Success: unknown in 0ms
[AsyncTask] Starting: unknown (task_1764969121147_461)
[AsyncTask] Success: unknown in 0ms
[AsyncTask] Starting: unknown (task_1764969121147_462)
[AsyncTask] Success: unknown in 0ms
[AsyncTask] Starting: unknown (task_1764969121147_463)
[AsyncTask] Success: unknown in 0ms
[AsyncTask] Starting: unknown (task_1764969121148_464)
[AsyncTask] Success: unknown in 0ms
[AsyncTask] Starting: unknown (task_1764969121148_465)
[AsyncTask] Success: unknown in 0ms
[AsyncTask] Starting: unknown (task_1764969121148_466)
[AsyncTask] Success: unknown in 0ms
[AsyncTask] Starting: unknown (task_1764969121148_467)
[AsyncTask] Success: unknown in 0ms
[AsyncTask] Starting: unknown (task_1764969121148_468)
[AsyncTask] Success: unknown in 0ms
[AsyncTask] Starting: unknown (task_1764969121148_469)
[AsyncTask] Success: unknown in 0ms
[AsyncTask] Starting: unknown (task_1764969121148_470)
[AsyncTask] Success: unknown in 0ms
[AsyncTask] Starting: unknown (task_1764969121148_471)
[AsyncTask] Success: unknown in 0ms
[AsyncTask] Starting: unknown (task_1764969121148_472)
[AsyncTask] Success: unknown in 0ms
[AsyncTask] Starting: unknown (task_1764969121148_473)
[AsyncTask] Success: unknown in 0ms
[AsyncTask] Starting: unknown (task_1764969121148_474)
[AsyncTask] Success: unknown in 0ms
[AsyncTask] Starting: unknown (task_1764969121148_475)
[AsyncTask] Success: unknown in 0ms
[AsyncTask] Starting: unknown (task_1764969121148_476)
[AsyncTask] Success: unknown in 0ms
[AsyncTask] Starting: unknown (task_1764969121148_477)
[AsyncTask] Success: unknown in 0ms
[AsyncTask] Starting: unknown (task_1764969121148_478)
[AsyncTask] Success: unknown in 0ms
[AsyncTask] Starting: unknown (task_1764969121148_479)
[AsyncTask] Success: unknown in 0ms
[AsyncTask] Starting: unknown (task_1764969121148_480)
[AsyncTask] Success: unknown in 0ms
[AsyncTask] Starting: unknown (task_1764969121148_481)
[AsyncTask] Success: unknown in 0ms
[AsyncTask] Starting: unknown (task_1764969121148_482)
[AsyncTask] Success: unknown in 1ms
[AsyncTask] Starting: unknown (task_1764969121149_483)
[AsyncTask] Success: unknown in 0ms
[AsyncTask] Starting: unknown (task_1764969121149_484)
[AsyncTask] Success: unknown in 0ms
[AsyncTask] Starting: unknown (task_1764969121149_485)
[AsyncTask] Success: unknown in 0ms
[AsyncTask] Starting: unknown (task_1764969121149_486)
[AsyncTask] Success: unknown in 0ms
[AsyncTask] Starting: unknown (task_1764969121149_487)
[AsyncTask] Success: unknown in 0ms
[AsyncTask] Starting: unknown (task_1764969121149_488)
[AsyncTask] Success: unknown in 0ms
[AsyncTask] Starting: unknown (task_1764969121149_489)
[AsyncTask] Success: unknown in 0ms
[AsyncTask] Starting: unknown (task_1764969121149_490)
[AsyncTask] Success: unknown in 0ms
[AsyncTask] Starting: unknown (task_1764969121149_491)
[AsyncTask] Success: unknown in 0ms
[AsyncTask] Starting: unknown (task_1764969121149_492)
[AsyncTask] Success: unknown in 0ms
[AsyncTask] Starting: unknown (task_1764969121149_493)
[AsyncTask] Success: unknown in 0ms
[AsyncTask] Starting: unknown (task_1764969121149_494)
[AsyncTask] Success: unknown in 0ms
[AsyncTask] Starting: unknown (task_1764969121150_495)
[AsyncTask] Success: unknown in 0ms
[AsyncTask] Starting: unknown (task_1764969121150_496)
[AsyncTask] Success: unknown in 0ms
[AsyncTask] Starting: unknown (task_1764969121150_497)
[AsyncTask] Success: unknown in 0ms
[AsyncTask] Starting: unknown (task_1764969121150_498)
[AsyncTask] Success: unknown in 0ms
[AsyncTask] Starting: unknown (task_1764969121150_499)
[AsyncTask] Success: unknown in 0ms
[AsyncTask] Starting: unknown (task_1764969121150_500)
[AsyncTask] Success: unknown in 0ms
[AsyncTask] Starting: unknown (task_1764969121150_501)
[AsyncTask] Success: unknown in 0ms
[AsyncTask] Starting: unknown (task_1764969121150_502)
[AsyncTask] Success: unknown in 0ms
[AsyncTask] Starting: unknown (task_1764969121150_503)
[AsyncTask] Success: unknown in 0ms
[AsyncTask] Starting: unknown (task_1764969121150_504)
[AsyncTask] Success: unknown in 0ms
[AsyncTask] Starting: unknown (task_1764969121150_505)
[AsyncTask] Success: unknown in 0ms
[AsyncTask] Starting: unknown (task_1764969121150_506)
[AsyncTask] Success: unknown in 0ms
[AsyncTask] Starting: unknown (task_1764969121150_507)
[AsyncTask] Success: unknown in 0ms
[AsyncTask] Starting: unknown (task_1764969121150_508)
[AsyncTask] Success: unknown in 0ms
[AsyncTask] Starting: unknown (task_1764969121150_509)
[AsyncTask] Success: unknown in 0ms
[AsyncTask] Starting: unknown (task_1764969121150_510)
[AsyncTask] Success: unknown in 0ms
[AsyncTask] Starting: unknown (task_1764969121150_511)
[AsyncTask] Success: unknown in 0ms
[AsyncTask] Starting: unknown (task_1764969121150_512)
[AsyncTask] Success: unknown in 0ms
[AsyncTask] Starting: unknown (task_1764969121150_513)
[AsyncTask] Success: unknown in 0ms
[AsyncTask] Starting: unknown (task_1764969121151_514)
[AsyncTask] Success: unknown in 0ms
[AsyncTask] Starting: unknown (task_1764969121151_515)
[AsyncTask] Success: unknown in 0ms
[AsyncTask] Starting: unknown (task_1764969121151_516)
[AsyncTask] Success: unknown in 0ms
[AsyncTask] Starting: unknown (task_1764969121151_517)
[AsyncTask] Success: unknown in 0ms
[AsyncTask] Starting: unknown (task_1764969121151_518)
[AsyncTask] Success: unknown in 0ms
[AsyncTask] Starting: unknown (task_1764969121151_519)
[AsyncTask] Success: unknown in 0ms
[AsyncTask] Starting: unknown (task_1764969121151_520)
[AsyncTask] Success: unknown in 0ms
[AsyncTask] Starting: unknown (task_1764969121151_521)
[AsyncTask] Success: unknown in 0ms
[AsyncTask] Starting: unknown (task_1764969121151_522)
[AsyncTask] Success: unknown in 0ms
[AsyncTask] Starting: unknown (task_1764969121151_523)
[AsyncTask] Success: unknown in 0ms
[AsyncTask] Starting: unknown (task_1764969121151_524)
[AsyncTask] Success: unknown in 0ms
[AsyncTask] Starting: unknown (task_1764969121151_525)
[AsyncTask] Success: unknown in 0ms
[AsyncTask] Starting: unknown (task_1764969121151_526)
[AsyncTask] Success: unknown in 0ms
[AsyncTask] Starting: unknown (task_1764969121151_527)
[AsyncTask] Success: unknown in 0ms
[AsyncTask] Starting: unknown (task_1764969121151_528)
[AsyncTask] Success: unknown in 0ms
[AsyncTask] Starting: unknown (task_1764969121151_529)
[AsyncTask] Success: unknown in 0ms
[AsyncTask] Starting: unknown (task_1764969121151_530)
[AsyncTask] Success: unknown in 0ms
[AsyncTask] Starting: unknown (task_1764969121152_531)
[AsyncTask] Success: unknown in 0ms
[AsyncTask] Starting: unknown (task_1764969121152_532)
[AsyncTask] Success: unknown in 0ms
[AsyncTask] Starting: unknown (task_1764969121152_533)
[AsyncTask] Success: unknown in 0ms
[AsyncTask] Starting: unknown (task_1764969121152_534)
[AsyncTask] Success: unknown in 0ms
[AsyncTask] Starting: unknown (task_1764969121152_535)
[AsyncTask] Success: unknown in 0ms
[AsyncTask] Starting: unknown (task_1764969121152_536)
[AsyncTask] Success: unknown in 0ms
[AsyncTask] Starting: unknown (task_1764969121152_537)
[AsyncTask] Success: unknown in 0ms
[AsyncTask] Starting: unknown (task_1764969121152_538)
[AsyncTask] Success: unknown in 0ms
[AsyncTask] Starting: unknown (task_1764969121152_539)
[AsyncTask] Success: unknown in 0ms
[AsyncTask] Starting: unknown (task_1764969121152_540)
[AsyncTask] Success: unknown in 0ms
[AsyncTask] Starting: unknown (task_1764969121152_541)
[AsyncTask] Success: unknown in 0ms
[AsyncTask] Starting: unknown (task_1764969121152_542)
[AsyncTask] Success: unknown in 0ms
[AsyncTask] Starting: unknown (task_1764969121152_543)
[AsyncTask] Success: unknown in 0ms
[AsyncTask] Starting: unknown (task_1764969121152_544)
[AsyncTask] Success: unknown in 0ms
[AsyncTask] Starting: unknown (task_1764969121152_545)
[AsyncTask] Success: unknown in 0ms
[AsyncTask] Starting: unknown (task_1764969121152_546)
[AsyncTask] Success: unknown in 0ms
[AsyncTask] Starting: unknown (task_1764969121152_547)
[AsyncTask] Success: unknown in 0ms
[AsyncTask] Starting: unknown (task_1764969121152_548)
[AsyncTask] Success: unknown in 0ms
[AsyncTask] Starting: unknown (task_1764969121152_549)
[AsyncTask] Success: unknown in 1ms
[AsyncTask] Starting: unknown (task_1764969121153_550)
[AsyncTask] Success: unknown in 0ms
[AsyncTask] Starting: unknown (task_1764969121153_551)
[AsyncTask] Success: unknown in 0ms
[AsyncTask] Starting: unknown (task_1764969121153_552)
[AsyncTask] Success: unknown in 0ms
[AsyncTask] Starting: unknown (task_1764969121153_553)
[AsyncTask] Success: unknown in 0ms
[AsyncTask] Starting: unknown (task_1764969121153_554)
[AsyncTask] Success: unknown in 0ms
[AsyncTask] Starting: unknown (task_1764969121153_555)
[AsyncTask] Success: unknown in 1ms
[AsyncTask] Starting: unknown (task_1764969121154_556)
[AsyncTask] Success: unknown in 0ms
[AsyncTask] Starting: unknown (task_1764969121154_557)
[AsyncTask] Success: unknown in 0ms
[AsyncTask] Starting: unknown (task_1764969121154_558)
[AsyncTask] Success: unknown in 0ms
[AsyncTask] Starting: unknown (task_1764969121154_559)
[AsyncTask] Success: unknown in 0ms
[AsyncTask] Starting: unknown (task_1764969121154_560)
[AsyncTask] Success: unknown in 0ms
[AsyncTask] Starting: unknown (task_1764969121154_561)
[AsyncTask] Success: unknown in 0ms
[AsyncTask] Starting: unknown (task_1764969121154_562)
[AsyncTask] Success: unknown in 0ms
[AsyncTask] Starting: unknown (task_1764969121154_563)
[AsyncTask] Success: unknown in 0ms
[AsyncTask] Starting: unknown (task_1764969121154_564)
[AsyncTask] Success: unknown in 0ms
[AsyncTask] Starting: unknown (task_1764969121154_565)
[AsyncTask] Success: unknown in 0ms
[AsyncTask] Starting: unknown (task_1764969121154_566)
[AsyncTask] Success: unknown in 0ms
[AsyncTask] Starting: unknown (task_1764969121154_567)
[AsyncTask] Success: unknown in 0ms
[AsyncTask] Starting: unknown (task_1764969121154_568)
[AsyncTask] Success: unknown in 0ms
[AsyncTask] Starting: unknown (task_1764969121154_569)
[AsyncTask] Success: unknown in 0ms
[AsyncTask] Starting: unknown (task_1764969121154_570)
[AsyncTask] Success: unknown in 0ms
[AsyncTask] Starting: unknown (task_1764969121154_571)
[AsyncTask] Success: unknown in 0ms
[AsyncTask] Starting: unknown (task_1764969121155_572)
[AsyncTask] Success: unknown in 0ms
[AsyncTask] Starting: unknown (task_1764969121155_573)
[AsyncTask] Success: unknown in 0ms
[AsyncTask] Starting: unknown (task_1764969121155_574)
[AsyncTask] Success: unknown in 0ms
[AsyncTask] Starting: unknown (task_1764969121155_575)
[AsyncTask] Success: unknown in 0ms
[AsyncTask] Starting: unknown (task_1764969121155_576)
[AsyncTask] Success: unknown in 0ms
[AsyncTask] Starting: unknown (task_1764969121155_577)
[AsyncTask] Success: unknown in 0ms
[AsyncTask] Starting: unknown (task_1764969121155_578)
[AsyncTask] Success: unknown in 0ms
[AsyncTask] Starting: unknown (task_1764969121155_579)
[AsyncTask] Success: unknown in 0ms
[AsyncTask] Starting: unknown (task_1764969121155_580)
[AsyncTask] Success: unknown in 0ms
[AsyncTask] Starting: unknown (task_1764969121155_581)
[AsyncTask] Success: unknown in 0ms
[AsyncTask] Starting: unknown (task_1764969121155_582)
[AsyncTask] Success: unknown in 0ms
[AsyncTask] Starting: unknown (task_1764969121155_583)
[AsyncTask] Success: unknown in 0ms
[AsyncTask] Starting: unknown (task_1764969121155_584)
[AsyncTask] Success: unknown in 0ms
[AsyncTask] Starting: unknown (task_1764969121155_585)
[AsyncTask] Success: unknown in 0ms
[AsyncTask] Starting: unknown (task_1764969121155_586)
[AsyncTask] Success: unknown in 0ms
[AsyncTask] Starting: unknown (task_1764969121155_587)
[AsyncTask] Success: unknown in 0ms
[AsyncTask] Starting: unknown (task_1764969121155_588)
[AsyncTask] Success: unknown in 0ms
[AsyncTask] Starting: unknown (task_1764969121155_589)
[AsyncTask] Success: unknown in 0ms
[AsyncTask] Starting: unknown (task_1764969121155_590)
[AsyncTask] Success: unknown in 0ms
[AsyncTask] Starting: unknown (task_1764969121155_591)
[AsyncTask] Success: unknown in 0ms
[AsyncTask] Starting: unknown (task_1764969121155_592)
[AsyncTask] Success: unknown in 0ms
[AsyncTask] Starting: unknown (task_1764969121155_593)
[AsyncTask] Success: unknown in 0ms
[AsyncTask] Starting: unknown (task_1764969121155_594)
[AsyncTask] Success: unknown in 0ms
[AsyncTask] Starting: unknown (task_1764969121156_595)
[AsyncTask] Success: unknown in 0ms
[AsyncTask] Starting: unknown (task_1764969121156_596)
[AsyncTask] Success: unknown in 0ms
[AsyncTask] Starting: unknown (task_1764969121156_597)
[AsyncTask] Success: unknown in 0ms
[AsyncTask] Starting: unknown (task_1764969121156_598)
[AsyncTask] Success: unknown in 0ms
[AsyncTask] Starting: unknown (task_1764969121156_599)
[AsyncTask] Success: unknown in 0ms
[AsyncTask] Starting: unknown (task_1764969121156_600)
[AsyncTask] Success: unknown in 0ms
[AsyncTask] Starting: unknown (task_1764969121156_601)
[AsyncTask] Success: unknown in 0ms
[AsyncTask] Starting: unknown (task_1764969121156_602)
[AsyncTask] Success: unknown in 0ms
[AsyncTask] Starting: unknown (task_1764969121156_603)
[AsyncTask] Success: unknown in 0ms
[AsyncTask] Starting: unknown (task_1764969121156_604)
[AsyncTask] Success: unknown in 0ms
[AsyncTask] Starting: unknown (task_1764969121156_605)
[AsyncTask] Success: unknown in 0ms
[AsyncTask] Starting: unknown (task_1764969121156_606)
[AsyncTask] Success: unknown in 0ms
[AsyncTask] Starting: unknown (task_1764969121156_607)
[AsyncTask] Success: unknown in 0ms
[AsyncTask] Starting: unknown (task_1764969121156_608)
[AsyncTask] Success: unknown in 0ms
[AsyncTask] Starting: unknown (task_1764969121156_609)
[AsyncTask] Success: unknown in 0ms
[AsyncTask] Starting: unknown (task_1764969121156_610)
[AsyncTask] Success: unknown in 0ms
[AsyncTask] Starting: unknown (task_1764969121156_611)
[AsyncTask] Success: unknown in 0ms
[AsyncTask] Starting: unknown (task_1764969121156_612)
[AsyncTask] Success: unknown in 0ms
[AsyncTask] Starting: unknown (task_1764969121156_613)
[AsyncTask] Success: unknown in 0ms
[AsyncTask] Starting: unknown (task_1764969121156_614)
[AsyncTask] Success: unknown in 0ms
[AsyncTask] Starting: unknown (task_1764969121156_615)
[AsyncTask] Success: unknown in 0ms
[AsyncTask] Starting: unknown (task_1764969121156_616)
[AsyncTask] Success: unknown in 0ms
[AsyncTask] Starting: unknown (task_1764969121156_617)
[AsyncTask] Success: unknown in 0ms
[AsyncTask] Starting: unknown (task_1764969121156_618)
[AsyncTask] Success: unknown in 0ms
[AsyncTask] Starting: unknown (task_1764969121156_619)
[AsyncTask] Success: unknown in 0ms
[AsyncTask] Starting: unknown (task_1764969121156_620)
[AsyncTask] Success: unknown in 0ms
[AsyncTask] Starting: unknown (task_1764969121156_621)
[AsyncTask] Success: unknown in 1ms
[AsyncTask] Starting: unknown (task_1764969121157_622)
[AsyncTask] Success: unknown in 0ms
[AsyncTask] Starting: unknown (task_1764969121157_623)
[AsyncTask] Success: unknown in 0ms
[AsyncTask] Starting: unknown (task_1764969121157_624)
[AsyncTask] Success: unknown in 0ms
[AsyncTask] Starting: unknown (task_1764969121157_625)
[AsyncTask] Success: unknown in 0ms
[AsyncTask] Starting: unknown (task_1764969121157_626)
[AsyncTask] Success: unknown in 0ms
[AsyncTask] Starting: unknown (task_1764969121157_627)
[AsyncTask] Success: unknown in 0ms
[AsyncTask] Starting: unknown (task_1764969121157_628)
[AsyncTask] Success: unknown in 0ms
[AsyncTask] Starting: unknown (task_1764969121157_629)
[AsyncTask] Success: unknown in 0ms
[AsyncTask] Starting: unknown (task_1764969121157_630)
[AsyncTask] Success: unknown in 0ms
[AsyncTask] Starting: unknown (task_1764969121157_631)
[AsyncTask] Success: unknown in 0ms
[AsyncTask] Starting: unknown (task_1764969121157_632)
[AsyncTask] Success: unknown in 0ms
[AsyncTask] Starting: unknown (task_1764969121157_633)
[AsyncTask] Success: unknown in 0ms
[AsyncTask] Starting: unknown (task_1764969121157_634)
[AsyncTask] Success: unknown in 0ms
[AsyncTask] Starting: unknown (task_1764969121157_635)
[AsyncTask] Success: unknown in 0ms
[AsyncTask] Starting: unknown (task_1764969121157_636)
[AsyncTask] Success: unknown in 0ms
[AsyncTask] Starting: unknown (task_1764969121157_637)
[AsyncTask] Success: unknown in 0ms
[AsyncTask] Starting: unknown (task_1764969121157_638)
[AsyncTask] Success: unknown in 0ms
[AsyncTask] Starting: unknown (task_1764969121157_639)
[AsyncTask] Success: unknown in 0ms
[AsyncTask] Starting: unknown (task_1764969121157_640)
[AsyncTask] Success: unknown in 0ms
[AsyncTask] Starting: unknown (task_1764969121157_641)
[AsyncTask] Success: unknown in 0ms
[AsyncTask] Starting: unknown (task_1764969121157_642)
[AsyncTask] Success: unknown in 0ms
[AsyncTask] Starting: unknown (task_1764969121157_643)
[AsyncTask] Success: unknown in 1ms
[AsyncTask] Starting: unknown (task_1764969121158_644)
[AsyncTask] Success: unknown in 0ms
[AsyncTask] Starting: unknown (task_1764969121158_645)
[AsyncTask] Success: unknown in 0ms
[AsyncTask] Starting: unknown (task_1764969121158_646)
[AsyncTask] Success: unknown in 0ms
[AsyncTask] Starting: unknown (task_1764969121158_647)
[AsyncTask] Success: unknown in 0ms
[AsyncTask] Starting: unknown (task_1764969121158_648)
[AsyncTask] Success: unknown in 0ms
[AsyncTask] Starting: unknown (task_1764969121158_649)
[AsyncTask] Success: unknown in 0ms
[AsyncTask] Starting: unknown (task_1764969121158_650)
[AsyncTask] Success: unknown in 0ms
[AsyncTask] Starting: unknown (task_1764969121158_651)
[AsyncTask] Success: unknown in 0ms
[AsyncTask] Starting: unknown (task_1764969121158_652)
[AsyncTask] Success: unknown in 0ms
[AsyncTask] Starting: unknown (task_1764969121158_653)
[AsyncTask] Success: unknown in 0ms
[AsyncTask] Starting: unknown (task_1764969121158_654)
[AsyncTask] Success: unknown in 0ms
[AsyncTask] Starting: unknown (task_1764969121158_655)
[AsyncTask] Success: unknown in 0ms
[AsyncTask] Starting: unknown (task_1764969121158_656)
[AsyncTask] Success: unknown in 0ms
[AsyncTask] Starting: unknown (task_1764969121158_657)
[AsyncTask] Success: unknown in 0ms
[AsyncTask] Starting: unknown (task_1764969121158_658)
[AsyncTask] Success: unknown in 0ms
[AsyncTask] Starting: unknown (task_1764969121158_659)
[AsyncTask] Success: unknown in 0ms
[AsyncTask] Starting: unknown (task_1764969121158_660)
[AsyncTask] Success: unknown in 0ms
[AsyncTask] Starting: unknown (task_1764969121158_661)
[AsyncTask] Success: unknown in 0ms
[AsyncTask] Starting: unknown (task_1764969121158_662)
[AsyncTask] Success: unknown in 0ms
[AsyncTask] Starting: unknown (task_1764969121158_663)
[AsyncTask] Success: unknown in 0ms
[AsyncTask] Starting: unknown (task_1764969121158_664)
[AsyncTask] Success: unknown in 0ms
[AsyncTask] Starting: unknown (task_1764969121158_665)
[AsyncTask] Success: unknown in 0ms
[AsyncTask] Starting: unknown (task_1764969121158_666)
[AsyncTask] Success: unknown in 0ms
[AsyncTask] Starting: unknown (task_1764969121158_667)
[AsyncTask] Success: unknown in 0ms
[AsyncTask] Starting: unknown (task_1764969121158_668)
[AsyncTask] Success: unknown in 1ms
[AsyncTask] Starting: unknown (task_1764969121159_669)
[AsyncTask] Success: unknown in 0ms
[AsyncTask] Starting: unknown (task_1764969121159_670)
[AsyncTask] Success: unknown in 0ms
[AsyncTask] Starting: unknown (task_1764969121159_671)
[AsyncTask] Success: unknown in 0ms
[AsyncTask] Starting: unknown (task_1764969121159_672)
[AsyncTask] Success: unknown in 0ms
[AsyncTask] Starting: unknown (task_1764969121159_673)
[AsyncTask] Success: unknown in 0ms
[AsyncTask] Starting: unknown (task_1764969121159_674)
[AsyncTask] Success: unknown in 0ms
[AsyncTask] Starting: unknown (task_1764969121159_675)
[AsyncTask] Success: unknown in 0ms
[AsyncTask] Starting: unknown (task_1764969121159_676)
[AsyncTask] Success: unknown in 0ms
[AsyncTask] Starting: unknown (task_1764969121159_677)
[AsyncTask] Success: unknown in 0ms
[AsyncTask] Starting: unknown (task_1764969121159_678)
[AsyncTask] Success: unknown in 0ms
[AsyncTask] Starting: unknown (task_1764969121159_679)
[AsyncTask] Success: unknown in 0ms
[AsyncTask] Starting: unknown (task_1764969121159_680)
[AsyncTask] Success: unknown in 0ms
[AsyncTask] Starting: unknown (task_1764969121159_681)
[AsyncTask] Success: unknown in 0ms
[AsyncTask] Starting: unknown (task_1764969121159_682)
[AsyncTask] Success: unknown in 0ms
[AsyncTask] Starting: unknown (task_1764969121159_683)
[AsyncTask] Success: unknown in 0ms
[AsyncTask] Starting: unknown (task_1764969121159_684)
[AsyncTask] Success: unknown in 0ms
[AsyncTask] Starting: unknown (task_1764969121159_685)
[AsyncTask] Success: unknown in 0ms
[AsyncTask] Starting: unknown (task_1764969121159_686)
[AsyncTask] Success: unknown in 0ms
[AsyncTask] Starting: unknown (task_1764969121159_687)
[AsyncTask] Success: unknown in 0ms
[AsyncTask] Starting: unknown (task_1764969121159_688)
[AsyncTask] Success: unknown in 0ms
[AsyncTask] Starting: unknown (task_1764969121159_689)
[AsyncTask] Success: unknown in 0ms
[AsyncTask] Starting: unknown (task_1764969121159_690)
[AsyncTask] Success: unknown in 0ms
[AsyncTask] Starting: unknown (task_1764969121159_691)
[AsyncTask] Success: unknown in 0ms
[AsyncTask] Starting: unknown (task_1764969121171_692)
[AsyncTask] Success: unknown in 0ms
[AsyncTask] Starting: unknown (task_1764969121171_693)
[AsyncTask] Success: unknown in 0ms
[AsyncTask] Starting: unknown (task_1764969121171_694)
[AsyncTask] Success: unknown in 0ms
[AsyncTask] Starting: unknown (task_1764969121171_695)
[AsyncTask] Success: unknown in 0ms
[AsyncTask] Starting: unknown (task_1764969121171_696)
[AsyncTask] Success: unknown in 0ms
[AsyncTask] Starting: unknown (task_1764969121171_697)
[AsyncTask] Success: unknown in 0ms
[AsyncTask] Starting: unknown (task_1764969121171_698)
[AsyncTask] Success: unknown in 0ms
[AsyncTask] Starting: unknown (task_1764969121171_699)
[AsyncTask] Success: unknown in 0ms
[AsyncTask] Starting: unknown (task_1764969121171_700)
[AsyncTask] Success: unknown in 0ms
[AsyncTask] Starting: unknown (task_1764969121171_701)
[AsyncTask] Success: unknown in 0ms
[AsyncTask] Starting: unknown (task_1764969121171_702)
[AsyncTask] Success: unknown in 0ms
[AsyncTask] Starting: unknown (task_1764969121171_703)
[AsyncTask] Success: unknown in 0ms
[AsyncTask] Starting: unknown (task_1764969121171_704)
[AsyncTask] Success: unknown in 0ms
[AsyncTask] Starting: unknown (task_1764969121171_705)
[AsyncTask] Success: unknown in 0ms
[AsyncTask] Starting: unknown (task_1764969121171_706)
[AsyncTask] Success: unknown in 0ms
[AsyncTask] Starting: unknown (task_1764969121172_707)
[AsyncTask] Success: unknown in 0ms
[AsyncTask] Starting: unknown (task_1764969121172_708)
[AsyncTask] Success: unknown in 0ms
[AsyncTask] Starting: unknown (task_1764969121172_709)
[AsyncTask] Success: unknown in 0ms
[AsyncTask] Starting: unknown (task_1764969121172_710)
[AsyncTask] Success: unknown in 0ms
[AsyncTask] Starting: unknown (task_1764969121172_711)
[AsyncTask] Success: unknown in 0ms
[AsyncTask] Starting: unknown (task_1764969121172_712)
[AsyncTask] Success: unknown in 0ms
[AsyncTask] Starting: unknown (task_1764969121172_713)
[AsyncTask] Success: unknown in 0ms
[AsyncTask] Starting: unknown (task_1764969121172_714)
[AsyncTask] Success: unknown in 0ms
[AsyncTask] Starting: unknown (task_1764969121172_715)
[AsyncTask] Success: unknown in 0ms
[AsyncTask] Starting: unknown (task_1764969121172_716)
[AsyncTask] Success: unknown in 0ms
[AsyncTask] Starting: unknown (task_1764969121172_717)
[AsyncTask] Success: unknown in 0ms
[AsyncTask] Starting: unknown (task_1764969121172_718)
[AsyncTask] Success: unknown in 0ms
[AsyncTask] Starting: unknown (task_1764969121172_719)
[AsyncTask] Success: unknown in 0ms
[AsyncTask] Starting: unknown (task_1764969121172_720)
[AsyncTask] Success: unknown in 0ms
[AsyncTask] Starting: unknown (task_1764969121172_721)
[AsyncTask] Success: unknown in 0ms
[AsyncTask] Starting: unknown (task_1764969121172_722)
[AsyncTask] Success: unknown in 0ms
[AsyncTask] Starting: unknown (task_1764969121172_723)
[AsyncTask] Success: unknown in 0ms
[AsyncTask] Starting: unknown (task_1764969121172_724)
[AsyncTask] Success: unknown in 0ms
[AsyncTask] Starting: unknown (task_1764969121172_725)
[AsyncTask] Success: unknown in 0ms
[AsyncTask] Starting: unknown (task_1764969121172_726)
[AsyncTask] Success: unknown in 0ms
[AsyncTask] Starting: unknown (task_1764969121172_727)
[AsyncTask] Success: unknown in 0ms
[AsyncTask] Starting: unknown (task_1764969121172_728)
[AsyncTask] Success: unknown in 0ms
[AsyncTask] Starting: unknown (task_1764969121173_729)
[AsyncTask] Success: unknown in 0ms
[AsyncTask] Starting: unknown (task_1764969121173_730)
[AsyncTask] Success: unknown in 0ms
[AsyncTask] Starting: unknown (task_1764969121173_731)
[AsyncTask] Success: unknown in 0ms
[AsyncTask] Starting: unknown (task_1764969121173_732)
[AsyncTask] Success: unknown in 0ms
[AsyncTask] Starting: unknown (task_1764969121173_733)
[AsyncTask] Success: unknown in 0ms
[AsyncTask] Starting: unknown (task_1764969121173_734)
[AsyncTask] Success: unknown in 0ms
[AsyncTask] Starting: unknown (task_1764969121173_735)
[AsyncTask] Success: unknown in 0ms
[AsyncTask] Starting: unknown (task_1764969121173_736)
[AsyncTask] Success: unknown in 0ms
[AsyncTask] Starting: unknown (task_1764969121173_737)
[AsyncTask] Success: unknown in 0ms
[AsyncTask] Starting: unknown (task_1764969121173_738)
[AsyncTask] Success: unknown in 0ms
[AsyncTask] Starting: unknown (task_1764969121173_739)
[AsyncTask] Success: unknown in 0ms
[AsyncTask] Starting: unknown (task_1764969121173_740)
[AsyncTask] Success: unknown in 0ms
[AsyncTask] Starting: unknown (task_1764969121173_741)
[AsyncTask] Success: unknown in 0ms
[AsyncTask] Starting: unknown (task_1764969121173_742)
[AsyncTask] Success: unknown in 0ms
[AsyncTask] Starting: unknown (task_1764969121173_743)
[AsyncTask] Success: unknown in 0ms
[AsyncTask] Starting: unknown (task_1764969121173_744)
[AsyncTask] Success: unknown in 0ms
[AsyncTask] Starting: unknown (task_1764969121173_745)
[AsyncTask] Success: unknown in 0ms
[AsyncTask] Starting: unknown (task_1764969121173_746)
[AsyncTask] Success: unknown in 0ms
[AsyncTask] Starting: unknown (task_1764969121173_747)
[AsyncTask] Success: unknown in 1ms
[AsyncTask] Starting: unknown (task_1764969121174_748)
[AsyncTask] Success: unknown in 0ms
[AsyncTask] Starting: unknown (task_1764969121174_749)
[AsyncTask] Success: unknown in 0ms
[AsyncTask] Starting: unknown (task_1764969121174_750)
[AsyncTask] Success: unknown in 0ms
[AsyncTask] Starting: unknown (task_1764969121174_751)
[AsyncTask] Success: unknown in 0ms
[AsyncTask] Starting: unknown (task_1764969121174_752)
[AsyncTask] Success: unknown in 0ms
[AsyncTask] Starting: unknown (task_1764969121174_753)
[AsyncTask] Success: unknown in 0ms
[AsyncTask] Starting: unknown (task_1764969121174_754)
[AsyncTask] Success: unknown in 0ms
[AsyncTask] Starting: unknown (task_1764969121174_755)
[AsyncTask] Success: unknown in 0ms
[AsyncTask] Starting: unknown (task_1764969121174_756)
[AsyncTask] Success: unknown in 0ms
[AsyncTask] Starting: unknown (task_1764969121174_757)
[AsyncTask] Success: unknown in 0ms
[AsyncTask] Starting: unknown (task_1764969121174_758)
[AsyncTask] Success: unknown in 0ms
[AsyncTask] Starting: unknown (task_1764969121174_759)
[AsyncTask] Success: unknown in 0ms
[AsyncTask] Starting: unknown (task_1764969121174_760)
[AsyncTask] Success: unknown in 0ms
[AsyncTask] Starting: unknown (task_1764969121174_761)
[AsyncTask] Success: unknown in 0ms
[AsyncTask] Starting: unknown (task_1764969121174_762)
[AsyncTask] Success: unknown in 0ms
[AsyncTask] Starting: unknown (task_1764969121174_763)
[AsyncTask] Success: unknown in 0ms
[AsyncTask] Starting: unknown (task_1764969121174_764)
[AsyncTask] Success: unknown in 0ms
[AsyncTask] Starting: unknown (task_1764969121174_765)
[AsyncTask] Success: unknown in 0ms
[AsyncTask] Starting: unknown (task_1764969121174_766)
[AsyncTask] Success: unknown in 0ms
[AsyncTask] Starting: unknown (task_1764969121174_767)
[AsyncTask] Success: unknown in 0ms
[AsyncTask] Starting: unknown (task_1764969121174_768)
[AsyncTask] Success: unknown in 0ms
[AsyncTask] Starting: unknown (task_1764969121174_769)
[AsyncTask] Success: unknown in 0ms
[AsyncTask] Starting: unknown (task_1764969121174_770)
[AsyncTask] Success: unknown in 0ms
[AsyncTask] Starting: unknown (task_1764969121174_771)
[AsyncTask] Success: unknown in 0ms
[AsyncTask] Starting: unknown (task_1764969121174_772)
[AsyncTask] Success: unknown in 0ms
[AsyncTask] Starting: unknown (task_1764969121174_773)
[AsyncTask] Success: unknown in 0ms
[AsyncTask] Starting: unknown (task_1764969121174_774)
[AsyncTask] Success: unknown in 0ms
[AsyncTask] Starting: unknown (task_1764969121174_775)
[AsyncTask] Success: unknown in 0ms
[AsyncTask] Starting: unknown (task_1764969121174_776)
[AsyncTask] Success: unknown in 0ms
[AsyncTask] Starting: unknown (task_1764969121174_777)
[AsyncTask] Success: unknown in 0ms
[AsyncTask] Starting: unknown (task_1764969121174_778)
[AsyncTask] Success: unknown in 0ms
[AsyncTask] Starting: unknown (task_1764969121174_779)
[AsyncTask] Success: unknown in 0ms
[AsyncTask] Starting: unknown (task_1764969121174_780)
[AsyncTask] Success: unknown in 0ms
[AsyncTask] Starting: unknown (task_1764969121175_781)
[AsyncTask] Success: unknown in 0ms
[AsyncTask] Starting: unknown (task_1764969121175_782)
[AsyncTask] Success: unknown in 0ms
[AsyncTask] Starting: unknown (task_1764969121175_783)
[AsyncTask] Success: unknown in 0ms
[AsyncTask] Starting: unknown (task_1764969121175_784)
[AsyncTask] Success: unknown in 0ms
[AsyncTask] Starting: unknown (task_1764969121175_785)
[AsyncTask] Success: unknown in 0ms
[AsyncTask] Starting: unknown (task_1764969121175_786)
[AsyncTask] Success: unknown in 0ms
[AsyncTask] Starting: unknown (task_1764969121175_787)
[AsyncTask] Success: unknown in 0ms
[AsyncTask] Starting: unknown (task_1764969121175_788)
[AsyncTask] Success: unknown in 0ms
[AsyncTask] Starting: unknown (task_1764969121175_789)
[AsyncTask] Success: unknown in 0ms
[AsyncTask] Starting: unknown (task_1764969121175_790)
[AsyncTask] Success: unknown in 0ms
[AsyncTask] Starting: unknown (task_1764969121175_791)
[AsyncTask] Success: unknown in 0ms
[AsyncTask] Starting: unknown (task_1764969121175_792)
[AsyncTask] Success: unknown in 0ms
[AsyncTask] Starting: unknown (task_1764969121175_793)
[AsyncTask] Success: unknown in 0ms
[AsyncTask] Starting: unknown (task_1764969121175_794)
[AsyncTask] Success: unknown in 0ms
[AsyncTask] Starting: unknown (task_1764969121175_795)
[AsyncTask] Success: unknown in 0ms
[AsyncTask] Starting: unknown (task_1764969121175_796)
[AsyncTask] Success: unknown in 0ms
[AsyncTask] Starting: unknown (task_1764969121175_797)
[AsyncTask] Success: unknown in 0ms
[AsyncTask] Starting: unknown (task_1764969121175_798)
[AsyncTask] Success: unknown in 0ms
[AsyncTask] Starting: unknown (task_1764969121175_799)
[AsyncTask] Success: unknown in 0ms
[AsyncTask] Starting: unknown (task_1764969121175_800)
[AsyncTask] Success: unknown in 0ms
[AsyncTask] Starting: unknown (task_1764969121175_801)
[AsyncTask] Success: unknown in 0ms
[AsyncTask] Starting: unknown (task_1764969121175_802)
[AsyncTask] Success: unknown in 0ms
[AsyncTask] Starting: unknown (task_1764969121175_803)
[AsyncTask] Success: unknown in 0ms
[AsyncTask] Starting: unknown (task_1764969121175_804)
[AsyncTask] Success: unknown in 0ms
[AsyncTask] Starting: unknown (task_1764969121175_805)
[AsyncTask] Success: unknown in 0ms
[AsyncTask] Starting: unknown (task_1764969121175_806)
[AsyncTask] Success: unknown in 0ms
[AsyncTask] Starting: unknown (task_1764969121175_807)
[AsyncTask] Success: unknown in 0ms
[AsyncTask] Starting: unknown (task_1764969121175_808)
[AsyncTask] Success: unknown in 1ms
[AsyncTask] Starting: unknown (task_1764969121176_809)
[AsyncTask] Success: unknown in 0ms
[AsyncTask] Starting: unknown (task_1764969121176_810)
[AsyncTask] Success: unknown in 0ms
[AsyncTask] Starting: unknown (task_1764969121176_811)
[AsyncTask] Success: unknown in 0ms
[AsyncTask] Starting: unknown (task_1764969121176_812)
[AsyncTask] Success: unknown in 0ms
[AsyncTask] Starting: unknown (task_1764969121176_813)
[AsyncTask] Success: unknown in 0ms
[AsyncTask] Starting: unknown (task_1764969121176_814)
[AsyncTask] Success: unknown in 0ms
[AsyncTask] Starting: unknown (task_1764969121176_815)
[AsyncTask] Success: unknown in 0ms
[AsyncTask] Starting: unknown (task_1764969121176_816)
[AsyncTask] Success: unknown in 0ms
[AsyncTask] Starting: unknown (task_1764969121176_817)
[AsyncTask] Success: unknown in 0ms
[AsyncTask] Starting: unknown (task_1764969121176_818)
[AsyncTask] Success: unknown in 0ms
[AsyncTask] Starting: unknown (task_1764969121176_819)
[AsyncTask] Success: unknown in 0ms
[AsyncTask] Starting: unknown (task_1764969121176_820)
[AsyncTask] Success: unknown in 0ms
[AsyncTask] Starting: unknown (task_1764969121176_821)
[AsyncTask] Success: unknown in 0ms
[AsyncTask] Starting: unknown (task_1764969121176_822)
[AsyncTask] Success: unknown in 0ms
[AsyncTask] Starting: unknown (task_1764969121176_823)
[AsyncTask] Success: unknown in 0ms
[AsyncTask] Starting: unknown (task_1764969121176_824)
[AsyncTask] Success: unknown in 0ms
[AsyncTask] Starting: unknown (task_1764969121176_825)
[AsyncTask] Success: unknown in 0ms
[AsyncTask] Starting: unknown (task_1764969121176_826)
[AsyncTask] Success: unknown in 0ms
[AsyncTask] Starting: unknown (task_1764969121176_827)
[AsyncTask] Success: unknown in 0ms
[AsyncTask] Starting: unknown (task_1764969121176_828)
[AsyncTask] Success: unknown in 0ms
[AsyncTask] Starting: unknown (task_1764969121176_829)
[AsyncTask] Success: unknown in 0ms
[AsyncTask] Starting: unknown (task_1764969121176_830)
[AsyncTask] Success: unknown in 0ms
[AsyncTask] Starting: unknown (task_1764969121176_831)
[AsyncTask] Success: unknown in 0ms
[AsyncTask] Starting: unknown (task_1764969121176_832)
[AsyncTask] Success: unknown in 12ms
[AsyncTask] Starting: unknown (task_1764969121188_833)
[AsyncTask] Success: unknown in 0ms
[AsyncTask] Starting: unknown (task_1764969121188_834)
[AsyncTask] Success: unknown in 0ms
[AsyncTask] Starting: unknown (task_1764969121188_835)
[AsyncTask] Success: unknown in 0ms
[AsyncTask] Starting: unknown (task_1764969121188_836)
[AsyncTask] Success: unknown in 0ms
[AsyncTask] Starting: unknown (task_1764969121188_837)
[AsyncTask] Success: unknown in 0ms
[AsyncTask] Starting: unknown (task_1764969121188_838)
[AsyncTask] Success: unknown in 0ms
[AsyncTask] Starting: unknown (task_1764969121188_839)
[AsyncTask] Success: unknown in 0ms
[AsyncTask] Starting: unknown (task_1764969121188_840)
[AsyncTask] Success: unknown in 0ms
[AsyncTask] Starting: unknown (task_1764969121188_841)
[AsyncTask] Success: unknown in 0ms
[AsyncTask] Starting: unknown (task_1764969121188_842)
[AsyncTask] Success: unknown in 0ms
[AsyncTask] Starting: unknown (task_1764969121188_843)
[AsyncTask] Success: unknown in 0ms
[AsyncTask] Starting: unknown (task_1764969121188_844)
[AsyncTask] Success: unknown in 0ms
[AsyncTask] Starting: unknown (task_1764969121188_845)
[AsyncTask] Success: unknown in 0ms
[AsyncTask] Starting: unknown (task_1764969121188_846)
[AsyncTask] Success: unknown in 0ms
[AsyncTask] Starting: unknown (task_1764969121188_847)
[AsyncTask] Success: unknown in 0ms
[AsyncTask] Starting: unknown (task_1764969121188_848)
[AsyncTask] Success: unknown in 0ms
[AsyncTask] Starting: unknown (task_1764969121188_849)
[AsyncTask] Success: unknown in 0ms
[AsyncTask] Starting: unknown (task_1764969121188_850)
[AsyncTask] Success: unknown in 0ms
[AsyncTask] Starting: unknown (task_1764969121188_851)
[AsyncTask] Success: unknown in 0ms
[AsyncTask] Starting: unknown (task_1764969121188_852)
[AsyncTask] Success: unknown in 1ms
[AsyncTask] Starting: unknown (task_1764969121189_853)
[AsyncTask] Success: unknown in 0ms
[AsyncTask] Starting: unknown (task_1764969121189_854)
[AsyncTask] Success: unknown in 0ms
[AsyncTask] Starting: unknown (task_1764969121189_855)
[AsyncTask] Success: unknown in 0ms
[AsyncTask] Starting: unknown (task_1764969121189_856)
[AsyncTask] Success: unknown in 0ms
[AsyncTask] Starting: unknown (task_1764969121189_857)
[AsyncTask] Success: unknown in 0ms
[AsyncTask] Starting: unknown (task_1764969121189_858)
[AsyncTask] Success: unknown in 0ms
[AsyncTask] Starting: unknown (task_1764969121189_859)
[AsyncTask] Success: unknown in 0ms
[AsyncTask] Starting: unknown (task_1764969121189_860)
[AsyncTask] Success: unknown in 0ms
[AsyncTask] Starting: unknown (task_1764969121189_861)
[AsyncTask] Success: unknown in 0ms
[AsyncTask] Starting: unknown (task_1764969121189_862)
[AsyncTask] Success: unknown in 0ms
[AsyncTask] Starting: unknown (task_1764969121189_863)
[AsyncTask] Success: unknown in 0ms
[AsyncTask] Starting: unknown (task_1764969121189_864)
[AsyncTask] Success: unknown in 0ms
[AsyncTask] Starting: unknown (task_1764969121189_865)
[AsyncTask] Success: unknown in 0ms
[AsyncTask] Starting: unknown (task_1764969121189_866)
[AsyncTask] Success: unknown in 0ms
[AsyncTask] Starting: unknown (task_1764969121189_867)
[AsyncTask] Success: unknown in 0ms
[AsyncTask] Starting: unknown (task_1764969121189_868)
[AsyncTask] Success: unknown in 0ms
[AsyncTask] Starting: unknown (task_1764969121189_869)
[AsyncTask] Success: unknown in 0ms
[AsyncTask] Starting: unknown (task_1764969121189_870)
[AsyncTask] Success: unknown in 0ms
[AsyncTask] Starting: unknown (task_1764969121189_871)
[AsyncTask] Success: unknown in 0ms
[AsyncTask] Starting: unknown (task_1764969121189_872)
[AsyncTask] Success: unknown in 0ms
[AsyncTask] Starting: unknown (task_1764969121189_873)
[AsyncTask] Success: unknown in 0ms
[AsyncTask] Starting: unknown (task_1764969121189_874)
[AsyncTask] Success: unknown in 0ms
[AsyncTask] Starting: unknown (task_1764969121189_875)
[AsyncTask] Success: unknown in 0ms
[AsyncTask] Starting: unknown (task_1764969121189_876)
[AsyncTask] Success: unknown in 0ms
[AsyncTask] Starting: unknown (task_1764969121189_877)
[AsyncTask] Success: unknown in 0ms
[AsyncTask] Starting: unknown (task_1764969121189_878)
[AsyncTask] Success: unknown in 0ms
[AsyncTask] Starting: unknown (task_1764969121189_879)
[AsyncTask] Success: unknown in 0ms
[AsyncTask] Starting: unknown (task_1764969121189_880)
[AsyncTask] Success: unknown in 0ms
[AsyncTask] Starting: unknown (task_1764969121189_881)
[AsyncTask] Success: unknown in 0ms
[AsyncTask] Starting: unknown (task_1764969121189_882)
[AsyncTask] Success: unknown in 0ms
[AsyncTask] Starting: unknown (task_1764969121189_883)
[AsyncTask] Success: unknown in 0ms
[AsyncTask] Starting: unknown (task_1764969121189_884)
[AsyncTask] Success: unknown in 1ms
[AsyncTask] Starting: unknown (task_1764969121190_885)
[AsyncTask] Success: unknown in 0ms
[AsyncTask] Starting: unknown (task_1764969121190_886)
[AsyncTask] Success: unknown in 0ms
[AsyncTask] Starting: unknown (task_1764969121190_887)
[AsyncTask] Success: unknown in 0ms
[AsyncTask] Starting: unknown (task_1764969121190_888)
[AsyncTask] Success: unknown in 0ms
[AsyncTask] Starting: unknown (task_1764969121190_889)
[AsyncTask] Success: unknown in 0ms
[AsyncTask] Starting: unknown (task_1764969121190_890)
[AsyncTask] Success: unknown in 0ms
[AsyncTask] Starting: unknown (task_1764969121190_891)
[AsyncTask] Success: unknown in 0ms
[AsyncTask] Starting: unknown (task_1764969121190_892)
[AsyncTask] Success: unknown in 0ms
[AsyncTask] Starting: unknown (task_1764969121190_893)
[AsyncTask] Success: unknown in 0ms
[AsyncTask] Starting: unknown (task_1764969121190_894)
[AsyncTask] Success: unknown in 0ms
[AsyncTask] Starting: unknown (task_1764969121190_895)
[AsyncTask] Success: unknown in 0ms
[AsyncTask] Starting: unknown (task_1764969121190_896)
[AsyncTask] Success: unknown in 0ms
[AsyncTask] Starting: unknown (task_1764969121190_897)
[AsyncTask] Success: unknown in 0ms
[AsyncTask] Starting: unknown (task_1764969121190_898)
[AsyncTask] Success: unknown in 0ms
[AsyncTask] Starting: unknown (task_1764969121190_899)
[AsyncTask] Success: unknown in 0ms
[AsyncTask] Starting: unknown (task_1764969121190_900)
[AsyncTask] Success: unknown in 0ms
[AsyncTask] Starting: unknown (task_1764969121190_901)
[AsyncTask] Success: unknown in 0ms
[AsyncTask] Starting: unknown (task_1764969121190_902)
[AsyncTask] Success: unknown in 0ms
[AsyncTask] Starting: unknown (task_1764969121190_903)
[AsyncTask] Success: unknown in 0ms
[AsyncTask] Starting: unknown (task_1764969121190_904)
[AsyncTask] Success: unknown in 0ms
[AsyncTask] Starting: unknown (task_1764969121190_905)
[AsyncTask] Success: unknown in 0ms
[AsyncTask] Starting: unknown (task_1764969121190_906)
[AsyncTask] Success: unknown in 0ms
[AsyncTask] Starting: unknown (task_1764969121190_907)
[AsyncTask] Success: unknown in 0ms
[AsyncTask] Starting: unknown (task_1764969121190_908)
[AsyncTask] Success: unknown in 0ms
[AsyncTask] Starting: unknown (task_1764969121190_909)
[AsyncTask] Success: unknown in 0ms
[AsyncTask] Starting: unknown (task_1764969121190_910)
[AsyncTask] Success: unknown in 0ms
[AsyncTask] Starting: unknown (task_1764969121190_911)
[AsyncTask] Success: unknown in 0ms
[AsyncTask] Starting: unknown (task_1764969121190_912)
[AsyncTask] Success: unknown in 0ms
[AsyncTask] Starting: unknown (task_1764969121190_913)
[AsyncTask] Success: unknown in 0ms
[AsyncTask] Starting: unknown (task_1764969121190_914)
[AsyncTask] Success: unknown in 0ms
[AsyncTask] Starting: unknown (task_1764969121190_915)
[AsyncTask] Success: unknown in 0ms
[AsyncTask] Starting: unknown (task_1764969121190_916)
[AsyncTask] Success: unknown in 0ms
[AsyncTask] Starting: unknown (task_1764969121190_917)
[AsyncTask] Success: unknown in 0ms
[AsyncTask] Starting: unknown (task_1764969121190_918)
[AsyncTask] Success: unknown in 0ms
[AsyncTask] Starting: unknown (task_1764969121190_919)
[AsyncTask] Success: unknown in 0ms
[AsyncTask] Starting: unknown (task_1764969121190_920)
[AsyncTask] Success: unknown in 1ms
[AsyncTask] Starting: unknown (task_1764969121191_921)
[AsyncTask] Success: unknown in 0ms
[AsyncTask] Starting: unknown (task_1764969121191_922)
[AsyncTask] Success: unknown in 0ms
[AsyncTask] Starting: unknown (task_1764969121191_923)
[AsyncTask] Success: unknown in 0ms
[AsyncTask] Starting: unknown (task_1764969121191_924)
[AsyncTask] Success: unknown in 0ms
[AsyncTask] Starting: unknown (task_1764969121191_925)
[AsyncTask] Success: unknown in 0ms
[AsyncTask] Starting: unknown (task_1764969121191_926)
[AsyncTask] Success: unknown in 0ms
[AsyncTask] Starting: unknown (task_1764969121191_927)
[AsyncTask] Success: unknown in 0ms
[AsyncTask] Starting: unknown (task_1764969121191_928)
[AsyncTask] Success: unknown in 0ms
[AsyncTask] Starting: unknown (task_1764969121191_929)
[AsyncTask] Success: unknown in 0ms
[AsyncTask] Starting: unknown (task_1764969121191_930)
[AsyncTask] Success: unknown in 0ms
[AsyncTask] Starting: unknown (task_1764969121191_931)
[AsyncTask] Success: unknown in 0ms
[AsyncTask] Starting: unknown (task_1764969121191_932)
[AsyncTask] Success: unknown in 0ms
[AsyncTask] Starting: unknown (task_1764969121191_933)
[AsyncTask] Success: unknown in 0ms
[AsyncTask] Starting: unknown (task_1764969121191_934)
[AsyncTask] Success: unknown in 0ms
[AsyncTask] Starting: unknown (task_1764969121191_935)
[AsyncTask] Success: unknown in 0ms
[AsyncTask] Starting: unknown (task_1764969121191_936)
[AsyncTask] Success: unknown in 0ms
[AsyncTask] Starting: unknown (task_1764969121191_937)
[AsyncTask] Success: unknown in 0ms
[AsyncTask] Starting: unknown (task_1764969121191_938)
[AsyncTask] Success: unknown in 0ms
[AsyncTask] Starting: unknown (task_1764969121191_939)
[AsyncTask] Success: unknown in 0ms
[AsyncTask] Starting: unknown (task_1764969121191_940)
[AsyncTask] Success: unknown in 0ms
[AsyncTask] Starting: unknown (task_1764969121191_941)
[AsyncTask] Success: unknown in 0ms
[AsyncTask] Starting: unknown (task_1764969121191_942)
[AsyncTask] Success: unknown in 0ms
[AsyncTask] Starting: unknown (task_1764969121191_943)
[AsyncTask] Success: unknown in 0ms
[AsyncTask] Starting: unknown (task_1764969121191_944)
[AsyncTask] Success: unknown in 0ms
[AsyncTask] Starting: unknown (task_1764969121191_945)
[AsyncTask] Success: unknown in 0ms
[AsyncTask] Starting: unknown (task_1764969121191_946)
[AsyncTask] Success: unknown in 0ms
[AsyncTask] Starting: unknown (task_1764969121191_947)
[AsyncTask] Success: unknown in 0ms
[AsyncTask] Starting: unknown (task_1764969121191_948)
[AsyncTask] Success: unknown in 1ms
[AsyncTask] Starting: unknown (task_1764969121192_949)
[AsyncTask] Success: unknown in 0ms
[AsyncTask] Starting: unknown (task_1764969121192_950)
[AsyncTask] Success: unknown in 0ms
[AsyncTask] Starting: unknown (task_1764969121192_951)
[AsyncTask] Success: unknown in 0ms
[AsyncTask] Starting: unknown (task_1764969121192_952)
[AsyncTask] Success: unknown in 0ms
[AsyncTask] Starting: unknown (task_1764969121192_953)
[AsyncTask] Success: unknown in 0ms
[AsyncTask] Starting: unknown (task_1764969121192_954)
[AsyncTask] Success: unknown in 0ms
[AsyncTask] Starting: unknown (task_1764969121192_955)
[AsyncTask] Success: unknown in 0ms
[AsyncTask] Starting: unknown (task_1764969121192_956)
[AsyncTask] Success: unknown in 0ms
[AsyncTask] Starting: unknown (task_1764969121192_957)
[AsyncTask] Success: unknown in 0ms
[AsyncTask] Starting: unknown (task_1764969121192_958)
[AsyncTask] Success: unknown in 0ms
[AsyncTask] Starting: unknown (task_1764969121192_959)
[AsyncTask] Success: unknown in 0ms
[AsyncTask] Starting: unknown (task_1764969121192_960)
[AsyncTask] Success: unknown in 0ms
[AsyncTask] Starting: unknown (task_1764969121192_961)
[AsyncTask] Success: unknown in 0ms
[AsyncTask] Starting: unknown (task_1764969121192_962)
[AsyncTask] Success: unknown in 0ms
[AsyncTask] Starting: unknown (task_1764969121192_963)
[AsyncTask] Success: unknown in 0ms
[AsyncTask] Starting: unknown (task_1764969121192_964)
[AsyncTask] Success: unknown in 0ms
[AsyncTask] Starting: unknown (task_1764969121192_965)
[AsyncTask] Success: unknown in 0ms
[AsyncTask] Starting: unknown (task_1764969121192_966)
[AsyncTask] Success: unknown in 0ms
[AsyncTask] Starting: unknown (task_1764969121192_967)
[AsyncTask] Success: unknown in 0ms
[AsyncTask] Starting: unknown (task_1764969121192_968)
[AsyncTask] Success: unknown in 0ms
[AsyncTask] Starting: unknown (task_1764969121192_969)
[AsyncTask] Success: unknown in 0ms
[AsyncTask] Starting: unknown (task_1764969121192_970)
[AsyncTask] Success: unknown in 0ms
[AsyncTask] Starting: unknown (task_1764969121192_971)
[AsyncTask] Success: unknown in 0ms
[AsyncTask] Starting: unknown (task_1764969121192_972)
[AsyncTask] Success: unknown in 0ms
[AsyncTask] Starting: unknown (task_1764969121192_973)
[AsyncTask] Success: unknown in 0ms
[AsyncTask] Starting: unknown (task_1764969121192_974)
[AsyncTask] Success: unknown in 0ms
[AsyncTask] Starting: unknown (task_1764969121192_975)
[AsyncTask] Success: unknown in 0ms
[AsyncTask] Starting: unknown (task_1764969121192_976)
[AsyncTask] Success: unknown in 0ms
[AsyncTask] Starting: unknown (task_1764969121192_977)
[AsyncTask] Success: unknown in 0ms
[AsyncTask] Starting: unknown (task_1764969121192_978)
[AsyncTask] Success: unknown in 1ms
[AsyncTask] Starting: unknown (task_1764969121193_979)
[AsyncTask] Success: unknown in 0ms
[AsyncTask] Starting: unknown (task_1764969121193_980)
[AsyncTask] Success: unknown in 0ms
[AsyncTask] Starting: unknown (task_1764969121193_981)
[AsyncTask] Success: unknown in 0ms
[AsyncTask] Starting: unknown (task_1764969121193_982)
[AsyncTask] Success: unknown in 0ms
[AsyncTask] Starting: unknown (task_1764969121193_983)
[AsyncTask] Success: unknown in 0ms
[AsyncTask] Starting: unknown (task_1764969121193_984)
[AsyncTask] Success: unknown in 0ms
[AsyncTask] Starting: unknown (task_1764969121193_985)
[AsyncTask] Success: unknown in 0ms
[AsyncTask] Starting: unknown (task_1764969121193_986)
[AsyncTask] Success: unknown in 0ms
[AsyncTask] Starting: unknown (task_1764969121193_987)
[AsyncTask] Success: unknown in 0ms
[AsyncTask] Starting: unknown (task_1764969121193_988)
[AsyncTask] Success: unknown in 0ms
[AsyncTask] Starting: unknown (task_1764969121193_989)
[AsyncTask] Success: unknown in 0ms
[AsyncTask] Starting: unknown (task_1764969121193_990)
[AsyncTask] Success: unknown in 0ms
[AsyncTask] Starting: unknown (task_1764969121193_991)
[AsyncTask] Success: unknown in 0ms
[AsyncTask] Starting: unknown (task_1764969121193_992)
[AsyncTask] Success: unknown in 0ms
[AsyncTask] Starting: unknown (task_1764969121193_993)
[AsyncTask] Success: unknown in 0ms
[AsyncTask] Starting: unknown (task_1764969121193_994)
[AsyncTask] Success: unknown in 0ms
[AsyncTask] Starting: unknown (task_1764969121193_995)
[AsyncTask] Success: unknown in 0ms
[AsyncTask] Starting: unknown (task_1764969121193_996)
[AsyncTask] Success: unknown in 0ms
[AsyncTask] Starting: unknown (task_1764969121193_997)
[AsyncTask] Success: unknown in 0ms
[AsyncTask] Starting: unknown (task_1764969121193_998)
[AsyncTask] Success: unknown in 0ms
[AsyncTask] Starting: unknown (task_1764969121193_999)
[AsyncTask] Success: unknown in 0ms
[AsyncTask] Starting: unknown (task_1764969121193_1000)
[AsyncTask] Success: unknown in 0ms
[AsyncTask] Starting: unknown (task_1764969121193_1001)
[AsyncTask] Success: unknown in 0ms
[AsyncTask] Starting: unknown (task_1764969121193_1002)
[AsyncTask] Success: unknown in 0ms
[AsyncTask] Starting: unknown (task_1764969121193_1003)
[AsyncTask] Success: unknown in 0ms
[AsyncTask] Starting: unknown (task_1764969121193_1004)
[AsyncTask] Success: unknown in 0ms
[AsyncTask] Starting: unknown (task_1764969121193_1005)
[AsyncTask] Success: unknown in 0ms
[AsyncTask] Starting: unknown (task_1764969121193_1006)
[AsyncTask] Success: unknown in 0ms
[AsyncTask] Starting: unknown (task_1764969121193_1007)
[AsyncTask] Success: unknown in 0ms
[AsyncTask] Starting: unknown (task_1764969121193_1008)
[AsyncTask] Success: unknown in 0ms
[AsyncTask] Starting: unknown (task_1764969121193_1009)
[AsyncTask] Success: unknown in 0ms
[AsyncTask] Starting: unknown (task_1764969121193_1010)
[AsyncTask] Success: unknown in 0ms
[AsyncTask] Starting: unknown (task_1764969121193_1011)
[AsyncTask] Success: unknown in 1ms
[AsyncTask] Starting: unknown (task_1764969121194_1012)
[AsyncTask] Success: unknown in 0ms
[AsyncTask] Starting: unknown (task_1764969121194_1013)
[AsyncTask] Success: unknown in 0ms
[AsyncTask] Starting: unknown (task_1764969121194_1014)
[AsyncTask] Success: unknown in 0ms
[AsyncTask] Starting: unknown (task_1764969121194_1015)
[AsyncTask] Success: unknown in 0ms
[AsyncTask] Starting: unknown (task_1764969121194_1016)
[AsyncTask] Success: unknown in 0ms
[AsyncTask] Starting: unknown (task_1764969121194_1017)
[AsyncTask] Success: unknown in 0ms
[AsyncTask] Starting: unknown (task_1764969121194_1018)
[AsyncTask] Success: unknown in 0ms
[AsyncTask] Starting: unknown (task_1764969121194_1019)
[AsyncTask] Success: unknown in 0ms
[AsyncTask] Starting: unknown (task_1764969121194_1020)
[AsyncTask] Success: unknown in 0ms
[AsyncTask] Starting: unknown (task_1764969121194_1021)
[AsyncTask] Success: unknown in 0ms
[AsyncTask] Starting: unknown (task_1764969121194_1022)
[AsyncTask] Success: unknown in 0ms
[AsyncTask] Starting: unknown (task_1764969121194_1023)
[AsyncTask] Success: unknown in 0ms
[AsyncTask] Starting: unknown (task_1764969121194_1024)
[AsyncTask] Success: unknown in 0ms
[AsyncTask] Starting: unknown (task_1764969121194_1025)
[AsyncTask] Success: unknown in 0ms
[AsyncTask] Starting: unknown (task_1764969121194_1026)
[AsyncTask] Success: unknown in 0ms
[AsyncTask] Starting: unknown (task_1764969121194_1027)
[AsyncTask] Success: unknown in 0ms
[AsyncTask] Starting: unknown (task_1764969121194_1028)
[AsyncTask] Success: unknown in 0ms
[AsyncTask] Starting: unknown (task_1764969121194_1029)
[AsyncTask] Success: unknown in 0ms
[AsyncTask] Starting: unknown (task_1764969121194_1030)
[AsyncTask] Success: unknown in 0ms
[AsyncTask] Starting: unknown (task_1764969121194_1031)
[AsyncTask] Success: unknown in 0ms
[AsyncTask] Starting: unknown (task_1764969121194_1032)
[AsyncTask] Success: unknown in 0ms
[AsyncTask] Starting: unknown (task_1764969121194_1033)
[AsyncTask] Success: unknown in 0ms
[AsyncTask] Starting: unknown (task_1764969121194_1034)
[AsyncTask] Success: unknown in 1ms
[AsyncTask] Starting: unknown (task_1764969121195_1035)
[AsyncTask] Success: unknown in 0ms
[AsyncTask] Starting: unknown (task_1764969121195_1036)
[AsyncTask] Success: unknown in 0ms
[AsyncTask] Starting: unknown (task_1764969121195_1037)
[AsyncTask] Success: unknown in 0ms
[AsyncTask] Starting: unknown (task_1764969121195_1038)
[AsyncTask] Success: unknown in 0ms
[AsyncTask] Starting: unknown (task_1764969121195_1039)
[AsyncTask] Success: unknown in 0ms
[AsyncTask] Starting: unknown (task_1764969121195_1040)
[AsyncTask] Success: unknown in 0ms
[AsyncTask] Starting: unknown (task_1764969121195_1041)
[AsyncTask] Success: unknown in 0ms
[AsyncTask] Starting: unknown (task_1764969121195_1042)
[AsyncTask] Success: unknown in 0ms
[AsyncTask] Starting: unknown (task_1764969121195_1043)
[AsyncTask] Success: unknown in 0ms
[AsyncTask] Starting: unknown (task_1764969121195_1044)
[AsyncTask] Success: unknown in 0ms
[AsyncTask] Starting: unknown (task_1764969121195_1045)
[AsyncTask] Success: unknown in 5ms
[AsyncTask] Starting: unknown (task_1764969121200_1046)
[AsyncTask] Success: unknown in 0ms
[AsyncTask] Starting: unknown (task_1764969121200_1047)
[AsyncTask] Success: unknown in 0ms
[AsyncTask] Starting: unknown (task_1764969121200_1048)
[AsyncTask] Success: unknown in 0ms
[AsyncTask] Starting: unknown (task_1764969121201_1049)
[AsyncTask] Success: unknown in 0ms
[AsyncTask] Starting: unknown (task_1764969121201_1050)
[AsyncTask] Success: unknown in 0ms
[AsyncTask] Starting: unknown (task_1764969121201_1051)
[AsyncTask] Success: unknown in 0ms
[AsyncTask] Starting: unknown (task_1764969121201_1052)
[AsyncTask] Success: unknown in 0ms
[AsyncTask] Starting: unknown (task_1764969121201_1053)
[AsyncTask] Success: unknown in 0ms
[AsyncTask] Starting: unknown (task_1764969121201_1054)
[AsyncTask] Success: unknown in 0ms
[AsyncTask] Starting: unknown (task_1764969121201_1055)
[AsyncTask] Success: unknown in 0ms
[AsyncTask] Starting: unknown (task_1764969121201_1056)
[AsyncTask] Success: unknown in 0ms
[AsyncTask] Starting: unknown (task_1764969121201_1057)
[AsyncTask] Success: unknown in 0ms
[AsyncTask] Starting: unknown (task_1764969121201_1058)
[AsyncTask] Success: unknown in 0ms
[AsyncTask] Starting: unknown (task_1764969121201_1059)
[AsyncTask] Success: unknown in 0ms
[AsyncTask] Starting: unknown (task_1764969121201_1060)
[AsyncTask] Success: unknown in 0ms
[AsyncTask] Starting: unknown (task_1764969121201_1061)
[AsyncTask] Success: unknown in 0ms
[AsyncTask] Starting: unknown (task_1764969121201_1062)
[AsyncTask] Success: unknown in 0ms
[AsyncTask] Starting: unknown (task_1764969121201_1063)
[AsyncTask] Success: unknown in 0ms
[AsyncTask] Starting: unknown (task_1764969121201_1064)
[AsyncTask] Success: unknown in 0ms
[AsyncTask] Starting: unknown (task_1764969121201_1065)
[AsyncTask] Success: unknown in 0ms
[AsyncTask] Starting: unknown (task_1764969121201_1066)
[AsyncTask] Success: unknown in 0ms
[AsyncTask] Starting: unknown (task_1764969121201_1067)
[AsyncTask] Success: unknown in 0ms
[AsyncTask] Starting: unknown (task_1764969121201_1068)
[AsyncTask] Success: unknown in 0ms
[AsyncTask] Starting: unknown (task_1764969121201_1069)
[AsyncTask] Success: unknown in 0ms
[AsyncTask] Starting: unknown (task_1764969121202_1070)
[AsyncTask] Success: unknown in 0ms
[AsyncTask] Starting: unknown (task_1764969121202_1071)
[AsyncTask] Success: unknown in 0ms
[AsyncTask] Starting: unknown (task_1764969121202_1072)
[AsyncTask] Success: unknown in 2ms
[AsyncTask] Starting: unknown (task_1764969121204_1073)
[AsyncTask] Success: unknown in 0ms
[AsyncTask] Starting: unknown (task_1764969121204_1074)
[AsyncTask] Success: unknown in 1ms
[AsyncTask] Starting: unknown (task_1764969121205_1075)
[AsyncTask] Success: unknown in 0ms
[AsyncTask] Starting: unknown (task_1764969121205_1076)
[AsyncTask] Success: unknown in 0ms
[AsyncTask] Starting: unknown (task_1764969121205_1077)
[AsyncTask] Success: unknown in 1ms
[AsyncTask] Starting: unknown (task_1764969121206_1078)
[AsyncTask] Success: unknown in 0ms
[AsyncTask] Starting: unknown (task_1764969121206_1079)
[AsyncTask] Success: unknown in 0ms
[AsyncTask] Starting: unknown (task_1764969121206_1080)
[AsyncTask] Success: unknown in 0ms
[AsyncTask] Starting: unknown (task_1764969121206_1081)
[AsyncTask] Success: unknown in 0ms
[AsyncTask] Starting: unknown (task_1764969121206_1082)
[AsyncTask] Success: unknown in 0ms
[AsyncTask] Starting: unknown (task_1764969121206_1083)
[AsyncTask] Success: unknown in 0ms
[AsyncTask] Starting: unknown (task_1764969121206_1084)
[AsyncTask] Success: unknown in 0ms
[AsyncTask] Starting: unknown (task_1764969121206_1085)
[AsyncTask] Success: unknown in 0ms
[AsyncTask] Starting: unknown (task_1764969121206_1086)
[AsyncTask] Success: unknown in 0ms
[AsyncTask] Starting: unknown (task_1764969121206_1087)
[AsyncTask] Success: unknown in 0ms
[AsyncTask] Starting: unknown (task_1764969121206_1088)
[AsyncTask] Success: unknown in 0ms
[AsyncTask] Starting: unknown (task_1764969121206_1089)
[AsyncTask] Success: unknown in 0ms
[AsyncTask] Starting: unknown (task_1764969121206_1090)
[AsyncTask] Success: unknown in 0ms
[AsyncTask] Starting: unknown (task_1764969121206_1091)
[AsyncTask] Success: unknown in 0ms
[AsyncTask] Starting: unknown (task_1764969121206_1092)
[AsyncTask] Success: unknown in 0ms
[AsyncTask] Starting: unknown (task_1764969121206_1093)
[AsyncTask] Success: unknown in 0ms
[AsyncTask] Starting: unknown (task_1764969121206_1094)
[AsyncTask] Success: unknown in 0ms
[AsyncTask] Starting: unknown (task_1764969121206_1095)
[AsyncTask] Success: unknown in 0ms
[AsyncTask] Starting: unknown (task_1764969121206_1096)
[AsyncTask] Success: unknown in 0ms
[AsyncTask] Starting: unknown (task_1764969121206_1097)
[AsyncTask] Success: unknown in 0ms
[AsyncTask] Starting: unknown (task_1764969121206_1098)
[AsyncTask] Success: unknown in 0ms
[AsyncTask] Starting: unknown (task_1764969121206_1099)
[AsyncTask] Success: unknown in 0ms
[AsyncTask] Starting: unknown (task_1764969121206_1100)
[AsyncTask] Success: unknown in 0ms

stdout | tests/unit/async/AsyncTaskManager.test.ts > AsyncTaskManager > 历史记录 > 应该支持获取限定数量的历史
[AsyncTask] Starting: unknown (task_1764969121207_1)
[AsyncTask] Success: unknown in 0ms
[AsyncTask] Starting: unknown (task_1764969121207_2)
[AsyncTask] Success: unknown in 0ms
[AsyncTask] Starting: unknown (task_1764969121207_3)
[AsyncTask] Success: unknown in 0ms
[AsyncTask] Starting: unknown (task_1764969121207_4)
[AsyncTask] Success: unknown in 0ms
[AsyncTask] Starting: unknown (task_1764969121207_5)
[AsyncTask] Success: unknown in 0ms
[AsyncTask] Starting: unknown (task_1764969121207_6)
[AsyncTask] Success: unknown in 0ms
[AsyncTask] Starting: unknown (task_1764969121207_7)
[AsyncTask] Success: unknown in 0ms
[AsyncTask] Starting: unknown (task_1764969121207_8)
[AsyncTask] Success: unknown in 0ms
[AsyncTask] Starting: unknown (task_1764969121207_9)
[AsyncTask] Success: unknown in 0ms
[AsyncTask] Starting: unknown (task_1764969121207_10)
[AsyncTask] Success: unknown in 0ms

stdout | tests/unit/async/AsyncTaskManager.test.ts > AsyncTaskManager > 历史记录 > 应该支持清空历史
[AsyncTask] Starting: unknown (task_1764969121208_1)
[AsyncTask] Success: unknown in 0ms

stdout | tests/unit/async/AsyncTaskManager.test.ts > AsyncTaskManager > cancelAll > 应该取消所有活跃任务
[AsyncTask] Starting: unknown (task_1764969121209_1)
[AsyncTask] Starting: unknown (task_1764969121209_2)
[AsyncTask] Starting: unknown (task_1764969121209_3)

 ✓ tests/unit/async/AsyncTaskManager.test.ts > AsyncTaskManager > 边界情况 > 应该处理超大重试次数
 ✓ tests/unit/async/AsyncTaskManager.test.ts > AsyncTaskManager > 历史记录 > 应该记录任务历史
 ✓ tests/unit/async/AsyncTaskManager.test.ts > AsyncTaskManager > 历史记录 > 应该限制历史大小
 ✓ tests/unit/async/AsyncTaskManager.test.ts > AsyncTaskManager > 历史记录 > 应该支持获取限定数量的历史
 ✓ tests/unit/async/AsyncTaskManager.test.ts > AsyncTaskManager > 历史记录 > 应该支持清空历史
stdout | tests/unit/async/AsyncTaskManager.test.ts > AsyncTaskManager > cancelAll > 应该取消所有活跃任务
<empty line>
stderr | tests/unit/async/AsyncTaskManager.test.ts > AsyncTaskManager > cancelAll > 应该取消所有活跃任务
[AsyncTask] Cancelling all active tasks

stderr | tests/unit/async/AsyncTaskManager.test.ts > AsyncTaskManager > cancelAll > 应该取消所有活跃任务
<empty line>
stdout | tests/unit/async/AsyncTaskManager.test.ts > AsyncTaskManager > cancelAll > 应该取消所有活跃任务
[AsyncTask] Success: unknown in 1001ms
[AsyncTask] Success: unknown in 1001ms
[AsyncTask] Success: unknown in 1001ms

stdout | tests/unit/async/AsyncTaskManager.test.ts > AsyncTaskManager > 复杂场景 > 应该处理嵌套异步任务
[AsyncTask] Starting: unknown (task_1764969122211_1)
[AsyncTask] Starting: unknown (task_1764969122211_2)

 ✓ tests/unit/async/AsyncTaskManager.test.ts > AsyncTaskManager > cancelAll > 应该取消所有活跃任务 1001ms
stdout | tests/unit/async/AsyncTaskManager.test.ts > AsyncTaskManager > 复杂场景 > 应该处理嵌套异步任务
[AsyncTask] Success: unknown in 51ms
[AsyncTask] Success: unknown in 51ms

stdout | tests/unit/async/AsyncTaskManager.test.ts > AsyncTaskManager > 复杂场景 > 应该处理Promise.race场景
[AsyncTask] Starting: unknown (task_1764969122262_1)
[AsyncTask] Starting: unknown (task_1764969122263_2)
[AsyncTask] Success: unknown in 0ms

stdout | tests/unit/async/AsyncTaskManager.test.ts > AsyncTaskManager > 复杂场景 > 应该处理重试时配置变化
[AsyncTask] Starting: unknown (task_1764969122263_1)

stderr | tests/unit/async/AsyncTaskManager.test.ts > AsyncTaskManager > 复杂场景 > 应该处理重试时配置变化
[AsyncTask] Error on attempt 1: unknown Error: Not ready
    at mockTask (/home/jin/guozha-poker-game/tests/unit/async/AsyncTaskManager.test.ts:833:17)
    at /home/jin/guozha-poker-game/src/central-brain/infrastructure/async/AsyncTaskManager.ts:375:30
    at new Promise (<anonymous>)
    at AsyncTaskManager.executeWithTimeout (/home/jin/guozha-poker-game/src/central-brain/infrastructure/async/AsyncTaskManager.ts:357:12)
    at AsyncTaskManager.executeWithFullSupport (/home/jin/guozha-poker-game/src/central-brain/infrastructure/async/AsyncTaskManager.ts:256:33)
    at AsyncTaskManager.execute (/home/jin/guozha-poker-game/src/central-brain/infrastructure/async/AsyncTaskManager.ts:180:33)
    at /home/jin/guozha-poker-game/tests/unit/async/AsyncTaskManager.test.ts:846:36
    at file:///home/jin/guozha-poker-game/node_modules/@vitest/runner/dist/index.js:135:14
    at file:///home/jin/guozha-poker-game/node_modules/@vitest/runner/dist/index.js:60:26
    at runTest (file:///home/jin/guozha-poker-game/node_modules/@vitest/runner/dist/index.js:781:17)

 ✓ tests/unit/async/AsyncTaskManager.test.ts > AsyncTaskManager > 复杂场景 > 应该处理嵌套异步任务
 ✓ tests/unit/async/AsyncTaskManager.test.ts > AsyncTaskManager > 复杂场景 > 应该处理Promise.race场景
stdout | tests/unit/async/AsyncTaskManager.test.ts > AsyncTaskManager > 复杂场景 > 应该处理重试时配置变化
<empty line>
stderr | tests/unit/async/AsyncTaskManager.test.ts > AsyncTaskManager > 复杂场景 > 应该处理重试时配置变化
[AsyncTask] Error on attempt 2: unknown Error: Not ready
    at mockTask (/home/jin/guozha-poker-game/tests/unit/async/AsyncTaskManager.test.ts:833:17)
    at /home/jin/guozha-poker-game/src/central-brain/infrastructure/async/AsyncTaskManager.ts:375:30
    at new Promise (<anonymous>)
    at AsyncTaskManager.executeWithTimeout (/home/jin/guozha-poker-game/src/central-brain/infrastructure/async/AsyncTaskManager.ts:357:12)
    at AsyncTaskManager.executeWithFullSupport (/home/jin/guozha-poker-game/src/central-brain/infrastructure/async/AsyncTaskManager.ts:256:33)
    at AsyncTaskManager.execute (/home/jin/guozha-poker-game/src/central-brain/infrastructure/async/AsyncTaskManager.ts:180:22)
    at /home/jin/guozha-poker-game/tests/unit/async/AsyncTaskManager.test.ts:846:22
    at runTest (file:///home/jin/guozha-poker-game/node_modules/@vitest/runner/dist/index.js:781:11)
    at runSuite (file:///home/jin/guozha-poker-game/node_modules/@vitest/runner/dist/index.js:909:15)
    at runSuite (file:///home/jin/guozha-poker-game/node_modules/@vitest/runner/dist/index.js:909:15)

stderr | tests/unit/async/AsyncTaskManager.test.ts > AsyncTaskManager > 复杂场景 > 应该处理重试时配置变化
<empty line>
stdout | tests/unit/async/AsyncTaskManager.test.ts > AsyncTaskManager > 复杂场景 > 应该处理重试时配置变化
[AsyncTask] Success: unknown in 28ms

 ✓ tests/unit/async/AsyncTaskManager.test.ts > AsyncTaskManager > 复杂场景 > 应该处理重试时配置变化
 ✓ tests/scoringService.test.ts > scoringService - 基础计分功能 > isScoreCard > 应该正确识别5为分牌
 ✓ tests/scoringService.test.ts > scoringService - 基础计分功能 > isScoreCard > 应该正确识别10为分牌
 ✓ tests/scoringService.test.ts > scoringService - 基础计分功能 > isScoreCard > 应该正确识别K为分牌
 ✓ tests/scoringService.test.ts > scoringService - 基础计分功能 > isScoreCard > 应该正确识别非分牌
 ✓ tests/scoringService.test.ts > scoringService - 基础计分功能 > getCardScore > 应该正确计算5的分值
 ✓ tests/scoringService.test.ts > scoringService - 基础计分功能 > getCardScore > 应该正确计算10的分值
 ✓ tests/scoringService.test.ts > scoringService - 基础计分功能 > getCardScore > 应该正确计算K的分值
 ✓ tests/scoringService.test.ts > scoringService - 基础计分功能 > getCardScore > 应该正确计算非分牌的分值
 ✓ tests/scoringService.test.ts > scoringService - 基础计分功能 > calculateCardsScore > 应该正确计算一组牌的总分值
 ✓ tests/scoringService.test.ts > scoringService - 基础计分功能 > calculateCardsScore > 应该正确处理空数组
 ✓ tests/scoringService.test.ts > scoringService - 基础计分功能 > calculateCardsScore > 应该正确处理只有非分牌的情况
 ✓ tests/scoringService.test.ts > scoringService - 基础计分功能 > calculateDunCount > 应该正确计算7张=1墩
 ✓ tests/scoringService.test.ts > scoringService - 基础计分功能 > calculateDunCount > 应该正确计算8张=2墩
 ✓ tests/scoringService.test.ts > scoringService - 基础计分功能 > calculateDunCount > 应该正确计算9张=4墩
 ✓ tests/scoringService.test.ts > scoringService - 基础计分功能 > calculateDunCount > 应该正确计算10张=8墩
 ✓ tests/scoringService.test.ts > scoringService - 基础计分功能 > calculateDunCount > 应该正确计算11张=16墩
 ✓ tests/scoringService.test.ts > scoringService - 基础计分功能 > calculateDunCount > 少于7张应该返回0
 ✓ tests/scoringService.test.ts > scoringService - 基础计分功能 > calculateDunScore > 5人游戏，1墩：出墩玩家+120分，其他玩家各-30分
 ✓ tests/scoringService.test.ts > scoringService - 基础计分功能 > calculateDunScore > 5人游戏，2墩：出墩玩家+240分，其他玩家各-60分
 ✓ tests/scoringService.test.ts > scoringService - 基础计分功能 > calculateDunScore > 5人游戏，4墩：出墩玩家+480分，其他玩家各-120分
 ✓ tests/scoringService.test.ts > scoringService - 基础计分功能 > calculateDunScore > 4人游戏，1墩：出墩玩家+90分，其他玩家各-30分
 ✓ tests/scoringService.test.ts > scoringService - 基础计分功能 > calculateDunScore > 0墩应该返回0分
 × tests/scoringService.test.ts > scoringService - 出牌时计分 > handleDunScoring > 应该正确处理墩的计分
   → expected +0 to be -30 // Object.is equality
 ✓ tests/scoringService.test.ts > scoringService - 出牌时计分 > handleDunScoring > 非墩的牌不应该触发墩的计分
 × tests/scoringService.test.ts > scoringService - 出牌时计分 > updatePlayerAfterPlay > 应该正确更新玩家手牌和分数
   → expected +0 to be 50 // Object.is equality
 ✓ tests/scoringService.test.ts > scoringService - 游戏结束计分 > initializePlayerScores > 应该将所有玩家的初始分数设置为0
 ✓ tests/scoringService.test.ts > scoringService - 游戏结束计分 > calculateFinalRankings > 应该正确计算最终排名和分数
 ✓ tests/scoringService.test.ts > scoringService - 游戏结束计分 > calculateFinalRankings > 应该正确处理最后一名未出的分牌给第二名
 × tests/scoringService.test.ts > scoringService - 游戏结束计分 > applyFinalGameRules > 应该正确应用最终规则并更新玩家分数
   → expected undefined not to be undefined
stdout | tests/scoringService.test.ts > scoringService - 游戏结束计分 > calculateFinalRankings > 应该正确计算最终排名和分数
[calculateFinalRankings] 排序后的玩家顺序（按手牌数，然后按finishOrder）: {
  rankings: [
    {
      rank: 1,
      playerId: 0,
      playerName: '玩家1',
      handCount: 0,
      finishOrderIndex: 0,
      score: 50
    },
    {
      rank: 2,
      playerId: 1,
      playerName: '玩家2',
      handCount: 0,
      finishOrderIndex: 1,
      score: 30
    },
    {
      rank: 3,
      playerId: 2,
      playerName: '玩家3',
      handCount: 0,
      finishOrderIndex: 2,
      score: 10
    }
  ],
  finishOrder: [ 0, 1, 2 ]
}
[calculateFinalRankings] 应用最终规则前: {
  firstPlayer: { id: 0, name: '玩家1', score: 50, handCount: 0 },
  lastPlayer: { id: 2, name: '玩家3', score: 10, handCount: 0 },
  isSamePlayer: false
}
[calculateFinalRankings] 应用最终规则后: {
  firstPlayer: { id: 0, name: '玩家1', score: 80, adjustment: '+30' },
  lastPlayer: { id: 2, name: '玩家3', score: -20, adjustment: '-30' },
  totalAdjustment: 0
}

stderr | tests/scoringService.test.ts > scoringService - 游戏结束计分 > calculateFinalRankings > 应该正确计算最终排名和分数
[ScoreValidation] ⚠️ 分数总和不为0！总和=90 {
  totalScore: 90,
  playerCount: 3,
  finishOrderLength: 3,
  finishOrder: [ 0, 1, 2 ],
  missingInRankings: [],
  missingInFinishOrder: [],
  playerDetails: [
    {
      name: '玩家1',
      id: 0,
      initialScore: 0,
      roundsWonCount: 0,
      totalRoundScore: 0,
      scoreBeforeFinalRules: 50,
      finalRuleAdjustment: 30,
      finalScore: 80,
      handCount: 0,
      finishOrder: 0,
      otherScoreSources: 50
    },
    {
      name: '玩家2',
      id: 1,
      initialScore: 0,
      roundsWonCount: 0,
      totalRoundScore: 0,
      scoreBeforeFinalRules: 30,
      finalRuleAdjustment: 0,
      finalScore: 30,
      handCount: 0,
      finishOrder: 1,
      otherScoreSources: 30
    },
    {
      name: '玩家3',
      id: 2,
      initialScore: 0,
      roundsWonCount: 0,
      totalRoundScore: 0,
      scoreBeforeFinalRules: 10,
      finalRuleAdjustment: -30,
      finalScore: -20,
      handCount: 0,
      finishOrder: 2,
      otherScoreSources: 10
    }
  ],
  summary: {
    totalInitialScore: 0,
    totalRoundScore: 0,
    totalFinalRuleAdjustment: 0,
    totalOtherScoreSources: 90,
    totalFinalScore: 90,
    expectedTotal: 0
  },
  allRoundsInfo: [
    { playerName: '玩家1', roundsWon: [] },
    { playerName: '玩家2', roundsWon: [] },
    { playerName: '玩家3', roundsWon: [] }
  ]
}

stdout | tests/scoringService.test.ts > scoringService - 游戏结束计分 > calculateFinalRankings > 应该正确处理最后一名未出的分牌给第二名
[calculateFinalRankings] 排序后的玩家顺序（按手牌数，然后按finishOrder）: {
  rankings: [
    {
      rank: 1,
      playerId: 0,
      playerName: '玩家1',
      handCount: 0,
      finishOrderIndex: 0,
      score: 50
    },
    {
      rank: 2,
      playerId: 1,
      playerName: '玩家2',
      handCount: 0,
      finishOrderIndex: 1,
      score: 30
    },
    {
      rank: 3,
      playerId: 2,
      playerName: '玩家3',
      handCount: 2,
      finishOrderIndex: 2,
      score: 10
    }
  ],
  finishOrder: [ 0, 1, 2 ]
}
[calculateFinalRankings] 应用最终规则前: {
  firstPlayer: { id: 0, name: '玩家1', score: 50, handCount: 0 },
  lastPlayer: { id: 2, name: '玩家3', score: 10, handCount: 2 },
  isSamePlayer: false
}
[calculateFinalRankings] 应用最终规则后: {
  firstPlayer: { id: 0, name: '玩家1', score: 80, adjustment: '+30' },
  lastPlayer: { id: 2, name: '玩家3', score: -20, adjustment: '-30' },
  totalAdjustment: 0
}
[calculateFinalRankings] 最后一名(玩家3)还有20分未出，但已经在 GameController 中处理过了（已转移给第二名），跳过

stderr | tests/scoringService.test.ts > scoringService - 游戏结束计分 > calculateFinalRankings > 应该正确处理最后一名未出的分牌给第二名
[ScoreValidation] ⚠️ 分数总和不为0！总和=90 {
  totalScore: 90,
  playerCount: 3,
  finishOrderLength: 3,
  finishOrder: [ 0, 1, 2 ],
  missingInRankings: [],
  missingInFinishOrder: [],
  playerDetails: [
    {
      name: '玩家1',
      id: 0,
      initialScore: 0,
      roundsWonCount: 0,
      totalRoundScore: 0,
      scoreBeforeFinalRules: 50,
      finalRuleAdjustment: 30,
      finalScore: 80,
      handCount: 0,
      finishOrder: 0,
      otherScoreSources: 50
    },
    {
      name: '玩家2',
      id: 1,
      initialScore: 0,
      roundsWonCount: 0,
      totalRoundScore: 0,
      scoreBeforeFinalRules: 30,
      finalRuleAdjustment: 0,
      finalScore: 30,
      handCount: 0,
      finishOrder: 1,
      otherScoreSources: 30
    },
    {
      name: '玩家3',
      id: 2,
      initialScore: 0,
      roundsWonCount: 0,
      totalRoundScore: 0,
      scoreBeforeFinalRules: 10,
      finalRuleAdjustment: -30,
      finalScore: -20,
      handCount: 2,
      finishOrder: 2,
      otherScoreSources: 10
    }
  ],
  summary: {
    totalInitialScore: 0,
    totalRoundScore: 0,
    totalFinalRuleAdjustment: 0,
    totalOtherScoreSources: 90,
    totalFinalScore: 90,
    expectedTotal: 0
  },
  allRoundsInfo: [
    { playerName: '玩家1', roundsWon: [] },
    { playerName: '玩家2', roundsWon: [] },
    { playerName: '玩家3', roundsWon: [] }
  ]
}

stdout | tests/scoringService.test.ts > scoringService - 游戏结束计分 > applyFinalGameRules > 应该正确应用最终规则并更新玩家分数
[calculateFinalRankings] 排序后的玩家顺序（按手牌数，然后按finishOrder）: {
  rankings: [
    {
      rank: 1,
      playerId: 0,
      playerName: '玩家1',
      handCount: 0,
      finishOrderIndex: 0,
      score: 50
    },
    {
      rank: 2,
      playerId: 1,
      playerName: '玩家2',
      handCount: 0,
      finishOrderIndex: 1,
      score: 30
    },
    {
      rank: 3,
      playerId: 2,
      playerName: '玩家3',
      handCount: 0,
      finishOrderIndex: 2,
      score: 10
    }
  ],
  finishOrder: [ 0, 1, 2 ]
}
[calculateFinalRankings] 应用最终规则前: {
  firstPlayer: { id: 0, name: '玩家1', score: 50, handCount: 0 },
  lastPlayer: { id: 2, name: '玩家3', score: 10, handCount: 0 },
  isSamePlayer: false
}
[calculateFinalRankings] 应用最终规则后: {
  firstPlayer: { id: 0, name: '玩家1', score: 80, adjustment: '+30' },
  lastPlayer: { id: 2, name: '玩家3', score: -20, adjustment: '-30' },
  totalAdjustment: 0
}

stderr | tests/scoringService.test.ts > scoringService - 游戏结束计分 > applyFinalGameRules > 应该正确应用最终规则并更新玩家分数
[ScoreValidation] ⚠️ 分数总和不为0！总和=90 {
  totalScore: 90,
  playerCount: 3,
  finishOrderLength: 3,
  finishOrder: [ 0, 1, 2 ],
  missingInRankings: [],
  missingInFinishOrder: [],
  playerDetails: [
    {
      name: '玩家1',
      id: 0,
      initialScore: 0,
      roundsWonCount: 0,
      totalRoundScore: 0,
      scoreBeforeFinalRules: 50,
      finalRuleAdjustment: 30,
      finalScore: 80,
      handCount: 0,
      finishOrder: 0,
      otherScoreSources: 50
    },
    {
      name: '玩家2',
      id: 1,
      initialScore: 0,
      roundsWonCount: 0,
      totalRoundScore: 0,
      scoreBeforeFinalRules: 30,
      finalRuleAdjustment: 0,
      finalScore: 30,
      handCount: 0,
      finishOrder: 1,
      otherScoreSources: 30
    },
    {
      name: '玩家3',
      id: 2,
      initialScore: 0,
      roundsWonCount: 0,
      totalRoundScore: 0,
      scoreBeforeFinalRules: 10,
      finalRuleAdjustment: -30,
      finalScore: -20,
      handCount: 0,
      finishOrder: 2,
      otherScoreSources: 10
    }
  ],
  summary: {
    totalInitialScore: 0,
    totalRoundScore: 0,
    totalFinalRuleAdjustment: 0,
    totalOtherScoreSources: 90,
    totalFinalScore: 90,
    expectedTotal: 0
  },
  allRoundsInfo: [
    { playerName: '玩家1', roundsWon: [] },
    { playerName: '玩家2', roundsWon: [] },
    { playerName: '玩家3', roundsWon: [] }
  ]
}

stdout | tests/unit/state/StateManager.test.ts > StateManager > 初始化 > 应该创建初始状态
[StateManager] Handler registered: INIT_GAME

stdout | tests/unit/state/StateManager.test.ts > StateManager > 初始化 > 应该注册默认处理器
[StateManager] Handler registered: INIT_GAME
[StateManager] Action executed: INIT_GAME

stdout | tests/unit/state/StateManager.test.ts > StateManager > 动作执行 > 应该成功执行已注册的动作
[StateManager] Handler registered: INIT_GAME
[StateManager] Handler registered: TEST_ACTION
[StateManager] Action executed: TEST_ACTION

stdout | tests/unit/state/StateManager.test.ts > StateManager > 动作执行 > 执行未注册的动作应该抛出错误
[StateManager] Handler registered: INIT_GAME

stderr | tests/unit/state/StateManager.test.ts > StateManager > 动作执行 > 执行未注册的动作应该抛出错误
[StateManager] Action failed: UNKNOWN_ACTION Error: No handler registered for action type: UNKNOWN_ACTION
    at StateManager.executeAction (/home/jin/guozha-poker-game/src/game-engine/state/StateManager.ts:131:15)
    at /home/jin/guozha-poker-game/tests/unit/state/StateManager.test.ts:68:17
    at file:///home/jin/guozha-poker-game/node_modules/@vitest/runner/dist/index.js:135:14
    at file:///home/jin/guozha-poker-game/node_modules/@vitest/runner/dist/index.js:60:26
    at runTest (file:///home/jin/guozha-poker-game/node_modules/@vitest/runner/dist/index.js:781:17)
    at runSuite (file:///home/jin/guozha-poker-game/node_modules/@vitest/runner/dist/index.js:909:15)
    at runSuite (file:///home/jin/guozha-poker-game/node_modules/@vitest/runner/dist/index.js:909:15)
    at runSuite (file:///home/jin/guozha-poker-game/node_modules/@vitest/runner/dist/index.js:909:15)
    at runFiles (file:///home/jin/guozha-poker-game/node_modules/@vitest/runner/dist/index.js:958:5)
    at startTests (file:///home/jin/guozha-poker-game/node_modules/@vitest/runner/dist/index.js:967:3)

stdout | tests/unit/state/StateManager.test.ts > StateManager > 动作执行 > 应该自动添加时间戳
[StateManager] Handler registered: INIT_GAME
[StateManager] Handler registered: TEST
[StateManager] Action executed: TEST

stdout | tests/unit/state/StateManager.test.ts > StateManager > 动作执行 > 应该支持异步处理器
[StateManager] Handler registered: INIT_GAME
[StateManager] Handler registered: ASYNC_ACTION

 ✓ tests/unit/state/StateManager.test.ts > StateManager > 初始化 > 应该创建初始状态
 ✓ tests/unit/state/StateManager.test.ts > StateManager > 初始化 > 应该注册默认处理器
 ✓ tests/unit/state/StateManager.test.ts > StateManager > 动作执行 > 应该成功执行已注册的动作
 ✓ tests/unit/state/StateManager.test.ts > StateManager > 动作执行 > 执行未注册的动作应该抛出错误
 ✓ tests/unit/state/StateManager.test.ts > StateManager > 动作执行 > 应该自动添加时间戳
stdout | tests/unit/state/StateManager.test.ts > StateManager > 动作执行 > 应该支持异步处理器
[StateManager] Action executed: ASYNC_ACTION

stdout | tests/unit/state/StateManager.test.ts > StateManager > 状态变化事件 > 应该发出stateChanged事件
[StateManager] Handler registered: INIT_GAME
[StateManager] Handler registered: TEST
[StateManager] Action executed: TEST

stdout | tests/unit/state/StateManager.test.ts > StateManager > 状态变化事件 > 事件应该包含完整信息
[StateManager] Handler registered: INIT_GAME
[StateManager] Handler registered: TEST
[StateManager] Action executed: TEST

stdout | tests/unit/state/StateManager.test.ts > StateManager > 状态变化事件 > 多个监听器都应该收到事件
[StateManager] Handler registered: INIT_GAME
[StateManager] Handler registered: TEST
[StateManager] Action executed: TEST

stdout | tests/unit/state/StateManager.test.ts > StateManager > 错误处理 > 处理器抛出错误时应该不更新状态
[StateManager] Handler registered: INIT_GAME
[StateManager] Handler registered: ERROR_ACTION

stderr | tests/unit/state/StateManager.test.ts > StateManager > 错误处理 > 处理器抛出错误时应该不更新状态
[StateManager] Action failed: ERROR_ACTION Error: Handler error
    at /home/jin/guozha-poker-game/tests/unit/state/StateManager.test.ts:156:15
    at StateManager.executeAction (/home/jin/guozha-poker-game/src/game-engine/state/StateManager.ts:135:30)
    at /home/jin/guozha-poker-game/tests/unit/state/StateManager.test.ts:160:17
    at file:///home/jin/guozha-poker-game/node_modules/@vitest/runner/dist/index.js:135:14
    at file:///home/jin/guozha-poker-game/node_modules/@vitest/runner/dist/index.js:60:26
    at runTest (file:///home/jin/guozha-poker-game/node_modules/@vitest/runner/dist/index.js:781:17)
    at runSuite (file:///home/jin/guozha-poker-game/node_modules/@vitest/runner/dist/index.js:909:15)
    at runSuite (file:///home/jin/guozha-poker-game/node_modules/@vitest/runner/dist/index.js:909:15)
    at runSuite (file:///home/jin/guozha-poker-game/node_modules/@vitest/runner/dist/index.js:909:15)
    at runFiles (file:///home/jin/guozha-poker-game/node_modules/@vitest/runner/dist/index.js:958:5)

stdout | tests/unit/state/StateManager.test.ts > StateManager > 错误处理 > 应该发出actionError事件
[StateManager] Handler registered: INIT_GAME
[StateManager] Handler registered: ERROR

stderr | tests/unit/state/StateManager.test.ts > StateManager > 错误处理 > 应该发出actionError事件
[StateManager] Action failed: ERROR Error: Test error
    at /home/jin/guozha-poker-game/tests/unit/state/StateManager.test.ts:172:15
    at StateManager.executeAction (/home/jin/guozha-poker-game/src/game-engine/state/StateManager.ts:135:30)
    at /home/jin/guozha-poker-game/tests/unit/state/StateManager.test.ts:176:17
    at file:///home/jin/guozha-poker-game/node_modules/@vitest/runner/dist/index.js:135:14
    at file:///home/jin/guozha-poker-game/node_modules/@vitest/runner/dist/index.js:60:26
    at runTest (file:///home/jin/guozha-poker-game/node_modules/@vitest/runner/dist/index.js:781:17)
    at runSuite (file:///home/jin/guozha-poker-game/node_modules/@vitest/runner/dist/index.js:909:15)
    at runSuite (file:///home/jin/guozha-poker-game/node_modules/@vitest/runner/dist/index.js:909:15)
    at runSuite (file:///home/jin/guozha-poker-game/node_modules/@vitest/runner/dist/index.js:909:15)
    at runFiles (file:///home/jin/guozha-poker-game/node_modules/@vitest/runner/dist/index.js:958:5)

stdout | tests/unit/state/StateManager.test.ts > StateManager > 错误处理 > 应该记录错误统计
[StateManager] Handler registered: INIT_GAME
[StateManager] Handler registered: ERROR

stderr | tests/unit/state/StateManager.test.ts > StateManager > 错误处理 > 应该记录错误统计
[StateManager] Action failed: ERROR Error: Fail
    at /home/jin/guozha-poker-game/tests/unit/state/StateManager.test.ts:189:15
    at StateManager.executeAction (/home/jin/guozha-poker-game/src/game-engine/state/StateManager.ts:135:30)
    at /home/jin/guozha-poker-game/tests/unit/state/StateManager.test.ts:193:23
    at file:///home/jin/guozha-poker-game/node_modules/@vitest/runner/dist/index.js:135:14
    at file:///home/jin/guozha-poker-game/node_modules/@vitest/runner/dist/index.js:60:26
    at runTest (file:///home/jin/guozha-poker-game/node_modules/@vitest/runner/dist/index.js:781:17)
    at runSuite (file:///home/jin/guozha-poker-game/node_modules/@vitest/runner/dist/index.js:909:15)
    at runSuite (file:///home/jin/guozha-poker-game/node_modules/@vitest/runner/dist/index.js:909:15)
    at runSuite (file:///home/jin/guozha-poker-game/node_modules/@vitest/runner/dist/index.js:909:15)
    at runFiles (file:///home/jin/guozha-poker-game/node_modules/@vitest/runner/dist/index.js:958:5)

stdout | tests/unit/state/StateManager.test.ts > StateManager > 历史管理 > 应该记录状态历史
[StateManager] Handler registered: INIT_GAME
[StateManager] Handler registered: TEST
[StateManager] Action executed: TEST

stdout | tests/unit/state/StateManager.test.ts > StateManager > 历史管理 > 应该支持撤销
[StateManager] Handler registered: INIT_GAME
[StateManager] Handler registered: TEST
[StateManager] Action executed: TEST
[StateManager] Undo successful

stdout | tests/unit/state/StateManager.test.ts > StateManager > 历史管理 > 无历史时撤销应该返回false
[StateManager] Handler registered: INIT_GAME

stderr | tests/unit/state/StateManager.test.ts > StateManager > 历史管理 > 无历史时撤销应该返回false
[StateManager] No history to undo

stdout | tests/unit/state/StateManager.test.ts > StateManager > 历史管理 > 应该限制历史大小
[StateManager] Handler registered: INIT_GAME
[StateManager] Handler registered: TEST
[StateManager] Action executed: TEST
[StateManager] Action executed: TEST
[StateManager] Action executed: TEST
[StateManager] Action executed: TEST
[StateManager] Action executed: TEST

stdout | tests/unit/state/StateManager.test.ts > StateManager > 历史管理 > 应该支持清空历史
[StateManager] Handler registered: INIT_GAME
[StateManager] Handler registered: TEST
[StateManager] Action executed: TEST
[StateManager] History cleared

stdout | tests/unit/state/StateManager.test.ts > StateManager > 历史管理 > canUndo应该正确反映历史状态
[StateManager] Handler registered: INIT_GAME
[StateManager] Handler registered: TEST
[StateManager] Action executed: TEST
[StateManager] Undo successful

stdout | tests/unit/state/StateManager.test.ts > StateManager > 批量执行 > 应该按顺序执行多个动作
[StateManager] Handler registered: INIT_GAME
[StateManager] Handler registered: ACTION1
[StateManager] Handler registered: ACTION2
[StateManager] Handler registered: ACTION3
[StateManager] Action executed: ACTION1
[StateManager] Action executed: ACTION2
[StateManager] Action executed: ACTION3

stdout | tests/unit/state/StateManager.test.ts > StateManager > 批量执行 > 某个动作失败应该中断后续
[StateManager] Handler registered: INIT_GAME
[StateManager] Handler registered: ACTION1
[StateManager] Handler registered: ACTION2
[StateManager] Handler registered: ACTION3
[StateManager] Action executed: ACTION1

stderr | tests/unit/state/StateManager.test.ts > StateManager > 批量执行 > 某个动作失败应该中断后续
[StateManager] Action failed: ACTION2 Error: Action2 failed
    at /home/jin/guozha-poker-game/tests/unit/state/StateManager.test.ts:313:15
    at StateManager.executeAction (/home/jin/guozha-poker-game/src/game-engine/state/StateManager.ts:135:30)
    at StateManager.executeActions (/home/jin/guozha-poker-game/src/game-engine/state/StateManager.ts:174:18)
    at /home/jin/guozha-poker-game/tests/unit/state/StateManager.test.ts:320:7
    at runTest (file:///home/jin/guozha-poker-game/node_modules/@vitest/runner/dist/index.js:781:11)
    at runSuite (file:///home/jin/guozha-poker-game/node_modules/@vitest/runner/dist/index.js:909:15)
    at runSuite (file:///home/jin/guozha-poker-game/node_modules/@vitest/runner/dist/index.js:909:15)
    at runSuite (file:///home/jin/guozha-poker-game/node_modules/@vitest/runner/dist/index.js:909:15)
    at runFiles (file:///home/jin/guozha-poker-game/node_modules/@vitest/runner/dist/index.js:958:5)
    at startTests (file:///home/jin/guozha-poker-game/node_modules/@vitest/runner/dist/index.js:967:3)

stdout | tests/unit/state/StateManager.test.ts > StateManager > 处理器管理 > 应该支持注册处理器
[StateManager] Handler registered: INIT_GAME
[StateManager] Handler registered: CUSTOM
[StateManager] Action executed: CUSTOM

stdout | tests/unit/state/StateManager.test.ts > StateManager > 处理器管理 > 应该支持注销处理器
[StateManager] Handler registered: INIT_GAME
[StateManager] Handler registered: CUSTOM
[StateManager] Handler unregistered: CUSTOM

stderr | tests/unit/state/StateManager.test.ts > StateManager > 处理器管理 > 应该支持注销处理器
[StateManager] Action failed: CUSTOM Error: No handler registered for action type: CUSTOM
    at StateManager.executeAction (/home/jin/guozha-poker-game/src/game-engine/state/StateManager.ts:131:15)
    at /home/jin/guozha-poker-game/tests/unit/state/StateManager.test.ts:350:17
    at file:///home/jin/guozha-poker-game/node_modules/@vitest/runner/dist/index.js:135:14
    at file:///home/jin/guozha-poker-game/node_modules/@vitest/runner/dist/index.js:60:26
    at runTest (file:///home/jin/guozha-poker-game/node_modules/@vitest/runner/dist/index.js:781:17)
    at runSuite (file:///home/jin/guozha-poker-game/node_modules/@vitest/runner/dist/index.js:909:15)
    at runSuite (file:///home/jin/guozha-poker-game/node_modules/@vitest/runner/dist/index.js:909:15)
    at runSuite (file:///home/jin/guozha-poker-game/node_modules/@vitest/runner/dist/index.js:909:15)
    at runFiles (file:///home/jin/guozha-poker-game/node_modules/@vitest/runner/dist/index.js:958:5)
    at startTests (file:///home/jin/guozha-poker-game/node_modules/@vitest/runner/dist/index.js:967:3)

stdout | tests/unit/state/StateManager.test.ts > StateManager > 处理器管理 > 后注册的处理器应该覆盖先前的
[StateManager] Handler registered: INIT_GAME
[StateManager] Handler registered: TEST
[StateManager] Handler registered: TEST
[StateManager] Action executed: TEST

stdout | tests/unit/state/StateManager.test.ts > StateManager > 重置 > 应该重置状态
[StateManager] Handler registered: INIT_GAME
[StateManager] Handler registered: TEST
[StateManager] Action executed: TEST
[StateManager] State reset

stdout | tests/unit/state/StateManager.test.ts > StateManager > 重置 > 重置应该清空统计
[StateManager] Handler registered: INIT_GAME
[StateManager] Handler registered: TEST
[StateManager] Action executed: TEST
[StateManager] State reset

stdout | tests/unit/state/StateManager.test.ts > StateManager > 重置 > 应该支持重置为新配置
[StateManager] Handler registered: INIT_GAME
[StateManager] State reset

stdout | tests/unit/state/StateManager.test.ts > StateManager > 重置 > 重置应该发出stateReset事件
[StateManager] Handler registered: INIT_GAME
[StateManager] State reset

stdout | tests/unit/state/StateManager.test.ts > StateManager > 统计功能 > 应该正确统计动作数
[StateManager] Handler registered: INIT_GAME
[StateManager] Handler registered: TEST
[StateManager] Action executed: TEST
[StateManager] Action executed: TEST
[StateManager] Action executed: TEST

stdout | tests/unit/state/StateManager.test.ts > StateManager > 统计功能 > 应该正确统计错误数
[StateManager] Handler registered: INIT_GAME
[StateManager] Handler registered: ERROR

stderr | tests/unit/state/StateManager.test.ts > StateManager > 统计功能 > 应该正确统计错误数
[StateManager] Action failed: ERROR Error: Fail
    at /home/jin/guozha-poker-game/tests/unit/state/StateManager.test.ts:439:15
    at StateManager.executeAction (/home/jin/guozha-poker-game/src/game-engine/state/StateManager.ts:135:30)
    at /home/jin/guozha-poker-game/tests/unit/state/StateManager.test.ts:443:23
    at file:///home/jin/guozha-poker-game/node_modules/@vitest/runner/dist/index.js:135:14
    at file:///home/jin/guozha-poker-game/node_modules/@vitest/runner/dist/index.js:60:26
    at runTest (file:///home/jin/guozha-poker-game/node_modules/@vitest/runner/dist/index.js:781:17)
    at runSuite (file:///home/jin/guozha-poker-game/node_modules/@vitest/runner/dist/index.js:909:15)
    at runSuite (file:///home/jin/guozha-poker-game/node_modules/@vitest/runner/dist/index.js:909:15)
    at runSuite (file:///home/jin/guozha-poker-game/node_modules/@vitest/runner/dist/index.js:909:15)
    at runFiles (file:///home/jin/guozha-poker-game/node_modules/@vitest/runner/dist/index.js:958:5)
[StateManager] Action failed: ERROR Error: Fail
    at /home/jin/guozha-poker-game/tests/unit/state/StateManager.test.ts:439:15
    at StateManager.executeAction (/home/jin/guozha-poker-game/src/game-engine/state/StateManager.ts:135:30)
    at /home/jin/guozha-poker-game/tests/unit/state/StateManager.test.ts:447:23
    at runTest (file:///home/jin/guozha-poker-game/node_modules/@vitest/runner/dist/index.js:781:11)
    at runSuite (file:///home/jin/guozha-poker-game/node_modules/@vitest/runner/dist/index.js:909:15)
    at runSuite (file:///home/jin/guozha-poker-game/node_modules/@vitest/runner/dist/index.js:909:15)
    at runSuite (file:///home/jin/guozha-poker-game/node_modules/@vitest/runner/dist/index.js:909:15)
    at runFiles (file:///home/jin/guozha-poker-game/node_modules/@vitest/runner/dist/index.js:958:5)
    at startTests (file:///home/jin/guozha-poker-game/node_modules/@vitest/runner/dist/index.js:967:3)
    at file:///home/jin/guozha-poker-game/node_modules/vitest/dist/chunks/runtime-runBaseTests.oAvMKtQC.js:116:7

stdout | tests/unit/state/StateManager.test.ts > StateManager > 统计功能 > 应该计算成功率
[StateManager] Handler registered: INIT_GAME
[StateManager] Handler registered: SUCCESS
[StateManager] Handler registered: ERROR
[StateManager] Action executed: SUCCESS
[StateManager] Action executed: SUCCESS

stderr | tests/unit/state/StateManager.test.ts > StateManager > 统计功能 > 应该计算成功率
[StateManager] Action failed: ERROR Error: Fail
    at /home/jin/guozha-poker-game/tests/unit/state/StateManager.test.ts:457:15
    at StateManager.executeAction (/home/jin/guozha-poker-game/src/game-engine/state/StateManager.ts:135:30)
    at /home/jin/guozha-poker-game/tests/unit/state/StateManager.test.ts:464:23
    at runTest (file:///home/jin/guozha-poker-game/node_modules/@vitest/runner/dist/index.js:781:11)
    at runSuite (file:///home/jin/guozha-poker-game/node_modules/@vitest/runner/dist/index.js:909:15)
    at runSuite (file:///home/jin/guozha-poker-game/node_modules/@vitest/runner/dist/index.js:909:15)
    at runSuite (file:///home/jin/guozha-poker-game/node_modules/@vitest/runner/dist/index.js:909:15)
    at runFiles (file:///home/jin/guozha-poker-game/node_modules/@vitest/runner/dist/index.js:958:5)
    at startTests (file:///home/jin/guozha-poker-game/node_modules/@vitest/runner/dist/index.js:967:3)
    at file:///home/jin/guozha-poker-game/node_modules/vitest/dist/chunks/runtime-runBaseTests.oAvMKtQC.js:116:7

stdout | tests/unit/state/StateManager.test.ts > StateManager > 历史大小限制 > 应该支持设置最大历史大小
[StateManager] Handler registered: INIT_GAME

stdout | tests/unit/state/StateManager.test.ts > StateManager > 历史大小限制 > 设置负数应该抛出错误
[StateManager] Handler registered: INIT_GAME

stdout | tests/unit/state/StateManager.test.ts > StateManager > 历史大小限制 > 减小历史大小应该截断历史
[StateManager] Handler registered: INIT_GAME
[StateManager] Handler registered: TEST
[StateManager] Action executed: TEST
[StateManager] Action executed: TEST
[StateManager] Action executed: TEST
[StateManager] Action executed: TEST
[StateManager] Action executed: TEST
[StateManager] Action executed: TEST
[StateManager] Action executed: TEST
[StateManager] Action executed: TEST
[StateManager] Action executed: TEST
[StateManager] Action executed: TEST

stdout | tests/unit/state/StateManager.test.ts > StateManager > 历史大小限制 > 设置为0应该禁用历史
[StateManager] Handler registered: INIT_GAME
[StateManager] Handler registered: TEST
[StateManager] Action executed: TEST

stdout | tests/unit/state/StateManager.test.ts > StateManager > 边界情况 > 应该处理处理器返回相同状态
[StateManager] Handler registered: INIT_GAME
[StateManager] Handler registered: NOOP
[StateManager] Action executed: NOOP

stdout | tests/unit/state/StateManager.test.ts > StateManager > 边界情况 > 应该处理空payload
[StateManager] Handler registered: INIT_GAME
[StateManager] Handler registered: EMPTY
[StateManager] Action executed: EMPTY

stdout | tests/unit/state/StateManager.test.ts > StateManager > 边界情况 > 连续撤销应该正确工作
[StateManager] Handler registered: INIT_GAME
[StateManager] Action executed: INIT_GAME
[StateManager] Handler registered: UPDATE_SCORE
[StateManager] Action executed: UPDATE_SCORE
[StateManager] Action executed: UPDATE_SCORE
[StateManager] Action executed: UPDATE_SCORE
[StateManager] Undo successful
[StateManager] Undo successful
[StateManager] Undo successful

 ✓ tests/unit/state/StateManager.test.ts > StateManager > 动作执行 > 应该支持异步处理器
 ✓ tests/unit/state/StateManager.test.ts > StateManager > 状态变化事件 > 应该发出stateChanged事件
 ✓ tests/unit/state/StateManager.test.ts > StateManager > 状态变化事件 > 事件应该包含完整信息
 ✓ tests/unit/state/StateManager.test.ts > StateManager > 状态变化事件 > 多个监听器都应该收到事件
 ✓ tests/unit/state/StateManager.test.ts > StateManager > 错误处理 > 处理器抛出错误时应该不更新状态
 ✓ tests/unit/state/StateManager.test.ts > StateManager > 错误处理 > 应该发出actionError事件
 ✓ tests/unit/state/StateManager.test.ts > StateManager > 错误处理 > 应该记录错误统计
 ✓ tests/unit/state/StateManager.test.ts > StateManager > 历史管理 > 应该记录状态历史
 ✓ tests/unit/state/StateManager.test.ts > StateManager > 历史管理 > 应该支持撤销
 ✓ tests/unit/state/StateManager.test.ts > StateManager > 历史管理 > 无历史时撤销应该返回false
 ✓ tests/unit/state/StateManager.test.ts > StateManager > 历史管理 > 应该限制历史大小
 ✓ tests/unit/state/StateManager.test.ts > StateManager > 历史管理 > 应该支持清空历史
 ✓ tests/unit/state/StateManager.test.ts > StateManager > 历史管理 > canUndo应该正确反映历史状态
 ✓ tests/unit/state/StateManager.test.ts > StateManager > 批量执行 > 应该按顺序执行多个动作
 ✓ tests/unit/state/StateManager.test.ts > StateManager > 批量执行 > 某个动作失败应该中断后续
 ✓ tests/unit/state/StateManager.test.ts > StateManager > 处理器管理 > 应该支持注册处理器
 ✓ tests/unit/state/StateManager.test.ts > StateManager > 处理器管理 > 应该支持注销处理器
 ✓ tests/unit/state/StateManager.test.ts > StateManager > 处理器管理 > 后注册的处理器应该覆盖先前的
 ✓ tests/unit/state/StateManager.test.ts > StateManager > 重置 > 应该重置状态
 ✓ tests/unit/state/StateManager.test.ts > StateManager > 重置 > 重置应该清空统计
 ✓ tests/unit/state/StateManager.test.ts > StateManager > 重置 > 应该支持重置为新配置
 ✓ tests/unit/state/StateManager.test.ts > StateManager > 重置 > 重置应该发出stateReset事件
 ✓ tests/unit/state/StateManager.test.ts > StateManager > 统计功能 > 应该正确统计动作数
 ✓ tests/unit/state/StateManager.test.ts > StateManager > 统计功能 > 应该正确统计错误数
 ✓ tests/unit/state/StateManager.test.ts > StateManager > 统计功能 > 应该计算成功率
 ✓ tests/unit/state/StateManager.test.ts > StateManager > 历史大小限制 > 应该支持设置最大历史大小
 ✓ tests/unit/state/StateManager.test.ts > StateManager > 历史大小限制 > 设置负数应该抛出错误
 ✓ tests/unit/state/StateManager.test.ts > StateManager > 历史大小限制 > 减小历史大小应该截断历史
 ✓ tests/unit/state/StateManager.test.ts > StateManager > 历史大小限制 > 设置为0应该禁用历史
 ✓ tests/unit/state/StateManager.test.ts > StateManager > 边界情况 > 应该处理处理器返回相同状态
 ✓ tests/unit/state/StateManager.test.ts > StateManager > 边界情况 > 应该处理空payload
 ✓ tests/unit/state/StateManager.test.ts > StateManager > 边界情况 > 连续撤销应该正确工作
 ✓ tests/comprehensiveUnitTests.test.ts > 完整单元测试套件 > cardUtils 模块测试 > 牌组创建和洗牌 > 应该创建包含54张牌的完整牌组
 ✓ tests/comprehensiveUnitTests.test.ts > 完整单元测试套件 > cardUtils 模块测试 > 牌组创建和洗牌 > 洗牌应该改变牌的顺序
 ✓ tests/comprehensiveUnitTests.test.ts > 完整单元测试套件 > cardUtils 模块测试 > 牌组创建和洗牌 > 发牌应该给每个玩家相同数量的牌（4人游戏）
 ✓ tests/comprehensiveUnitTests.test.ts > 完整单元测试套件 > cardUtils 模块测试 > 分牌识别 > 应该正确识别分牌（5、10、K）
 ✓ tests/comprehensiveUnitTests.test.ts > 完整单元测试套件 > cardUtils 模块测试 > 分牌识别 > 应该正确计算单张牌的分值
 ✓ tests/comprehensiveUnitTests.test.ts > 完整单元测试套件 > cardUtils 模块测试 > 分牌识别 > 应该正确计算一组牌的总分值
 ✓ tests/comprehensiveUnitTests.test.ts > 完整单元测试套件 > cardUtils 模块测试 > 牌型识别 > 应该正确识别单张
 ✓ tests/comprehensiveUnitTests.test.ts > 完整单元测试套件 > cardUtils 模块测试 > 牌型识别 > 应该正确识别对子
 ✓ tests/comprehensiveUnitTests.test.ts > 完整单元测试套件 > cardUtils 模块测试 > 牌型识别 > 应该正确识别三张
 ✓ tests/comprehensiveUnitTests.test.ts > 完整单元测试套件 > cardUtils 模块测试 > 牌型识别 > 应该正确识别炸弹（4张）
 ✓ tests/comprehensiveUnitTests.test.ts > 完整单元测试套件 > cardUtils 模块测试 > 牌型识别 > 应该正确识别炸弹（5张）
 ✓ tests/comprehensiveUnitTests.test.ts > 完整单元测试套件 > cardUtils 模块测试 > 牌型识别 > 应该正确识别墩（7张）
 ✓ tests/comprehensiveUnitTests.test.ts > 完整单元测试套件 > cardUtils 模块测试 > 牌型识别 > 应该拒绝不合法的牌型
 ✓ tests/comprehensiveUnitTests.test.ts > 完整单元测试套件 > cardUtils 模块测试 > 牌型比较 > 应该正确比较单张牌的大小
 ✓ tests/comprehensiveUnitTests.test.ts > 完整单元测试套件 > cardUtils 模块测试 > 牌型比较 > 应该正确处理炸弹压过普通牌型
 ✓ tests/comprehensiveUnitTests.test.ts > 完整单元测试套件 > cardUtils 模块测试 > 牌型比较 > 应该正确处理更大的炸弹压过小炸弹
 ✓ tests/comprehensiveUnitTests.test.ts > 完整单元测试套件 > cardUtils 模块测试 > 牌型比较 > 应该正确处理墩压过所有牌型
 ✓ tests/comprehensiveUnitTests.test.ts > 完整单元测试套件 > cardUtils 模块测试 > 墩的计算 > 应该正确计算墩的数量
 ✓ tests/comprehensiveUnitTests.test.ts > 完整单元测试套件 > cardUtils 模块测试 > 墩的计算 > 应该正确计算墩的分数（4人游戏）
 ✓ tests/comprehensiveUnitTests.test.ts > 完整单元测试套件 > Round 类测试 > 应该正确创建新轮次
 ✓ tests/comprehensiveUnitTests.test.ts > 完整单元测试套件 > Round 类测试 > 应该正确记录出牌
 ✓ tests/comprehensiveUnitTests.test.ts > 完整单元测试套件 > Round 类测试 > 应该正确计算轮次总分
 ✓ tests/comprehensiveUnitTests.test.ts > 完整单元测试套件 > Round 类测试 > 应该正确结束轮次
 ✓ tests/comprehensiveUnitTests.test.ts > 完整单元测试套件 > GameController 类测试 > 应该正确初始化游戏
 ✓ tests/comprehensiveUnitTests.test.ts > 完整单元测试套件 > GameController 类测试 > 应该正确分配轮次分数
 × tests/comprehensiveUnitTests.test.ts > 完整单元测试套件 > playManager 模块测试 > 应该正确处理墩的计分
   → expected +0 to be -130 // Object.is equality
 ✓ tests/comprehensiveUnitTests.test.ts > 完整单元测试套件 > playManager 模块测试 > 应该正确更新玩家出牌后的手牌
 ✓ tests/comprehensiveUnitTests.test.ts > 完整单元测试套件 > Game 类集成测试 > 应该正确初始化游戏
 ✓ tests/comprehensiveUnitTests.test.ts > 完整单元测试套件 > Game 类集成测试 > 应该正确创建新轮次
stdout | tests/comprehensiveUnitTests.test.ts > 完整单元测试套件 > GameController 类测试 > 应该正确初始化游戏
[GameModeFactory] 创建个人模式策略
[Game构造] 使用游戏模式: 个人模式

stdout | tests/comprehensiveUnitTests.test.ts > 完整单元测试套件 > GameController 类测试 > 应该正确分配轮次分数
[GameModeFactory] 创建个人模式策略
[Game构造] 使用游戏模式: 个人模式

stdout | tests/comprehensiveUnitTests.test.ts > 完整单元测试套件 > Game 类集成测试 > 应该正确初始化游戏
[GameModeFactory] 创建个人模式策略
[Game构造] 使用游戏模式: 个人模式

stdout | tests/comprehensiveUnitTests.test.ts > 完整单元测试套件 > Game 类集成测试 > 应该正确创建新轮次
[GameModeFactory] 创建个人模式策略
[Game构造] 使用游戏模式: 个人模式

 ✓ tests/round.test.ts > Round 类单元测试 > 创建和初始化 > 应该正确创建新轮次
 ✓ tests/round.test.ts > Round 类单元测试 > 创建和初始化 > 应该正确设置轮次编号
 ✓ tests/round.test.ts > Round 类单元测试 > 创建和初始化 > 应该正确设置开始时间
 ✓ tests/round.test.ts > Round 类单元测试 > 时间控制 > 应该正确配置时间参数
 ✓ tests/round.test.ts > Round 类单元测试 > 时间控制 > 应该允许立即出牌（如果距离上次出牌时间足够）
 ✓ tests/round.test.ts > Round 类单元测试 > 时间控制 > 应该要求等待最短间隔
 × tests/round.test.ts > Round 类单元测试 > 时间控制 > 应该正确等待最短间隔
   → expected 99 to be greater than or equal to 100
stdout | tests/roundRegression.test.ts > Round 类回归测试 > 完整轮次流程 > 应该正确处理一轮完整的出牌流程

📋 测试：完整轮次流程

stdout | tests/roundRegression.test.ts > Round 类回归测试 > 完整轮次流程 > 应该正确处理一轮完整的出牌流程
  ✅ 玩家0出牌完成

stdout | tests/roundRegression.test.ts > Round 类回归测试 > 完整轮次流程 > 应该正确处理一轮完整的出牌流程
  ✅ 玩家1出牌完成
  ✅ 玩家2、3要不起
  ✅ 轮次应该结束
  ✅ 轮次结束，返回轮次信息正确（分数由 GameController 分配）


stdout | tests/roundRegression.test.ts > Round 类回归测试 > 完整轮次流程 > 应该正确处理有分牌的轮次

📋 测试：有分牌的轮次流程

 ✓ tests/roundRegression.test.ts > Round 类回归测试 > 完整轮次流程 > 应该正确处理一轮完整的出牌流程
stdout | tests/roundRegression.test.ts > Round 类回归测试 > 完整轮次流程 > 应该正确处理有分牌的轮次
  ✅ 玩家0出牌，轮次分数: 5

stdout | tests/roundRegression.test.ts > Round 类回归测试 > 完整轮次流程 > 应该正确处理有分牌的轮次
  ✅ 玩家1出牌，轮次分数: 15
  ✅ 轮次结束，返回轮次分数 15，接风玩家 1（分数由 GameController 分配）


stdout | tests/roundRegression.test.ts > Round 类回归测试 > 接风流程 > 应该正确处理接风情况

📋 测试：接风流程

 ✓ tests/roundRegression.test.ts > Round 类回归测试 > 完整轮次流程 > 应该正确处理有分牌的轮次
stdout | tests/roundRegression.test.ts > Round 类回归测试 > 接风流程 > 应该正确处理接风情况
  ✅ 接风判断逻辑正常


stdout | tests/roundRegression.test.ts > Round 类回归测试 > 时间控制流程 > 应该正确控制出牌间隔

📋 测试：时间控制

 ✓ tests/roundRegression.test.ts > Round 类回归测试 > 接风流程 > 应该正确处理接风情况
stdout | tests/roundRegression.test.ts > Round 类回归测试 > 时间控制流程 > 应该正确控制出牌间隔
  需要等待 50ms 后才能出牌

stdout | tests/roundRegression.test.ts > Round 类回归测试 > 时间控制流程 > 应该正确控制出牌间隔
  ✅ 出牌间隔控制正常: 第一次 11ms, 第二次 10ms


stdout | tests/roundRegression.test.ts > Round 类回归测试 > 时间控制流程 > 应该正确触发超时

📋 测试：超时机制

 ✓ tests/roundRegression.test.ts > Round 类回归测试 > 时间控制流程 > 应该正确控制出牌间隔
stdout | tests/comprehensiveRegressionTests.test.ts > 完整回归测试套件 > 游戏状态回归测试 > 游戏初始化后应该处于正确的状态
[GameModeFactory] 创建个人模式策略
[Game构造] 使用游戏模式: 个人模式

stdout | tests/comprehensiveRegressionTests.test.ts > 完整回归测试套件 > 分数分配回归测试 > 轮次分数应该正确分配给获胜玩家
[GameModeFactory] 创建个人模式策略
[Game构造] 使用游戏模式: 个人模式

 ✓ tests/comprehensiveRegressionTests.test.ts > 完整回归测试套件 > 发牌随机性回归测试 > 发牌应该是随机的，不应该每次都一样
 ✓ tests/comprehensiveRegressionTests.test.ts > 完整回归测试套件 > 发牌随机性回归测试 > 发牌后不应该自动排序（保持随机顺序）
 ✓ tests/comprehensiveRegressionTests.test.ts > 完整回归测试套件 > 发牌随机性回归测试 > 多次发牌应该产生不同的结果
 ✓ tests/comprehensiveRegressionTests.test.ts > 完整回归测试套件 > 牌型识别回归测试 > 应该正确识别所有合法牌型（不会误判）
 ✓ tests/comprehensiveRegressionTests.test.ts > 完整回归测试套件 > 牌型识别回归测试 > 应该拒绝不合法的牌型组合（不会误接受）
 ✓ tests/comprehensiveRegressionTests.test.ts > 完整回归测试套件 > 牌型比较回归测试 > 应该正确比较牌的大小（不会出现错误的大小关系）
 ✓ tests/comprehensiveRegressionTests.test.ts > 完整回归测试套件 > 牌型比较回归测试 > 应该正确处理炸弹压过普通牌型（不会出现炸弹被普通牌压过）
 ✓ tests/comprehensiveRegressionTests.test.ts > 完整回归测试套件 > 牌型比较回归测试 > 应该正确处理更大的炸弹压过小炸弹（不会出现小炸弹压过大炸弹）
 ✓ tests/comprehensiveRegressionTests.test.ts > 完整回归测试套件 > 牌型比较回归测试 > 应该正确处理墩压过所有牌型（不会出现其他牌型压过墩）
 ✓ tests/comprehensiveRegressionTests.test.ts > 完整回归测试套件 > 分数计算回归测试 > 应该正确计算分牌的分值（不会出现计算错误）
 ✓ tests/comprehensiveRegressionTests.test.ts > 完整回归测试套件 > 分数计算回归测试 > 应该正确计算墩的数量（不会出现计算错误）
 ✓ tests/comprehensiveRegressionTests.test.ts > 完整回归测试套件 > 分数计算回归测试 > 应该正确计算墩的分数（不会出现分配错误）
 ✓ tests/comprehensiveRegressionTests.test.ts > 完整回归测试套件 > 游戏状态回归测试 > 游戏初始化后应该处于正确的状态
 ✓ tests/comprehensiveRegressionTests.test.ts > 完整回归测试套件 > 游戏状态回归测试 > 轮次应该正确创建和结束
 ✓ tests/comprehensiveRegressionTests.test.ts > 完整回归测试套件 > 分数分配回归测试 > 轮次分数应该正确分配给获胜玩家
 × tests/comprehensiveRegressionTests.test.ts > 完整回归测试套件 > 分数分配回归测试 > 墩的分数应该正确分配给所有玩家
   → expected +0 to be -130 // Object.is equality
 ✓ tests/comprehensiveRegressionTests.test.ts > 完整回归测试套件 > 边界情况回归测试 > 空手牌应该正确处理
 ✓ tests/comprehensiveRegressionTests.test.ts > 完整回归测试套件 > 边界情况回归测试 > 只有一张牌时应该能出牌
 ✓ tests/comprehensiveRegressionTests.test.ts > 完整回归测试套件 > 边界情况回归测试 > 最大墩数应该正确处理
 ✓ tests/compactHandCards.test.tsx > 紧凑型手牌组件测试 > 基本渲染 > 应该渲染空状态
 ✓ tests/compactHandCards.test.tsx > 紧凑型手牌组件测试 > 基本渲染 > 应该渲染分组手牌
 ✓ tests/compactHandCards.test.tsx > 紧凑型手牌组件测试 > 基本渲染 > 应该按点数排序显示
 ✓ tests/compactHandCards.test.tsx > 紧凑型手牌组件测试 > 紧凑模式显示 > 应该显示叠放卡片
 × tests/compactHandCards.test.tsx > 紧凑型手牌组件测试 > 紧凑模式显示 > 应该显示数量徽章（多张牌时）
   → expected null to be truthy
 ✓ tests/compactHandCards.test.tsx > 紧凑型手牌组件测试 > 紧凑模式显示 > 不应该显示数量徽章（单张牌时）
 ✓ tests/compactHandCards.test.tsx > 紧凑型手牌组件测试 > 展开/收起功能 > 应该能够展开卡片组 335ms
 ✓ tests/compactHandCards.test.tsx > 紧凑型手牌组件测试 > 展开/收起功能 > 应该能够收起卡片组 327ms
 ✓ tests/compactHandCards.test.tsx > 紧凑型手牌组件测试 > 展开/收起功能 > 展开时应该显示所有卡片 316ms
 ✓ tests/compactHandCards.test.tsx > 紧凑型手牌组件测试 > 展开/收起功能 > 展开时应该显示点数标签和数量 311ms
 ✓ tests/compactHandCards.test.tsx > 紧凑型手牌组件测试 > 卡片选择 > 应该能够点击卡片选择
 ✓ tests/compactHandCards.test.tsx > 紧凑型手牌组件测试 > 卡片选择 > 应该显示选中状态
 ✓ tests/compactHandCards.test.tsx > 紧凑型手牌组件测试 > 卡片选择 > 应该显示选中指示器（紧凑模式）
 ✓ tests/compactHandCards.test.tsx > 紧凑型手牌组件测试 > 卡片选择 > 应该显示选中数量（展开模式） 317ms
 ✓ tests/compactHandCards.test.tsx > 紧凑型手牌组件测试 > 卡片选择 > 选中卡片应该有has-selected类
 ✓ tests/compactHandCards.test.tsx > 紧凑型手牌组件测试 > 悬停效果 > 悬停时应该添加hovered类
 ✓ tests/compactHandCards.test.tsx > 紧凑型手牌组件测试 > 回调函数 > 应该调用onToggleExpand回调
 ✓ tests/compactHandCards.test.tsx > 紧凑型手牌组件测试 > 回调函数 > onToggleExpand应该是可选的
 ✓ tests/integrationTests.test.ts > 集成测试套件 > Game + Round + GameController 集成 > 应该完成完整的游戏初始化流程
 ✓ tests/integrationTests.test.ts > 集成测试套件 > Game + Round + GameController 集成 > 应该正确处理轮次创建和出牌流程
 ✓ tests/integrationTests.test.ts > 集成测试套件 > Game + Round + GameController 集成 > 应该正确处理轮次结束和分数分配
 ✓ tests/integrationTests.test.ts > 集成测试套件 > RoundScheduler + Game 集成 > 应该正确创建调度器并管理出牌顺序
 ✓ tests/integrationTests.test.ts > 集成测试套件 > 完整游戏流程集成测试 > 应该能够完成一轮完整的游戏流程
 ✓ tests/integrationTests.test.ts > 集成测试套件 > 异步出牌处理集成 > 应该正确处理异步出牌流程
 ✓ tests/integrationTests.test.ts > 集成测试套件 > 分数计算和排名集成 > 应该正确计算和分配多轮次的分数
stdout | tests/integrationTests.test.ts > 集成测试套件 > Game + Round + GameController 集成 > 应该完成完整的游戏初始化流程
[GameModeFactory] 创建个人模式策略
[Game构造] 使用游戏模式: 个人模式

stdout | tests/integrationTests.test.ts > 集成测试套件 > Game + Round + GameController 集成 > 应该正确处理轮次创建和出牌流程
[GameModeFactory] 创建个人模式策略
[Game构造] 使用游戏模式: 个人模式

stdout | tests/integrationTests.test.ts > 集成测试套件 > Game + Round + GameController 集成 > 应该正确处理轮次结束和分数分配
[GameModeFactory] 创建个人模式策略
[Game构造] 使用游戏模式: 个人模式

stdout | tests/integrationTests.test.ts > 集成测试套件 > RoundScheduler + Game 集成 > 应该正确创建调度器并管理出牌顺序
[GameModeFactory] 创建个人模式策略
[Game构造] 使用游戏模式: 个人模式

stdout | tests/integrationTests.test.ts > 集成测试套件 > 完整游戏流程集成测试 > 应该能够完成一轮完整的游戏流程
[GameModeFactory] 创建个人模式策略
[Game构造] 使用游戏模式: 个人模式

stdout | tests/integrationTests.test.ts > 集成测试套件 > 分数计算和排名集成 > 应该正确计算和分配多轮次的分数
[GameModeFactory] 创建个人模式策略
[Game构造] 使用游戏模式: 个人模式

 ✓ tests/compactHandCards.test.tsx > 紧凑型手牌组件测试 > 多组卡片 > 应该能够同时展开多个组 628ms
 ✓ tests/compactHandCards.test.tsx > 紧凑型手牌组件测试 > 多组卡片 > 应该独立管理每组的展开状态 638ms
 × tests/round.test.ts > Round 类单元测试 > 时间控制 > 应该正确开始和清除超时计时器 5002ms
   → Test timed out in 5000ms.
If this is a long-running test, pass a timeout value as the last argument or configure it globally with "testTimeout".
 ✓ tests/round.test.ts > Round 类单元测试 > 时间控制 > 应该正确获取已等待时间
 ✓ tests/round.test.ts > Round 类单元测试 > 出牌记录 > 应该正确记录出牌
 ✓ tests/round.test.ts > Round 类单元测试 > 出牌记录 > 应该正确累加分牌分数
 ✓ tests/round.test.ts > Round 类单元测试 > 出牌记录 > 应该正确记录要不起
 ✓ tests/round.test.ts > Round 类单元测试 > 出牌记录 > 已结束的轮次不应该允许记录出牌
 ✓ tests/round.test.ts > Round 类单元测试 > 接风判断 > 应该正确判断接风状态
 ✓ tests/round.test.ts > Round 类单元测试 > 轮次结束判断 > 应该正确判断轮次是否应该结束
 ✓ tests/round.test.ts > Round 类单元测试 > 结束轮次 > 应该正确结束轮次并返回轮次信息（不分配分数）
 ✓ tests/round.test.ts > Round 类单元测试 > 结束轮次 > 应该正确生成轮次记录
 ✓ tests/round.test.ts > Round 类单元测试 > 结束轮次 > 已结束的轮次不应该再次结束
 ✓ tests/round.test.ts > Round 类单元测试 > 异步出牌处理 > 应该正确检查是否有正在处理的出牌
 ✓ tests/round.test.ts > Round 类单元测试 > 异步出牌处理 > 应该正确处理异步出牌
 ✓ tests/round.test.ts > Round 类单元测试 > 异步出牌处理 > 应该正确处理异步出牌失败
 ✓ tests/round.test.ts > Round 类单元测试 > 异步出牌处理 > 应该等待正在处理的出牌完成
 ✓ tests/round.test.ts > Round 类单元测试 > 统计信息 > 应该正确获取轮次统计信息
 ✓ tests/round.test.ts > Round 类单元测试 > 克隆和序列化 > 应该正确克隆轮次
 ✓ tests/round.test.ts > Round 类单元测试 > 克隆和序列化 > 应该正确转换为记录
stdout | tests/roundRegression.test.ts > Round 类回归测试 > 异步处理流程 > 应该按顺序处理多个异步出牌

📋 测试：异步处理顺序

 × tests/roundRegression.test.ts > Round 类回归测试 > 时间控制流程 > 应该正确触发超时 5004ms
   → Test timed out in 5000ms.
If this is a long-running test, pass a timeout value as the last argument or configure it globally with "testTimeout".
stdout | tests/roundRegression.test.ts > Round 类回归测试 > 异步处理流程 > 应该按顺序处理多个异步出牌
  ✅ 异步处理顺序正确: 1 -> 2 -> 3 -> 4 


stdout | tests/roundRegression.test.ts > Round 类回归测试 > 轮次结束场景 > 应该正确处理所有人都要不起的情况

📋 测试：所有人都要不起
  ✅ 所有人都要不起，轮次正确结束（分数由 GameController 分配）


stdout | tests/roundRegression.test.ts > Round 类回归测试 > 轮次结束场景 > 应该正确处理有人出完牌的情况

📋 测试：有人出完牌
  ✅ 玩家出完牌，轮次正确结束（分数由 GameController 分配）


stdout | tests/roundRegression.test.ts > Round 类回归测试 > 多轮次场景 > 应该正确处理连续多轮

📋 测试：连续多轮
  第1轮: 获胜者=玩家1, 分数=5
  第2轮: 获胜者=玩家1, 分数=5
  第3轮: 获胜者=玩家1, 分数=5
  ✅ 连续多轮处理正确


stdout | tests/roundRegression.test.ts > Round 类回归测试 > 边界情况 > 应该正确处理空轮次（没有人出牌）

📋 测试：空轮次
  ✅ 空轮次处理正确


stdout | tests/roundRegression.test.ts > Round 类回归测试 > 边界情况 > 应该正确处理没有分牌的轮次

📋 测试：没有分牌的轮次
  ✅ 没有分牌的轮次处理正确（分数由 GameController 分配）


 ✓ tests/roundRegression.test.ts > Round 类回归测试 > 异步处理流程 > 应该按顺序处理多个异步出牌
 ✓ tests/roundRegression.test.ts > Round 类回归测试 > 轮次结束场景 > 应该正确处理所有人都要不起的情况
 ✓ tests/roundRegression.test.ts > Round 类回归测试 > 轮次结束场景 > 应该正确处理有人出完牌的情况
 ✓ tests/roundRegression.test.ts > Round 类回归测试 > 多轮次场景 > 应该正确处理连续多轮
 ✓ tests/roundRegression.test.ts > Round 类回归测试 > 边界情况 > 应该正确处理空轮次（没有人出牌）
 ✓ tests/roundRegression.test.ts > Round 类回归测试 > 边界情况 > 应该正确处理没有分牌的轮次
 × tests/scoringServiceRegression.test.ts > scoringService - 回归测试 > 不同玩家数的墩计分测试 > 应该正确处理4人游戏的墩计分
   → expected +0 to be -10 // Object.is equality
 × tests/scoringServiceRegression.test.ts > scoringService - 回归测试 > 不同玩家数的墩计分测试 > 应该正确处理8人游戏的墩计分
   → expected +0 to be 110 // Object.is equality
 ✓ tests/scoringServiceRegression.test.ts > scoringService - 回归测试 > 边界情况测试 > 应该正确处理最后一名没有未出分牌的情况
 ✓ tests/scoringServiceRegression.test.ts > scoringService - 回归测试 > 分牌计算准确性测试 > 应该正确计算各种分牌组合
stdout | tests/scoringServiceRegression.test.ts > scoringService - 回归测试 > 边界情况测试 > 应该正确处理最后一名没有未出分牌的情况
[calculateFinalRankings] 排序后的玩家顺序（按手牌数，然后按finishOrder）: {
  rankings: [
    {
      rank: 1,
      playerId: 0,
      playerName: '玩家1',
      handCount: 0,
      finishOrderIndex: 0,
      score: 50
    },
    {
      rank: 2,
      playerId: 1,
      playerName: '玩家2',
      handCount: 0,
      finishOrderIndex: 1,
      score: 30
    },
    {
      rank: 3,
      playerId: 2,
      playerName: '玩家3',
      handCount: 0,
      finishOrderIndex: 2,
      score: 10
    }
  ],
  finishOrder: [ 0, 1, 2 ]
}
[calculateFinalRankings] 应用最终规则前: {
  firstPlayer: { id: 0, name: '玩家1', score: 50, handCount: 0 },
  lastPlayer: { id: 2, name: '玩家3', score: 10, handCount: 0 },
  isSamePlayer: false
}
[calculateFinalRankings] 应用最终规则后: {
  firstPlayer: { id: 0, name: '玩家1', score: 80, adjustment: '+30' },
  lastPlayer: { id: 2, name: '玩家3', score: -20, adjustment: '-30' },
  totalAdjustment: 0
}

stderr | tests/scoringServiceRegression.test.ts > scoringService - 回归测试 > 边界情况测试 > 应该正确处理最后一名没有未出分牌的情况
[ScoreValidation] ⚠️ 分数总和不为0！总和=90 {
  totalScore: 90,
  playerCount: 3,
  finishOrderLength: 3,
  finishOrder: [ 0, 1, 2 ],
  missingInRankings: [],
  missingInFinishOrder: [],
  playerDetails: [
    {
      name: '玩家1',
      id: 0,
      initialScore: 0,
      roundsWonCount: 0,
      totalRoundScore: 0,
      scoreBeforeFinalRules: 50,
      finalRuleAdjustment: 30,
      finalScore: 80,
      handCount: 0,
      finishOrder: 0,
      otherScoreSources: 50
    },
    {
      name: '玩家2',
      id: 1,
      initialScore: 0,
      roundsWonCount: 0,
      totalRoundScore: 0,
      scoreBeforeFinalRules: 30,
      finalRuleAdjustment: 0,
      finalScore: 30,
      handCount: 0,
      finishOrder: 1,
      otherScoreSources: 30
    },
    {
      name: '玩家3',
      id: 2,
      initialScore: 0,
      roundsWonCount: 0,
      totalRoundScore: 0,
      scoreBeforeFinalRules: 10,
      finalRuleAdjustment: -30,
      finalScore: -20,
      handCount: 0,
      finishOrder: 2,
      otherScoreSources: 10
    }
  ],
  summary: {
    totalInitialScore: 0,
    totalRoundScore: 0,
    totalFinalRuleAdjustment: 0,
    totalOtherScoreSources: 90,
    totalFinalScore: 90,
    expectedTotal: 0
  },
  allRoundsInfo: [
    { playerName: '玩家1', roundsWon: [] },
    { playerName: '玩家2', roundsWon: [] },
    { playerName: '玩家3', roundsWon: [] }
  ]
}

 ✓ tests/unit/state/GameState.test.ts > GameState > 初始化 > 应该正确初始化状态
 ✓ tests/unit/state/GameState.test.ts > GameState > 初始化 > 配置应该是只读的
 ✓ tests/unit/state/GameState.test.ts > GameState > 初始化 > 应该正确存储配置
 ✓ tests/unit/state/GameState.test.ts > GameState > 不可变性 > updatePlayer应该返回新对象
 ✓ tests/unit/state/GameState.test.ts > GameState > 不可变性 > 相同状态更新应该返回自身
 ✓ tests/unit/state/GameState.test.ts > GameState > 不可变性 > players数组应该是只读的
 ✓ tests/unit/state/GameState.test.ts > GameState > 不可变性 > 有实际变化的更新应该返回新状态
 ✓ tests/unit/state/GameState.test.ts > GameState > 状态更新 > 应该正确初始化玩家
 ✓ tests/unit/state/GameState.test.ts > GameState > 状态更新 > 应该正确更新玩家属性
 ✓ tests/unit/state/GameState.test.ts > GameState > 状态更新 > 应该正确更新游戏状态
 ✓ tests/unit/state/GameState.test.ts > GameState > 状态更新 > 应该正确添加轮次
 ✓ tests/unit/state/GameState.test.ts > GameState > 状态更新 > 应该正确更新当前玩家
 ✓ tests/unit/state/GameState.test.ts > GameState > 状态更新 > 应该正确添加到完成顺序
 ✓ tests/unit/state/GameState.test.ts > GameState > 状态更新 > 重复添加到完成顺序应该忽略
 ✓ tests/unit/state/GameState.test.ts > GameState > 边界情况 > 应该拒绝无效的玩家索引
 ✓ tests/unit/state/GameState.test.ts > GameState > 边界情况 > 应该拒绝无效的当前玩家索引
 ✓ tests/unit/state/GameState.test.ts > GameState > 边界情况 > 空玩家列表时currentPlayer应该返回undefined
 ✓ tests/unit/state/GameState.test.ts > GameState > 边界情况 > 无轮次时currentRound应该返回undefined
 ✓ tests/unit/state/GameState.test.ts > GameState > 快照功能 > toSnapshot应该导出完整状态
 ✓ tests/unit/state/GameState.test.ts > GameState > 快照功能 > fromSnapshot应该恢复状态
 ✓ tests/unit/state/GameState.test.ts > GameState > 快照功能 > 快照往返应该保持一致
 ✓ tests/unit/state/GameState.test.ts > GameState > 事件系统 > 状态变化应该发出事件
 ✓ tests/unit/state/GameState.test.ts > GameState > 事件系统 > 事件应该包含正确的数据
 ✓ tests/unit/state/GameState.test.ts > GameState > 事件系统 > 多个监听器应该都收到事件
 ✓ tests/unit/state/GameState.test.ts > GameState > 事件系统 > 应该支持取消监听
 ✓ tests/unit/state/GameState.test.ts > GameState > 事件系统 > 监听器错误不应该影响其他监听器
 ✓ tests/unit/state/GameState.test.ts > GameState > 链式更新 > 应该支持链式更新
 ✓ tests/unit/state/GameState.test.ts > GameState > 链式更新 > 链式更新每步都应该返回新对象
 ✓ tests/unit/state/GameState.test.ts > GameState > Getter方法 > currentPlayer应该返回当前玩家
 ✓ tests/unit/state/GameState.test.ts > GameState > Getter方法 > currentRound应该返回当前轮次
 ✓ tests/unit/state/GameState.test.ts > GameState > Getter方法 > 索引越界时应该返回undefined
stderr | tests/unit/state/GameState.test.ts > GameState > 事件系统 > 监听器错误不应该影响其他监听器
[GameState] Event listener error: Error: Listener error
    at /home/jin/guozha-poker-game/tests/unit/state/GameState.test.ts:346:15
    at mockCall (file:///home/jin/guozha-poker-game/node_modules/@vitest/spy/dist/index.js:50:17)
    at spy (file:///home/jin/guozha-poker-game/node_modules/tinyspy/dist/index.js:42:80)
    at /home/jin/guozha-poker-game/src/game-engine/state/GameState.ts:481:9
    at Array.forEach (<anonymous>)
    at GameState.emit (/home/jin/guozha-poker-game/src/game-engine/state/GameState.ts:479:15)
    at GameState.updateStatus (/home/jin/guozha-poker-game/src/game-engine/state/GameState.ts:260:10)
    at /home/jin/guozha-poker-game/tests/unit/state/GameState.test.ts:353:13
    at file:///home/jin/guozha-poker-game/node_modules/@vitest/runner/dist/index.js:135:14
    at file:///home/jin/guozha-poker-game/node_modules/@vitest/runner/dist/index.js:60:26

 ✓ tests/gameRulesGuide.test.tsx > 游戏规则指南组件测试 > 基本渲染 > 应该渲染关闭状态的按钮
 ✓ tests/gameRulesGuide.test.tsx > 游戏规则指南组件测试 > 基本渲染 > 按钮应该有正确的样式类
 ✓ tests/teamModeGameEnd.test.ts > 团队模式游戏结束流程 > 团队游戏结束判定 > 应该在某个团队全部出完时结束游戏
 ✓ tests/teamModeGameEnd.test.ts > 团队模式游戏结束流程 > 团队游戏结束判定 > 应该正确处理被关玩家的finishOrder排序
 ✓ tests/teamModeGameEnd.test.ts > 团队模式游戏结束流程 > 团队游戏结束判定 > 应该正确设置被关玩家的finishedRank
 ✓ tests/teamModeGameEnd.test.ts > 团队模式游戏结束流程 > winningTeamId设置 > 应该正确设置获胜团队ID
 ✓ tests/teamModeGameEnd.test.ts > 团队模式游戏结束流程 > winningTeamId设置 > 个人模式下winningTeamId应该为null
 ✓ tests/teamModeGameEnd.test.ts > 团队模式游戏结束流程 > 关单场景 > 应该正确处理关单情况（1个玩家被关）
 ✓ tests/teamModeGameEnd.test.ts > 团队模式游戏结束流程 > 关双场景 > 应该正确处理关双情况（2个玩家被关）
 ✓ tests/teamModeGameEnd.test.ts > 团队模式游戏结束流程 > 队友接风逻辑 > 队友都出完时应该返回null（触发游戏结束）
 ✓ tests/teamModeGameEnd.test.ts > 团队模式游戏结束流程 > 队友接风逻辑 > 队友未全部出完时应该找队友接风
 ✓ tests/teamModeGameEnd.test.ts > 团队模式游戏结束流程 > 队友接风逻辑 > 队友出完但团队未全部出完时应该找对手
 ✓ tests/teamModeGameEnd.test.ts > 团队模式游戏结束流程 > 完整游戏流程（团队模式） > 应该能够完成团队模式的完整游戏流程
 ✓ tests/teamModeGameEnd.test.ts > 团队模式游戏结束流程 > 完整游戏流程（团队模式） > 应该正确处理游戏结束并设置winningTeamId
 ✓ tests/teamModeGameEnd.test.ts > 团队模式游戏结束流程 > 边界情况 > 应该处理所有玩家都出完的情况
 ✓ tests/teamModeGameEnd.test.ts > 团队模式游戏结束流程 > 边界情况 > 应该处理手牌数量相同的被关玩家
 ✓ tests/teamModeGameEnd.test.ts > 团队模式游戏结束流程 > 边界情况 > 应该正确处理第一名和末游是队友的情况
 ✓ tests/teamModeGameEnd.test.ts > 团队模式游戏结束流程 > 与个人模式的兼容性 > 个人模式应该不受影响
stdout | tests/teamModeGameEnd.test.ts > 团队模式游戏结束流程 > 团队游戏结束判定 > 应该在某个团队全部出完时结束游戏
[GameModeFactory] 创建团队模式策略
[Game构造] 使用游戏模式: 团队模式
[startNewGame] 游戏模式: 团队模式
[startNewGame] config.teamMode: true
[startNewGame] config.playerCount: 4
[startNewGame] isTeamMode: true
[startNewGame] 创建团队配置: {
  playerCount: 4,
  teams: [
    {
      id: 0,
      name: '团队A',
      players: [Array],
      teamScore: 0,
      roundScore: 0,
      roundsWon: 0,
      totalScoreEarned: 0
    },
    {
      id: 1,
      name: '团队B',
      players: [Array],
      teamScore: 0,
      roundScore: 0,
      roundsWon: 0,
      totalScoreEarned: 0
    }
  ],
  humanPlayerTeam: 0,
  humanPlayerDirection: 'south'
}

stdout | tests/teamModeGameEnd.test.ts > 团队模式游戏结束流程 > 团队游戏结束判定 > 应该正确处理被关玩家的finishOrder排序
[GameModeFactory] 创建团队模式策略
[Game构造] 使用游戏模式: 团队模式
[startNewGame] 游戏模式: 团队模式
[startNewGame] config.teamMode: true
[startNewGame] config.playerCount: 4
[startNewGame] isTeamMode: true
[startNewGame] 创建团队配置: {
  playerCount: 4,
  teams: [
    {
      id: 0,
      name: '团队A',
      players: [Array],
      teamScore: 0,
      roundScore: 0,
      roundsWon: 0,
      totalScoreEarned: 0
    },
    {
      id: 1,
      name: '团队B',
      players: [Array],
      teamScore: 0,
      roundScore: 0,
      roundsWon: 0,
      totalScoreEarned: 0
    }
  ],
  humanPlayerTeam: 0,
  humanPlayerDirection: 'south'
}

stdout | tests/teamModeGameEnd.test.ts > 团队模式游戏结束流程 > 团队游戏结束判定 > 应该正确设置被关玩家的finishedRank
[GameModeFactory] 创建团队模式策略
[Game构造] 使用游戏模式: 团队模式
[startNewGame] 游戏模式: 团队模式
[startNewGame] config.teamMode: true
[startNewGame] config.playerCount: 4
[startNewGame] isTeamMode: true
[startNewGame] 创建团队配置: {
  playerCount: 4,
  teams: [
    {
      id: 0,
      name: '团队A',
      players: [Array],
      teamScore: 0,
      roundScore: 0,
      roundsWon: 0,
      totalScoreEarned: 0
    },
    {
      id: 1,
      name: '团队B',
      players: [Array],
      teamScore: 0,
      roundScore: 0,
      roundsWon: 0,
      totalScoreEarned: 0
    }
  ],
  humanPlayerTeam: 0,
  humanPlayerDirection: 'south'
}

stdout | tests/teamModeGameEnd.test.ts > 团队模式游戏结束流程 > winningTeamId设置 > 应该正确设置获胜团队ID
[GameModeFactory] 创建团队模式策略
[Game构造] 使用游戏模式: 团队模式
[startNewGame] 游戏模式: 团队模式
[startNewGame] config.teamMode: true
[startNewGame] config.playerCount: 4
[startNewGame] isTeamMode: true
[startNewGame] 创建团队配置: {
  playerCount: 4,
  teams: [
    {
      id: 0,
      name: '团队A',
      players: [Array],
      teamScore: 0,
      roundScore: 0,
      roundsWon: 0,
      totalScoreEarned: 0
    },
    {
      id: 1,
      name: '团队B',
      players: [Array],
      teamScore: 0,
      roundScore: 0,
      roundsWon: 0,
      totalScoreEarned: 0
    }
  ],
  humanPlayerTeam: 0,
  humanPlayerDirection: 'south'
}

stdout | tests/teamModeGameEnd.test.ts > 团队模式游戏结束流程 > winningTeamId设置 > 个人模式下winningTeamId应该为null
[GameModeFactory] 创建团队模式策略
[Game构造] 使用游戏模式: 团队模式
[GameModeFactory] 创建个人模式策略
[Game构造] 使用游戏模式: 个人模式
[startNewGame] 游戏模式: 个人模式
[startNewGame] config.teamMode: false
[startNewGame] config.playerCount: 4
[startNewGame] isTeamMode: false
[startNewGame] 个人模式，teamConfig = null

stdout | tests/teamModeGameEnd.test.ts > 团队模式游戏结束流程 > 关单场景 > 应该正确处理关单情况（1个玩家被关）
[GameModeFactory] 创建团队模式策略
[Game构造] 使用游戏模式: 团队模式
[startNewGame] 游戏模式: 团队模式
[startNewGame] config.teamMode: true
[startNewGame] config.playerCount: 4
[startNewGame] isTeamMode: true
[startNewGame] 创建团队配置: {
  playerCount: 4,
  teams: [
    {
      id: 0,
      name: '团队A',
      players: [Array],
      teamScore: 0,
      roundScore: 0,
      roundsWon: 0,
      totalScoreEarned: 0
    },
    {
      id: 1,
      name: '团队B',
      players: [Array],
      teamScore: 0,
      roundScore: 0,
      roundsWon: 0,
      totalScoreEarned: 0
    }
  ],
  humanPlayerTeam: 0,
  humanPlayerDirection: 'south'
}

stdout | tests/teamModeGameEnd.test.ts > 团队模式游戏结束流程 > 关单场景
[接风轮询] 所有剩余玩家都要不起，直接判断接风
[接风轮询] 出牌玩家索引: 3
[接风轮询] 所有玩家状态: [
  { index: 0, id: 0, name: '你', handCount: 0, teamId: 0 },
  { index: 1, id: 1, name: '玩家2', handCount: 0, teamId: 1 },
  { index: 2, id: 2, name: '玩家3', handCount: 0, teamId: 0 },
  { index: 3, id: 3, name: '玩家4', handCount: 7, teamId: 1 }
]
[接风轮询] 调用onRoundEnd，传入savedWinnerIndex: 3
[onRoundEnd] 被调用
[onRoundEnd] 接收参数 nextPlayerIndex: null
[onRoundEnd] 接收参数 savedWinnerIndex: 3
[onRoundEnd] 计算的 winnerIndex: 3
[onRoundEnd] endResult.winnerIndex: 3
[队友接风] 调用 findNextPlayerForNewRound，输入 winnerIndex: 3
[队友接风] 团队配置: {
  playerCount: 4,
  teams: [
    {
      id: 0,
      name: '团队A',
      players: [Array],
      teamScore: 0,
      roundScore: 0,
      roundsWon: 0,
      totalScoreEarned: 0
    },
    {
      id: 1,
      name: '团队B',
      players: [Array],
      teamScore: 5,
      roundScore: 5,
      roundsWon: 1,
      totalScoreEarned: 5
    }
  ],
  humanPlayerTeam: 0,
  humanPlayerDirection: 'south'
}
[findNextPlayerForNewRound] 使用策略: 团队模式
[团队模式] 找下一个玩家（队友优先），winnerIndex: 3
[团队模式] teamConfig: 存在
[团队模式] 获胜者手牌数: 7
[团队模式] 接风玩家还有牌，返回: 3
[队友接风] 计算结果 actualNextPlayerIndex: 3
[新轮次] 准备调用 playNextTurn，下一个玩家索引: 3

stdout | tests/teamModeGameEnd.test.ts > 团队模式游戏结束流程 > 关双场景 > 应该正确处理关双情况（2个玩家被关）
[GameModeFactory] 创建团队模式策略
[Game构造] 使用游戏模式: 团队模式
[startNewGame] 游戏模式: 团队模式
[startNewGame] config.teamMode: true
[startNewGame] config.playerCount: 4
[startNewGame] isTeamMode: true
[startNewGame] 创建团队配置: {
  playerCount: 4,
  teams: [
    {
      id: 0,
      name: '团队A',
      players: [Array],
      teamScore: 0,
      roundScore: 0,
      roundsWon: 0,
      totalScoreEarned: 0
    },
    {
      id: 1,
      name: '团队B',
      players: [Array],
      teamScore: 0,
      roundScore: 0,
      roundsWon: 0,
      totalScoreEarned: 0
    }
  ],
  humanPlayerTeam: 0,
  humanPlayerDirection: 'south'
}

stdout | tests/teamModeGameEnd.test.ts > 团队模式游戏结束流程 > 队友接风逻辑 > 队友都出完时应该返回null（触发游戏结束）
[GameModeFactory] 创建团队模式策略
[Game构造] 使用游戏模式: 团队模式
[startNewGame] 游戏模式: 团队模式
[startNewGame] config.teamMode: true
[startNewGame] config.playerCount: 4
[startNewGame] isTeamMode: true
[startNewGame] 创建团队配置: {
  playerCount: 4,
  teams: [
    {
      id: 0,
      name: '团队A',
      players: [Array],
      teamScore: 0,
      roundScore: 0,
      roundsWon: 0,
      totalScoreEarned: 0
    },
    {
      id: 1,
      name: '团队B',
      players: [Array],
      teamScore: 0,
      roundScore: 0,
      roundsWon: 0,
      totalScoreEarned: 0
    }
  ],
  humanPlayerTeam: 0,
  humanPlayerDirection: 'south'
}
[findNextPlayerForNewRound] 使用策略: 团队模式
[团队模式] 找下一个玩家（队友优先），winnerIndex: 0
[团队模式] teamConfig: 存在
[团队模式] 获胜者手牌数: 0
[团队模式] 接风玩家已出完，寻找队友，teamId: 0
[团队模式] 队友都出完了
[团队模式] 整个团队都出完，游戏应该结束，返回 null

stdout | tests/teamModeGameEnd.test.ts > 团队模式游戏结束流程 > 队友接风逻辑 > 队友未全部出完时应该找队友接风
[GameModeFactory] 创建团队模式策略
[Game构造] 使用游戏模式: 团队模式
[startNewGame] 游戏模式: 团队模式
[startNewGame] config.teamMode: true
[startNewGame] config.playerCount: 4
[startNewGame] isTeamMode: true
[startNewGame] 创建团队配置: {
  playerCount: 4,
  teams: [
    {
      id: 0,
      name: '团队A',
      players: [Array],
      teamScore: 0,
      roundScore: 0,
      roundsWon: 0,
      totalScoreEarned: 0
    },
    {
      id: 1,
      name: '团队B',
      players: [Array],
      teamScore: 0,
      roundScore: 0,
      roundsWon: 0,
      totalScoreEarned: 0
    }
  ],
  humanPlayerTeam: 0,
  humanPlayerDirection: 'south'
}
[findNextPlayerForNewRound] 使用策略: 团队模式
[团队模式] 找下一个玩家（队友优先），winnerIndex: 0
[团队模式] teamConfig: 存在
[团队模式] 获胜者手牌数: 0
[团队模式] 接风玩家已出完，寻找队友，teamId: 0
[团队模式] 找到队友接风: 2 玩家3

stdout | tests/teamModeGameEnd.test.ts > 团队模式游戏结束流程 > 队友接风逻辑 > 队友出完但团队未全部出完时应该找对手
[GameModeFactory] 创建团队模式策略
[Game构造] 使用游戏模式: 团队模式
[startNewGame] 游戏模式: 团队模式
[startNewGame] config.teamMode: true
[startNewGame] config.playerCount: 4
[startNewGame] isTeamMode: true
[startNewGame] 创建团队配置: {
  playerCount: 4,
  teams: [
    {
      id: 0,
      name: '团队A',
      players: [Array],
      teamScore: 0,
      roundScore: 0,
      roundsWon: 0,
      totalScoreEarned: 0
    },
    {
      id: 1,
      name: '团队B',
      players: [Array],
      teamScore: 0,
      roundScore: 0,
      roundsWon: 0,
      totalScoreEarned: 0
    }
  ],
  humanPlayerTeam: 0,
  humanPlayerDirection: 'south'
}
[findNextPlayerForNewRound] 使用策略: 团队模式
[团队模式] 找下一个玩家（队友优先），winnerIndex: 0
[团队模式] teamConfig: 存在
[团队模式] 获胜者手牌数: 0
[团队模式] 接风玩家已出完，寻找队友，teamId: 0
[团队模式] 队友都出完了
[团队模式] 整个团队都出完，游戏应该结束，返回 null

stdout | tests/teamModeGameEnd.test.ts > 团队模式游戏结束流程 > 完整游戏流程（团队模式） > 应该能够完成团队模式的完整游戏流程
[GameModeFactory] 创建团队模式策略
[Game构造] 使用游戏模式: 团队模式
[startNewGame] 游戏模式: 团队模式
[startNewGame] config.teamMode: true
[startNewGame] config.playerCount: 4
[startNewGame] isTeamMode: true
[startNewGame] 创建团队配置: {
  playerCount: 4,
  teams: [
    {
      id: 0,
      name: '团队A',
      players: [Array],
      teamScore: 0,
      roundScore: 0,
      roundsWon: 0,
      totalScoreEarned: 0
    },
    {
      id: 1,
      name: '团队B',
      players: [Array],
      teamScore: 0,
      roundScore: 0,
      roundsWon: 0,
      totalScoreEarned: 0
    }
  ],
  humanPlayerTeam: 0,
  humanPlayerDirection: 'south'
}

stdout | tests/teamModeGameEnd.test.ts > 团队模式游戏结束流程 > 完整游戏流程（团队模式） > 应该正确处理游戏结束并设置winningTeamId
[GameModeFactory] 创建团队模式策略
[Game构造] 使用游戏模式: 团队模式
[startNewGame] 游戏模式: 团队模式
[startNewGame] config.teamMode: true
[startNewGame] config.playerCount: 4
[startNewGame] isTeamMode: true
[startNewGame] 创建团队配置: {
  playerCount: 4,
  teams: [
    {
      id: 0,
      name: '团队A',
      players: [Array],
      teamScore: 0,
      roundScore: 0,
      roundsWon: 0,
      totalScoreEarned: 0
    },
    {
      id: 1,
      name: '团队B',
      players: [Array],
      teamScore: 0,
      roundScore: 0,
      roundsWon: 0,
      totalScoreEarned: 0
    }
  ],
  humanPlayerTeam: 0,
  humanPlayerDirection: 'south'
}

stdout | tests/teamModeGameEnd.test.ts > 团队模式游戏结束流程 > 边界情况 > 应该处理所有玩家都出完的情况
[GameModeFactory] 创建团队模式策略
[Game构造] 使用游戏模式: 团队模式
[startNewGame] 游戏模式: 团队模式
[startNewGame] config.teamMode: true
[startNewGame] config.playerCount: 4
[startNewGame] isTeamMode: true
[startNewGame] 创建团队配置: {
  playerCount: 4,
  teams: [
    {
      id: 0,
      name: '团队A',
      players: [Array],
      teamScore: 0,
      roundScore: 0,
      roundsWon: 0,
      totalScoreEarned: 0
    },
    {
      id: 1,
      name: '团队B',
      players: [Array],
      teamScore: 0,
      roundScore: 0,
      roundsWon: 0,
      totalScoreEarned: 0
    }
  ],
  humanPlayerTeam: 0,
  humanPlayerDirection: 'south'
}

stdout | tests/teamModeGameEnd.test.ts > 团队模式游戏结束流程 > 边界情况 > 应该处理手牌数量相同的被关玩家
[GameModeFactory] 创建团队模式策略
[Game构造] 使用游戏模式: 团队模式
[startNewGame] 游戏模式: 团队模式
[startNewGame] config.teamMode: true
[startNewGame] config.playerCount: 4
[startNewGame] isTeamMode: true
[startNewGame] 创建团队配置: {
  playerCount: 4,
  teams: [
    {
      id: 0,
      name: '团队A',
      players: [Array],
      teamScore: 0,
      roundScore: 0,
      roundsWon: 0,
      totalScoreEarned: 0
    },
    {
      id: 1,
      name: '团队B',
      players: [Array],
      teamScore: 0,
      roundScore: 0,
      roundsWon: 0,
      totalScoreEarned: 0
    }
  ],
  humanPlayerTeam: 0,
  humanPlayerDirection: 'south'
}

stdout | tests/teamModeGameEnd.test.ts > 团队模式游戏结束流程 > 边界情况 > 应该正确处理第一名和末游是队友的情况
[GameModeFactory] 创建团队模式策略
[Game构造] 使用游戏模式: 团队模式
[startNewGame] 游戏模式: 团队模式
[startNewGame] config.teamMode: true
[startNewGame] config.playerCount: 4
[startNewGame] isTeamMode: true
[startNewGame] 创建团队配置: {
  playerCount: 4,
  teams: [
    {
      id: 0,
      name: '团队A',
      players: [Array],
      teamScore: 0,
      roundScore: 0,
      roundsWon: 0,
      totalScoreEarned: 0
    },
    {
      id: 1,
      name: '团队B',
      players: [Array],
      teamScore: 0,
      roundScore: 0,
      roundsWon: 0,
      totalScoreEarned: 0
    }
  ],
  humanPlayerTeam: 0,
  humanPlayerDirection: 'south'
}

stdout | tests/teamModeGameEnd.test.ts > 团队模式游戏结束流程 > 与个人模式的兼容性 > 个人模式应该不受影响
[GameModeFactory] 创建团队模式策略
[Game构造] 使用游戏模式: 团队模式
[GameModeFactory] 创建个人模式策略
[Game构造] 使用游戏模式: 个人模式
[startNewGame] 游戏模式: 个人模式
[startNewGame] config.teamMode: false
[startNewGame] config.playerCount: 4
[startNewGame] isTeamMode: false
[startNewGame] 个人模式，teamConfig = null

 ✓ tests/cardUtils.test.ts > cardUtils > createDeck > 应该创建包含54张牌的完整牌组（包括大小王）
 ✓ tests/cardUtils.test.ts > cardUtils > shuffleDeck > 应该洗牌并改变顺序
 ✓ tests/cardUtils.test.ts > cardUtils > shuffleDeck > 应该保持所有牌都在
 ✓ tests/cardUtils.test.ts > cardUtils > dealCards > 应该为每个玩家发一副完整的牌
 ✓ tests/cardUtils.test.ts > cardUtils > dealCards > 应该为不同玩家发不同的牌
 ✓ tests/cardUtils.test.ts > cardUtils > getCardType > 应该识别单张
 ✓ tests/cardUtils.test.ts > cardUtils > getCardType > 应该识别对子
 ✓ tests/cardUtils.test.ts > cardUtils > getCardType > 应该识别三张
 ✓ tests/cardUtils.test.ts > cardUtils > getCardType > 应该识别炸弹（4张）
 ✓ tests/cardUtils.test.ts > cardUtils > getCardType > 应该识别炸弹（5张）
 ✓ tests/cardUtils.test.ts > cardUtils > getCardType > 应该识别炸弹（6张）
 ✓ tests/cardUtils.test.ts > cardUtils > getCardType > 应该识别墩（7张及以上）
 ✓ tests/cardUtils.test.ts > cardUtils > getCardType > 应该拒绝不合法的牌型
 ✓ tests/cardUtils.test.ts > cardUtils > 大小王特殊规则 > 4张以下的小王应该只能单独出
 ✓ tests/cardUtils.test.ts > cardUtils > 大小王特殊规则 > 4张以下的大小王混合应该被拒绝
 ✓ tests/cardUtils.test.ts > cardUtils > 大小王特殊规则 > 4张及以上大小王可以一起出作为炸弹
 ✓ tests/cardUtils.test.ts > cardUtils > 大小王特殊规则 > 7张及以上大小王可以一起出作为墩
 ✓ tests/cardUtils.test.ts > cardUtils > canBeat > 没有上家出牌时，可以出任何牌
 ✓ tests/cardUtils.test.ts > cardUtils > canBeat > 炸弹可以压过单张
 ✓ tests/cardUtils.test.ts > cardUtils > canBeat > 墩可以压过炸弹
 ✓ tests/cardUtils.test.ts > cardUtils > canBeat > 同类型牌型，值大的可以压过值小的
 ✓ tests/cardUtils.test.ts > cardUtils > canBeat > 同类型炸弹，数量多的可以压过数量少的
 ✓ tests/cardUtils.test.ts > cardUtils > sortCards > 应该按rank排序
 ✓ tests/cardUtils.test.ts > cardUtils > hasPlayableCards - 强制出牌规则 > 没有上家出牌时，应该返回true（可以出任何牌）
 ✓ tests/cardUtils.test.ts > cardUtils > hasPlayableCards - 强制出牌规则 > 空手牌时，应该返回false
 ✓ tests/cardUtils.test.ts > cardUtils > hasPlayableCards - 强制出牌规则 > 有能打过的牌时，应该返回true
 ✓ tests/cardUtils.test.ts > cardUtils > hasPlayableCards - 强制出牌规则 > 没有能打过的牌时，应该返回false
 ✓ tests/cardUtils.test.ts > cardUtils > hasPlayableCards - 强制出牌规则 > 有炸弹可以压过单张时，应该返回true
 ✓ tests/cardUtils.test.ts > cardUtils > hasPlayableCards - 强制出牌规则 > 有对子可以压过单张时，应该返回true
 ✓ tests/cardUtils.test.ts > cardUtils > hasPlayableCards - 强制出牌规则 > 只有相同rank但更小的牌时，应该返回false
 ✓ tests/cardUtils.test.ts > cardUtils > hasPlayableCards - 强制出牌规则 > 有墩可以压过炸弹时，应该返回true
 ✓ tests/cardUtils.test.ts > cardUtils > findPlayableCards > 没有上家出牌时，应该返回所有合法牌型
 ✓ tests/cardUtils.test.ts > cardUtils > findPlayableCards > 有上家出牌时，应该只返回能打过的牌
 ✓ tests/gameRulesGuide.test.tsx > 游戏规则指南组件测试 > 基本渲染 > 点击按钮应该打开指南
 ✓ tests/gameRulesGuide.test.tsx > 游戏规则指南组件测试 > 基本渲染 > 打开后应该显示指南容器
 ✓ tests/gameRulesGuide.test.tsx > 游戏规则指南组件测试 > 标签页切换 > 应该显示所有标签页按钮
 ✓ tests/gameRulesGuide.test.tsx > 游戏规则指南组件测试 > 标签页切换 > 应该默认显示教程标签页
 ✓ tests/gameRulesGuide.test.tsx > 游戏规则指南组件测试 > 标签页切换 > 应该能够切换到规则标签页
 ✓ tests/gameRulesGuide.test.tsx > 游戏规则指南组件测试 > 标签页切换 > 应该能够切换到计分标签页
 ✓ tests/gameRulesGuide.test.tsx > 游戏规则指南组件测试 > 关闭功能 > 点击关闭按钮应该关闭指南
 ✓ tests/gameRulesGuide.test.tsx > 游戏规则指南组件测试 > 关闭功能 > 点击遮罩层应该关闭指南
 ✓ tests/gameRulesGuide.test.tsx > 游戏规则指南组件测试 > 关闭功能 > 点击容器内部不应该关闭指南
 ✓ tests/gameRulesGuide.test.tsx > 游戏规则指南组件测试 > 内容显示 > 教程标签页应该显示教程内容
 ✓ tests/gameRulesGuide.test.tsx > 游戏规则指南组件测试 > 内容显示 > 应该显示教程卡片
 ✓ tests/gameRulesGuide.test.tsx > 游戏规则指南组件测试 > 内容显示 > 应该显示步骤内容
 ✓ tests/gameRulesGuide.test.tsx > 游戏规则指南组件测试 > 内容显示 > 应该显示流程图
 ✓ tests/gameRulesGuide.test.tsx > 游戏规则指南组件测试 > 多语言支持 > 应该使用i18n翻译函数
 ✓ tests/gameRulesGuide.test.tsx > 游戏规则指南组件测试 > 多语言支持 > 应该支持中文翻译
 ✓ tests/gameRulesGuide.test.tsx > 游戏规则指南组件测试 > 多语言支持 > 应该支持英文翻译
 ✓ tests/gameRulesGuide.test.tsx > 游戏规则指南组件测试 > 交互功能 > 标签页切换时应该更新活动状态
 ✓ tests/gameRulesGuide.test.tsx > 游戏规则指南组件测试 > 交互功能 > 应该正确显示步骤编号
 ✓ tests/gameRulesGuide.test.tsx > 游戏规则指南组件测试 > 样式和布局 > 按钮应该有正确的样式类
 ✓ tests/gameRulesGuide.test.tsx > 游戏规则指南组件测试 > 样式和布局 > 打开时应该显示遮罩层
 ✓ tests/gameRulesGuide.test.tsx > 游戏规则指南组件测试 > 样式和布局 > 容器应该有正确的样式类
 ✓ tests/unit/round/RoundData.test.ts > RoundData > 初始化 > 应该正确初始化空轮次
 ✓ tests/unit/round/RoundData.test.ts > RoundData > 初始化 > 应该使用提供的startTime
 ✓ tests/unit/round/RoundData.test.ts > RoundData > 初始化 > 未提供startTime时应使用当前时间
 ✓ tests/unit/round/RoundData.test.ts > RoundData > 初始化 > 应该正确初始化带数据的轮次
 ✓ tests/unit/round/RoundData.test.ts > RoundData > 不可变性 > 对象应该被冻结
 ✓ tests/unit/round/RoundData.test.ts > RoundData > 不可变性 > plays数组应该被冻结
 ✓ tests/unit/round/RoundData.test.ts > RoundData > 不可变性 > 不能修改属性
 ✓ tests/unit/round/RoundData.test.ts > RoundData > 不可变性 > 不能修改plays数组
 ✓ tests/unit/round/RoundData.test.ts > RoundData > 不可变性 > 更新操作应该返回新实例
 ✓ tests/unit/round/RoundData.test.ts > RoundData > addPlay > 应该添加出牌记录
 ✓ tests/unit/round/RoundData.test.ts > RoundData > addPlay > 应该更新totalScore
 ✓ tests/unit/round/RoundData.test.ts > RoundData > addPlay > 应该更新lastPlay和lastPlayPlayerIndex
 ✓ tests/unit/round/RoundData.test.ts > RoundData > addPlay > 连续添加应该保持所有记录
 ✓ tests/unit/round/RoundData.test.ts > RoundData > updateTakeover > 应该设置接风轮标记
 ✓ tests/unit/round/RoundData.test.ts > RoundData > updateTakeover > 应该取消接风轮标记
 ✓ tests/unit/round/RoundData.test.ts > RoundData > updateTakeover > 未提供的参数应保持原值
 ✓ tests/unit/round/RoundData.test.ts > RoundData > finish > 应该标记轮次结束
 ✓ tests/unit/round/RoundData.test.ts > RoundData > finish > 应该使用提供的endTime
 ✓ tests/unit/round/RoundData.test.ts > RoundData > updateLastPlay > 应该更新最后出牌
 ✓ tests/unit/round/RoundData.test.ts > RoundData > 查询方法 > getDuration应该返回正确的持续时间
 ✓ tests/unit/round/RoundData.test.ts > RoundData > 查询方法 > 未结束的轮次getDuration应该使用当前时间
 ✓ tests/unit/round/RoundData.test.ts > RoundData > 查询方法 > getPlayCount应该返回正确数量
 ✓ tests/unit/round/RoundData.test.ts > RoundData > 查询方法 > getLastPlays应该返回最后N次出牌
 ✓ tests/unit/round/RoundData.test.ts > RoundData > 查询方法 > getPlayerPlays应该返回指定玩家的出牌
 ✓ tests/unit/round/RoundData.test.ts > RoundData > 查询方法 > hasPlayerPlayed应该正确判断
 ✓ tests/unit/round/RoundData.test.ts > RoundData > 快照功能 > toSnapshot应该导出完整数据
 ✓ tests/unit/round/RoundData.test.ts > RoundData > 快照功能 > fromSnapshot应该恢复完整数据
 ✓ tests/unit/round/RoundData.test.ts > RoundData > 快照功能 > 快照往返应该保持一致
 ✓ tests/unit/round/RoundData.test.ts > RoundData > toRoundRecord > 应该转换为RoundRecord
 ✓ tests/unit/round/RoundData.test.ts > RoundData > toRoundRecord > 未结束的轮次不能转换
 ✓ tests/unit/round/RoundData.test.ts > RoundData > 边界情况 > 空plays数组应该正常工作
 ✓ tests/unit/round/RoundData.test.ts > RoundData > 边界情况 > getLastPlays请求超过总数应该返回全部
 ✓ tests/unit/round/RoundData.test.ts > RoundData > 边界情况 > getPlayerPlays没有记录应该返回空数组
 ✓ tests/unit/round/RoundData.test.ts > RoundData > 边界情况 > 多次finish应该使用最后一次的值
 ✓ tests/i18nFramework.test.ts > i18n 框架核心功能 > 配置系统 > 应该正确构建命名空间
 ✓ tests/i18nFramework.test.ts > i18n 框架核心功能 > 配置系统 > 应该正确解析命名空间
 ✓ tests/i18nFramework.test.ts > i18n 框架核心功能 > 配置系统 > 应该正确获取资源路径
 ✓ tests/i18nFramework.test.ts > i18n 框架核心功能 > 配置系统 > 应该包含默认框架配置
 ✓ tests/i18nFramework.test.ts > i18n 框架核心功能 > 翻译管理器 > 应该正确初始化管理器
 ✓ tests/i18nFramework.test.ts > i18n 框架核心功能 > 翻译管理器 > 应该正确获取翻译
 ✓ tests/i18nFramework.test.ts > i18n 框架核心功能 > 翻译管理器 > 应该检查翻译是否存在
 ✓ tests/i18nFramework.test.ts > i18n 框架核心功能 > 翻译管理器 > 应该支持语言切换
 ✓ tests/i18nFramework.test.ts > i18n 框架核心功能 > 翻译管理器 > 应该支持语言切换监听器
 ✓ tests/i18nFramework.test.ts > i18n 框架核心功能 > 翻译管理器 > 应该正确注册命名空间
 ✓ tests/i18nFramework.test.ts > i18n 框架核心功能 > 资源加载器 > 应该正确初始化加载器
 ✓ tests/i18nFramework.test.ts > i18n 框架核心功能 > 资源加载器 > 应该正确获取资源路径
 ✓ tests/i18nFramework.test.ts > i18n 框架核心功能 > 资源加载器 > 应该支持清除缓存
 ✓ tests/i18nFramework.test.ts > i18n Hooks > useComponentTranslation > 应该正确返回翻译函数和命名空间
 ✓ tests/i18nFramework.test.ts > i18n Hooks > useComponentTranslation > 应该正确翻译组件文本
 ✓ tests/i18nFramework.test.ts > i18n Hooks > useFeatureTranslation > 应该正确返回翻译函数和命名空间
 ✓ tests/i18nFramework.test.ts > i18n Hooks > useFeatureTranslation > 应该正确翻译功能文本
 ✓ tests/i18nFramework.test.ts > i18n Hooks > useSharedTranslation > 应该正确返回翻译函数和命名空间
 ✓ tests/i18nFramework.test.ts > i18n Hooks > useSharedTranslation > 应该正确翻译共享文本
 ✓ tests/i18nFramework.test.ts > i18n Hooks > useLanguage > 应该正确返回语言信息
 ✓ tests/i18nFramework.test.ts > i18n Hooks > useLanguage > 应该支持语言切换
 ✓ tests/i18nFramework.test.ts > i18n Hooks > useLanguage > 应该包含所有支持的语言
 ✓ tests/i18nFramework.test.ts > i18n 框架集成测试 > 应该正确加载现有翻译资源
 ✓ tests/i18nFramework.test.ts > i18n 框架集成测试 > 应该正确翻译游戏相关文本
 ✓ tests/i18nFramework.test.ts > i18n 框架集成测试 > 应该正确翻译UI配置文本
 ✓ tests/i18nFramework.test.ts > i18n 框架集成测试 > 应该正确翻译共享按钮文本
 ✓ tests/i18nFramework.test.ts > i18n 框架集成测试 > 应该支持多语言切换
 ✓ tests/i18nFramework.test.ts > 命名空间映射验证 > 应该正确映射共享命名空间
 ✓ tests/i18nFramework.test.ts > 命名空间映射验证 > 应该正确映射功能命名空间
 ✓ tests/i18nFramework.test.ts > 命名空间映射验证 > 应该正确映射组件命名空间
 ✓ tests/regression.test.ts > 回归测试 - 确保已修复的bug不会再次出现 > 发牌随机性回归测试 > 发牌应该是随机的，不应该每次都一样
 ✓ tests/regression.test.ts > 回归测试 - 确保已修复的bug不会再次出现 > 发牌随机性回归测试 > 发牌后不应该自动排序（保持随机顺序）
 ✓ tests/regression.test.ts > 回归测试 - 确保已修复的bug不会再次出现 > 大小王规则回归测试 > 4张以下大小王混合应该被拒绝（已修复）
 ✓ tests/regression.test.ts > 回归测试 - 确保已修复的bug不会再次出现 > 大小王规则回归测试 > 4张及以上大小王混合应该可以一起出（已修复）
 ✓ tests/regression.test.ts > 回归测试 - 确保已修复的bug不会再次出现 > 大小王规则回归测试 > 7张及以上大小王混合应该可以一起出作为墩（已修复）
 ✓ tests/regression.test.ts > 回归测试 - 确保已修复的bug不会再次出现 > 大小王规则回归测试 > 大小王不应该与普通牌混合（4张以下）
 ✓ tests/regression.test.ts > 回归测试 - 确保已修复的bug不会再次出现 > 牌型判断回归测试 > 不应该识别三带一（已移除）
 ✓ tests/regression.test.ts > 回归测试 - 确保已修复的bug不会再次出现 > 牌型判断回归测试 > 不应该识别三带二（已移除）
 ✓ tests/regression.test.ts > 回归测试 - 确保已修复的bug不会再次出现 > 牌型判断回归测试 > 不应该识别顺子（已移除）
 ✓ tests/regression.test.ts > 回归测试 - 确保已修复的bug不会再次出现 > 出牌规则回归测试 > 炸弹应该可以压过单张
 ✓ tests/regression.test.ts > 回归测试 - 确保已修复的bug不会再次出现 > 出牌规则回归测试 > 墩应该可以压过炸弹
 ✓ tests/regression.test.ts > 回归测试 - 确保已修复的bug不会再次出现 > 出牌规则回归测试 > 同类型炸弹，数量多的应该可以压过数量少的
 ✓ tests/regression.test.ts > 回归测试 - 确保已修复的bug不会再次出现 > 发牌数量回归测试 > 4人游戏应该每人发54张牌（每人一副完整牌）
 ✓ tests/regression.test.ts > 回归测试 - 确保已修复的bug不会再次出现 > 发牌数量回归测试 > 5人游戏应该每人发54张牌
 ✓ tests/regression.test.ts > 回归测试 - 确保已修复的bug不会再次出现 > 发牌数量回归测试 > 8人游戏应该每人发54张牌
 ✓ tests/regression.test.ts > 回归测试 - 确保已修复的bug不会再次出现 > 牌ID唯一性回归测试 > 每个玩家的牌ID应该是唯一的
 ✓ tests/regression.test.ts > 回归测试 - 确保已修复的bug不会再次出现 > 边界情况回归测试 > 空数组应该返回null
 ✓ tests/regression.test.ts > 回归测试 - 确保已修复的bug不会再次出现 > 边界情况回归测试 > 单张牌应该可以出
 ✓ tests/regression.test.ts > 回归测试 - 确保已修复的bug不会再次出现 > 边界情况回归测试 > 最大单牌（2）应该可以压过其他单牌
 ✓ tests/regression.test.ts > 回归测试 - 确保已修复的bug不会再次出现 > 轮次记录功能回归测试 > 玩家对象应该支持wonRounds字段
 ✓ tests/regression.test.ts > 回归测试 - 确保已修复的bug不会再次出现 > 轮次记录功能回归测试 > 分牌识别功能应该正常工作
 ✓ tests/mcts/simulation.test.ts > MCTS游戏模拟 > estimateOpponentHand > 应该估计对手手牌
 ✓ tests/mcts/simulation.test.ts > MCTS游戏模拟 > estimateOpponentHand > 应该返回正确数量的牌
 ✓ tests/mcts/simulation.test.ts > MCTS游戏模拟 > simulateGame > 应该能够模拟游戏到结束
 ✓ tests/mcts/simulation.test.ts > MCTS游戏模拟 > simulateGame > 应该在达到最大深度时返回结果
 ✓ tests/mcts/simulation.test.ts > MCTS游戏模拟 > simulateGame > 应该使用完全信息模式
 ✓ tests/mcts/simulation.test.ts > MCTS游戏模拟 > simulateGame > 应该使用估计模式
 ✓ tests/mcts/simulation.test.ts > MCTS游戏模拟 > simulateGame > 应该处理要不起的情况
 ✓ tests/mcts/simulation.test.ts > MCTS游戏模拟 > simulateGame > 应该处理多人游戏
 ✓ tests/mcts/simulation.test.ts > MCTS游戏模拟 > simulateGame > 应该正确更新轮次分数
 ✓ tests/mcts/simulation.test.ts > MCTS游戏模拟 > simulateGame > 应该处理AI首先出完牌的情况
 ✓ tests/mcts/simulation.test.ts > MCTS游戏模拟 > simulateGame > 应该处理对手首先出完牌的情况
 ✓ tests/mcts/simulation.test.ts > MCTS游戏模拟 > simulateGame > 应该在不同初始玩家索引下工作
 ✓ tests/mcts/simulation.test.ts > MCTS游戏模拟 > simulateGame > 应该处理玩家轮流要不起的情况
 ✓ tests/mcts/simulation.test.ts > MCTS游戏模拟 > simulateGame > 应该处理短游戏（快速结束）
 ✓ tests/mcts/simulation.test.ts > MCTS游戏模拟 > simulateGame > 应该在深度限制内完成模拟
 ✓ tests/mcts/simulation.test.ts > MCTS游戏模拟 > estimateOpponentHand边界情况 > 应该处理没有剩余牌的情况
 ✓ tests/mcts/simulation.test.ts > MCTS游戏模拟 > estimateOpponentHand边界情况 > 应该不返回AI已有的牌
 ✓ tests/mcts/simulation.test.ts > MCTS游戏模拟 > estimateOpponentHand边界情况 > 应该处理请求数量大于可用牌数的情况
 ✓ tests/mcts/simulation.test.ts > MCTS游戏模拟 > estimateOpponentHand边界情况 > 应该返回随机分布的牌
 ✓ tests/services/llm/OllamaServerManager.test.ts > OllamaServerManager > 初始化 > 应该加载预设的本地服务器
 ✓ tests/services/llm/OllamaServerManager.test.ts > OllamaServerManager > 初始化 > 应该将本地服务器设为默认当前服务器
 ✓ tests/services/llm/OllamaServerManager.test.ts > OllamaServerManager > 添加服务器 > 应该能添加新的服务器
 ✓ tests/services/llm/OllamaServerManager.test.ts > OllamaServerManager > 添加服务器 > 应该自动生成服务器名称
 ✓ tests/services/llm/OllamaServerManager.test.ts > OllamaServerManager > 添加服务器 > 添加的服务器应该持久化到 localStorage
 ✓ tests/services/llm/OllamaServerManager.test.ts > OllamaServerManager > 删除服务器 > 应该能删除自定义服务器
 ✓ tests/services/llm/OllamaServerManager.test.ts > OllamaServerManager > 删除服务器 > 不应该能删除本地服务器
 ✓ tests/services/llm/OllamaServerManager.test.ts > OllamaServerManager > 删除服务器 > 删除当前服务器应自动切换到本地
 ✓ tests/services/llm/OllamaServerManager.test.ts > OllamaServerManager > 切换服务器 > 应该能切换到存在的服务器
 ✓ tests/services/llm/OllamaServerManager.test.ts > OllamaServerManager > 切换服务器 > 切换服务器应更新最后使用时间
 ✓ tests/services/llm/OllamaServerManager.test.ts > OllamaServerManager > 切换服务器 > 切换到不存在的服务器应失败
 ✓ tests/services/llm/OllamaServerManager.test.ts > OllamaServerManager > 收藏功能 > 应该能收藏/取消收藏服务器
 × tests/services/llm/OllamaServerManager.test.ts > OllamaServerManager > 收藏功能 > 应该能获取收藏的服务器列表
   → expected 2 to be greater than or equal to 3
 ✓ tests/services/llm/OllamaServerManager.test.ts > OllamaServerManager > 最近使用 > 应该按最后使用时间排序
 ✓ tests/services/llm/OllamaServerManager.test.ts > OllamaServerManager > 最近使用 > 应该限制返回的数量
 ✓ tests/services/llm/OllamaServerManager.test.ts > OllamaServerManager > URL 生成 > 应该正确生成服务器 URL
 ✓ tests/services/llm/OllamaServerManager.test.ts > OllamaServerManager > URL 生成 > 应该正确生成 API URL
 ✓ tests/services/llm/OllamaServerManager.test.ts > OllamaServerManager > URL 生成 > 应该正确生成 Tags URL
 ✓ tests/services/llm/OllamaServerManager.test.ts > OllamaServerManager > URL 生成 > 应该支持 HTTPS 协议
 ✓ tests/services/llm/OllamaServerManager.test.ts > OllamaServerManager > 地址解析 > 应该解析简单 IP 地址
 ✓ tests/services/llm/OllamaServerManager.test.ts > OllamaServerManager > 地址解析 > 应该解析 IP:端口 格式
 ✓ tests/services/llm/OllamaServerManager.test.ts > OllamaServerManager > 地址解析 > 应该解析域名
 ✓ tests/services/llm/OllamaServerManager.test.ts > OllamaServerManager > 地址解析 > 应该解析完整 HTTP URL
 ✓ tests/services/llm/OllamaServerManager.test.ts > OllamaServerManager > 地址解析 > 应该解析完整 HTTPS URL
 ✓ tests/services/llm/OllamaServerManager.test.ts > OllamaServerManager > 状态更新 > 应该能更新服务器状态
 ✓ tests/services/llm/OllamaServerManager.test.ts > OllamaServerManager > 状态更新 > 应该能标记服务器不可用
 ✓ tests/gameController.test.ts > GameController 类单元测试 > 初始化 > 应该正确初始化游戏
 ✓ tests/gameController.test.ts > GameController 类单元测试 > 轮次分数分配 > 应该正确分配轮次分数给接风玩家
 ✓ tests/gameController.test.ts > GameController 类单元测试 > 轮次分数分配 > 应该正确处理接风玩家已出完的情况
 ✓ tests/gameController.test.ts > GameController 类单元测试 > 轮次分数分配 > 应该正确处理轮次分数为0的情况
 ✓ tests/gameController.test.ts > GameController 类单元测试 > 玩家出完牌记录 > 应该正确记录玩家出完牌
 ✓ tests/gameController.test.ts > GameController 类单元测试 > 玩家出完牌记录 > 应该正确记录多个玩家出完牌的顺序
 ✓ tests/gameController.test.ts > GameController 类单元测试 > 玩家出完牌记录 > 不应该重复记录已完成的玩家
 ✓ tests/gameController.test.ts > GameController 类单元测试 > 最终分数和排名计算 > 应该正确计算最终分数和排名
 ✓ tests/gameController.test.ts > GameController 类单元测试 > 最终分数和排名计算 > 应该正确处理最后一名剩余分牌
 ✓ tests/gameController.test.ts > GameController 类单元测试 > 回调机制 > 应该正确触发分数变化回调
 ✓ tests/gameController.test.ts > GameController 类单元测试 > 回调机制 > 应该正确触发玩家完成回调
 ✓ tests/gameController.test.ts > GameController 类单元测试 > 状态查询 > 应该正确获取玩家分数
 ✓ tests/gameController.test.ts > GameController 类单元测试 > 状态查询 > 应该正确获取完成顺序
stdout | tests/gameController.test.ts > GameController 类单元测试 > 最终分数和排名计算 > 应该正确计算最终分数和排名
[GameController] 使用策略模式计算最终分数
[GameController] 游戏模式: 个人模式
[个人模式] 计算最终分数和排名
[calculateFinalRankings] 排序后的玩家顺序（按手牌数，然后按finishOrder）: {
  rankings: [
    {
      rank: 1,
      playerId: 0,
      playerName: '玩家1',
      handCount: 1,
      finishOrderIndex: 0,
      score: -50
    },
    {
      rank: 2,
      playerId: 1,
      playerName: '玩家2',
      handCount: 1,
      finishOrderIndex: 1,
      score: -70
    },
    {
      rank: 3,
      playerId: 2,
      playerName: '玩家3',
      handCount: 1,
      finishOrderIndex: 2,
      score: -100
    },
    {
      rank: 4,
      playerId: 3,
      playerName: '玩家4',
      handCount: 1,
      finishOrderIndex: 3,
      score: -100
    }
  ],
  finishOrder: [ 0, 1, 2, 3 ]
}
[calculateFinalRankings] 应用最终规则前: {
  firstPlayer: { id: 0, name: '玩家1', score: -50, handCount: 1 },
  lastPlayer: { id: 3, name: '玩家4', score: -100, handCount: 1 },
  isSamePlayer: false
}
[calculateFinalRankings] 应用最终规则后: {
  firstPlayer: { id: 0, name: '玩家1', score: -20, adjustment: '+30' },
  lastPlayer: { id: 3, name: '玩家4', score: -130, adjustment: '-30' },
  totalAdjustment: 0
}

stderr | tests/gameController.test.ts > GameController 类单元测试 > 最终分数和排名计算 > 应该正确计算最终分数和排名
[ScoreValidation] ⚠️ 分数总和不为0！总和=-320 {
  totalScore: -320,
  playerCount: 4,
  finishOrderLength: 4,
  finishOrder: [ 0, 1, 2, 3 ],
  missingInRankings: [],
  missingInFinishOrder: [],
  playerDetails: [
    {
      name: '玩家1',
      id: 0,
      initialScore: 0,
      roundsWonCount: 1,
      totalRoundScore: 50,
      scoreBeforeFinalRules: -50,
      finalRuleAdjustment: 30,
      finalScore: -20,
      handCount: 1,
      finishOrder: 0,
      otherScoreSources: -100
    },
    {
      name: '玩家2',
      id: 1,
      initialScore: 0,
      roundsWonCount: 1,
      totalRoundScore: 30,
      scoreBeforeFinalRules: -70,
      finalRuleAdjustment: 0,
      finalScore: -70,
      handCount: 1,
      finishOrder: 1,
      otherScoreSources: -100
    },
    {
      name: '玩家3',
      id: 2,
      initialScore: 0,
      roundsWonCount: 0,
      totalRoundScore: 0,
      scoreBeforeFinalRules: -100,
      finalRuleAdjustment: 0,
      finalScore: -100,
      handCount: 1,
      finishOrder: 2,
      otherScoreSources: -100
    },
    {
      name: '玩家4',
      id: 3,
      initialScore: 0,
      roundsWonCount: 0,
      totalRoundScore: 0,
      scoreBeforeFinalRules: -100,
      finalRuleAdjustment: -30,
      finalScore: -130,
      handCount: 1,
      finishOrder: 3,
      otherScoreSources: -100
    }
  ],
  summary: {
    totalInitialScore: 0,
    totalRoundScore: 80,
    totalFinalRuleAdjustment: 0,
    totalOtherScoreSources: -400,
    totalFinalScore: -320,
    expectedTotal: 0
  },
  allRoundsInfo: [
    { playerName: '玩家1', roundsWon: [Array] },
    { playerName: '玩家2', roundsWon: [Array] },
    { playerName: '玩家3', roundsWon: [] },
    { playerName: '玩家4', roundsWon: [] }
  ]
}

stdout | tests/gameController.test.ts > GameController 类单元测试 > 最终分数和排名计算 > 应该正确处理最后一名剩余分牌
[GameController] 使用策略模式计算最终分数
[GameController] 游戏模式: 个人模式
[个人模式] 计算最终分数和排名
[calculateFinalRankings] 排序后的玩家顺序（按手牌数，然后按finishOrder）: {
  rankings: [
    {
      rank: 1,
      playerId: 0,
      playerName: '玩家1',
      handCount: 1,
      finishOrderIndex: 0,
      score: -100
    },
    {
      rank: 2,
      playerId: 1,
      playerName: '玩家2',
      handCount: 1,
      finishOrderIndex: 1,
      score: -100
    },
    {
      rank: 3,
      playerId: 2,
      playerName: '玩家3',
      handCount: 1,
      finishOrderIndex: 2,
      score: -100
    },
    {
      rank: 4,
      playerId: 3,
      playerName: '玩家4',
      handCount: 2,
      finishOrderIndex: 3,
      score: -100
    }
  ],
  finishOrder: [ 0, 1, 2, 3 ]
}
[calculateFinalRankings] 应用最终规则前: {
  firstPlayer: { id: 0, name: '玩家1', score: -100, handCount: 1 },
  lastPlayer: { id: 3, name: '玩家4', score: -100, handCount: 2 },
  isSamePlayer: false
}
[calculateFinalRankings] 应用最终规则后: {
  firstPlayer: { id: 0, name: '玩家1', score: -70, adjustment: '+30' },
  lastPlayer: { id: 3, name: '玩家4', score: -130, adjustment: '-30' },
  totalAdjustment: 0
}
[calculateFinalRankings] 最后一名(玩家4)还有15分未出，但已经在 GameController 中处理过了（已转移给第二名），跳过

stderr | tests/gameController.test.ts > GameController 类单元测试 > 最终分数和排名计算 > 应该正确处理最后一名剩余分牌
[ScoreValidation] ⚠️ 分数总和不为0！总和=-400 {
  totalScore: -400,
  playerCount: 4,
  finishOrderLength: 4,
  finishOrder: [ 0, 1, 2, 3 ],
  missingInRankings: [],
  missingInFinishOrder: [],
  playerDetails: [
    {
      name: '玩家1',
      id: 0,
      initialScore: 0,
      roundsWonCount: 0,
      totalRoundScore: 0,
      scoreBeforeFinalRules: -100,
      finalRuleAdjustment: 30,
      finalScore: -70,
      handCount: 1,
      finishOrder: 0,
      otherScoreSources: -100
    },
    {
      name: '玩家2',
      id: 1,
      initialScore: 0,
      roundsWonCount: 0,
      totalRoundScore: 0,
      scoreBeforeFinalRules: -100,
      finalRuleAdjustment: 0,
      finalScore: -100,
      handCount: 1,
      finishOrder: 1,
      otherScoreSources: -100
    },
    {
      name: '玩家3',
      id: 2,
      initialScore: 0,
      roundsWonCount: 0,
      totalRoundScore: 0,
      scoreBeforeFinalRules: -100,
      finalRuleAdjustment: 0,
      finalScore: -100,
      handCount: 1,
      finishOrder: 2,
      otherScoreSources: -100
    },
    {
      name: '玩家4',
      id: 3,
      initialScore: 0,
      roundsWonCount: 0,
      totalRoundScore: 0,
      scoreBeforeFinalRules: -100,
      finalRuleAdjustment: -30,
      finalScore: -130,
      handCount: 2,
      finishOrder: 3,
      otherScoreSources: -100
    }
  ],
  summary: {
    totalInitialScore: 0,
    totalRoundScore: 0,
    totalFinalRuleAdjustment: 0,
    totalOtherScoreSources: -400,
    totalFinalScore: -400,
    expectedTotal: 0
  },
  allRoundsInfo: [
    { playerName: '玩家1', roundsWon: [] },
    { playerName: '玩家2', roundsWon: [] },
    { playerName: '玩家3', roundsWon: [] },
    { playerName: '玩家4', roundsWon: [] }
  ]
}

 × tests/chatReply.test.ts > 聊天回复功能 > LLMChatStrategy.generateReply > 应该生成回复消息
   → strategy.generateReply is not a function
 × tests/chatReply.test.ts > 聊天回复功能 > LLMChatStrategy.generateReply > 应该包含原消息信息在回复中
   → strategy.generateReply is not a function
 × tests/chatReply.test.ts > 聊天回复功能 > LLMChatStrategy.generateReply > 应该调用LLM API生成回复
   → strategy.generateReply is not a function
 × tests/chatReply.test.ts > 聊天回复功能 > LLMChatStrategy.generateReply > 应该处理南昌话方言转换
   → strategy.generateReply is not a function
 ✓ tests/chatReply.test.ts > 聊天回复功能 > RuleBasedStrategy.generateReply > 应该生成回复消息
 ✓ tests/chatReply.test.ts > 聊天回复功能 > RuleBasedStrategy.generateReply > 应该包含原消息信息
 ✓ tests/chatReply.test.ts > 聊天回复功能 > RuleBasedStrategy.generateReply > 应该生成不同的回复内容
 × tests/chatReply.test.ts > 聊天回复功能 > chatService.triggerReply > 应该触发回复并添加到消息列表
   → expected null not to be null
 ✓ tests/chatReply.test.ts > 聊天回复功能 > chatService.triggerReply > 应该根据概率决定是否回复
 ✓ tests/chatReply.test.ts > 聊天回复功能 > chatService.triggerReply > 应该标记回复消息的replyTo字段
 ✓ tests/chatReply.test.ts > 聊天回复功能 > 消息订阅机制 > 应该能够订阅消息通知
 ✓ tests/chatReply.test.ts > 聊天回复功能 > 消息订阅机制 > 应该支持多个订阅者
 ✓ tests/chatReply.test.ts > 聊天回复功能 > 消息订阅机制 > 应该处理订阅回调中的错误
 × tests/chatReply.test.ts > 聊天回复功能 > 回复消息的场景标记 > 回复消息应该标记为SPONTANEOUS场景
   → strategy.generateReply is not a function
(node:673313) PromiseRejectionHandledWarning: Promise rejection was handled asynchronously (rejection id: 5)
(Use `node --trace-warnings ...` to show where the warning was created)
(node:673313) PromiseRejectionHandledWarning: Promise rejection was handled asynchronously (rejection id: 6)
(node:673313) PromiseRejectionHandledWarning: Promise rejection was handled asynchronously (rejection id: 7)
(node:673313) PromiseRejectionHandledWarning: Promise rejection was handled asynchronously (rejection id: 8)
(node:673313) PromiseRejectionHandledWarning: Promise rejection was handled asynchronously (rejection id: 12)
(node:673313) PromiseRejectionHandledWarning: Promise rejection was handled asynchronously (rejection id: 13)
(node:673313) PromiseRejectionHandledWarning: Promise rejection was handled asynchronously (rejection id: 14)
(node:673313) PromiseRejectionHandledWarning: Promise rejection was handled asynchronously (rejection id: 19)
(node:673313) PromiseRejectionHandledWarning: Promise rejection was handled asynchronously (rejection id: 20)
(node:673313) PromiseRejectionHandledWarning: Promise rejection was handled asynchronously (rejection id: 21)
(node:673313) PromiseRejectionHandledWarning: Promise rejection was handled asynchronously (rejection id: 22)
(node:673313) PromiseRejectionHandledWarning: Promise rejection was handled asynchronously (rejection id: 25)
(node:673313) PromiseRejectionHandledWarning: Promise rejection was handled asynchronously (rejection id: 26)
(node:673313) PromiseRejectionHandledWarning: Promise rejection was handled asynchronously (rejection id: 45)
(node:673313) PromiseRejectionHandledWarning: Promise rejection was handled asynchronously (rejection id: 46)
(node:673313) PromiseRejectionHandledWarning: Promise rejection was handled asynchronously (rejection id: 47)
(node:673313) PromiseRejectionHandledWarning: Promise rejection was handled asynchronously (rejection id: 49)
 × tests/serialVoicePlayback.test.ts > 串行播放单元测试 > 优先级排序 > 应该按优先级排序：对骂 > 事件 > 随机
   → TTS服务音频生成失败
 × tests/serialVoicePlayback.test.ts > 串行播放单元测试 > 串行播放 > 应该一次只播放一个聊天语音
   → TTS服务音频生成失败
 × tests/serialVoicePlayback.test.ts > 串行播放单元测试 > 串行播放 > 应该按顺序播放队列中的消息
   → TTS服务音频生成失败
 × tests/serialVoicePlayback.test.ts > 串行播放单元测试 > 报牌中断 > 报牌应该可以中断聊天语音
   → TTS服务音频生成失败
 × tests/serialVoicePlayback.test.ts > 串行播放单元测试 > 队列管理 > 队列满时应该丢弃低优先级消息
   → expected 0 to be greater than 0
 × tests/serialVoicePlayback.test.ts > 串行播放单元测试 > 队列管理 > 应该正确处理队列中的消息
   → TTS服务音频生成失败
 × tests/serialVoicePlayback.test.ts > 串行播放单元测试 > 气泡同步 > onStart应该在语音真正开始时触发
   → TTS服务音频生成失败
 × tests/serialVoicePlayback.test.ts > 串行播放单元测试 > 气泡同步 > 队列中的消息也应该触发onStart
   → TTS服务音频生成失败
 × tests/dealingManualMode.test.ts > 手动发牌模式 > 应该显示手动/自动切换按钮 5111ms
   → Test timed out in 5000ms.
If this is a long-running test, pass a timeout value as the last argument or configure it globally with "testTimeout".
 ✓ tests/useMultiPlayerGame.test.ts > useMultiPlayerGame Hook > 初始化 > 应该初始化默认状态
 ✓ tests/useMultiPlayerGame.test.ts > useMultiPlayerGame Hook > 初始化 > 应该设置 Game 的更新回调
 ✓ tests/useMultiPlayerGame.test.ts > useMultiPlayerGame Hook > startGame > 应该调用 Game.startGameWithDealing 并创建新游戏
 ✓ tests/useMultiPlayerGame.test.ts > useMultiPlayerGame Hook > startGame > 应该保持托管状态
 ✓ tests/useMultiPlayerGame.test.ts > useMultiPlayerGame Hook > startGame > 应该设置新游戏的更新回调
 ✓ tests/useMultiPlayerGame.test.ts > useMultiPlayerGame Hook > resetGame > 应该调用 Game.reset()
 ✓ tests/useMultiPlayerGame.test.ts > useMultiPlayerGame Hook > toggleAutoPlay > 应该调用 Game.toggleAutoPlay()
 ✓ tests/useMultiPlayerGame.test.ts > useMultiPlayerGame Hook > toggleAutoPlay > 应该返回新的托管状态
 ✓ tests/useMultiPlayerGame.test.ts > useMultiPlayerGame Hook > handleDealingComplete > 应该在没有 pendingGameConfig 时只设置 isDealing 为 false
 ✓ tests/useMultiPlayerGame.test.ts > useMultiPlayerGame Hook > handleDealingComplete > 应该在有 pendingGameConfig 时创建新游戏
 ✓ tests/useMultiPlayerGame.test.ts > useMultiPlayerGame Hook > handleDealingComplete > 应该设置 isDealing 为 false，无论是否有 pendingGameConfig
 ✓ tests/useMultiPlayerGame.test.ts > useMultiPlayerGame Hook > handleDealingCancel > 应该调用 Game.handleDealingCancel()
 ✓ tests/useMultiPlayerGame.test.ts > useMultiPlayerGame Hook > handleDealingCancel > 应该清空 pendingGameConfig 和 isDealing
 ✓ tests/useMultiPlayerGame.test.ts > useMultiPlayerGame Hook > React 状态管理 > 应该正确管理 isDealing 状态
 ✓ tests/useMultiPlayerGame.test.ts > useMultiPlayerGame Hook > React 状态管理 > 应该正确管理 pendingGameConfig 状态
 ✓ tests/useMultiPlayerGame.test.ts > useMultiPlayerGame Hook > React 状态管理 > 应该从 Game 实例读取 isAutoPlay
 ✓ tests/useMultiPlayerGame.test.ts > useMultiPlayerGame Hook > createAndSetupGame 辅助函数 > 应该为新游戏设置更新回调
 ✓ tests/useMultiPlayerGame.test.ts > useMultiPlayerGame Hook > createAndSetupGame 辅助函数 > 应该更新 game 状态
 ✓ tests/teamScoring.test.ts > 团队计分规则 > 分数类型区分 > 应该正确计算玩家捡到的分数
 ✓ tests/teamScoring.test.ts > 团队计分规则 > 分数类型区分 > 应该处理没有 wonRounds 的玩家
 ✓ tests/teamScoring.test.ts > 团队计分规则 > 团队获胜条件判定 > 应该判定团队所有队员都出完牌
 ✓ tests/teamScoring.test.ts > 团队计分规则 > 团队获胜条件判定 > 应该判定游戏未结束（两个团队都没全部出完）
 ✓ tests/teamScoring.test.ts > 团队计分规则 > 手牌分转移 > 应该正确转移手牌分（包揽场景）
 ✓ tests/teamScoring.test.ts > 团队计分规则 > 团队分数调整 > 获胜团队应该 +30分，失败团队 -30分（无包揽）
 ✓ tests/teamScoring.test.ts > 团队计分规则 > 游戏结束分数计算（新逻辑） > 应该正确处理未出完手牌的分数
 ✓ tests/chatReplyRegression.test.ts > 聊天回复功能回归测试 > 向后兼容性 > 应该保持原有聊天功能正常工作
 × tests/chatReplyRegression.test.ts > 聊天回复功能回归测试 > 向后兼容性 > 应该保持事件聊天功能正常工作
   → expected undefined to be 'good_play' // Object.is equality
 ✓ tests/chatReplyRegression.test.ts > 聊天回复功能回归测试 > 向后兼容性 > 旧消息不应该有replyTo字段
 ✓ tests/chatReplyRegression.test.ts > 聊天回复功能回归测试 > 消息订阅不影响现有功能 > 订阅机制不应该影响消息添加
 ✓ tests/chatReplyRegression.test.ts > 聊天回复功能回归测试 > 消息订阅不影响现有功能 > 多个订阅者不应该影响消息存储
 × tests/chatReplyRegression.test.ts > 聊天回复功能回归测试 > 回复功能不影响现有聊天流程 > 回复消息应该正常添加到消息列表
   → expected null not to be null
 × tests/chatReplyRegression.test.ts > 聊天回复功能回归测试 > 回复功能不影响现有聊天流程 > 回复消息应该能够触发新的回复（回复链）
   → expected null not to be null
 × tests/chatReplyRegression.test.ts > 聊天回复功能回归测试 > 策略接口兼容性 > LLMChatStrategy应该实现generateReply方法
   → expected undefined not to be undefined
 ✓ tests/chatReplyRegression.test.ts > 聊天回复功能回归测试 > 策略接口兼容性 > RuleBasedStrategy应该实现generateReply方法
 × tests/chatReplyRegression.test.ts > 聊天回复功能回归测试 > 策略接口兼容性 > generateReply应该是可选方法（向后兼容）
   → expected undefined not to be undefined
 ✓ tests/chatReplyRegression.test.ts > 聊天回复功能回归测试 > 消息类型完整性 > 回复消息应该包含所有必需字段
 ✓ tests/chatReplyRegression.test.ts > 聊天回复功能回归测试 > 消息类型完整性 > 非回复消息不应该有replyTo字段
 ✓ tests/chatReplyRegression.test.ts > 聊天回复功能回归测试 > 性能影响 > 订阅机制不应该显著影响消息添加性能
 ✓ tests/chatReplyRegression.test.ts > 聊天回复功能回归测试 > 边界情况 > 应该处理空消息内容
 ✓ tests/chatReplyRegression.test.ts > 聊天回复功能回归测试 > 边界情况 > 应该处理自己回复自己的情况
 × tests/chatReplyRegression.test.ts > 聊天回复功能回归测试 > 边界情况 > 应该处理回复已回复的消息
   → expected null not to be null
 ✓ tests/mcts/expansion.test.ts > MCTS节点扩展 > 应该在没有未尝试动作时返回null
 ✓ tests/mcts/expansion.test.ts > MCTS节点扩展 > 应该成功扩展节点并创建子节点
 ✓ tests/mcts/expansion.test.ts > MCTS节点扩展 > 应该从untriedActions中移除已使用的动作
 ✓ tests/mcts/expansion.test.ts > MCTS节点扩展 > 应该切换玩家回合
 ✓ tests/mcts/expansion.test.ts > MCTS节点扩展 > 应该正确设置新节点的lastPlay
 ✓ tests/mcts/expansion.test.ts > MCTS节点扩展 > 应该正确设置新节点的parent
 ✓ tests/mcts/expansion.test.ts > MCTS节点扩展 > 应该拒绝无效的出牌动作
 ✓ tests/mcts/expansion.test.ts > MCTS节点扩展 > 应该拒绝不能压过上家出牌的动作
 ✓ tests/mcts/expansion.test.ts > MCTS节点扩展 > 应该能够压过上家出牌时成功扩展
 ✓ tests/mcts/expansion.test.ts > MCTS节点扩展 > 应该正确处理对子扩展
 ✓ tests/mcts/expansion.test.ts > MCTS节点扩展 > 应该正确处理三张扩展
 ✓ tests/mcts/expansion.test.ts > MCTS节点扩展 > 应该正确处理炸弹扩展
 ✓ tests/mcts/expansion.test.ts > MCTS节点扩展 > 应该在扩展后正确更新children数组
 ✓ tests/mcts/expansion.test.ts > MCTS节点扩展 > 应该在扩展后正确移除untriedAction
 ✓ tests/mcts/expansion.test.ts > MCTS节点扩展 > 应该在多次扩展后用完所有untried actions
 ✓ tests/mcts/expansion.test.ts > MCTS节点扩展 > 应该在所有actions尝试后返回null
 ✓ tests/mcts/expansion.test.ts > MCTS节点扩展 > 应该正确设置子节点的所有属性
 ✓ tests/autoContinueAfterFinish.test.ts > 玩家出完牌后自动继续功能测试 > 单元测试：跳过已出完的玩家 > 应该正确跳过已出完的玩家，找到下一个还在游戏中的玩家
 ✓ tests/autoContinueAfterFinish.test.ts > 玩家出完牌后自动继续功能测试 > 单元测试：跳过已出完的玩家 > 应该正确处理所有玩家都出完的情况
 ✓ tests/autoContinueAfterFinish.test.ts > 玩家出完牌后自动继续功能测试 > 单元测试：跳过已出完的玩家 > 应该正确处理连续多个玩家出完的情况
 ✓ tests/autoContinueAfterFinish.test.ts > 玩家出完牌后自动继续功能测试 > 单元测试：玩家出完牌后的状态更新 > 玩家出完牌后应该正确记录到finishOrder
 ✓ tests/autoContinueAfterFinish.test.ts > 玩家出完牌后自动继续功能测试 > 单元测试：玩家出完牌后的状态更新 > 多个玩家出完牌后应该按顺序记录
 ✓ tests/autoContinueAfterFinish.test.ts > 玩家出完牌后自动继续功能测试 > 回归测试：确保修复后的功能正常工作 > 玩家出完牌后，下一个玩家应该是AI时自动出牌（回归测试）
 ✓ tests/autoContinueAfterFinish.test.ts > 玩家出完牌后自动继续功能测试 > 回归测试：确保修复后的功能正常工作 > 玩家出完牌后，不应该停留在已出完的玩家（回归测试）
 ✓ tests/autoContinueAfterFinish.test.ts > 玩家出完牌后自动继续功能测试 > 回归测试：确保修复后的功能正常工作 > 所有玩家都出完牌后，游戏应该结束（回归测试）
 ✓ tests/autoContinueAfterFinish.test.ts > 玩家出完牌后自动继续功能测试 > 边界情况测试 > 应该处理只有两个玩家，一个出完的情况
 ✓ tests/autoContinueAfterFinish.test.ts > 玩家出完牌后自动继续功能测试 > 边界情况测试 > 应该处理8人游戏中多个玩家出完的情况
 ✓ tests/autoContinueAfterFinish.test.ts > 玩家出完牌后自动继续功能测试 > 集成测试：完整流程 > 应该能够模拟玩家出完牌后，游戏自动继续的完整流程
 ✓ tests/gameState.test.ts > 游戏状态管理测试 > dealCards 函数测试 > 发牌应该为每个玩家创建正确数量的牌
 ✓ tests/gameState.test.ts > 游戏状态管理测试 > dealCards 函数测试 > 不同玩家数量的发牌测试 458ms
 ✓ tests/gameState.test.ts > 游戏状态管理测试 > dealCards 函数测试 > 每个玩家的牌应该是唯一的
 ✓ tests/gameState.test.ts > 游戏状态管理测试 > dealCards 函数测试 > 发牌应该是随机的
 ✓ tests/gameState.test.ts > 游戏状态管理测试 > Game 静态方法 > createAndStartNewGame > 应该创建新游戏实例 418ms
 ✓ tests/gameState.test.ts > 游戏状态管理测试 > Game 静态方法 > createAndStartNewGame > 应该保持托管状态 1067ms
 ✓ tests/gameState.test.ts > 游戏状态管理测试 > Game 静态方法 > createAndStartNewGame > 应该初始化追踪模块（如果启用） 1108ms
 ✓ tests/gameState.test.ts > 游戏状态管理测试 > Game 静态方法 > createAndStartNewGame > 应该不初始化追踪模块（如果禁用） 569ms
 ✓ tests/gameState.test.ts > 游戏状态管理测试 > Game 静态方法 > startGameWithDealing > 应该自动发牌并创建游戏 742ms
 ✓ tests/gameState.test.ts > 游戏状态管理测试 > Game 静态方法 > startGameWithDealing > 应该保持托管状态 1104ms
 ✓ tests/gameState.test.ts > 游戏状态管理测试 > Game 静态方法 > handleDealingComplete > 应该使用指定手牌创建游戏 693ms
 ✓ tests/gameState.test.ts > 游戏状态管理测试 > Game 静态方法 > handleDealingComplete > 应该保持托管状态 930ms
 ✓ tests/gameState.test.ts > 游戏状态管理测试 > Game 静态方法 > handleDealingCancel > 应该是占位方法，不执行任何操作 541ms
 ✓ tests/gameState.test.ts > 游戏状态管理测试 > Game 实例方法 > reset > 应该重置游戏状态 450ms
 ✓ tests/gameState.test.ts > 游戏状态管理测试 > Game 实例方法 > reset > 应该清除聊天消息
 ✓ tests/gameState.test.ts > 游戏状态管理测试 > Game 实例方法 > reset > 应该触发更新回调
 ✓ tests/gameState.test.ts > 游戏状态管理测试 > Game 实例方法 > toggleAutoPlay > 应该切换托管状态
 ✓ tests/gameState.test.ts > 游戏状态管理测试 > Game 实例方法 > toggleAutoPlay > 应该切换托管状态并更新调度器
 ✓ tests/gameState.test.ts > 游戏状态管理测试 > Game 实例方法 > initializeTracking > 应该初始化追踪模块（如果启用） 301ms
 ✓ tests/gameState.test.ts > 游戏状态管理测试 > Game 实例方法 > initializeTracking > 应该从 localStorage 读取配置（如果配置中未指定） 3375ms
 ✓ tests/gameState.test.ts > 游戏状态管理测试 > Game 实例方法 > initializeTracking > 应该不初始化追踪模块（如果禁用） 1107ms
stdout | tests/gameState.test.ts > 游戏状态管理测试 > Game 静态方法 > createAndStartNewGame > 应该创建新游戏实例
[GameModeFactory] 创建个人模式策略
[Game构造] 使用游戏模式: 个人模式
[startNewGame] 游戏模式: 个人模式
[startNewGame] config.teamMode: undefined
[startNewGame] config.playerCount: 4
[startNewGame] isTeamMode: false
[startNewGame] 个人模式，teamConfig = null

stdout | tests/gameState.test.ts > 游戏状态管理测试 > Game 静态方法 > createAndStartNewGame > 应该保持托管状态
[GameModeFactory] 创建个人模式策略
[Game构造] 使用游戏模式: 个人模式
[startNewGame] 游戏模式: 个人模式
[startNewGame] config.teamMode: undefined
[startNewGame] config.playerCount: 4
[startNewGame] isTeamMode: false
[startNewGame] 个人模式，teamConfig = null
[GameModeFactory] 创建个人模式策略
[Game构造] 使用游戏模式: 个人模式
[startNewGame] 游戏模式: 个人模式
[startNewGame] config.teamMode: undefined
[startNewGame] config.playerCount: 4
[startNewGame] isTeamMode: false
[startNewGame] 个人模式，teamConfig = null

stdout | tests/gameState.test.ts > 游戏状态管理测试 > Game 静态方法 > createAndStartNewGame > 应该初始化追踪模块（如果启用）
[GameModeFactory] 创建个人模式策略
[Game构造] 使用游戏模式: 个人模式
[startNewGame] 游戏模式: 个人模式
[startNewGame] config.teamMode: undefined
[startNewGame] config.playerCount: 4
[startNewGame] isTeamMode: false
[startNewGame] 个人模式，teamConfig = null

stdout | tests/gameState.test.ts > 游戏状态管理测试 > Game 静态方法 > createAndStartNewGame > 应该不初始化追踪模块（如果禁用）
[接风轮询] 轮询完成，回到出牌玩家
[接风轮询] 出牌玩家索引: 1
[接风轮询] 出牌玩家已出完: false
[接风轮询] 所有玩家状态: [
  { index: 0, id: 0, name: '你', handCount: 53, teamId: null },
  { index: 1, id: 1, name: '玩家2', handCount: 43, teamId: null },
  { index: 2, id: 2, name: '玩家3', handCount: 48, teamId: null },
  { index: 3, id: 3, name: '玩家4', handCount: 48, teamId: null }
]
[接风轮询] 调用onRoundEnd，传入savedWinnerIndex: 1
[onRoundEnd] 被调用
[onRoundEnd] 接收参数 nextPlayerIndex: null
[onRoundEnd] 接收参数 savedWinnerIndex: 1
[onRoundEnd] 计算的 winnerIndex: 1
[onRoundEnd] endResult.winnerIndex: 1
[队友接风] 调用 findNextPlayerForNewRound，输入 winnerIndex: 1
[队友接风] 团队配置: null
[findNextPlayerForNewRound] 使用策略: 个人模式
[个人模式] 找下一个玩家，winnerIndex: 1
[个人模式] 接风玩家还有牌，返回: 1
[队友接风] 计算结果 actualNextPlayerIndex: 1
[新轮次] 准备调用 playNextTurn，下一个玩家索引: 1
[GameModeFactory] 创建个人模式策略
[Game构造] 使用游戏模式: 个人模式
[startNewGame] 游戏模式: 个人模式
[startNewGame] config.teamMode: undefined
[startNewGame] config.playerCount: 4
[startNewGame] isTeamMode: false
[startNewGame] 个人模式，teamConfig = null

stdout | tests/gameState.test.ts > 游戏状态管理测试 > Game 静态方法 > startGameWithDealing > 应该自动发牌并创建游戏
[GameModeFactory] 创建个人模式策略
[Game构造] 使用游戏模式: 个人模式
[startNewGame] 游戏模式: 个人模式
[startNewGame] config.teamMode: undefined
[startNewGame] config.playerCount: 4
[startNewGame] isTeamMode: false
[startNewGame] 个人模式，teamConfig = null

stdout | tests/gameState.test.ts > 游戏状态管理测试 > Game 静态方法 > startGameWithDealing > 应该保持托管状态
[GameModeFactory] 创建个人模式策略
[Game构造] 使用游戏模式: 个人模式
[startNewGame] 游戏模式: 个人模式
[startNewGame] config.teamMode: undefined
[startNewGame] config.playerCount: 4
[startNewGame] isTeamMode: false
[startNewGame] 个人模式，teamConfig = null

stdout | tests/gameState.test.ts > 游戏状态管理测试 > Game 静态方法 > handleDealingComplete > 应该使用指定手牌创建游戏
[GameModeFactory] 创建个人模式策略
[Game构造] 使用游戏模式: 个人模式
[startNewGame] 游戏模式: 个人模式
[startNewGame] config.teamMode: undefined
[startNewGame] config.playerCount: 4
[startNewGame] isTeamMode: false
[startNewGame] 个人模式，teamConfig = null

stdout | tests/gameState.test.ts > 游戏状态管理测试 > Game 静态方法 > handleDealingComplete > 应该保持托管状态
[GameModeFactory] 创建个人模式策略
[Game构造] 使用游戏模式: 个人模式
[startNewGame] 游戏模式: 个人模式
[startNewGame] config.teamMode: undefined
[startNewGame] config.playerCount: 4
[startNewGame] isTeamMode: false
[startNewGame] 个人模式，teamConfig = null

stdout | tests/gameState.test.ts > 游戏状态管理测试 > Game 实例方法 > reset > 应该重置游戏状态
[接风轮询] 轮询完成，回到出牌玩家
[接风轮询] 出牌玩家索引: 1
[接风轮询] 出牌玩家已出完: false
[接风轮询] 所有玩家状态: [
  { index: 0, id: 0, name: '你', handCount: 46, teamId: null },
  { index: 1, id: 1, name: '玩家2', handCount: 42, teamId: null },
  { index: 2, id: 2, name: '玩家3', handCount: 54, teamId: null },
  { index: 3, id: 3, name: '玩家4', handCount: 53, teamId: null }
]
[接风轮询] 调用onRoundEnd，传入savedWinnerIndex: 1
[onRoundEnd] 被调用
[onRoundEnd] 接收参数 nextPlayerIndex: null
[onRoundEnd] 接收参数 savedWinnerIndex: 1
[onRoundEnd] 计算的 winnerIndex: 1
[onRoundEnd] endResult.winnerIndex: 1
[队友接风] 调用 findNextPlayerForNewRound，输入 winnerIndex: 1
[队友接风] 团队配置: null
[findNextPlayerForNewRound] 使用策略: 个人模式
[个人模式] 找下一个玩家，winnerIndex: 1
[个人模式] 接风玩家还有牌，返回: 1
[队友接风] 计算结果 actualNextPlayerIndex: 1
[新轮次] 准备调用 playNextTurn，下一个玩家索引: 1
[GameModeFactory] 创建个人模式策略
[Game构造] 使用游戏模式: 个人模式

stdout | tests/gameState.test.ts > 游戏状态管理测试 > Game 实例方法 > reset > 应该清除聊天消息
[GameModeFactory] 创建个人模式策略
[Game构造] 使用游戏模式: 个人模式

stdout | tests/gameState.test.ts > 游戏状态管理测试 > Game 实例方法 > reset > 应该触发更新回调
[GameModeFactory] 创建个人模式策略
[Game构造] 使用游戏模式: 个人模式

stdout | tests/gameState.test.ts > 游戏状态管理测试 > Game 实例方法 > toggleAutoPlay > 应该切换托管状态
[GameModeFactory] 创建个人模式策略
[Game构造] 使用游戏模式: 个人模式

stdout | tests/gameState.test.ts > 游戏状态管理测试 > Game 实例方法 > toggleAutoPlay > 应该切换托管状态并更新调度器
[GameModeFactory] 创建个人模式策略
[Game构造] 使用游戏模式: 个人模式

stdout | tests/gameState.test.ts > 游戏状态管理测试 > Game 实例方法 > initializeTracking > 应该初始化追踪模块（如果启用）
[GameModeFactory] 创建个人模式策略
[Game构造] 使用游戏模式: 个人模式
[GameModeFactory] 创建个人模式策略
[Game构造] 使用游戏模式: 个人模式
[startNewGame] 游戏模式: 个人模式
[startNewGame] config.teamMode: undefined
[startNewGame] config.playerCount: 4
[startNewGame] isTeamMode: false
[startNewGame] 个人模式，teamConfig = null

stdout | tests/gameState.test.ts > 游戏状态管理测试 > Game 实例方法 > initializeTracking > 应该从 localStorage 读取配置（如果配置中未指定）
[GameModeFactory] 创建个人模式策略
[Game构造] 使用游戏模式: 个人模式
[GameModeFactory] 创建个人模式策略
[Game构造] 使用游戏模式: 个人模式
[startNewGame] 游戏模式: 个人模式
[startNewGame] config.teamMode: undefined
[startNewGame] config.playerCount: 4
[startNewGame] isTeamMode: false
[startNewGame] 个人模式，teamConfig = null

stdout | tests/gameState.test.ts > 游戏状态管理测试 > Game 实例方法 > initializeTracking > 应该不初始化追踪模块（如果禁用）
[GameModeFactory] 创建个人模式策略
[Game构造] 使用游戏模式: 个人模式
[接风轮询] 轮询完成，回到出牌玩家
[接风轮询] 出牌玩家索引: 3
[接风轮询] 出牌玩家已出完: false
[接风轮询] 所有玩家状态: [
  { index: 0, id: 0, name: '你', handCount: 54, teamId: null },
  { index: 1, id: 1, name: '玩家2', handCount: 53, teamId: null },
  { index: 2, id: 2, name: '玩家3', handCount: 48, teamId: null },
  { index: 3, id: 3, name: '玩家4', handCount: 48, teamId: null }
]
[接风轮询] 调用onRoundEnd，传入savedWinnerIndex: 3
[onRoundEnd] 被调用
[onRoundEnd] 接收参数 nextPlayerIndex: null
[onRoundEnd] 接收参数 savedWinnerIndex: 3
[onRoundEnd] 计算的 winnerIndex: 3
[onRoundEnd] endResult.winnerIndex: 3
[队友接风] 调用 findNextPlayerForNewRound，输入 winnerIndex: 3
[队友接风] 团队配置: null
[findNextPlayerForNewRound] 使用策略: 个人模式
[个人模式] 找下一个玩家，winnerIndex: 3
[个人模式] 接风玩家还有牌，返回: 3
[队友接风] 计算结果 actualNextPlayerIndex: 3
[新轮次] 准备调用 playNextTurn，下一个玩家索引: 3
[GameModeFactory] 创建个人模式策略
[Game构造] 使用游戏模式: 个人模式
[startNewGame] 游戏模式: 个人模式
[startNewGame] config.teamMode: undefined
[startNewGame] config.playerCount: 4
[startNewGame] isTeamMode: false
[startNewGame] 个人模式，teamConfig = null

 ✓ tests/services/cardPlaying/AISuggesterService.test.ts > AISuggesterService > suggestPlay > 应该返回AI建议
 ✓ tests/services/cardPlaying/AISuggesterService.test.ts > AISuggesterService > suggestPlay > 应该在没有可出牌时返回null
 ✓ tests/services/cardPlaying/AISuggesterService.test.ts > AISuggesterService > suggestPlay > 应该验证建议的牌是否合法
 ✓ tests/services/cardPlaying/AISuggesterService.test.ts > AISuggesterService > suggestPlay > 应该检查建议的牌是否能压过上家
 ✓ tests/services/cardPlaying/AISuggesterService.test.ts > AISuggesterService > suggestPlay > 应该支持不同的策略选项
 ✓ tests/services/cardPlaying/AISuggesterService.test.ts > AISuggesterService > suggestMultiple > 应该返回多个建议
 ✓ tests/services/cardPlaying/AISuggesterService.test.ts > AISuggesterService > suggestMultiple > 应该验证所有建议都是合法的
 ✓ tests/services/cardPlaying/AISuggesterService.test.ts > AISuggesterService > explainSuggestion > 应该生成建议解释
 ✓ tests/services/cardPlaying/AISuggesterService.test.ts > AISuggesterService > evaluateSuggestion > 应该评估建议质量
 ✓ tests/services/cardPlaying/AISuggesterService.test.ts > AISuggesterService > evaluateSuggestion > 应该为单张牌给出合理评分
 ✓ tests/services/cardPlaying/AISuggesterService.test.ts > AISuggesterService > evaluateSuggestion > 应该为炸弹给出高评分
 ✓ tests/services/cardPlaying/AISuggesterService.test.ts > AISuggesterService > 错误处理 > 应该处理空手牌
 ✓ tests/services/cardPlaying/AISuggesterService.test.ts > AISuggesterService > 错误处理 > 应该处理无效的lastPlay
 ✓ tests/services/cardPlaying/AISuggesterService.test.ts > AISuggesterService > 错误处理 > 应该处理不完整的配置
 ✓ tests/services/cardPlaying/AISuggesterService.test.ts > AISuggesterService > 性能测试 > 应该在合理时间内返回建议
 ✓ tests/services/cardPlaying/AISuggesterService.test.ts > AISuggesterService > 性能测试 > 应该能够处理大量手牌
 ✓ tests/services/cardPlaying/AISuggesterService.test.ts > AISuggesterService > 策略一致性 > 相同配置应该产生相同的建议
 ✓ tests/services/cardPlaying/AISuggesterService.test.ts > AISuggesterService > 策略一致性 > 不同策略应该可能产生不同的建议
 ✓ tests/services/cardPlaying/AISuggesterService.test.ts > AISuggesterService > 与ValidationService集成 > 建议的牌应该通过验证
 ✓ tests/services/cardPlaying/AISuggesterService.test.ts > AISuggesterService > 与ValidationService集成 > 建议的牌应该能压过上家
 ✓ tests/chatSceneProcessors.test.ts > 聊天场景处理器 > SpontaneousChatProcessor（自发聊天） > 应该正确标识场景类型
 × tests/chatSceneProcessors.test.ts > 聊天场景处理器 > SpontaneousChatProcessor（自发聊天） > 应该构建轻量级提示词
   → expected '你是一个过炸牌游戏的AI玩家，正在和其他玩家进行轻松的闲聊。\n\n⚠️ …' to contain '最多20个字'
 ✓ tests/chatSceneProcessors.test.ts > 聊天场景处理器 > SpontaneousChatProcessor（自发聊天） > 应该宽松处理内容
 ✓ tests/chatSceneProcessors.test.ts > 聊天场景处理器 > SpontaneousChatProcessor（自发聊天） > 应该匹配 RANDOM 和 DEALING 事件
 ✓ tests/chatSceneProcessors.test.ts > 聊天场景处理器 > SpontaneousChatProcessor（自发聊天） > 应该包含聊天历史（如果提供）
 ✓ tests/chatSceneProcessors.test.ts > 聊天场景处理器 > EventDrivenChatProcessor（事件触发） > 应该正确标识场景类型
 × tests/chatSceneProcessors.test.ts > 聊天场景处理器 > EventDrivenChatProcessor（事件触发） > 应该构建详细提示词
   → expected '你是一个过炸牌游戏的AI玩家，需要根据游戏情况生成自然、有趣的聊天内容。\…' to contain '最多15个字'
 ✓ tests/chatSceneProcessors.test.ts > 聊天场景处理器 > EventDrivenChatProcessor（事件触发） > 应该严格处理内容
 ✓ tests/chatSceneProcessors.test.ts > 聊天场景处理器 > EventDrivenChatProcessor（事件触发） > 应该匹配除 RANDOM 和 DEALING 外的所有事件
 ✓ tests/chatSceneProcessors.test.ts > 聊天场景处理器 > EventDrivenChatProcessor（事件触发） > 应该包含事件详情
 ✓ tests/chatSceneProcessors.test.ts > 聊天场景处理器 > EventDrivenChatProcessor（事件触发） > 应该格式化手牌信息
 ✓ tests/chatSceneProcessors.test.ts > 聊天场景处理器 > TauntChatProcessor（对骂） > 应该正确标识场景类型
 × tests/chatSceneProcessors.test.ts > 聊天场景处理器 > TauntChatProcessor（对骂） > 应该构建对骂提示词
   → expected '你是一个过炸牌游戏的AI玩家，需要生成对骂/挑衅内容。\n\n重要要求：\…' to contain '最多15个字'
 × tests/chatSceneProcessors.test.ts > 聊天场景处理器 > TauntChatProcessor（对骂） > 应该保留对骂内容的原始性（不严格处理）
   → expected 21 to be less than or equal to 20
 ✓ tests/chatSceneProcessors.test.ts > 聊天场景处理器 > TauntChatProcessor（对骂） > 应该包含目标玩家信息（如果提供）
 ✓ tests/chatSceneProcessors.test.ts > 聊天场景处理器 > 场景配置差异 > 自发聊天应该使用更长的最大长度
 ✓ tests/chatSceneProcessors.test.ts > 聊天场景处理器 > 场景配置差异 > 事件触发应该包含完整游戏状态
 ✓ tests/chatSceneProcessors.test.ts > 聊天场景处理器 > 场景配置差异 > 事件触发应该包含详细事件信息
 ✓ tests/chatSceneProcessors.test.ts > 聊天场景处理器 > 场景配置差异 > 自发聊天应该使用更长的历史记录
 ✓ tests/chatSystem.test.ts > 聊天系统 > 消息管理 > 应该能够添加聊天消息
 ✓ tests/chatSystem.test.ts > 聊天系统 > 消息管理 > 应该能够获取所有聊天消息
 ✓ tests/chatSystem.test.ts > 聊天系统 > 消息管理 > 应该能够清空聊天消息
 ✓ tests/chatSystem.test.ts > 聊天系统 > 消息管理 > 应该限制消息数量在MAX_MESSAGES以内
 ✓ tests/chatSystem.test.ts > 聊天系统 > createChatMessage > 应该创建正确的聊天消息
 ✓ tests/chatSystem.test.ts > 聊天系统 > triggerRandomChat > 应该根据概率触发随机闲聊
 ✓ tests/chatSystem.test.ts > 聊天系统 > triggerRandomChat > 应该根据概率不触发随机闲聊
 ✓ tests/chatSystem.test.ts > 聊天系统 > triggerEventChat > 应该触发大墩事件聊天
 ✓ tests/chatSystem.test.ts > 聊天系统 > triggerEventChat > 应该触发分牌被捡走事件聊天
 ✓ tests/chatSystem.test.ts > 聊天系统 > triggerEventChat > 应该触发好牌事件聊天
 ✓ tests/chatSystem.test.ts > 聊天系统 > triggerEventChat > 应该触发对骂聊天（使用 triggerTaunt）
 ✓ tests/chatSystem.test.ts > 聊天系统 > triggerBigDunReaction > 应该为大墩触发其他玩家的反应
 ✓ tests/chatSystem.test.ts > 聊天系统 > triggerBigDunReaction > 不应该为小墩触发反应
 ✓ tests/chatSystem.test.ts > 聊天系统 > triggerScoreStolenReaction > 应该触发分牌被捡走反应
 ✓ tests/chatSystem.test.ts > 聊天系统 > triggerGoodPlayReaction > 应该触发好牌反应
 ✓ tests/chatSystem.test.ts > 聊天系统 > triggerTaunt > 应该触发对骂
 ✓ tests/dealingFeaturesRegression.test.ts > 发牌功能回归测试 > 叠放显示功能 > 应该正确显示叠放的卡牌
 ✓ tests/dealingFeaturesRegression.test.ts > 发牌功能回归测试 > 叠放显示功能 > 展开时应该显示所有牌（不叠放）
 ✓ tests/dealingFeaturesRegression.test.ts > 发牌功能回归测试 > 叠放显示功能 > 应该正确计算叠放偏移量
 ✓ tests/i18n.test.ts > 多语言功能测试 > 语言切换 > 应该支持切换到英文
 ✓ tests/i18n.test.ts > 多语言功能测试 > 语言切换 > 应该支持切换到中文
 ✓ tests/i18n.test.ts > 多语言功能测试 > 语言切换 > 应该支持切换到韩文
 ✓ tests/i18n.test.ts > 多语言功能测试 > 语言切换 > 应该支持切换到日文
 ✓ tests/i18n.test.ts > 多语言功能测试 > 游戏文本翻译 > 应该正确翻译游戏操作按钮（中文）
 ✓ tests/i18n.test.ts > 多语言功能测试 > 游戏文本翻译 > 应该正确翻译游戏操作按钮（英文）
 ✓ tests/i18n.test.ts > 多语言功能测试 > 游戏文本翻译 > 应该正确翻译游戏状态
 ✓ tests/i18n.test.ts > 多语言功能测试 > 卡牌语音转换多语言 > 应该正确转换单张（中文）
 ✓ tests/i18n.test.ts > 多语言功能测试 > 卡牌语音转换多语言 > 应该正确转换单张（英文）
 ✓ tests/i18n.test.ts > 多语言功能测试 > 卡牌语音转换多语言 > 应该正确转换对子（中文）
 ✓ tests/i18n.test.ts > 多语言功能测试 > 卡牌语音转换多语言 > 应该正确转换对子（英文）
 ✓ tests/i18n.test.ts > 多语言功能测试 > 卡牌语音转换多语言 > 应该正确转换三张（中文）
 ✓ tests/i18n.test.ts > 多语言功能测试 > 卡牌语音转换多语言 > 应该正确转换三张（英文）
 ✓ tests/i18n.test.ts > 多语言功能测试 > 卡牌语音转换多语言 > 应该正确转换所有卡牌点数（中文）
 ✓ tests/i18n.test.ts > 多语言功能测试 > 卡牌语音转换多语言 > 应该正确转换所有卡牌点数（英文）
 ✓ tests/i18n.test.ts > 多语言功能测试 > UI配置文本翻译 > 应该正确翻译配置项（中文）
 ✓ tests/i18n.test.ts > 多语言功能测试 > UI配置文本翻译 > 应该正确翻译配置项（英文）
 ✓ tests/i18n.test.ts > 多语言功能测试 > 语言持久化 > 应该保存语言选择到 localStorage
 ✓ tests/tts/TTSServiceManager.test.ts > TTSServiceManager > 服务器管理集成 > 应该能够通过服务管理器访问服务器管理器
 ✓ tests/tts/TTSServiceManager.test.ts > TTSServiceManager > 服务器管理集成 > 应该能够添加和管理服务器
 ✓ tests/tts/TTSServiceManager.test.ts > TTSServiceManager > 场景化语音合成 > 应该能够为特定场景合成语音
 ✓ tests/tts/TTSServiceManager.test.ts > TTSServiceManager > 场景化语音合成 > 应该使用场景配置的服务器
 ✓ tests/tts/TTSServiceManager.test.ts > TTSServiceManager > 场景化语音合成 > 应该能够更新场景配置
 ✓ tests/tts/TTSServiceManager.test.ts > TTSServiceManager > 场景化语音合成 > 应该支持为聊天场景配置特定服务器
 ✓ tests/tts/TTSServiceManager.test.ts > TTSServiceManager > 场景化语音合成 > 应该支持为报牌场景配置特定服务器
 ✓ tests/tts/TTSServiceManager.test.ts > TTSServiceManager > 场景化语音合成 > 场景未配置时应该使用全局优先级
 ✓ tests/tts/TTSServiceManager.test.ts > TTSServiceManager > 自动回退机制 > 应该在首选服务器失败时尝试下一个
 ✓ tests/tts/TTSServiceManager.test.ts > TTSServiceManager > 自动回退机制 > 应该跳过禁用的服务器
 ✓ tests/tts/TTSServiceManager.test.ts > TTSServiceManager > 自动回退机制 > 应该跳过不健康的服务器
 ✓ tests/tts/TTSServiceManager.test.ts > TTSServiceManager > 测试功能 > 应该能够测试服务器连接
 ✓ tests/tts/TTSServiceManager.test.ts > TTSServiceManager > 测试功能 > 应该能够测试语音合成
 ✓ tests/tts/TTSServiceManager.test.ts > TTSServiceManager > 配置管理 > 应该能够保存配置
 ✓ tests/tts/TTSServiceManager.test.ts > TTSServiceManager > 配置管理 > 应该能够获取全局设置
 ✓ tests/tts/TTSServiceManager.test.ts > TTSServiceManager > 配置管理 > 应该能够更新全局设置
 ✓ tests/tts/TTSServiceManager.test.ts > TTSServiceManager > 统计信息 > 应该返回正确的统计信息
 ✓ tests/tts/TTSServiceManager.test.ts > TTSServiceManager > 向后兼容 > 应该支持旧的synthesize方法
 ✓ tests/tts/TTSServiceManager.test.ts > TTSServiceManager > 清理 > 应该能够清理所有缓存
 ✓ tests/tts/TTSServiceManager.test.ts > TTSServiceManager > 清理 > 应该能够正确释放资源
 × tests/dealingManualMode.test.ts > 手动发牌模式 > 应该能够切换到手动模式 12595ms
   → Test timed out in 10000ms.
If this is a long-running test, pass a timeout value as the last argument or configure it globally with "testTimeout".
 ✓ tests/unit/round/RoundModule.test.ts > RoundModule > processPlay > 应该处理有效出牌
 ✓ tests/unit/round/RoundModule.test.ts > RoundModule > processPlay > 应该计算分数
 ✓ tests/unit/round/RoundModule.test.ts > RoundModule > processPlay > 已结束的轮次不能出牌
 ✓ tests/unit/round/RoundModule.test.ts > RoundModule > processPlay > 应该检测轮次结束
 ✓ tests/unit/round/RoundModule.test.ts > RoundModule > processPlay > 无效玩家索引应该抛出错误
 ✓ tests/unit/round/RoundModule.test.ts > RoundModule > processPass > 应该处理要不起
 ✓ tests/unit/round/RoundModule.test.ts > RoundModule > processPass > 触发接风轮
 ✓ tests/unit/round/RoundModule.test.ts > RoundModule > processPass > 已结束的轮次不能要不起
 ✓ tests/unit/round/RoundModule.test.ts > RoundModule > checkRoundEnd > 有玩家出完应该返回true
 ✓ tests/unit/round/RoundModule.test.ts > RoundModule > checkRoundEnd > 所有玩家都有牌应该返回false
 ✓ tests/unit/round/RoundModule.test.ts > RoundModule > checkRoundEnd > 多个玩家出完应该返回true
 ✓ tests/unit/round/RoundModule.test.ts > RoundModule > isInTakeoverRound > 应该正确判断接风轮
 ✓ tests/unit/round/RoundModule.test.ts > RoundModule > canPlayerPlay > 轮次未开始时第一个玩家可以出牌
 ✓ tests/unit/round/RoundModule.test.ts > RoundModule > canPlayerPlay > 已结束的轮次不能出牌
 ✓ tests/unit/round/RoundModule.test.ts > RoundModule > canPlayerPlay > 手牌为空的玩家不能出牌
 ✓ tests/unit/round/RoundModule.test.ts > RoundModule > getRoundStats > 应该返回正确的统计信息
 ✓ tests/unit/round/RoundModule.test.ts > RoundModule > 综合场景 > 完整的一轮出牌流程
 ✓ tests/unit/round/RoundModule.test.ts > RoundModule > 综合场景 > 玩家出完所有牌应该结束轮次
 ✓ tests/tts/TTSServerManager.test.ts > TTSServerManager > 服务器管理 > 应该能够添加服务器
 ✓ tests/tts/TTSServerManager.test.ts > TTSServerManager > 服务器管理 > 应该能够更新服务器
 ✓ tests/tts/TTSServerManager.test.ts > TTSServerManager > 服务器管理 > 应该能够删除服务器
 ✓ tests/tts/TTSServerManager.test.ts > TTSServerManager > 服务器管理 > 应该能够获取所有服务器
 ✓ tests/tts/TTSServerManager.test.ts > TTSServerManager > 服务器管理 > 应该能够获取已启用的服务器
 ✓ tests/tts/TTSServerManager.test.ts > TTSServerManager > 服务器管理 > 应该能够按类型查找服务器
 ✓ tests/tts/TTSServerManager.test.ts > TTSServerManager > 优先级管理 > 应该能够按优先级排序服务器
 ✓ tests/tts/TTSServerManager.test.ts > TTSServerManager > 优先级管理 > 应该能够设置单个服务器的优先级
 ✓ tests/tts/TTSServerManager.test.ts > TTSServerManager > 优先级管理 > 应该能够重新排序服务器优先级
 ✓ tests/tts/TTSServerManager.test.ts > TTSServerManager > 优先级管理 > 应该支持实时调整优先级（模拟UI操作）
 ✓ tests/tts/TTSServerManager.test.ts > TTSServerManager > 优先级管理 > 数字越小优先级越高
 ✓ tests/tts/TTSServerManager.test.ts > TTSServerManager > 健康检查 > 禁用的服务器应该被标记为disabled
 ✓ tests/tts/TTSServerManager.test.ts > TTSServerManager > 健康检查 > 浏览器TTS应该总是可用
 ✓ tests/tts/TTSServerManager.test.ts > TTSServerManager > 健康检查 > 只应该检查已启用的服务器
 ✓ tests/tts/TTSServerManager.test.ts > TTSServerManager > 启用/禁用功能 > 应该能够切换服务器启用状态
 ✓ tests/tts/TTSServerManager.test.ts > TTSServerManager > 启用/禁用功能 > 禁用服务器时应该更新启用状态
 ✓ tests/tts/TTSServerManager.test.ts > TTSServerManager > 收藏功能 > 应该能够切换收藏状态
 ✓ tests/tts/TTSServerManager.test.ts > TTSServerManager > 统计信息 > 应该返回正确的统计信息
 ✓ tests/tts/TTSServerManager.test.ts > TTSServerManager > 全局设置 > 应该能够更新全局设置
 ✓ tests/tts/TTSServerManager.test.ts > TTSServerManager > 使用记录 > 应该能够记录服务器使用
 ✓ tests/tts/TTSServerManager.test.ts > TTSServerManager > 清理 > 应该能够正确清理资源
 ✓ tests/services/cardPlaying/ValidationService.test.ts > ValidationService > validateCardType > 应该验证单张牌
 ✓ tests/services/cardPlaying/ValidationService.test.ts > ValidationService > validateCardType > 应该验证对子
 ✓ tests/services/cardPlaying/ValidationService.test.ts > ValidationService > validateCardType > 应该验证三张
 ✓ tests/services/cardPlaying/ValidationService.test.ts > ValidationService > validateCardType > 应该拒绝不合法的牌型
 ✓ tests/services/cardPlaying/ValidationService.test.ts > ValidationService > validateCardType > 应该拒绝空牌
 ✓ tests/services/cardPlaying/ValidationService.test.ts > ValidationService > validatePlayRules > 应该允许新轮次自由出牌
 ✓ tests/services/cardPlaying/ValidationService.test.ts > ValidationService > validatePlayRules > 应该验证是否能压过上家
 ✓ tests/services/cardPlaying/ValidationService.test.ts > ValidationService > validatePlayRules > 应该验证牌是否在手牌中
 ✓ tests/services/cardPlaying/ValidationService.test.ts > ValidationService > canBeat > 应该正确比较单张牌
 ✓ tests/services/cardPlaying/ValidationService.test.ts > ValidationService > canBeat > 应该正确比较对子
 ✓ tests/services/cardPlaying/ValidationService.test.ts > ValidationService > canBeat > 应该拒绝不同牌型的比较
 ✓ tests/services/cardPlaying/ValidationService.test.ts > ValidationService > findPlayableCards > 应该找到所有可出的牌组合
 ✓ tests/services/cardPlaying/ValidationService.test.ts > ValidationService > findPlayableCards > 应该根据上家出牌找到能压过的牌
 ✓ tests/services/cardPlaying/ValidationService.test.ts > ValidationService > hasPlayableCards > 应该检测是否有可出的牌
 ✓ tests/services/cardPlaying/ValidationService.test.ts > ValidationService > hasPlayableCards > 应该检测是否有能压过上家的牌
 ✓ tests/services/cardPlaying/ValidationService.test.ts > ValidationService > hasPlayableCards > 应该检测没有能压过的牌
 × tests/chatSceneRegression.test.ts > 聊天场景化系统回归测试 > LLMChatStrategy 场景集成 > 应该为随机聊天标记 SPONTANEOUS 场景
   → expected undefined to be 'spontaneous' // Object.is equality
 × tests/chatSceneRegression.test.ts > 聊天场景化系统回归测试 > LLMChatStrategy 场景集成 > 应该为事件聊天标记 EVENT_DRIVEN 场景
   → expected undefined to be 'event-driven' // Object.is equality
 × tests/chatSceneRegression.test.ts > 聊天场景化系统回归测试 > LLMChatStrategy 场景集成 > 应该为对骂标记 TAUNT 场景
   → expected undefined to be 'taunt' // Object.is equality
 × tests/chatSceneRegression.test.ts > 聊天场景化系统回归测试 > LLMChatStrategy 场景集成 > 应该根据事件类型选择正确的场景
   → expected undefined to be 'spontaneous' // Object.is equality
 ✓ tests/chatSceneRegression.test.ts > 聊天场景化系统回归测试 > RuleBasedStrategy 场景标记 > 应该为随机聊天标记 SPONTANEOUS 场景
 ✓ tests/chatSceneRegression.test.ts > 聊天场景化系统回归测试 > RuleBasedStrategy 场景标记 > 应该为事件聊天标记 EVENT_DRIVEN 场景
 ✓ tests/chatSceneRegression.test.ts > 聊天场景化系统回归测试 > RuleBasedStrategy 场景标记 > 应该为对骂标记 TAUNT 场景
 × tests/chatSceneRegression.test.ts > 聊天场景化系统回归测试 > 向后兼容性 > 消息应该包含所有必需字段
   → expected { playerId: +0, …(4) } to have property "scene"
 ✓ tests/chatSceneRegression.test.ts > 聊天场景化系统回归测试 > 向后兼容性 > 场景字段应该是可选的（向后兼容）
 ✓ tests/chatSceneRegression.test.ts > 聊天场景化系统回归测试 > 场景处理器工厂集成 > 应该能够根据事件类型获取正确的场景
 ✓ tests/chatSceneRegression.test.ts > 聊天场景化系统回归测试 > 场景处理器工厂集成 > 应该能够获取所有场景的处理器
 ✓ tests/chatSceneRegression.test.ts > 聊天场景化系统回归测试 > 场景配置差异 > 不同场景应该使用不同的配置
 ✓ tests/chatSceneRegression.test.ts > 聊天场景化系统回归测试 > 内容处理差异化 > 自发聊天应该宽松处理内容
 ✓ tests/chatSceneRegression.test.ts > 聊天场景化系统回归测试 > 内容处理差异化 > 事件触发应该严格处理内容
 ✓ tests/roundPlayManager.test.ts > RoundPlayManager > 构造函数和初始状态 > 应该使用默认值创建管理器
 ✓ tests/roundPlayManager.test.ts > RoundPlayManager > 构造函数和初始状态 > 应该使用提供的初始状态创建管理器
 ✓ tests/roundPlayManager.test.ts > RoundPlayManager > startNewRound > 应该开始新轮次，由赢家开始
 ✓ tests/roundPlayManager.test.ts > RoundPlayManager > startNewRound > 如果赢家已出完牌，应该找下一个还在游戏中的玩家
 ✓ tests/roundPlayManager.test.ts > RoundPlayManager > startNewRound > 如果所有玩家都出完，应该抛出错误
 ✓ tests/roundPlayManager.test.ts > RoundPlayManager > handlePlayerPlay > 应该正确处理玩家出牌
 ✓ tests/roundPlayManager.test.ts > RoundPlayManager > handlePlayerPlay > 应该累加轮次分数
 ✓ tests/roundPlayManager.test.ts > RoundPlayManager > handlePlayerPlay > 如果玩家出完牌且所有剩余玩家都要不起，应该标记结束轮次
 ✓ tests/roundPlayManager.test.ts > RoundPlayManager > handlePlayerPass > 如果所有玩家都要不起，应该标记结束轮次
 ✓ tests/roundPlayManager.test.ts > RoundPlayManager > handlePlayerPass > 如果没有最后出牌（接风状态），不应该结束轮次
 ✓ tests/roundPlayManager.test.ts > RoundPlayManager > endRound > 应该正确结束轮次并分配分数
 ✓ tests/roundPlayManager.test.ts > RoundPlayManager > endRound > 应该确定下一轮开始玩家
 ✓ tests/roundPlayManager.test.ts > RoundPlayManager > endRound > 如果赢家已出完，应该找下一个玩家开始
 ✓ tests/roundPlayManager.test.ts > RoundPlayManager > checkTakeover > 如果没有最后出牌，应该返回false
 ✓ tests/roundPlayManager.test.ts > RoundPlayManager > checkTakeover > 如果所有剩余玩家都要不起，应该返回true
 ✓ tests/roundPlayManager.test.ts > RoundPlayManager > updateCurrentPlayerIndex > 应该更新当前玩家索引
 ✓ tests/roundPlayManager.test.ts > RoundPlayManager > reset > 应该重置所有状态到初始值
 ✓ tests/chatServiceRegression.test.ts > 聊天服务回归测试 > 向后兼容性 > 应该保持原有的API接口
 ✓ tests/chatServiceRegression.test.ts > 聊天服务回归测试 > 向后兼容性 > 应该保持原有的消息结构
 ✓ tests/chatServiceRegression.test.ts > 聊天服务回归测试 > 功能完整性 > 应该能够处理多个玩家的聊天
 ✓ tests/chatServiceRegression.test.ts > 聊天服务回归测试 > 功能完整性 > 应该能够处理不同方言的聊天
 ✓ tests/chatServiceRegression.test.ts > 聊天服务回归测试 > 功能完整性 > 应该能够处理所有事件类型
 ✓ tests/chatServiceRegression.test.ts > 聊天服务回归测试 > 聊天内容库回归 > 应该能够获取所有类型的聊天内容
 ✓ tests/chatServiceRegression.test.ts > 聊天服务回归测试 > 聊天内容库回归 > 应该支持普通话和粤语
 ✓ tests/chatServiceRegression.test.ts > 聊天服务回归测试 > 集成测试 > 应该能够同时使用聊天服务和内容库
 ✓ tests/chatServiceRegression.test.ts > 聊天服务回归测试 > 集成测试 > 应该能够处理完整的聊天流程
 ✓ tests/chatServiceRegression.test.ts > 聊天服务回归测试 > 配置管理 > 应该能够更新服务配置
 ✓ tests/chatServiceRegression.test.ts > 聊天服务回归测试 > 配置管理 > 应该能够更新大墩配置
 ✓ tests/chatServiceRegression.test.ts > 聊天服务回归测试 > 配置管理 > 应该能够更新对骂配置
stdout | tests/hooks/useCardPlaying.test.ts > useCardPlaying > 初始化 > 应该正确初始化
[GameModeFactory] 创建个人模式策略
[Game构造] 使用游戏模式: 个人模式

stdout | tests/hooks/useCardPlaying.test.ts > useCardPlaying > 选牌功能 > 应该选择单张牌
[GameModeFactory] 创建个人模式策略
[Game构造] 使用游戏模式: 个人模式

stdout | tests/hooks/useCardPlaying.test.ts > useCardPlaying > 选牌功能 > 应该取消选择牌
[GameModeFactory] 创建个人模式策略
[Game构造] 使用游戏模式: 个人模式

stdout | tests/hooks/useCardPlaying.test.ts > useCardPlaying > 选牌功能 > 应该切换牌的选择状态
[GameModeFactory] 创建个人模式策略
[Game构造] 使用游戏模式: 个人模式

stdout | tests/hooks/useCardPlaying.test.ts > useCardPlaying > 选牌功能 > 应该选择一组牌
[GameModeFactory] 创建个人模式策略
[Game构造] 使用游戏模式: 个人模式

stdout | tests/hooks/useCardPlaying.test.ts > useCardPlaying > 选牌功能 > 应该清空选择
[GameModeFactory] 创建个人模式策略
[Game构造] 使用游戏模式: 个人模式

stdout | tests/hooks/useCardPlaying.test.ts > useCardPlaying > 验证功能 > 应该验证选中的牌
[GameModeFactory] 创建个人模式策略
[Game构造] 使用游戏模式: 个人模式

stdout | tests/hooks/useCardPlaying.test.ts > useCardPlaying > 验证功能 > 应该验证牌型
[GameModeFactory] 创建个人模式策略
[Game构造] 使用游戏模式: 个人模式

stdout | tests/hooks/useCardPlaying.test.ts > useCardPlaying > 验证功能 > 应该验证出牌规则
[GameModeFactory] 创建个人模式策略
[Game构造] 使用游戏模式: 个人模式

stdout | tests/hooks/useCardPlaying.test.ts > useCardPlaying > 出牌功能 > 应该检查是否可以出牌
[GameModeFactory] 创建个人模式策略
[Game构造] 使用游戏模式: 个人模式

stdout | tests/hooks/useCardPlaying.test.ts > useCardPlaying > 出牌功能 > 应该检查是否可以要不起
[GameModeFactory] 创建个人模式策略
[Game构造] 使用游戏模式: 个人模式

stdout | tests/hooks/useCardPlaying.test.ts > useCardPlaying > 出牌功能 > 应该查找可出的牌
[GameModeFactory] 创建个人模式策略
[Game构造] 使用游戏模式: 个人模式

stdout | tests/hooks/useCardPlaying.test.ts > useCardPlaying > 出牌功能 > 应该检查是否有能打过的牌
[GameModeFactory] 创建个人模式策略
[Game构造] 使用游戏模式: 个人模式

stdout | tests/hooks/useCardPlaying.test.ts > useCardPlaying > AI建议功能 > 应该获取AI建议
[GameModeFactory] 创建个人模式策略
[Game构造] 使用游戏模式: 个人模式

stdout | tests/hooks/useCardPlaying.test.ts > useCardPlaying > AI建议功能 > 应该应用AI建议
[GameModeFactory] 创建个人模式策略
[Game构造] 使用游戏模式: 个人模式

stdout | tests/hooks/useCardPlaying.test.ts > useCardPlaying > 高亮功能 > 应该高亮可出牌
[GameModeFactory] 创建个人模式策略
[Game构造] 使用游戏模式: 个人模式

 ✓ tests/hooks/useCardPlaying.test.ts > useCardPlaying > 初始化 > 应该正确初始化
 ✓ tests/hooks/useCardPlaying.test.ts > useCardPlaying > 选牌功能 > 应该选择单张牌
 ✓ tests/hooks/useCardPlaying.test.ts > useCardPlaying > 选牌功能 > 应该取消选择牌
 ✓ tests/hooks/useCardPlaying.test.ts > useCardPlaying > 选牌功能 > 应该切换牌的选择状态
 ✓ tests/hooks/useCardPlaying.test.ts > useCardPlaying > 选牌功能 > 应该选择一组牌
 ✓ tests/hooks/useCardPlaying.test.ts > useCardPlaying > 选牌功能 > 应该清空选择
 ✓ tests/hooks/useCardPlaying.test.ts > useCardPlaying > 验证功能 > 应该验证选中的牌
 ✓ tests/hooks/useCardPlaying.test.ts > useCardPlaying > 验证功能 > 应该验证牌型
 ✓ tests/hooks/useCardPlaying.test.ts > useCardPlaying > 验证功能 > 应该验证出牌规则
 ✓ tests/hooks/useCardPlaying.test.ts > useCardPlaying > 出牌功能 > 应该检查是否可以出牌
 ✓ tests/hooks/useCardPlaying.test.ts > useCardPlaying > 出牌功能 > 应该检查是否可以要不起
 ✓ tests/hooks/useCardPlaying.test.ts > useCardPlaying > 出牌功能 > 应该查找可出的牌
 ✓ tests/hooks/useCardPlaying.test.ts > useCardPlaying > 出牌功能 > 应该检查是否有能打过的牌
 ✓ tests/hooks/useCardPlaying.test.ts > useCardPlaying > AI建议功能 > 应该获取AI建议
 ✓ tests/hooks/useCardPlaying.test.ts > useCardPlaying > AI建议功能 > 应该应用AI建议
 ✓ tests/hooks/useCardPlaying.test.ts > useCardPlaying > 高亮功能 > 应该高亮可出牌
 ✓ tests/services/llm/LLMAvailabilityManager.test.ts > LLMAvailabilityManager > 初始状态 > 初始状态应该是 unknown
 ✓ tests/services/llm/LLMAvailabilityManager.test.ts > LLMAvailabilityManager > 可用性检测 > 检测成功时应返回 available 状态
 ✓ tests/services/llm/LLMAvailabilityManager.test.ts > LLMAvailabilityManager > 可用性检测 > 检测失败时应返回 unavailable 状态
 ✓ tests/services/llm/LLMAvailabilityManager.test.ts > LLMAvailabilityManager > 可用性检测 > HTTP 错误应标记为不可用
 ✓ tests/services/llm/LLMAvailabilityManager.test.ts > LLMAvailabilityManager > 可用性检测 > 检测时状态应为 checking
 ✓ tests/services/llm/LLMAvailabilityManager.test.ts > LLMAvailabilityManager > 结果缓存 > 应该缓存检测结果
 ✓ tests/services/llm/LLMAvailabilityManager.test.ts > LLMAvailabilityManager > 结果缓存 > 强制检测应忽略缓存
 ✓ tests/services/llm/LLMAvailabilityManager.test.ts > LLMAvailabilityManager > 结果缓存 > 应该为不同服务器独立缓存
 ✓ tests/services/llm/LLMAvailabilityManager.test.ts > LLMAvailabilityManager > 获取缓存状态 > 应该能获取已缓存的服务器状态
 ✓ tests/services/llm/LLMAvailabilityManager.test.ts > LLMAvailabilityManager > 获取缓存状态 > 未缓存的服务器应返回 unknown
 ✓ tests/tts/storage.test.ts > TTS Storage > 服务器配置持久化 > 应该能够保存服务器配置
 ✓ tests/tts/storage.test.ts > TTS Storage > 服务器配置持久化 > 应该能够加载服务器配置
 ✓ tests/tts/storage.test.ts > TTS Storage > 服务器配置持久化 > 没有保存的配置时应该返回默认服务器
 ✓ tests/tts/storage.test.ts > TTS Storage > 服务器配置持久化 > 保存时不应该包含运行时状态
 ✓ tests/tts/storage.test.ts > TTS Storage > 场景配置持久化 > 应该能够保存场景配置
 ✓ tests/tts/storage.test.ts > TTS Storage > 场景配置持久化 > 应该能够加载场景配置
 ✓ tests/tts/storage.test.ts > TTS Storage > 场景配置持久化 > 没有保存的配置时应该返回默认场景配置
 ✓ tests/tts/storage.test.ts > TTS Storage > 场景配置持久化 > 加载时应该合并默认配置
 ✓ tests/tts/storage.test.ts > TTS Storage > 全局设置持久化 > 应该能够保存全局设置
 ✓ tests/tts/storage.test.ts > TTS Storage > 全局设置持久化 > 应该能够加载全局设置
 ✓ tests/tts/storage.test.ts > TTS Storage > 全局设置持久化 > 没有保存的配置时应该返回默认全局设置
 ✓ tests/tts/storage.test.ts > TTS Storage > 全局设置持久化 > 加载时应该合并默认配置
 ✓ tests/tts/storage.test.ts > TTS Storage > 完整配置持久化 > 应该能够保存完整配置
 ✓ tests/tts/storage.test.ts > TTS Storage > 完整配置持久化 > 应该能够加载完整配置
 ✓ tests/tts/storage.test.ts > TTS Storage > 完整配置持久化 > 应该能够清除所有配置
 ✓ tests/tts/storage.test.ts > TTS Storage > 配置迁移 > 应该能够从旧版本迁移配置
 ✓ tests/tts/storage.test.ts > TTS Storage > 错误处理 > 配置格式无效时应该返回默认配置
 ✓ tests/tts/storage.test.ts > TTS Storage > 错误处理 > 配置不是数组时应该返回默认配置
stdout | tests/tts/storage.test.ts > TTS Storage > 配置迁移 > 应该能够从旧版本迁移配置
[TTS Storage] 检测到旧版本配置，正在迁移...
[TTS Storage] 配置迁移完成

stderr | tests/tts/storage.test.ts > TTS Storage > 错误处理 > 配置格式无效时应该返回默认配置
[TTS Storage] 加载服务器配置失败: SyntaxError: Unexpected token 'i', "invalid json" is not valid JSON
    at JSON.parse (<anonymous>)
    at Module.loadServers (/home/jin/guozha-poker-game/src/tts/utils/storage.ts:54:26)
    at /home/jin/guozha-poker-game/tests/tts/storage.test.ts:308:22
    at file:///home/jin/guozha-poker-game/node_modules/@vitest/runner/dist/index.js:135:14
    at file:///home/jin/guozha-poker-game/node_modules/@vitest/runner/dist/index.js:60:26
    at runTest (file:///home/jin/guozha-poker-game/node_modules/@vitest/runner/dist/index.js:781:17)
    at runSuite (file:///home/jin/guozha-poker-game/node_modules/@vitest/runner/dist/index.js:909:15)
    at runSuite (file:///home/jin/guozha-poker-game/node_modules/@vitest/runner/dist/index.js:909:15)
    at runSuite (file:///home/jin/guozha-poker-game/node_modules/@vitest/runner/dist/index.js:909:15)
    at runFiles (file:///home/jin/guozha-poker-game/node_modules/@vitest/runner/dist/index.js:958:5)

stderr | tests/tts/storage.test.ts > TTS Storage > 错误处理 > 配置不是数组时应该返回默认配置
[TTS Storage] 服务器配置格式无效，使用默认配置

 ✓ tests/services/llm/LLMAvailabilityManager.test.ts > LLMAvailabilityManager > 延迟测量 > 应该记录请求延迟
 ✓ tests/services/llm/LLMAvailabilityManager.test.ts > LLMAvailabilityManager > 延迟测量 > 失败的请求不应记录延迟
 ✓ tests/services/llm/LLMAvailabilityManager.test.ts > LLMAvailabilityManager > 标记不可用 > 应该能手动标记服务器不可用
 ✓ tests/services/llm/LLMAvailabilityManager.test.ts > LLMAvailabilityManager > 标记不可用 > 标记不可用应更新全局状态
 ✓ tests/services/llm/LLMAvailabilityManager.test.ts > LLMAvailabilityManager > 重置状态 > 应该能重置特定服务器的状态
 ✓ tests/services/llm/LLMAvailabilityManager.test.ts > LLMAvailabilityManager > 重置状态 > 应该能重置所有状态
 ✓ tests/services/llm/LLMAvailabilityManager.test.ts > LLMAvailabilityManager > shouldUseLLM 判断 > available 状态应返回 true
 ✓ tests/services/llm/LLMAvailabilityManager.test.ts > LLMAvailabilityManager > shouldUseLLM 判断 > unavailable 状态应返回 false
 ✓ tests/services/llm/LLMAvailabilityManager.test.ts > LLMAvailabilityManager > shouldUseLLM 判断 > unknown 状态应根据全局状态判断
 ✓ tests/services/llm/LLMAvailabilityManager.test.ts > LLMAvailabilityManager > 超时配置 > 应该能设置检测超时时间
 ✓ tests/services/llm/LLMAvailabilityManager.test.ts > LLMAvailabilityManager > 缓存时间配置 > 应该能设置缓存时间
 ✓ tests/services/llm/LLMAvailabilityManager.test.ts > LLMAvailabilityManager > 清除过期缓存 > 应该清除过期的缓存
 × tests/speechUtils.test.ts > 语音工具测试 > 牌型转语音文本 > 应该正确转换单张
   → expected '5' to be '五' // Object.is equality
 × tests/speechUtils.test.ts > 语音工具测试 > 牌型转语音文本 > 应该正确转换对子
   → expected 'Pair of 5' to be '对五' // Object.is equality
 × tests/speechUtils.test.ts > 语音工具测试 > 牌型转语音文本 > 应该正确转换三张
   → expected 'Three 5s' to be '三个五' // Object.is equality
 × tests/speechUtils.test.ts > 语音工具测试 > 牌型转语音文本 > 应该正确转换炸弹（4张）
   → expected '4 5s' to be '4个五' // Object.is equality
 × tests/speechUtils.test.ts > 语音工具测试 > 牌型转语音文本 > 应该正确转换炸弹（6张）
   → expected '6 5s' to be '6个五' // Object.is equality
 × tests/speechUtils.test.ts > 语音工具测试 > 牌型转语音文本 > 应该正确转换墩（7张）
   → expected '7 5s' to be '7个五' // Object.is equality
 × tests/speechUtils.test.ts > 语音工具测试 > 牌型转语音文本 > 应该正确转换墩（8张）
   → expected '8 5s' to be '8个五' // Object.is equality
 × tests/speechUtils.test.ts > 语音工具测试 > 牌型转语音文本 > 应该正确转换所有rank
   → expected '3' to be '三' // Object.is equality
 ✓ tests/speechUtils.test.ts > 语音工具测试 > 语音合成 > 应该检查浏览器是否支持语音合成
 ✓ tests/speechUtils.test.ts > 语音工具测试 > 语音合成 > 应该能够调用speakText
 × tests/speechUtils.test.ts > 语音工具测试 > 语音合成 > 应该能够调用speakPlay（使用speakText + playToSpeechText）
   → expected '6 5s' to be '6个五' // Object.is equality
 ✓ tests/speechUtils.test.ts > 语音工具测试 > 语音配置 > 应该生成随机语音配置
 ✓ tests/speechUtils.test.ts > 语音工具测试 > 语音配置 > 应该为不同玩家生成不同的语音配置
 ✓ tests/speechUtils.test.ts > 语音工具测试 > 语音配置 > 应该为同一玩家生成相同的语音配置
 ✓ tests/speechUtils.test.ts > 语音工具测试 > 语音配置 > 应该只使用支持的方言（mandarin, cantonese, nanchang）
 ✓ tests/speechUtils.test.ts > 语音工具测试 > 语音配置 > 应该全用女声
 ✓ tests/aiPlayer.test.ts > AI玩家测试 > Simple策略测试 > 当没有上家出牌时，应该可以选择任意合法牌型
 ✓ tests/aiPlayer.test.ts > AI玩家测试 > Simple策略测试 > 当无法压过上家时，应该返回null（要不起）
 ✓ tests/aiPlayer.test.ts > AI玩家测试 > Simple策略测试 > 应该支持不同的策略风格 - 激进型
 ✓ tests/aiPlayer.test.ts > AI玩家测试 > Simple策略测试 > 应该支持不同的策略风格 - 保守型
 ✓ tests/aiPlayer.test.ts > AI玩家测试 > Simple策略测试 > 当手牌为空时，应该返回null
 ✓ tests/aiPlayer.test.ts > AI玩家测试 > MCTS策略测试 > 应该使用MCTS算法选择出牌
 ✓ tests/aiPlayer.test.ts > AI玩家测试 > MCTS策略测试 > MCTS应该支持完全信息模式
 ✓ tests/aiPlayer.test.ts > AI玩家测试 > MCTS策略测试 > MCTS应该在无法压过上家时返回null
 ✓ tests/aiPlayer.test.ts > AI玩家测试 > 默认配置测试 > 当不指定算法时，应该使用默认算法
 ✓ tests/aiPlayer.test.ts > AI玩家测试 > 默认配置测试 > 应该正确合并配置
 ✓ tests/aiPlayer.test.ts > AI玩家测试 > 边界情况测试 > 应该处理只有一张牌的手牌
 ✓ tests/aiPlayer.test.ts > AI玩家测试 > 边界情况测试 > 应该处理大量手牌的情况
 ✓ tests/aiPlayer.test.ts > AI玩家测试 > 边界情况测试 > 应该处理特殊牌型（炸弹）
 × tests/dealingManualMode.test.ts > 手动发牌模式 > 手动模式下点击抓牌按钮应该发一张牌 10030ms
   → Test timed out in 10000ms.
If this is a long-running test, pass a timeout value as the last argument or configure it globally with "testTimeout".
 ✓ tests/scoringServiceBalance.test.ts > scoringService - 分数守恒测试 > 初始分数总和应该是 0
 ✓ tests/scoringServiceBalance.test.ts > scoringService - 分数守恒测试 > 墩的计分应该保持分数守恒
 ✓ tests/scoringServiceBalance.test.ts > scoringService - 分数守恒测试 > 游戏结束计分应该保持分数守恒
stdout | tests/scoringServiceBalance.test.ts > scoringService - 分数守恒测试 > 游戏结束计分应该保持分数守恒
[calculateFinalRankings] 排序后的玩家顺序（按手牌数，然后按finishOrder）: {
  rankings: [
    {
      rank: 1,
      playerId: 0,
      playerName: '玩家1',
      handCount: 0,
      finishOrderIndex: 0,
      score: 0
    },
    {
      rank: 2,
      playerId: 1,
      playerName: '玩家2',
      handCount: 0,
      finishOrderIndex: 1,
      score: 0
    },
    {
      rank: 3,
      playerId: 2,
      playerName: '玩家3',
      handCount: 0,
      finishOrderIndex: 2,
      score: 0
    },
    {
      rank: 4,
      playerId: 3,
      playerName: '玩家4',
      handCount: 0,
      finishOrderIndex: 3,
      score: 0
    }
  ],
  finishOrder: [ 0, 1, 2, 3 ]
}
[calculateFinalRankings] 应用最终规则前: {
  firstPlayer: { id: 0, name: '玩家1', score: 0, handCount: 0 },
  lastPlayer: { id: 3, name: '玩家4', score: 0, handCount: 0 },
  isSamePlayer: false
}
[calculateFinalRankings] 应用最终规则后: {
  firstPlayer: { id: 0, name: '玩家1', score: 30, adjustment: '+30' },
  lastPlayer: { id: 3, name: '玩家4', score: -30, adjustment: '-30' },
  totalAdjustment: 0
}
[ScoreValidation] ✅ 分数总和验证通过: 0 {
  players: [
    { name: '玩家1', finalScore: 30 },
    { name: '玩家2', finalScore: 0 },
    { name: '玩家3', finalScore: 0 },
    { name: '玩家4', finalScore: -30 }
  ]
}
[calculateFinalRankings] 排序后的玩家顺序（按手牌数，然后按finishOrder）: {
  rankings: [
    {
      rank: 1,
      playerId: 0,
      playerName: '玩家1',
      handCount: 0,
      finishOrderIndex: 0,
      score: 0
    },
    {
      rank: 2,
      playerId: 1,
      playerName: '玩家2',
      handCount: 0,
      finishOrderIndex: 1,
      score: 0
    },
    {
      rank: 3,
      playerId: 2,
      playerName: '玩家3',
      handCount: 0,
      finishOrderIndex: 2,
      score: 0
    },
    {
      rank: 4,
      playerId: 3,
      playerName: '玩家4',
      handCount: 0,
      finishOrderIndex: 3,
      score: 0
    }
  ],
  finishOrder: [ 0, 1, 2, 3 ]
}
[calculateFinalRankings] 应用最终规则前: {
  firstPlayer: { id: 0, name: '玩家1', score: 0, handCount: 0 },
  lastPlayer: { id: 3, name: '玩家4', score: 0, handCount: 0 },
  isSamePlayer: false
}
[calculateFinalRankings] 应用最终规则后: {
  firstPlayer: { id: 0, name: '玩家1', score: 30, adjustment: '+30' },
  lastPlayer: { id: 3, name: '玩家4', score: -30, adjustment: '-30' },
  totalAdjustment: 0
}
[ScoreValidation] ✅ 分数总和验证通过: 0 {
  players: [
    { name: '玩家1', finalScore: 30 },
    { name: '玩家2', finalScore: 0 },
    { name: '玩家3', finalScore: 0 },
    { name: '玩家4', finalScore: -30 }
  ]
}

(node:673313) PromiseRejectionHandledWarning: Promise rejection was handled asynchronously (rejection id: 2)
(Use `node --trace-warnings ...` to show where the warning was created)
(node:673313) PromiseRejectionHandledWarning: Promise rejection was handled asynchronously (rejection id: 5)
(node:673313) PromiseRejectionHandledWarning: Promise rejection was handled asynchronously (rejection id: 6)
(node:673313) PromiseRejectionHandledWarning: Promise rejection was handled asynchronously (rejection id: 8)
(node:673313) PromiseRejectionHandledWarning: Promise rejection was handled asynchronously (rejection id: 10)
(node:673313) PromiseRejectionHandledWarning: Promise rejection was handled asynchronously (rejection id: 12)
(node:673313) PromiseRejectionHandledWarning: Promise rejection was handled asynchronously (rejection id: 14)
 ✓ tests/voiceServiceCleanup.test.ts > 语音服务清理后测试 > 清理验证 > 应该不再导出 speakTextMultiChannel 函数
 ✓ tests/voiceServiceCleanup.test.ts > 语音服务清理后测试 > 清理验证 > 应该不再导出 stopSpeechMultiChannel 函数
 × tests/voiceServiceCleanup.test.ts > 语音服务清理后测试 > 清理验证 > 应该仍然导出 getPlayerChannel 函数
   → expected 4 to be +0 // Object.is equality
 ✓ tests/voiceServiceCleanup.test.ts > 语音服务清理后测试 > 清理验证 > 应该仍然导出 multiChannelVoiceService 实例
 × tests/voiceServiceCleanup.test.ts > 语音服务清理后测试 > 核心功能验证 > speakImmediate 应该仍然工作
   → TTS服务音频生成失败
 ✓ tests/voiceServiceCleanup.test.ts > 语音服务清理后测试 > 核心功能验证 > stop 方法应该仍然工作
 ✓ tests/voiceServiceCleanup.test.ts > 语音服务清理后测试 > 核心功能验证 > isCurrentlySpeaking 应该仍然工作
 × tests/voiceServiceCleanup.test.ts > 语音服务清理后测试 > 串行播放验证 > 应该按顺序播放消息
   → TTS服务音频生成失败
 × tests/voiceServiceCleanup.test.ts > 语音服务清理后测试 > 串行播放验证 > 应该按优先级排序播放
   → TTS服务音频生成失败
 × tests/voiceServiceCleanup.test.ts > 语音服务清理后测试 > 向后兼容性 > voiceService.speak 应该接受 priority 参数
   → TTS服务音频生成失败
 × tests/voiceServiceCleanup.test.ts > 语音服务清理后测试 > 向后兼容性 > voiceService.speakImmediate 应该仍然工作
   → TTS服务音频生成失败
stdout | tests/regression/round/Round.regression.test.ts > Round 回归测试 > 出牌流程对比 - 50个场景 > 所有场景结果应该一致
Round回归测试匹配率: 100.0% (50/50)

stdout | tests/regression/round/Round.regression.test.ts > Round 回归测试 > 性能对比 > 新实现性能不应劣于旧实现
性能对比: 旧=7ms, 新=8ms, 比率=1.14x

 ✓ tests/regression/round/Round.regression.test.ts > Round 回归测试 > 基本功能对比 > 初始状态应该一致
 ✓ tests/regression/round/Round.regression.test.ts > Round 回归测试 > 基本功能对比 > 添加出牌后状态应该一致
 ✓ tests/regression/round/Round.regression.test.ts > Round 回归测试 > 基本功能对比 > 轮次结束标记应该一致
 ✓ tests/regression/round/Round.regression.test.ts > Round 回归测试 > 出牌流程对比 - 50个场景 > 所有场景结果应该一致
 ✓ tests/regression/round/Round.regression.test.ts > Round 回归测试 > 性能对比 > 新实现性能不应劣于旧实现
 ✓ tests/regression/round/Round.regression.test.ts > Round 回归测试 > 状态一致性 > 轮次数据应该完整
 ✓ tests/regression/round/Round.regression.test.ts > Round 回归测试 > 状态一致性 > 快照功能应该保持数据完整
 ✓ tests/dealingSortingRegression.test.ts > 发牌和理牌功能回归测试 > 发牌算法 > 应该能够使用所有发牌算法
 ✓ tests/dealingSortingRegression.test.ts > 发牌和理牌功能回归测试 > 发牌算法 > 应该为每张牌生成唯一ID
 ✓ tests/dealingSortingRegression.test.ts > 发牌和理牌功能回归测试 > 理牌排序 > 应该能够按不同规则排序
 ✓ tests/dealingSortingRegression.test.ts > 发牌和理牌功能回归测试 > 理牌排序 > 应该能够按rank分组
 ✓ tests/dealingAnimation.test.ts > 发牌动画组件 > 应该渲染发牌界面
 ✓ tests/dealingAnimation.test.ts > 发牌动画组件 > 应该显示所有玩家
 ✓ tests/dealingAnimation.test.ts > 发牌动画组件 > 应该显示进度条
 ✓ tests/dealingAnimation.test.ts > 发牌动画组件 > 应该支持取消发牌
stderr | tests/dealingAnimation.test.ts > 发牌动画组件 > 发牌完成后应该调用 onComplete
Warning: An update to DealingAnimation inside a test was not wrapped in act(...).

When testing, code that causes React state updates should be wrapped into act(...):

act(() => {
  /* fire events that update state */
});
/* assert on the output */

This ensures that you're testing the behavior the user would see in the browser. Learn more at https://reactjs.org/link/wrap-tests-with-act
    at DealingAnimation (/home/jin/guozha-poker-game/src/components/game/DealingAnimation.tsx:28:3)
Warning: An update to DealingAnimation inside a test was not wrapped in act(...).

When testing, code that causes React state updates should be wrapped into act(...):

act(() => {
  /* fire events that update state */
});
/* assert on the output */

This ensures that you're testing the behavior the user would see in the browser. Learn more at https://reactjs.org/link/wrap-tests-with-act
    at DealingAnimation (/home/jin/guozha-poker-game/src/components/game/DealingAnimation.tsx:28:3)

stderr | tests/dealingAnimation.test.ts > 发牌动画组件 > 发牌完成后应该调用 onComplete
Warning: An update to DealingAnimation inside a test was not wrapped in act(...).

When testing, code that causes React state updates should be wrapped into act(...):

act(() => {
  /* fire events that update state */
});
/* assert on the output */

This ensures that you're testing the behavior the user would see in the browser. Learn more at https://reactjs.org/link/wrap-tests-with-act
    at DealingAnimation (/home/jin/guozha-poker-game/src/components/game/DealingAnimation.tsx:28:3)

stderr | tests/dealingAnimation.test.ts > 发牌动画组件 > 发牌完成后应该调用 onComplete
Warning: An update to DealingAnimation inside a test was not wrapped in act(...).

When testing, code that causes React state updates should be wrapped into act(...):

act(() => {
  /* fire events that update state */
});
/* assert on the output */

This ensures that you're testing the behavior the user would see in the browser. Learn more at https://reactjs.org/link/wrap-tests-with-act
    at DealingAnimation (/home/jin/guozha-poker-game/src/components/game/DealingAnimation.tsx:28:3)

stderr | tests/dealingAnimation.test.ts > 发牌动画组件 > 发牌完成后应该调用 onComplete
Warning: An update to DealingAnimation inside a test was not wrapped in act(...).

When testing, code that causes React state updates should be wrapped into act(...):

act(() => {
  /* fire events that update state */
});
/* assert on the output */

This ensures that you're testing the behavior the user would see in the browser. Learn more at https://reactjs.org/link/wrap-tests-with-act
    at DealingAnimation (/home/jin/guozha-poker-game/src/components/game/DealingAnimation.tsx:28:3)

stderr | tests/dealingAnimation.test.ts > 发牌动画组件 > 发牌完成后应该调用 onComplete
Warning: An update to DealingAnimation inside a test was not wrapped in act(...).

When testing, code that causes React state updates should be wrapped into act(...):

act(() => {
  /* fire events that update state */
});
/* assert on the output */

This ensures that you're testing the behavior the user would see in the browser. Learn more at https://reactjs.org/link/wrap-tests-with-act
    at DealingAnimation (/home/jin/guozha-poker-game/src/components/game/DealingAnimation.tsx:28:3)

stderr | tests/dealingAnimation.test.ts > 发牌动画组件 > 发牌完成后应该调用 onComplete
Warning: An update to DealingAnimation inside a test was not wrapped in act(...).

When testing, code that causes React state updates should be wrapped into act(...):

act(() => {
  /* fire events that update state */
});
/* assert on the output */

This ensures that you're testing the behavior the user would see in the browser. Learn more at https://reactjs.org/link/wrap-tests-with-act
    at DealingAnimation (/home/jin/guozha-poker-game/src/components/game/DealingAnimation.tsx:28:3)

stderr | tests/dealingAnimation.test.ts > 发牌动画组件 > 发牌完成后应该调用 onComplete
Warning: An update to DealingAnimation inside a test was not wrapped in act(...).

When testing, code that causes React state updates should be wrapped into act(...):

act(() => {
  /* fire events that update state */
});
/* assert on the output */

This ensures that you're testing the behavior the user would see in the browser. Learn more at https://reactjs.org/link/wrap-tests-with-act
    at DealingAnimation (/home/jin/guozha-poker-game/src/components/game/DealingAnimation.tsx:28:3)

stderr | tests/dealingAnimation.test.ts > 发牌动画组件 > 发牌完成后应该调用 onComplete
Warning: An update to DealingAnimation inside a test was not wrapped in act(...).

When testing, code that causes React state updates should be wrapped into act(...):

act(() => {
  /* fire events that update state */
});
/* assert on the output */

This ensures that you're testing the behavior the user would see in the browser. Learn more at https://reactjs.org/link/wrap-tests-with-act
    at DealingAnimation (/home/jin/guozha-poker-game/src/components/game/DealingAnimation.tsx:28:3)

stderr | tests/dealingAnimation.test.ts > 发牌动画组件 > 发牌完成后应该调用 onComplete
Warning: An update to DealingAnimation inside a test was not wrapped in act(...).

When testing, code that causes React state updates should be wrapped into act(...):

act(() => {
  /* fire events that update state */
});
/* assert on the output */

This ensures that you're testing the behavior the user would see in the browser. Learn more at https://reactjs.org/link/wrap-tests-with-act
    at DealingAnimation (/home/jin/guozha-poker-game/src/components/game/DealingAnimation.tsx:28:3)

stderr | tests/dealingAnimation.test.ts > 发牌动画组件 > 发牌完成后应该调用 onComplete
Warning: An update to DealingAnimation inside a test was not wrapped in act(...).

When testing, code that causes React state updates should be wrapped into act(...):

act(() => {
  /* fire events that update state */
});
/* assert on the output */

This ensures that you're testing the behavior the user would see in the browser. Learn more at https://reactjs.org/link/wrap-tests-with-act
    at DealingAnimation (/home/jin/guozha-poker-game/src/components/game/DealingAnimation.tsx:28:3)

stderr | tests/dealingAnimation.test.ts > 发牌动画组件 > 发牌完成后应该调用 onComplete
Warning: An update to DealingAnimation inside a test was not wrapped in act(...).

When testing, code that causes React state updates should be wrapped into act(...):

act(() => {
  /* fire events that update state */
});
/* assert on the output */

This ensures that you're testing the behavior the user would see in the browser. Learn more at https://reactjs.org/link/wrap-tests-with-act
    at DealingAnimation (/home/jin/guozha-poker-game/src/components/game/DealingAnimation.tsx:28:3)

stderr | tests/dealingAnimation.test.ts > 发牌动画组件 > 发牌完成后应该调用 onComplete
Warning: An update to DealingAnimation inside a test was not wrapped in act(...).

When testing, code that causes React state updates should be wrapped into act(...):

act(() => {
  /* fire events that update state */
});
/* assert on the output */

This ensures that you're testing the behavior the user would see in the browser. Learn more at https://reactjs.org/link/wrap-tests-with-act
    at DealingAnimation (/home/jin/guozha-poker-game/src/components/game/DealingAnimation.tsx:28:3)

stderr | tests/dealingAnimation.test.ts > 发牌动画组件 > 发牌完成后应该调用 onComplete
Warning: An update to DealingAnimation inside a test was not wrapped in act(...).

When testing, code that causes React state updates should be wrapped into act(...):

act(() => {
  /* fire events that update state */
});
/* assert on the output */

This ensures that you're testing the behavior the user would see in the browser. Learn more at https://reactjs.org/link/wrap-tests-with-act
    at DealingAnimation (/home/jin/guozha-poker-game/src/components/game/DealingAnimation.tsx:28:3)

stderr | tests/dealingAnimation.test.ts > 发牌动画组件 > 发牌完成后应该调用 onComplete
Warning: An update to DealingAnimation inside a test was not wrapped in act(...).

When testing, code that causes React state updates should be wrapped into act(...):

act(() => {
  /* fire events that update state */
});
/* assert on the output */

This ensures that you're testing the behavior the user would see in the browser. Learn more at https://reactjs.org/link/wrap-tests-with-act
    at DealingAnimation (/home/jin/guozha-poker-game/src/components/game/DealingAnimation.tsx:28:3)

stderr | tests/dealingAnimation.test.ts > 发牌动画组件 > 发牌完成后应该调用 onComplete
Warning: An update to DealingAnimation inside a test was not wrapped in act(...).

When testing, code that causes React state updates should be wrapped into act(...):

act(() => {
  /* fire events that update state */
});
/* assert on the output */

This ensures that you're testing the behavior the user would see in the browser. Learn more at https://reactjs.org/link/wrap-tests-with-act
    at DealingAnimation (/home/jin/guozha-poker-game/src/components/game/DealingAnimation.tsx:28:3)

stderr | tests/dealingAnimation.test.ts > 发牌动画组件 > 发牌完成后应该调用 onComplete
Warning: An update to DealingAnimation inside a test was not wrapped in act(...).

When testing, code that causes React state updates should be wrapped into act(...):

act(() => {
  /* fire events that update state */
});
/* assert on the output */

This ensures that you're testing the behavior the user would see in the browser. Learn more at https://reactjs.org/link/wrap-tests-with-act
    at DealingAnimation (/home/jin/guozha-poker-game/src/components/game/DealingAnimation.tsx:28:3)

stderr | tests/dealingAnimation.test.ts > 发牌动画组件 > 发牌完成后应该调用 onComplete
Warning: An update to DealingAnimation inside a test was not wrapped in act(...).

When testing, code that causes React state updates should be wrapped into act(...):

act(() => {
  /* fire events that update state */
});
/* assert on the output */

This ensures that you're testing the behavior the user would see in the browser. Learn more at https://reactjs.org/link/wrap-tests-with-act
    at DealingAnimation (/home/jin/guozha-poker-game/src/components/game/DealingAnimation.tsx:28:3)

stderr | tests/dealingAnimation.test.ts > 发牌动画组件 > 发牌完成后应该调用 onComplete
Warning: An update to DealingAnimation inside a test was not wrapped in act(...).

When testing, code that causes React state updates should be wrapped into act(...):

act(() => {
  /* fire events that update state */
});
/* assert on the output */

This ensures that you're testing the behavior the user would see in the browser. Learn more at https://reactjs.org/link/wrap-tests-with-act
    at DealingAnimation (/home/jin/guozha-poker-game/src/components/game/DealingAnimation.tsx:28:3)

stderr | tests/dealingAnimation.test.ts > 发牌动画组件 > 发牌完成后应该调用 onComplete
Warning: An update to DealingAnimation inside a test was not wrapped in act(...).

When testing, code that causes React state updates should be wrapped into act(...):

act(() => {
  /* fire events that update state */
});
/* assert on the output */

This ensures that you're testing the behavior the user would see in the browser. Learn more at https://reactjs.org/link/wrap-tests-with-act
    at DealingAnimation (/home/jin/guozha-poker-game/src/components/game/DealingAnimation.tsx:28:3)

stderr | tests/dealingAnimation.test.ts > 发牌动画组件 > 发牌完成后应该调用 onComplete
Warning: An update to DealingAnimation inside a test was not wrapped in act(...).

When testing, code that causes React state updates should be wrapped into act(...):

act(() => {
  /* fire events that update state */
});
/* assert on the output */

This ensures that you're testing the behavior the user would see in the browser. Learn more at https://reactjs.org/link/wrap-tests-with-act
    at DealingAnimation (/home/jin/guozha-poker-game/src/components/game/DealingAnimation.tsx:28:3)

stderr | tests/dealingAnimation.test.ts > 发牌动画组件 > 发牌完成后应该调用 onComplete
Warning: An update to DealingAnimation inside a test was not wrapped in act(...).

When testing, code that causes React state updates should be wrapped into act(...):

act(() => {
  /* fire events that update state */
});
/* assert on the output */

This ensures that you're testing the behavior the user would see in the browser. Learn more at https://reactjs.org/link/wrap-tests-with-act
    at DealingAnimation (/home/jin/guozha-poker-game/src/components/game/DealingAnimation.tsx:28:3)

stderr | tests/dealingAnimation.test.ts > 发牌动画组件 > 发牌完成后应该调用 onComplete
Warning: An update to DealingAnimation inside a test was not wrapped in act(...).

When testing, code that causes React state updates should be wrapped into act(...):

act(() => {
  /* fire events that update state */
});
/* assert on the output */

This ensures that you're testing the behavior the user would see in the browser. Learn more at https://reactjs.org/link/wrap-tests-with-act
    at DealingAnimation (/home/jin/guozha-poker-game/src/components/game/DealingAnimation.tsx:28:3)

stderr | tests/dealingAnimation.test.ts > 发牌动画组件 > 发牌完成后应该调用 onComplete
Warning: An update to DealingAnimation inside a test was not wrapped in act(...).

When testing, code that causes React state updates should be wrapped into act(...):

act(() => {
  /* fire events that update state */
});
/* assert on the output */

This ensures that you're testing the behavior the user would see in the browser. Learn more at https://reactjs.org/link/wrap-tests-with-act
    at DealingAnimation (/home/jin/guozha-poker-game/src/components/game/DealingAnimation.tsx:28:3)

stderr | tests/dealingAnimation.test.ts > 发牌动画组件 > 发牌完成后应该调用 onComplete
Warning: An update to DealingAnimation inside a test was not wrapped in act(...).

When testing, code that causes React state updates should be wrapped into act(...):

act(() => {
  /* fire events that update state */
});
/* assert on the output */

This ensures that you're testing the behavior the user would see in the browser. Learn more at https://reactjs.org/link/wrap-tests-with-act
    at DealingAnimation (/home/jin/guozha-poker-game/src/components/game/DealingAnimation.tsx:28:3)

stderr | tests/dealingAnimation.test.ts > 发牌动画组件 > 发牌完成后应该调用 onComplete
Warning: An update to DealingAnimation inside a test was not wrapped in act(...).

When testing, code that causes React state updates should be wrapped into act(...):

act(() => {
  /* fire events that update state */
});
/* assert on the output */

This ensures that you're testing the behavior the user would see in the browser. Learn more at https://reactjs.org/link/wrap-tests-with-act
    at DealingAnimation (/home/jin/guozha-poker-game/src/components/game/DealingAnimation.tsx:28:3)

stderr | tests/dealingAnimation.test.ts > 发牌动画组件 > 发牌完成后应该调用 onComplete
Warning: An update to DealingAnimation inside a test was not wrapped in act(...).

When testing, code that causes React state updates should be wrapped into act(...):

act(() => {
  /* fire events that update state */
});
/* assert on the output */

This ensures that you're testing the behavior the user would see in the browser. Learn more at https://reactjs.org/link/wrap-tests-with-act
    at DealingAnimation (/home/jin/guozha-poker-game/src/components/game/DealingAnimation.tsx:28:3)

stderr | tests/dealingAnimation.test.ts > 发牌动画组件 > 发牌完成后应该调用 onComplete
Warning: An update to DealingAnimation inside a test was not wrapped in act(...).

When testing, code that causes React state updates should be wrapped into act(...):

act(() => {
  /* fire events that update state */
});
/* assert on the output */

This ensures that you're testing the behavior the user would see in the browser. Learn more at https://reactjs.org/link/wrap-tests-with-act
    at DealingAnimation (/home/jin/guozha-poker-game/src/components/game/DealingAnimation.tsx:28:3)

stderr | tests/dealingAnimation.test.ts > 发牌动画组件 > 发牌完成后应该调用 onComplete
Warning: An update to DealingAnimation inside a test was not wrapped in act(...).

When testing, code that causes React state updates should be wrapped into act(...):

act(() => {
  /* fire events that update state */
});
/* assert on the output */

This ensures that you're testing the behavior the user would see in the browser. Learn more at https://reactjs.org/link/wrap-tests-with-act
    at DealingAnimation (/home/jin/guozha-poker-game/src/components/game/DealingAnimation.tsx:28:3)

stderr | tests/dealingAnimation.test.ts > 发牌动画组件 > 发牌完成后应该调用 onComplete
Warning: An update to DealingAnimation inside a test was not wrapped in act(...).

When testing, code that causes React state updates should be wrapped into act(...):

act(() => {
  /* fire events that update state */
});
/* assert on the output */

This ensures that you're testing the behavior the user would see in the browser. Learn more at https://reactjs.org/link/wrap-tests-with-act
    at DealingAnimation (/home/jin/guozha-poker-game/src/components/game/DealingAnimation.tsx:28:3)

stderr | tests/dealingAnimation.test.ts > 发牌动画组件 > 发牌完成后应该调用 onComplete
Warning: An update to DealingAnimation inside a test was not wrapped in act(...).

When testing, code that causes React state updates should be wrapped into act(...):

act(() => {
  /* fire events that update state */
});
/* assert on the output */

This ensures that you're testing the behavior the user would see in the browser. Learn more at https://reactjs.org/link/wrap-tests-with-act
    at DealingAnimation (/home/jin/guozha-poker-game/src/components/game/DealingAnimation.tsx:28:3)

stderr | tests/dealingAnimation.test.ts > 发牌动画组件 > 发牌完成后应该调用 onComplete
Warning: An update to DealingAnimation inside a test was not wrapped in act(...).

When testing, code that causes React state updates should be wrapped into act(...):

act(() => {
  /* fire events that update state */
});
/* assert on the output */

This ensures that you're testing the behavior the user would see in the browser. Learn more at https://reactjs.org/link/wrap-tests-with-act
    at DealingAnimation (/home/jin/guozha-poker-game/src/components/game/DealingAnimation.tsx:28:3)

stderr | tests/dealingAnimation.test.ts > 发牌动画组件 > 发牌完成后应该调用 onComplete
Warning: An update to DealingAnimation inside a test was not wrapped in act(...).

When testing, code that causes React state updates should be wrapped into act(...):

act(() => {
  /* fire events that update state */
});
/* assert on the output */

This ensures that you're testing the behavior the user would see in the browser. Learn more at https://reactjs.org/link/wrap-tests-with-act
    at DealingAnimation (/home/jin/guozha-poker-game/src/components/game/DealingAnimation.tsx:28:3)

stderr | tests/dealingAnimation.test.ts > 发牌动画组件 > 发牌完成后应该调用 onComplete
Warning: An update to DealingAnimation inside a test was not wrapped in act(...).

When testing, code that causes React state updates should be wrapped into act(...):

act(() => {
  /* fire events that update state */
});
/* assert on the output */

This ensures that you're testing the behavior the user would see in the browser. Learn more at https://reactjs.org/link/wrap-tests-with-act
    at DealingAnimation (/home/jin/guozha-poker-game/src/components/game/DealingAnimation.tsx:28:3)

stderr | tests/dealingAnimation.test.ts > 发牌动画组件 > 发牌完成后应该调用 onComplete
Warning: An update to DealingAnimation inside a test was not wrapped in act(...).

When testing, code that causes React state updates should be wrapped into act(...):

act(() => {
  /* fire events that update state */
});
/* assert on the output */

This ensures that you're testing the behavior the user would see in the browser. Learn more at https://reactjs.org/link/wrap-tests-with-act
    at DealingAnimation (/home/jin/guozha-poker-game/src/components/game/DealingAnimation.tsx:28:3)

stderr | tests/dealingAnimation.test.ts > 发牌动画组件 > 发牌完成后应该调用 onComplete
Warning: An update to DealingAnimation inside a test was not wrapped in act(...).

When testing, code that causes React state updates should be wrapped into act(...):

act(() => {
  /* fire events that update state */
});
/* assert on the output */

This ensures that you're testing the behavior the user would see in the browser. Learn more at https://reactjs.org/link/wrap-tests-with-act
    at DealingAnimation (/home/jin/guozha-poker-game/src/components/game/DealingAnimation.tsx:28:3)

stderr | tests/dealingAnimation.test.ts > 发牌动画组件 > 发牌完成后应该调用 onComplete
Warning: An update to DealingAnimation inside a test was not wrapped in act(...).

When testing, code that causes React state updates should be wrapped into act(...):

act(() => {
  /* fire events that update state */
});
/* assert on the output */

This ensures that you're testing the behavior the user would see in the browser. Learn more at https://reactjs.org/link/wrap-tests-with-act
    at DealingAnimation (/home/jin/guozha-poker-game/src/components/game/DealingAnimation.tsx:28:3)

stderr | tests/dealingAnimation.test.ts > 发牌动画组件 > 发牌完成后应该调用 onComplete
Warning: An update to DealingAnimation inside a test was not wrapped in act(...).

When testing, code that causes React state updates should be wrapped into act(...):

act(() => {
  /* fire events that update state */
});
/* assert on the output */

This ensures that you're testing the behavior the user would see in the browser. Learn more at https://reactjs.org/link/wrap-tests-with-act
    at DealingAnimation (/home/jin/guozha-poker-game/src/components/game/DealingAnimation.tsx:28:3)

stderr | tests/dealingAnimation.test.ts > 发牌动画组件 > 发牌完成后应该调用 onComplete
Warning: An update to DealingAnimation inside a test was not wrapped in act(...).

When testing, code that causes React state updates should be wrapped into act(...):

act(() => {
  /* fire events that update state */
});
/* assert on the output */

This ensures that you're testing the behavior the user would see in the browser. Learn more at https://reactjs.org/link/wrap-tests-with-act
    at DealingAnimation (/home/jin/guozha-poker-game/src/components/game/DealingAnimation.tsx:28:3)

stderr | tests/dealingAnimation.test.ts > 发牌动画组件 > 发牌完成后应该调用 onComplete
Warning: An update to DealingAnimation inside a test was not wrapped in act(...).

When testing, code that causes React state updates should be wrapped into act(...):

act(() => {
  /* fire events that update state */
});
/* assert on the output */

This ensures that you're testing the behavior the user would see in the browser. Learn more at https://reactjs.org/link/wrap-tests-with-act
    at DealingAnimation (/home/jin/guozha-poker-game/src/components/game/DealingAnimation.tsx:28:3)

stderr | tests/dealingAnimation.test.ts > 发牌动画组件 > 发牌完成后应该调用 onComplete
Warning: An update to DealingAnimation inside a test was not wrapped in act(...).

When testing, code that causes React state updates should be wrapped into act(...):

act(() => {
  /* fire events that update state */
});
/* assert on the output */

This ensures that you're testing the behavior the user would see in the browser. Learn more at https://reactjs.org/link/wrap-tests-with-act
    at DealingAnimation (/home/jin/guozha-poker-game/src/components/game/DealingAnimation.tsx:28:3)

stderr | tests/dealingAnimation.test.ts > 发牌动画组件 > 发牌完成后应该调用 onComplete
Warning: An update to DealingAnimation inside a test was not wrapped in act(...).

When testing, code that causes React state updates should be wrapped into act(...):

act(() => {
  /* fire events that update state */
});
/* assert on the output */

This ensures that you're testing the behavior the user would see in the browser. Learn more at https://reactjs.org/link/wrap-tests-with-act
    at DealingAnimation (/home/jin/guozha-poker-game/src/components/game/DealingAnimation.tsx:28:3)

stderr | tests/dealingAnimation.test.ts > 发牌动画组件 > 发牌完成后应该调用 onComplete
Warning: An update to DealingAnimation inside a test was not wrapped in act(...).

When testing, code that causes React state updates should be wrapped into act(...):

act(() => {
  /* fire events that update state */
});
/* assert on the output */

This ensures that you're testing the behavior the user would see in the browser. Learn more at https://reactjs.org/link/wrap-tests-with-act
    at DealingAnimation (/home/jin/guozha-poker-game/src/components/game/DealingAnimation.tsx:28:3)

stderr | tests/dealingAnimation.test.ts > 发牌动画组件 > 发牌完成后应该调用 onComplete
Warning: An update to DealingAnimation inside a test was not wrapped in act(...).

When testing, code that causes React state updates should be wrapped into act(...):

act(() => {
  /* fire events that update state */
});
/* assert on the output */

This ensures that you're testing the behavior the user would see in the browser. Learn more at https://reactjs.org/link/wrap-tests-with-act
    at DealingAnimation (/home/jin/guozha-poker-game/src/components/game/DealingAnimation.tsx:28:3)

stderr | tests/dealingAnimation.test.ts > 发牌动画组件 > 发牌完成后应该调用 onComplete
Warning: An update to DealingAnimation inside a test was not wrapped in act(...).

When testing, code that causes React state updates should be wrapped into act(...):

act(() => {
  /* fire events that update state */
});
/* assert on the output */

This ensures that you're testing the behavior the user would see in the browser. Learn more at https://reactjs.org/link/wrap-tests-with-act
    at DealingAnimation (/home/jin/guozha-poker-game/src/components/game/DealingAnimation.tsx:28:3)

stderr | tests/dealingAnimation.test.ts > 发牌动画组件 > 发牌完成后应该调用 onComplete
Warning: An update to DealingAnimation inside a test was not wrapped in act(...).

When testing, code that causes React state updates should be wrapped into act(...):

act(() => {
  /* fire events that update state */
});
/* assert on the output */

This ensures that you're testing the behavior the user would see in the browser. Learn more at https://reactjs.org/link/wrap-tests-with-act
    at DealingAnimation (/home/jin/guozha-poker-game/src/components/game/DealingAnimation.tsx:28:3)

stderr | tests/dealingAnimation.test.ts > 发牌动画组件 > 发牌完成后应该调用 onComplete
Warning: An update to DealingAnimation inside a test was not wrapped in act(...).

When testing, code that causes React state updates should be wrapped into act(...):

act(() => {
  /* fire events that update state */
});
/* assert on the output */

This ensures that you're testing the behavior the user would see in the browser. Learn more at https://reactjs.org/link/wrap-tests-with-act
    at DealingAnimation (/home/jin/guozha-poker-game/src/components/game/DealingAnimation.tsx:28:3)

stderr | tests/dealingAnimation.test.ts > 发牌动画组件 > 发牌完成后应该调用 onComplete
Warning: An update to DealingAnimation inside a test was not wrapped in act(...).

When testing, code that causes React state updates should be wrapped into act(...):

act(() => {
  /* fire events that update state */
});
/* assert on the output */

This ensures that you're testing the behavior the user would see in the browser. Learn more at https://reactjs.org/link/wrap-tests-with-act
    at DealingAnimation (/home/jin/guozha-poker-game/src/components/game/DealingAnimation.tsx:28:3)

stderr | tests/dealingAnimation.test.ts > 发牌动画组件 > 发牌完成后应该调用 onComplete
Warning: An update to DealingAnimation inside a test was not wrapped in act(...).

When testing, code that causes React state updates should be wrapped into act(...):

act(() => {
  /* fire events that update state */
});
/* assert on the output */

This ensures that you're testing the behavior the user would see in the browser. Learn more at https://reactjs.org/link/wrap-tests-with-act
    at DealingAnimation (/home/jin/guozha-poker-game/src/components/game/DealingAnimation.tsx:28:3)

stderr | tests/dealingAnimation.test.ts > 发牌动画组件 > 发牌完成后应该调用 onComplete
Warning: An update to DealingAnimation inside a test was not wrapped in act(...).

When testing, code that causes React state updates should be wrapped into act(...):

act(() => {
  /* fire events that update state */
});
/* assert on the output */

This ensures that you're testing the behavior the user would see in the browser. Learn more at https://reactjs.org/link/wrap-tests-with-act
    at DealingAnimation (/home/jin/guozha-poker-game/src/components/game/DealingAnimation.tsx:28:3)

stderr | tests/dealingAnimation.test.ts > 发牌动画组件 > 发牌完成后应该调用 onComplete
Warning: An update to DealingAnimation inside a test was not wrapped in act(...).

When testing, code that causes React state updates should be wrapped into act(...):

act(() => {
  /* fire events that update state */
});
/* assert on the output */

This ensures that you're testing the behavior the user would see in the browser. Learn more at https://reactjs.org/link/wrap-tests-with-act
    at DealingAnimation (/home/jin/guozha-poker-game/src/components/game/DealingAnimation.tsx:28:3)

stderr | tests/dealingAnimation.test.ts > 发牌动画组件 > 发牌完成后应该调用 onComplete
Warning: An update to DealingAnimation inside a test was not wrapped in act(...).

When testing, code that causes React state updates should be wrapped into act(...):

act(() => {
  /* fire events that update state */
});
/* assert on the output */

This ensures that you're testing the behavior the user would see in the browser. Learn more at https://reactjs.org/link/wrap-tests-with-act
    at DealingAnimation (/home/jin/guozha-poker-game/src/components/game/DealingAnimation.tsx:28:3)

stderr | tests/dealingAnimation.test.ts > 发牌动画组件 > 发牌完成后应该调用 onComplete
Warning: An update to DealingAnimation inside a test was not wrapped in act(...).

When testing, code that causes React state updates should be wrapped into act(...):

act(() => {
  /* fire events that update state */
});
/* assert on the output */

This ensures that you're testing the behavior the user would see in the browser. Learn more at https://reactjs.org/link/wrap-tests-with-act
    at DealingAnimation (/home/jin/guozha-poker-game/src/components/game/DealingAnimation.tsx:28:3)

stderr | tests/dealingAnimation.test.ts > 发牌动画组件 > 发牌完成后应该调用 onComplete
Warning: An update to DealingAnimation inside a test was not wrapped in act(...).

When testing, code that causes React state updates should be wrapped into act(...):

act(() => {
  /* fire events that update state */
});
/* assert on the output */

This ensures that you're testing the behavior the user would see in the browser. Learn more at https://reactjs.org/link/wrap-tests-with-act
    at DealingAnimation (/home/jin/guozha-poker-game/src/components/game/DealingAnimation.tsx:28:3)

stderr | tests/dealingAnimation.test.ts > 发牌动画组件 > 发牌完成后应该调用 onComplete
Warning: An update to DealingAnimation inside a test was not wrapped in act(...).

When testing, code that causes React state updates should be wrapped into act(...):

act(() => {
  /* fire events that update state */
});
/* assert on the output */

This ensures that you're testing the behavior the user would see in the browser. Learn more at https://reactjs.org/link/wrap-tests-with-act
    at DealingAnimation (/home/jin/guozha-poker-game/src/components/game/DealingAnimation.tsx:28:3)

stderr | tests/dealingAnimation.test.ts > 发牌动画组件 > 发牌完成后应该调用 onComplete
Warning: An update to DealingAnimation inside a test was not wrapped in act(...).

When testing, code that causes React state updates should be wrapped into act(...):

act(() => {
  /* fire events that update state */
});
/* assert on the output */

This ensures that you're testing the behavior the user would see in the browser. Learn more at https://reactjs.org/link/wrap-tests-with-act
    at DealingAnimation (/home/jin/guozha-poker-game/src/components/game/DealingAnimation.tsx:28:3)

stderr | tests/dealingAnimation.test.ts > 发牌动画组件 > 发牌完成后应该调用 onComplete
Warning: An update to DealingAnimation inside a test was not wrapped in act(...).

When testing, code that causes React state updates should be wrapped into act(...):

act(() => {
  /* fire events that update state */
});
/* assert on the output */

This ensures that you're testing the behavior the user would see in the browser. Learn more at https://reactjs.org/link/wrap-tests-with-act
    at DealingAnimation (/home/jin/guozha-poker-game/src/components/game/DealingAnimation.tsx:28:3)

stderr | tests/dealingAnimation.test.ts > 发牌动画组件 > 发牌完成后应该调用 onComplete
Warning: An update to DealingAnimation inside a test was not wrapped in act(...).

When testing, code that causes React state updates should be wrapped into act(...):

act(() => {
  /* fire events that update state */
});
/* assert on the output */

This ensures that you're testing the behavior the user would see in the browser. Learn more at https://reactjs.org/link/wrap-tests-with-act
    at DealingAnimation (/home/jin/guozha-poker-game/src/components/game/DealingAnimation.tsx:28:3)

stderr | tests/dealingAnimation.test.ts > 发牌动画组件 > 发牌完成后应该调用 onComplete
Warning: An update to DealingAnimation inside a test was not wrapped in act(...).

When testing, code that causes React state updates should be wrapped into act(...):

act(() => {
  /* fire events that update state */
});
/* assert on the output */

This ensures that you're testing the behavior the user would see in the browser. Learn more at https://reactjs.org/link/wrap-tests-with-act
    at DealingAnimation (/home/jin/guozha-poker-game/src/components/game/DealingAnimation.tsx:28:3)

stderr | tests/dealingAnimation.test.ts > 发牌动画组件 > 发牌完成后应该调用 onComplete
Warning: An update to DealingAnimation inside a test was not wrapped in act(...).

When testing, code that causes React state updates should be wrapped into act(...):

act(() => {
  /* fire events that update state */
});
/* assert on the output */

This ensures that you're testing the behavior the user would see in the browser. Learn more at https://reactjs.org/link/wrap-tests-with-act
    at DealingAnimation (/home/jin/guozha-poker-game/src/components/game/DealingAnimation.tsx:28:3)

stderr | tests/dealingAnimation.test.ts > 发牌动画组件 > 发牌完成后应该调用 onComplete
Warning: An update to DealingAnimation inside a test was not wrapped in act(...).

When testing, code that causes React state updates should be wrapped into act(...):

act(() => {
  /* fire events that update state */
});
/* assert on the output */

This ensures that you're testing the behavior the user would see in the browser. Learn more at https://reactjs.org/link/wrap-tests-with-act
    at DealingAnimation (/home/jin/guozha-poker-game/src/components/game/DealingAnimation.tsx:28:3)

stderr | tests/dealingAnimation.test.ts > 发牌动画组件 > 发牌完成后应该调用 onComplete
Warning: An update to DealingAnimation inside a test was not wrapped in act(...).

When testing, code that causes React state updates should be wrapped into act(...):

act(() => {
  /* fire events that update state */
});
/* assert on the output */

This ensures that you're testing the behavior the user would see in the browser. Learn more at https://reactjs.org/link/wrap-tests-with-act
    at DealingAnimation (/home/jin/guozha-poker-game/src/components/game/DealingAnimation.tsx:28:3)

stderr | tests/dealingAnimation.test.ts > 发牌动画组件 > 发牌完成后应该调用 onComplete
Warning: An update to DealingAnimation inside a test was not wrapped in act(...).

When testing, code that causes React state updates should be wrapped into act(...):

act(() => {
  /* fire events that update state */
});
/* assert on the output */

This ensures that you're testing the behavior the user would see in the browser. Learn more at https://reactjs.org/link/wrap-tests-with-act
    at DealingAnimation (/home/jin/guozha-poker-game/src/components/game/DealingAnimation.tsx:28:3)

stderr | tests/dealingAnimation.test.ts > 发牌动画组件 > 发牌完成后应该调用 onComplete
Warning: An update to DealingAnimation inside a test was not wrapped in act(...).

When testing, code that causes React state updates should be wrapped into act(...):

act(() => {
  /* fire events that update state */
});
/* assert on the output */

This ensures that you're testing the behavior the user would see in the browser. Learn more at https://reactjs.org/link/wrap-tests-with-act
    at DealingAnimation (/home/jin/guozha-poker-game/src/components/game/DealingAnimation.tsx:28:3)

stderr | tests/dealingAnimation.test.ts > 发牌动画组件 > 发牌完成后应该调用 onComplete
Warning: An update to DealingAnimation inside a test was not wrapped in act(...).

When testing, code that causes React state updates should be wrapped into act(...):

act(() => {
  /* fire events that update state */
});
/* assert on the output */

This ensures that you're testing the behavior the user would see in the browser. Learn more at https://reactjs.org/link/wrap-tests-with-act
    at DealingAnimation (/home/jin/guozha-poker-game/src/components/game/DealingAnimation.tsx:28:3)

stderr | tests/dealingAnimation.test.ts > 发牌动画组件 > 发牌完成后应该调用 onComplete
Warning: An update to DealingAnimation inside a test was not wrapped in act(...).

When testing, code that causes React state updates should be wrapped into act(...):

act(() => {
  /* fire events that update state */
});
/* assert on the output */

This ensures that you're testing the behavior the user would see in the browser. Learn more at https://reactjs.org/link/wrap-tests-with-act
    at DealingAnimation (/home/jin/guozha-poker-game/src/components/game/DealingAnimation.tsx:28:3)

stderr | tests/dealingAnimation.test.ts > 发牌动画组件 > 发牌完成后应该调用 onComplete
Warning: An update to DealingAnimation inside a test was not wrapped in act(...).

When testing, code that causes React state updates should be wrapped into act(...):

act(() => {
  /* fire events that update state */
});
/* assert on the output */

This ensures that you're testing the behavior the user would see in the browser. Learn more at https://reactjs.org/link/wrap-tests-with-act
    at DealingAnimation (/home/jin/guozha-poker-game/src/components/game/DealingAnimation.tsx:28:3)

stderr | tests/dealingAnimation.test.ts > 发牌动画组件 > 发牌完成后应该调用 onComplete
Warning: An update to DealingAnimation inside a test was not wrapped in act(...).

When testing, code that causes React state updates should be wrapped into act(...):

act(() => {
  /* fire events that update state */
});
/* assert on the output */

This ensures that you're testing the behavior the user would see in the browser. Learn more at https://reactjs.org/link/wrap-tests-with-act
    at DealingAnimation (/home/jin/guozha-poker-game/src/components/game/DealingAnimation.tsx:28:3)

stderr | tests/dealingAnimation.test.ts > 发牌动画组件 > 发牌完成后应该调用 onComplete
Warning: An update to DealingAnimation inside a test was not wrapped in act(...).

When testing, code that causes React state updates should be wrapped into act(...):

act(() => {
  /* fire events that update state */
});
/* assert on the output */

This ensures that you're testing the behavior the user would see in the browser. Learn more at https://reactjs.org/link/wrap-tests-with-act
    at DealingAnimation (/home/jin/guozha-poker-game/src/components/game/DealingAnimation.tsx:28:3)

stderr | tests/dealingAnimation.test.ts > 发牌动画组件 > 发牌完成后应该调用 onComplete
Warning: An update to DealingAnimation inside a test was not wrapped in act(...).

When testing, code that causes React state updates should be wrapped into act(...):

act(() => {
  /* fire events that update state */
});
/* assert on the output */

This ensures that you're testing the behavior the user would see in the browser. Learn more at https://reactjs.org/link/wrap-tests-with-act
    at DealingAnimation (/home/jin/guozha-poker-game/src/components/game/DealingAnimation.tsx:28:3)

stderr | tests/dealingAnimation.test.ts > 发牌动画组件 > 发牌完成后应该调用 onComplete
Warning: An update to DealingAnimation inside a test was not wrapped in act(...).

When testing, code that causes React state updates should be wrapped into act(...):

act(() => {
  /* fire events that update state */
});
/* assert on the output */

This ensures that you're testing the behavior the user would see in the browser. Learn more at https://reactjs.org/link/wrap-tests-with-act
    at DealingAnimation (/home/jin/guozha-poker-game/src/components/game/DealingAnimation.tsx:28:3)

stderr | tests/dealingAnimation.test.ts > 发牌动画组件 > 发牌完成后应该调用 onComplete
Warning: An update to DealingAnimation inside a test was not wrapped in act(...).

When testing, code that causes React state updates should be wrapped into act(...):

act(() => {
  /* fire events that update state */
});
/* assert on the output */

This ensures that you're testing the behavior the user would see in the browser. Learn more at https://reactjs.org/link/wrap-tests-with-act
    at DealingAnimation (/home/jin/guozha-poker-game/src/components/game/DealingAnimation.tsx:28:3)

stderr | tests/dealingAnimation.test.ts > 发牌动画组件 > 发牌完成后应该调用 onComplete
Warning: An update to DealingAnimation inside a test was not wrapped in act(...).

When testing, code that causes React state updates should be wrapped into act(...):

act(() => {
  /* fire events that update state */
});
/* assert on the output */

This ensures that you're testing the behavior the user would see in the browser. Learn more at https://reactjs.org/link/wrap-tests-with-act
    at DealingAnimation (/home/jin/guozha-poker-game/src/components/game/DealingAnimation.tsx:28:3)

stderr | tests/dealingAnimation.test.ts > 发牌动画组件 > 发牌完成后应该调用 onComplete
Warning: An update to DealingAnimation inside a test was not wrapped in act(...).

When testing, code that causes React state updates should be wrapped into act(...):

act(() => {
  /* fire events that update state */
});
/* assert on the output */

This ensures that you're testing the behavior the user would see in the browser. Learn more at https://reactjs.org/link/wrap-tests-with-act
    at DealingAnimation (/home/jin/guozha-poker-game/src/components/game/DealingAnimation.tsx:28:3)

stderr | tests/dealingAnimation.test.ts > 发牌动画组件 > 发牌完成后应该调用 onComplete
Warning: An update to DealingAnimation inside a test was not wrapped in act(...).

When testing, code that causes React state updates should be wrapped into act(...):

act(() => {
  /* fire events that update state */
});
/* assert on the output */

This ensures that you're testing the behavior the user would see in the browser. Learn more at https://reactjs.org/link/wrap-tests-with-act
    at DealingAnimation (/home/jin/guozha-poker-game/src/components/game/DealingAnimation.tsx:28:3)

stderr | tests/dealingAnimation.test.ts > 发牌动画组件 > 发牌完成后应该调用 onComplete
Warning: An update to DealingAnimation inside a test was not wrapped in act(...).

When testing, code that causes React state updates should be wrapped into act(...):

act(() => {
  /* fire events that update state */
});
/* assert on the output */

This ensures that you're testing the behavior the user would see in the browser. Learn more at https://reactjs.org/link/wrap-tests-with-act
    at DealingAnimation (/home/jin/guozha-poker-game/src/components/game/DealingAnimation.tsx:28:3)

stderr | tests/dealingAnimation.test.ts > 发牌动画组件 > 发牌完成后应该调用 onComplete
Warning: An update to DealingAnimation inside a test was not wrapped in act(...).

When testing, code that causes React state updates should be wrapped into act(...):

act(() => {
  /* fire events that update state */
});
/* assert on the output */

This ensures that you're testing the behavior the user would see in the browser. Learn more at https://reactjs.org/link/wrap-tests-with-act
    at DealingAnimation (/home/jin/guozha-poker-game/src/components/game/DealingAnimation.tsx:28:3)

stderr | tests/dealingAnimation.test.ts > 发牌动画组件 > 发牌完成后应该调用 onComplete
Warning: An update to DealingAnimation inside a test was not wrapped in act(...).

When testing, code that causes React state updates should be wrapped into act(...):

act(() => {
  /* fire events that update state */
});
/* assert on the output */

This ensures that you're testing the behavior the user would see in the browser. Learn more at https://reactjs.org/link/wrap-tests-with-act
    at DealingAnimation (/home/jin/guozha-poker-game/src/components/game/DealingAnimation.tsx:28:3)

stderr | tests/dealingAnimation.test.ts > 发牌动画组件 > 发牌完成后应该调用 onComplete
Warning: An update to DealingAnimation inside a test was not wrapped in act(...).

When testing, code that causes React state updates should be wrapped into act(...):

act(() => {
  /* fire events that update state */
});
/* assert on the output */

This ensures that you're testing the behavior the user would see in the browser. Learn more at https://reactjs.org/link/wrap-tests-with-act
    at DealingAnimation (/home/jin/guozha-poker-game/src/components/game/DealingAnimation.tsx:28:3)

stderr | tests/dealingAnimation.test.ts > 发牌动画组件 > 发牌完成后应该调用 onComplete
Warning: An update to DealingAnimation inside a test was not wrapped in act(...).

When testing, code that causes React state updates should be wrapped into act(...):

act(() => {
  /* fire events that update state */
});
/* assert on the output */

This ensures that you're testing the behavior the user would see in the browser. Learn more at https://reactjs.org/link/wrap-tests-with-act
    at DealingAnimation (/home/jin/guozha-poker-game/src/components/game/DealingAnimation.tsx:28:3)

stderr | tests/dealingAnimation.test.ts > 发牌动画组件 > 发牌完成后应该调用 onComplete
Warning: An update to DealingAnimation inside a test was not wrapped in act(...).

When testing, code that causes React state updates should be wrapped into act(...):

act(() => {
  /* fire events that update state */
});
/* assert on the output */

This ensures that you're testing the behavior the user would see in the browser. Learn more at https://reactjs.org/link/wrap-tests-with-act
    at DealingAnimation (/home/jin/guozha-poker-game/src/components/game/DealingAnimation.tsx:28:3)

stderr | tests/dealingAnimation.test.ts > 发牌动画组件 > 发牌完成后应该调用 onComplete
Warning: An update to DealingAnimation inside a test was not wrapped in act(...).

When testing, code that causes React state updates should be wrapped into act(...):

act(() => {
  /* fire events that update state */
});
/* assert on the output */

This ensures that you're testing the behavior the user would see in the browser. Learn more at https://reactjs.org/link/wrap-tests-with-act
    at DealingAnimation (/home/jin/guozha-poker-game/src/components/game/DealingAnimation.tsx:28:3)

stderr | tests/dealingAnimation.test.ts > 发牌动画组件 > 发牌完成后应该调用 onComplete
Warning: An update to DealingAnimation inside a test was not wrapped in act(...).

When testing, code that causes React state updates should be wrapped into act(...):

act(() => {
  /* fire events that update state */
});
/* assert on the output */

This ensures that you're testing the behavior the user would see in the browser. Learn more at https://reactjs.org/link/wrap-tests-with-act
    at DealingAnimation (/home/jin/guozha-poker-game/src/components/game/DealingAnimation.tsx:28:3)

stderr | tests/dealingAnimation.test.ts > 发牌动画组件 > 发牌完成后应该调用 onComplete
Warning: An update to DealingAnimation inside a test was not wrapped in act(...).

When testing, code that causes React state updates should be wrapped into act(...):

act(() => {
  /* fire events that update state */
});
/* assert on the output */

This ensures that you're testing the behavior the user would see in the browser. Learn more at https://reactjs.org/link/wrap-tests-with-act
    at DealingAnimation (/home/jin/guozha-poker-game/src/components/game/DealingAnimation.tsx:28:3)

stderr | tests/dealingAnimation.test.ts > 发牌动画组件 > 发牌完成后应该调用 onComplete
Warning: An update to DealingAnimation inside a test was not wrapped in act(...).

When testing, code that causes React state updates should be wrapped into act(...):

act(() => {
  /* fire events that update state */
});
/* assert on the output */

This ensures that you're testing the behavior the user would see in the browser. Learn more at https://reactjs.org/link/wrap-tests-with-act
    at DealingAnimation (/home/jin/guozha-poker-game/src/components/game/DealingAnimation.tsx:28:3)

stderr | tests/dealingAnimation.test.ts > 发牌动画组件 > 发牌完成后应该调用 onComplete
Warning: An update to DealingAnimation inside a test was not wrapped in act(...).

When testing, code that causes React state updates should be wrapped into act(...):

act(() => {
  /* fire events that update state */
});
/* assert on the output */

This ensures that you're testing the behavior the user would see in the browser. Learn more at https://reactjs.org/link/wrap-tests-with-act
    at DealingAnimation (/home/jin/guozha-poker-game/src/components/game/DealingAnimation.tsx:28:3)

stderr | tests/dealingAnimation.test.ts > 发牌动画组件 > 发牌完成后应该调用 onComplete
Warning: An update to DealingAnimation inside a test was not wrapped in act(...).

When testing, code that causes React state updates should be wrapped into act(...):

act(() => {
  /* fire events that update state */
});
/* assert on the output */

This ensures that you're testing the behavior the user would see in the browser. Learn more at https://reactjs.org/link/wrap-tests-with-act
    at DealingAnimation (/home/jin/guozha-poker-game/src/components/game/DealingAnimation.tsx:28:3)

stderr | tests/dealingAnimation.test.ts > 发牌动画组件 > 发牌完成后应该调用 onComplete
Warning: An update to DealingAnimation inside a test was not wrapped in act(...).

When testing, code that causes React state updates should be wrapped into act(...):

act(() => {
  /* fire events that update state */
});
/* assert on the output */

This ensures that you're testing the behavior the user would see in the browser. Learn more at https://reactjs.org/link/wrap-tests-with-act
    at DealingAnimation (/home/jin/guozha-poker-game/src/components/game/DealingAnimation.tsx:28:3)

stderr | tests/dealingAnimation.test.ts > 发牌动画组件 > 发牌完成后应该调用 onComplete
Warning: An update to DealingAnimation inside a test was not wrapped in act(...).

When testing, code that causes React state updates should be wrapped into act(...):

act(() => {
  /* fire events that update state */
});
/* assert on the output */

This ensures that you're testing the behavior the user would see in the browser. Learn more at https://reactjs.org/link/wrap-tests-with-act
    at DealingAnimation (/home/jin/guozha-poker-game/src/components/game/DealingAnimation.tsx:28:3)

stderr | tests/dealingAnimation.test.ts > 发牌动画组件 > 发牌完成后应该调用 onComplete
Warning: An update to DealingAnimation inside a test was not wrapped in act(...).

When testing, code that causes React state updates should be wrapped into act(...):

act(() => {
  /* fire events that update state */
});
/* assert on the output */

This ensures that you're testing the behavior the user would see in the browser. Learn more at https://reactjs.org/link/wrap-tests-with-act
    at DealingAnimation (/home/jin/guozha-poker-game/src/components/game/DealingAnimation.tsx:28:3)

stderr | tests/dealingAnimation.test.ts > 发牌动画组件 > 发牌完成后应该调用 onComplete
Warning: An update to DealingAnimation inside a test was not wrapped in act(...).

When testing, code that causes React state updates should be wrapped into act(...):

act(() => {
  /* fire events that update state */
});
/* assert on the output */

This ensures that you're testing the behavior the user would see in the browser. Learn more at https://reactjs.org/link/wrap-tests-with-act
    at DealingAnimation (/home/jin/guozha-poker-game/src/components/game/DealingAnimation.tsx:28:3)

stderr | tests/dealingAnimation.test.ts > 发牌动画组件 > 发牌完成后应该调用 onComplete
Warning: An update to DealingAnimation inside a test was not wrapped in act(...).

When testing, code that causes React state updates should be wrapped into act(...):

act(() => {
  /* fire events that update state */
});
/* assert on the output */

This ensures that you're testing the behavior the user would see in the browser. Learn more at https://reactjs.org/link/wrap-tests-with-act
    at DealingAnimation (/home/jin/guozha-poker-game/src/components/game/DealingAnimation.tsx:28:3)

stderr | tests/dealingAnimation.test.ts > 发牌动画组件 > 发牌完成后应该调用 onComplete
Warning: An update to DealingAnimation inside a test was not wrapped in act(...).

When testing, code that causes React state updates should be wrapped into act(...):

act(() => {
  /* fire events that update state */
});
/* assert on the output */

This ensures that you're testing the behavior the user would see in the browser. Learn more at https://reactjs.org/link/wrap-tests-with-act
    at DealingAnimation (/home/jin/guozha-poker-game/src/components/game/DealingAnimation.tsx:28:3)

stderr | tests/dealingAnimation.test.ts > 发牌动画组件 > 发牌完成后应该调用 onComplete
Warning: An update to DealingAnimation inside a test was not wrapped in act(...).

When testing, code that causes React state updates should be wrapped into act(...):

act(() => {
  /* fire events that update state */
});
/* assert on the output */

This ensures that you're testing the behavior the user would see in the browser. Learn more at https://reactjs.org/link/wrap-tests-with-act
    at DealingAnimation (/home/jin/guozha-poker-game/src/components/game/DealingAnimation.tsx:28:3)

stderr | tests/dealingAnimation.test.ts > 发牌动画组件 > 发牌完成后应该调用 onComplete
Warning: An update to DealingAnimation inside a test was not wrapped in act(...).

When testing, code that causes React state updates should be wrapped into act(...):

act(() => {
  /* fire events that update state */
});
/* assert on the output */

This ensures that you're testing the behavior the user would see in the browser. Learn more at https://reactjs.org/link/wrap-tests-with-act
    at DealingAnimation (/home/jin/guozha-poker-game/src/components/game/DealingAnimation.tsx:28:3)

stderr | tests/dealingAnimation.test.ts > 发牌动画组件 > 发牌完成后应该调用 onComplete
Warning: An update to DealingAnimation inside a test was not wrapped in act(...).

When testing, code that causes React state updates should be wrapped into act(...):

act(() => {
  /* fire events that update state */
});
/* assert on the output */

This ensures that you're testing the behavior the user would see in the browser. Learn more at https://reactjs.org/link/wrap-tests-with-act
    at DealingAnimation (/home/jin/guozha-poker-game/src/components/game/DealingAnimation.tsx:28:3)

stderr | tests/dealingAnimation.test.ts > 发牌动画组件 > 发牌完成后应该调用 onComplete
Warning: An update to DealingAnimation inside a test was not wrapped in act(...).

When testing, code that causes React state updates should be wrapped into act(...):

act(() => {
  /* fire events that update state */
});
/* assert on the output */

This ensures that you're testing the behavior the user would see in the browser. Learn more at https://reactjs.org/link/wrap-tests-with-act
    at DealingAnimation (/home/jin/guozha-poker-game/src/components/game/DealingAnimation.tsx:28:3)

stderr | tests/dealingAnimation.test.ts > 发牌动画组件 > 发牌完成后应该调用 onComplete
Warning: An update to DealingAnimation inside a test was not wrapped in act(...).

When testing, code that causes React state updates should be wrapped into act(...):

act(() => {
  /* fire events that update state */
});
/* assert on the output */

This ensures that you're testing the behavior the user would see in the browser. Learn more at https://reactjs.org/link/wrap-tests-with-act
    at DealingAnimation (/home/jin/guozha-poker-game/src/components/game/DealingAnimation.tsx:28:3)

stderr | tests/dealingAnimation.test.ts > 发牌动画组件 > 发牌完成后应该调用 onComplete
Warning: An update to DealingAnimation inside a test was not wrapped in act(...).

When testing, code that causes React state updates should be wrapped into act(...):

act(() => {
  /* fire events that update state */
});
/* assert on the output */

This ensures that you're testing the behavior the user would see in the browser. Learn more at https://reactjs.org/link/wrap-tests-with-act
    at DealingAnimation (/home/jin/guozha-poker-game/src/components/game/DealingAnimation.tsx:28:3)

stderr | tests/dealingAnimation.test.ts > 发牌动画组件 > 发牌完成后应该调用 onComplete
Warning: An update to DealingAnimation inside a test was not wrapped in act(...).

When testing, code that causes React state updates should be wrapped into act(...):

act(() => {
  /* fire events that update state */
});
/* assert on the output */

This ensures that you're testing the behavior the user would see in the browser. Learn more at https://reactjs.org/link/wrap-tests-with-act
    at DealingAnimation (/home/jin/guozha-poker-game/src/components/game/DealingAnimation.tsx:28:3)

stderr | tests/dealingAnimation.test.ts > 发牌动画组件 > 发牌完成后应该调用 onComplete
Warning: An update to DealingAnimation inside a test was not wrapped in act(...).

When testing, code that causes React state updates should be wrapped into act(...):

act(() => {
  /* fire events that update state */
});
/* assert on the output */

This ensures that you're testing the behavior the user would see in the browser. Learn more at https://reactjs.org/link/wrap-tests-with-act
    at DealingAnimation (/home/jin/guozha-poker-game/src/components/game/DealingAnimation.tsx:28:3)

stderr | tests/dealingAnimation.test.ts > 发牌动画组件 > 发牌完成后应该调用 onComplete
Warning: An update to DealingAnimation inside a test was not wrapped in act(...).

When testing, code that causes React state updates should be wrapped into act(...):

act(() => {
  /* fire events that update state */
});
/* assert on the output */

This ensures that you're testing the behavior the user would see in the browser. Learn more at https://reactjs.org/link/wrap-tests-with-act
    at DealingAnimation (/home/jin/guozha-poker-game/src/components/game/DealingAnimation.tsx:28:3)

stderr | tests/dealingAnimation.test.ts > 发牌动画组件 > 发牌完成后应该调用 onComplete
Warning: An update to DealingAnimation inside a test was not wrapped in act(...).

When testing, code that causes React state updates should be wrapped into act(...):

act(() => {
  /* fire events that update state */
});
/* assert on the output */

This ensures that you're testing the behavior the user would see in the browser. Learn more at https://reactjs.org/link/wrap-tests-with-act
    at DealingAnimation (/home/jin/guozha-poker-game/src/components/game/DealingAnimation.tsx:28:3)

stderr | tests/dealingAnimation.test.ts > 发牌动画组件 > 发牌完成后应该调用 onComplete
Warning: An update to DealingAnimation inside a test was not wrapped in act(...).

When testing, code that causes React state updates should be wrapped into act(...):

act(() => {
  /* fire events that update state */
});
/* assert on the output */

This ensures that you're testing the behavior the user would see in the browser. Learn more at https://reactjs.org/link/wrap-tests-with-act
    at DealingAnimation (/home/jin/guozha-poker-game/src/components/game/DealingAnimation.tsx:28:3)

stderr | tests/dealingAnimation.test.ts > 发牌动画组件 > 发牌完成后应该调用 onComplete
Warning: An update to DealingAnimation inside a test was not wrapped in act(...).

When testing, code that causes React state updates should be wrapped into act(...):

act(() => {
  /* fire events that update state */
});
/* assert on the output */

This ensures that you're testing the behavior the user would see in the browser. Learn more at https://reactjs.org/link/wrap-tests-with-act
    at DealingAnimation (/home/jin/guozha-poker-game/src/components/game/DealingAnimation.tsx:28:3)

stderr | tests/dealingAnimation.test.ts > 发牌动画组件 > 发牌完成后应该调用 onComplete
Warning: An update to DealingAnimation inside a test was not wrapped in act(...).

When testing, code that causes React state updates should be wrapped into act(...):

act(() => {
  /* fire events that update state */
});
/* assert on the output */

This ensures that you're testing the behavior the user would see in the browser. Learn more at https://reactjs.org/link/wrap-tests-with-act
    at DealingAnimation (/home/jin/guozha-poker-game/src/components/game/DealingAnimation.tsx:28:3)

stderr | tests/dealingAnimation.test.ts > 发牌动画组件 > 发牌完成后应该调用 onComplete
Warning: An update to DealingAnimation inside a test was not wrapped in act(...).

When testing, code that causes React state updates should be wrapped into act(...):

act(() => {
  /* fire events that update state */
});
/* assert on the output */

This ensures that you're testing the behavior the user would see in the browser. Learn more at https://reactjs.org/link/wrap-tests-with-act
    at DealingAnimation (/home/jin/guozha-poker-game/src/components/game/DealingAnimation.tsx:28:3)

stderr | tests/dealingAnimation.test.ts > 发牌动画组件 > 发牌完成后应该调用 onComplete
Warning: An update to DealingAnimation inside a test was not wrapped in act(...).

When testing, code that causes React state updates should be wrapped into act(...):

act(() => {
  /* fire events that update state */
});
/* assert on the output */

This ensures that you're testing the behavior the user would see in the browser. Learn more at https://reactjs.org/link/wrap-tests-with-act
    at DealingAnimation (/home/jin/guozha-poker-game/src/components/game/DealingAnimation.tsx:28:3)

stderr | tests/dealingAnimation.test.ts > 发牌动画组件 > 发牌完成后应该调用 onComplete
Warning: An update to DealingAnimation inside a test was not wrapped in act(...).

When testing, code that causes React state updates should be wrapped into act(...):

act(() => {
  /* fire events that update state */
});
/* assert on the output */

This ensures that you're testing the behavior the user would see in the browser. Learn more at https://reactjs.org/link/wrap-tests-with-act
    at DealingAnimation (/home/jin/guozha-poker-game/src/components/game/DealingAnimation.tsx:28:3)

stderr | tests/dealingAnimation.test.ts > 发牌动画组件 > 发牌完成后应该调用 onComplete
Warning: An update to DealingAnimation inside a test was not wrapped in act(...).

When testing, code that causes React state updates should be wrapped into act(...):

act(() => {
  /* fire events that update state */
});
/* assert on the output */

This ensures that you're testing the behavior the user would see in the browser. Learn more at https://reactjs.org/link/wrap-tests-with-act
    at DealingAnimation (/home/jin/guozha-poker-game/src/components/game/DealingAnimation.tsx:28:3)

stderr | tests/dealingAnimation.test.ts > 发牌动画组件 > 发牌完成后应该调用 onComplete
Warning: An update to DealingAnimation inside a test was not wrapped in act(...).

When testing, code that causes React state updates should be wrapped into act(...):

act(() => {
  /* fire events that update state */
});
/* assert on the output */

This ensures that you're testing the behavior the user would see in the browser. Learn more at https://reactjs.org/link/wrap-tests-with-act
    at DealingAnimation (/home/jin/guozha-poker-game/src/components/game/DealingAnimation.tsx:28:3)

stderr | tests/dealingAnimation.test.ts > 发牌动画组件 > 发牌完成后应该调用 onComplete
Warning: An update to DealingAnimation inside a test was not wrapped in act(...).

When testing, code that causes React state updates should be wrapped into act(...):

act(() => {
  /* fire events that update state */
});
/* assert on the output */

This ensures that you're testing the behavior the user would see in the browser. Learn more at https://reactjs.org/link/wrap-tests-with-act
    at DealingAnimation (/home/jin/guozha-poker-game/src/components/game/DealingAnimation.tsx:28:3)

stderr | tests/dealingAnimation.test.ts > 发牌动画组件 > 发牌完成后应该调用 onComplete
Warning: An update to DealingAnimation inside a test was not wrapped in act(...).

When testing, code that causes React state updates should be wrapped into act(...):

act(() => {
  /* fire events that update state */
});
/* assert on the output */

This ensures that you're testing the behavior the user would see in the browser. Learn more at https://reactjs.org/link/wrap-tests-with-act
    at DealingAnimation (/home/jin/guozha-poker-game/src/components/game/DealingAnimation.tsx:28:3)

stderr | tests/dealingAnimation.test.ts > 发牌动画组件 > 发牌完成后应该调用 onComplete
Warning: An update to DealingAnimation inside a test was not wrapped in act(...).

When testing, code that causes React state updates should be wrapped into act(...):

act(() => {
  /* fire events that update state */
});
/* assert on the output */

This ensures that you're testing the behavior the user would see in the browser. Learn more at https://reactjs.org/link/wrap-tests-with-act
    at DealingAnimation (/home/jin/guozha-poker-game/src/components/game/DealingAnimation.tsx:28:3)

stderr | tests/dealingAnimation.test.ts > 发牌动画组件 > 发牌完成后应该调用 onComplete
Warning: An update to DealingAnimation inside a test was not wrapped in act(...).

When testing, code that causes React state updates should be wrapped into act(...):

act(() => {
  /* fire events that update state */
});
/* assert on the output */

This ensures that you're testing the behavior the user would see in the browser. Learn more at https://reactjs.org/link/wrap-tests-with-act
    at DealingAnimation (/home/jin/guozha-poker-game/src/components/game/DealingAnimation.tsx:28:3)

stderr | tests/dealingAnimation.test.ts > 发牌动画组件 > 发牌完成后应该调用 onComplete
Warning: An update to DealingAnimation inside a test was not wrapped in act(...).

When testing, code that causes React state updates should be wrapped into act(...):

act(() => {
  /* fire events that update state */
});
/* assert on the output */

This ensures that you're testing the behavior the user would see in the browser. Learn more at https://reactjs.org/link/wrap-tests-with-act
    at DealingAnimation (/home/jin/guozha-poker-game/src/components/game/DealingAnimation.tsx:28:3)

stderr | tests/dealingAnimation.test.ts > 发牌动画组件 > 发牌完成后应该调用 onComplete
Warning: An update to DealingAnimation inside a test was not wrapped in act(...).

When testing, code that causes React state updates should be wrapped into act(...):

act(() => {
  /* fire events that update state */
});
/* assert on the output */

This ensures that you're testing the behavior the user would see in the browser. Learn more at https://reactjs.org/link/wrap-tests-with-act
    at DealingAnimation (/home/jin/guozha-poker-game/src/components/game/DealingAnimation.tsx:28:3)

stderr | tests/dealingAnimation.test.ts > 发牌动画组件 > 发牌完成后应该调用 onComplete
Warning: An update to DealingAnimation inside a test was not wrapped in act(...).

When testing, code that causes React state updates should be wrapped into act(...):

act(() => {
  /* fire events that update state */
});
/* assert on the output */

This ensures that you're testing the behavior the user would see in the browser. Learn more at https://reactjs.org/link/wrap-tests-with-act
    at DealingAnimation (/home/jin/guozha-poker-game/src/components/game/DealingAnimation.tsx:28:3)

stderr | tests/dealingAnimation.test.ts > 发牌动画组件 > 发牌完成后应该调用 onComplete
Warning: An update to DealingAnimation inside a test was not wrapped in act(...).

When testing, code that causes React state updates should be wrapped into act(...):

act(() => {
  /* fire events that update state */
});
/* assert on the output */

This ensures that you're testing the behavior the user would see in the browser. Learn more at https://reactjs.org/link/wrap-tests-with-act
    at DealingAnimation (/home/jin/guozha-poker-game/src/components/game/DealingAnimation.tsx:28:3)

stderr | tests/dealingAnimation.test.ts > 发牌动画组件 > 发牌完成后应该调用 onComplete
Warning: An update to DealingAnimation inside a test was not wrapped in act(...).

When testing, code that causes React state updates should be wrapped into act(...):

act(() => {
  /* fire events that update state */
});
/* assert on the output */

This ensures that you're testing the behavior the user would see in the browser. Learn more at https://reactjs.org/link/wrap-tests-with-act
    at DealingAnimation (/home/jin/guozha-poker-game/src/components/game/DealingAnimation.tsx:28:3)

stderr | tests/dealingAnimation.test.ts > 发牌动画组件 > 发牌完成后应该调用 onComplete
Warning: An update to DealingAnimation inside a test was not wrapped in act(...).

When testing, code that causes React state updates should be wrapped into act(...):

act(() => {
  /* fire events that update state */
});
/* assert on the output */

This ensures that you're testing the behavior the user would see in the browser. Learn more at https://reactjs.org/link/wrap-tests-with-act
    at DealingAnimation (/home/jin/guozha-poker-game/src/components/game/DealingAnimation.tsx:28:3)

stderr | tests/dealingAnimation.test.ts > 发牌动画组件 > 发牌完成后应该调用 onComplete
Warning: An update to DealingAnimation inside a test was not wrapped in act(...).

When testing, code that causes React state updates should be wrapped into act(...):

act(() => {
  /* fire events that update state */
});
/* assert on the output */

This ensures that you're testing the behavior the user would see in the browser. Learn more at https://reactjs.org/link/wrap-tests-with-act
    at DealingAnimation (/home/jin/guozha-poker-game/src/components/game/DealingAnimation.tsx:28:3)

stderr | tests/dealingAnimation.test.ts > 发牌动画组件 > 发牌完成后应该调用 onComplete
Warning: An update to DealingAnimation inside a test was not wrapped in act(...).

When testing, code that causes React state updates should be wrapped into act(...):

act(() => {
  /* fire events that update state */
});
/* assert on the output */

This ensures that you're testing the behavior the user would see in the browser. Learn more at https://reactjs.org/link/wrap-tests-with-act
    at DealingAnimation (/home/jin/guozha-poker-game/src/components/game/DealingAnimation.tsx:28:3)

stderr | tests/dealingAnimation.test.ts > 发牌动画组件 > 发牌完成后应该调用 onComplete
Warning: An update to DealingAnimation inside a test was not wrapped in act(...).

When testing, code that causes React state updates should be wrapped into act(...):

act(() => {
  /* fire events that update state */
});
/* assert on the output */

This ensures that you're testing the behavior the user would see in the browser. Learn more at https://reactjs.org/link/wrap-tests-with-act
    at DealingAnimation (/home/jin/guozha-poker-game/src/components/game/DealingAnimation.tsx:28:3)

stderr | tests/dealingAnimation.test.ts > 发牌动画组件 > 发牌完成后应该调用 onComplete
Warning: An update to DealingAnimation inside a test was not wrapped in act(...).

When testing, code that causes React state updates should be wrapped into act(...):

act(() => {
  /* fire events that update state */
});
/* assert on the output */

This ensures that you're testing the behavior the user would see in the browser. Learn more at https://reactjs.org/link/wrap-tests-with-act
    at DealingAnimation (/home/jin/guozha-poker-game/src/components/game/DealingAnimation.tsx:28:3)

stderr | tests/dealingAnimation.test.ts > 发牌动画组件 > 发牌完成后应该调用 onComplete
Warning: An update to DealingAnimation inside a test was not wrapped in act(...).

When testing, code that causes React state updates should be wrapped into act(...):

act(() => {
  /* fire events that update state */
});
/* assert on the output */

This ensures that you're testing the behavior the user would see in the browser. Learn more at https://reactjs.org/link/wrap-tests-with-act
    at DealingAnimation (/home/jin/guozha-poker-game/src/components/game/DealingAnimation.tsx:28:3)

stderr | tests/dealingAnimation.test.ts > 发牌动画组件 > 发牌完成后应该调用 onComplete
Warning: An update to DealingAnimation inside a test was not wrapped in act(...).

When testing, code that causes React state updates should be wrapped into act(...):

act(() => {
  /* fire events that update state */
});
/* assert on the output */

This ensures that you're testing the behavior the user would see in the browser. Learn more at https://reactjs.org/link/wrap-tests-with-act
    at DealingAnimation (/home/jin/guozha-poker-game/src/components/game/DealingAnimation.tsx:28:3)

stderr | tests/dealingAnimation.test.ts > 发牌动画组件 > 发牌完成后应该调用 onComplete
Warning: An update to DealingAnimation inside a test was not wrapped in act(...).

When testing, code that causes React state updates should be wrapped into act(...):

act(() => {
  /* fire events that update state */
});
/* assert on the output */

This ensures that you're testing the behavior the user would see in the browser. Learn more at https://reactjs.org/link/wrap-tests-with-act
    at DealingAnimation (/home/jin/guozha-poker-game/src/components/game/DealingAnimation.tsx:28:3)

stderr | tests/dealingAnimation.test.ts > 发牌动画组件 > 发牌完成后应该调用 onComplete
Warning: An update to DealingAnimation inside a test was not wrapped in act(...).

When testing, code that causes React state updates should be wrapped into act(...):

act(() => {
  /* fire events that update state */
});
/* assert on the output */

This ensures that you're testing the behavior the user would see in the browser. Learn more at https://reactjs.org/link/wrap-tests-with-act
    at DealingAnimation (/home/jin/guozha-poker-game/src/components/game/DealingAnimation.tsx:28:3)

stderr | tests/dealingAnimation.test.ts > 发牌动画组件 > 发牌完成后应该调用 onComplete
Warning: An update to DealingAnimation inside a test was not wrapped in act(...).

When testing, code that causes React state updates should be wrapped into act(...):

act(() => {
  /* fire events that update state */
});
/* assert on the output */

This ensures that you're testing the behavior the user would see in the browser. Learn more at https://reactjs.org/link/wrap-tests-with-act
    at DealingAnimation (/home/jin/guozha-poker-game/src/components/game/DealingAnimation.tsx:28:3)

stderr | tests/dealingAnimation.test.ts > 发牌动画组件 > 发牌完成后应该调用 onComplete
Warning: An update to DealingAnimation inside a test was not wrapped in act(...).

When testing, code that causes React state updates should be wrapped into act(...):

act(() => {
  /* fire events that update state */
});
/* assert on the output */

This ensures that you're testing the behavior the user would see in the browser. Learn more at https://reactjs.org/link/wrap-tests-with-act
    at DealingAnimation (/home/jin/guozha-poker-game/src/components/game/DealingAnimation.tsx:28:3)

stderr | tests/dealingAnimation.test.ts > 发牌动画组件 > 发牌完成后应该调用 onComplete
Warning: An update to DealingAnimation inside a test was not wrapped in act(...).

When testing, code that causes React state updates should be wrapped into act(...):

act(() => {
  /* fire events that update state */
});
/* assert on the output */

This ensures that you're testing the behavior the user would see in the browser. Learn more at https://reactjs.org/link/wrap-tests-with-act
    at DealingAnimation (/home/jin/guozha-poker-game/src/components/game/DealingAnimation.tsx:28:3)

stderr | tests/dealingAnimation.test.ts > 发牌动画组件 > 发牌完成后应该调用 onComplete
Warning: An update to DealingAnimation inside a test was not wrapped in act(...).

When testing, code that causes React state updates should be wrapped into act(...):

act(() => {
  /* fire events that update state */
});
/* assert on the output */

This ensures that you're testing the behavior the user would see in the browser. Learn more at https://reactjs.org/link/wrap-tests-with-act
    at DealingAnimation (/home/jin/guozha-poker-game/src/components/game/DealingAnimation.tsx:28:3)

stderr | tests/dealingAnimation.test.ts > 发牌动画组件 > 发牌完成后应该调用 onComplete
Warning: An update to DealingAnimation inside a test was not wrapped in act(...).

When testing, code that causes React state updates should be wrapped into act(...):

act(() => {
  /* fire events that update state */
});
/* assert on the output */

This ensures that you're testing the behavior the user would see in the browser. Learn more at https://reactjs.org/link/wrap-tests-with-act
    at DealingAnimation (/home/jin/guozha-poker-game/src/components/game/DealingAnimation.tsx:28:3)

stderr | tests/dealingAnimation.test.ts > 发牌动画组件 > 发牌完成后应该调用 onComplete
Warning: An update to DealingAnimation inside a test was not wrapped in act(...).

When testing, code that causes React state updates should be wrapped into act(...):

act(() => {
  /* fire events that update state */
});
/* assert on the output */

This ensures that you're testing the behavior the user would see in the browser. Learn more at https://reactjs.org/link/wrap-tests-with-act
    at DealingAnimation (/home/jin/guozha-poker-game/src/components/game/DealingAnimation.tsx:28:3)

stderr | tests/dealingAnimation.test.ts > 发牌动画组件 > 发牌完成后应该调用 onComplete
Warning: An update to DealingAnimation inside a test was not wrapped in act(...).

When testing, code that causes React state updates should be wrapped into act(...):

act(() => {
  /* fire events that update state */
});
/* assert on the output */

This ensures that you're testing the behavior the user would see in the browser. Learn more at https://reactjs.org/link/wrap-tests-with-act
    at DealingAnimation (/home/jin/guozha-poker-game/src/components/game/DealingAnimation.tsx:28:3)

stderr | tests/dealingAnimation.test.ts > 发牌动画组件 > 发牌完成后应该调用 onComplete
Warning: An update to DealingAnimation inside a test was not wrapped in act(...).

When testing, code that causes React state updates should be wrapped into act(...):

act(() => {
  /* fire events that update state */
});
/* assert on the output */

This ensures that you're testing the behavior the user would see in the browser. Learn more at https://reactjs.org/link/wrap-tests-with-act
    at DealingAnimation (/home/jin/guozha-poker-game/src/components/game/DealingAnimation.tsx:28:3)

stderr | tests/dealingAnimation.test.ts > 发牌动画组件 > 发牌完成后应该调用 onComplete
Warning: An update to DealingAnimation inside a test was not wrapped in act(...).

When testing, code that causes React state updates should be wrapped into act(...):

act(() => {
  /* fire events that update state */
});
/* assert on the output */

This ensures that you're testing the behavior the user would see in the browser. Learn more at https://reactjs.org/link/wrap-tests-with-act
    at DealingAnimation (/home/jin/guozha-poker-game/src/components/game/DealingAnimation.tsx:28:3)

stderr | tests/dealingAnimation.test.ts > 发牌动画组件 > 发牌完成后应该调用 onComplete
Warning: An update to DealingAnimation inside a test was not wrapped in act(...).

When testing, code that causes React state updates should be wrapped into act(...):

act(() => {
  /* fire events that update state */
});
/* assert on the output */

This ensures that you're testing the behavior the user would see in the browser. Learn more at https://reactjs.org/link/wrap-tests-with-act
    at DealingAnimation (/home/jin/guozha-poker-game/src/components/game/DealingAnimation.tsx:28:3)

stderr | tests/dealingAnimation.test.ts > 发牌动画组件 > 发牌完成后应该调用 onComplete
Warning: An update to DealingAnimation inside a test was not wrapped in act(...).

When testing, code that causes React state updates should be wrapped into act(...):

act(() => {
  /* fire events that update state */
});
/* assert on the output */

This ensures that you're testing the behavior the user would see in the browser. Learn more at https://reactjs.org/link/wrap-tests-with-act
    at DealingAnimation (/home/jin/guozha-poker-game/src/components/game/DealingAnimation.tsx:28:3)

stderr | tests/dealingAnimation.test.ts > 发牌动画组件 > 发牌完成后应该调用 onComplete
Warning: An update to DealingAnimation inside a test was not wrapped in act(...).

When testing, code that causes React state updates should be wrapped into act(...):

act(() => {
  /* fire events that update state */
});
/* assert on the output */

This ensures that you're testing the behavior the user would see in the browser. Learn more at https://reactjs.org/link/wrap-tests-with-act
    at DealingAnimation (/home/jin/guozha-poker-game/src/components/game/DealingAnimation.tsx:28:3)

stderr | tests/dealingAnimation.test.ts > 发牌动画组件 > 发牌完成后应该调用 onComplete
Warning: An update to DealingAnimation inside a test was not wrapped in act(...).

When testing, code that causes React state updates should be wrapped into act(...):

act(() => {
  /* fire events that update state */
});
/* assert on the output */

This ensures that you're testing the behavior the user would see in the browser. Learn more at https://reactjs.org/link/wrap-tests-with-act
    at DealingAnimation (/home/jin/guozha-poker-game/src/components/game/DealingAnimation.tsx:28:3)

stderr | tests/dealingAnimation.test.ts > 发牌动画组件 > 发牌完成后应该调用 onComplete
Warning: An update to DealingAnimation inside a test was not wrapped in act(...).

When testing, code that causes React state updates should be wrapped into act(...):

act(() => {
  /* fire events that update state */
});
/* assert on the output */

This ensures that you're testing the behavior the user would see in the browser. Learn more at https://reactjs.org/link/wrap-tests-with-act
    at DealingAnimation (/home/jin/guozha-poker-game/src/components/game/DealingAnimation.tsx:28:3)

stderr | tests/dealingAnimation.test.ts > 发牌动画组件 > 发牌完成后应该调用 onComplete
Warning: An update to DealingAnimation inside a test was not wrapped in act(...).

When testing, code that causes React state updates should be wrapped into act(...):

act(() => {
  /* fire events that update state */
});
/* assert on the output */

This ensures that you're testing the behavior the user would see in the browser. Learn more at https://reactjs.org/link/wrap-tests-with-act
    at DealingAnimation (/home/jin/guozha-poker-game/src/components/game/DealingAnimation.tsx:28:3)

stderr | tests/dealingAnimation.test.ts > 发牌动画组件 > 发牌完成后应该调用 onComplete
Warning: An update to DealingAnimation inside a test was not wrapped in act(...).

When testing, code that causes React state updates should be wrapped into act(...):

act(() => {
  /* fire events that update state */
});
/* assert on the output */

This ensures that you're testing the behavior the user would see in the browser. Learn more at https://reactjs.org/link/wrap-tests-with-act
    at DealingAnimation (/home/jin/guozha-poker-game/src/components/game/DealingAnimation.tsx:28:3)

stderr | tests/dealingAnimation.test.ts > 发牌动画组件 > 发牌完成后应该调用 onComplete
Warning: An update to DealingAnimation inside a test was not wrapped in act(...).

When testing, code that causes React state updates should be wrapped into act(...):

act(() => {
  /* fire events that update state */
});
/* assert on the output */

This ensures that you're testing the behavior the user would see in the browser. Learn more at https://reactjs.org/link/wrap-tests-with-act
    at DealingAnimation (/home/jin/guozha-poker-game/src/components/game/DealingAnimation.tsx:28:3)

stderr | tests/dealingAnimation.test.ts > 发牌动画组件 > 发牌完成后应该调用 onComplete
Warning: An update to DealingAnimation inside a test was not wrapped in act(...).

When testing, code that causes React state updates should be wrapped into act(...):

act(() => {
  /* fire events that update state */
});
/* assert on the output */

This ensures that you're testing the behavior the user would see in the browser. Learn more at https://reactjs.org/link/wrap-tests-with-act
    at DealingAnimation (/home/jin/guozha-poker-game/src/components/game/DealingAnimation.tsx:28:3)

stderr | tests/dealingAnimation.test.ts > 发牌动画组件 > 发牌完成后应该调用 onComplete
Warning: An update to DealingAnimation inside a test was not wrapped in act(...).

When testing, code that causes React state updates should be wrapped into act(...):

act(() => {
  /* fire events that update state */
});
/* assert on the output */

This ensures that you're testing the behavior the user would see in the browser. Learn more at https://reactjs.org/link/wrap-tests-with-act
    at DealingAnimation (/home/jin/guozha-poker-game/src/components/game/DealingAnimation.tsx:28:3)

stderr | tests/dealingAnimation.test.ts > 发牌动画组件 > 发牌完成后应该调用 onComplete
Warning: An update to DealingAnimation inside a test was not wrapped in act(...).

When testing, code that causes React state updates should be wrapped into act(...):

act(() => {
  /* fire events that update state */
});
/* assert on the output */

This ensures that you're testing the behavior the user would see in the browser. Learn more at https://reactjs.org/link/wrap-tests-with-act
    at DealingAnimation (/home/jin/guozha-poker-game/src/components/game/DealingAnimation.tsx:28:3)

stderr | tests/dealingAnimation.test.ts > 发牌动画组件 > 发牌完成后应该调用 onComplete
Warning: An update to DealingAnimation inside a test was not wrapped in act(...).

When testing, code that causes React state updates should be wrapped into act(...):

act(() => {
  /* fire events that update state */
});
/* assert on the output */

This ensures that you're testing the behavior the user would see in the browser. Learn more at https://reactjs.org/link/wrap-tests-with-act
    at DealingAnimation (/home/jin/guozha-poker-game/src/components/game/DealingAnimation.tsx:28:3)

stderr | tests/dealingAnimation.test.ts > 发牌动画组件 > 发牌完成后应该调用 onComplete
Warning: An update to DealingAnimation inside a test was not wrapped in act(...).

When testing, code that causes React state updates should be wrapped into act(...):

act(() => {
  /* fire events that update state */
});
/* assert on the output */

This ensures that you're testing the behavior the user would see in the browser. Learn more at https://reactjs.org/link/wrap-tests-with-act
    at DealingAnimation (/home/jin/guozha-poker-game/src/components/game/DealingAnimation.tsx:28:3)

stderr | tests/dealingAnimation.test.ts > 发牌动画组件 > 发牌完成后应该调用 onComplete
Warning: An update to DealingAnimation inside a test was not wrapped in act(...).

When testing, code that causes React state updates should be wrapped into act(...):

act(() => {
  /* fire events that update state */
});
/* assert on the output */

This ensures that you're testing the behavior the user would see in the browser. Learn more at https://reactjs.org/link/wrap-tests-with-act
    at DealingAnimation (/home/jin/guozha-poker-game/src/components/game/DealingAnimation.tsx:28:3)

stderr | tests/dealingAnimation.test.ts > 发牌动画组件 > 发牌完成后应该调用 onComplete
Warning: An update to DealingAnimation inside a test was not wrapped in act(...).

When testing, code that causes React state updates should be wrapped into act(...):

act(() => {
  /* fire events that update state */
});
/* assert on the output */

This ensures that you're testing the behavior the user would see in the browser. Learn more at https://reactjs.org/link/wrap-tests-with-act
    at DealingAnimation (/home/jin/guozha-poker-game/src/components/game/DealingAnimation.tsx:28:3)

stderr | tests/dealingAnimation.test.ts > 发牌动画组件 > 发牌完成后应该调用 onComplete
Warning: An update to DealingAnimation inside a test was not wrapped in act(...).

When testing, code that causes React state updates should be wrapped into act(...):

act(() => {
  /* fire events that update state */
});
/* assert on the output */

This ensures that you're testing the behavior the user would see in the browser. Learn more at https://reactjs.org/link/wrap-tests-with-act
    at DealingAnimation (/home/jin/guozha-poker-game/src/components/game/DealingAnimation.tsx:28:3)

stderr | tests/dealingAnimation.test.ts > 发牌动画组件 > 发牌完成后应该调用 onComplete
Warning: An update to DealingAnimation inside a test was not wrapped in act(...).

When testing, code that causes React state updates should be wrapped into act(...):

act(() => {
  /* fire events that update state */
});
/* assert on the output */

This ensures that you're testing the behavior the user would see in the browser. Learn more at https://reactjs.org/link/wrap-tests-with-act
    at DealingAnimation (/home/jin/guozha-poker-game/src/components/game/DealingAnimation.tsx:28:3)

stderr | tests/dealingAnimation.test.ts > 发牌动画组件 > 发牌完成后应该调用 onComplete
Warning: An update to DealingAnimation inside a test was not wrapped in act(...).

When testing, code that causes React state updates should be wrapped into act(...):

act(() => {
  /* fire events that update state */
});
/* assert on the output */

This ensures that you're testing the behavior the user would see in the browser. Learn more at https://reactjs.org/link/wrap-tests-with-act
    at DealingAnimation (/home/jin/guozha-poker-game/src/components/game/DealingAnimation.tsx:28:3)

stderr | tests/dealingAnimation.test.ts > 发牌动画组件 > 发牌完成后应该调用 onComplete
Warning: An update to DealingAnimation inside a test was not wrapped in act(...).

When testing, code that causes React state updates should be wrapped into act(...):

act(() => {
  /* fire events that update state */
});
/* assert on the output */

This ensures that you're testing the behavior the user would see in the browser. Learn more at https://reactjs.org/link/wrap-tests-with-act
    at DealingAnimation (/home/jin/guozha-poker-game/src/components/game/DealingAnimation.tsx:28:3)

stderr | tests/dealingAnimation.test.ts > 发牌动画组件 > 发牌完成后应该调用 onComplete
Warning: An update to DealingAnimation inside a test was not wrapped in act(...).

When testing, code that causes React state updates should be wrapped into act(...):

act(() => {
  /* fire events that update state */
});
/* assert on the output */

This ensures that you're testing the behavior the user would see in the browser. Learn more at https://reactjs.org/link/wrap-tests-with-act
    at DealingAnimation (/home/jin/guozha-poker-game/src/components/game/DealingAnimation.tsx:28:3)

stderr | tests/dealingAnimation.test.ts > 发牌动画组件 > 发牌完成后应该调用 onComplete
Warning: An update to DealingAnimation inside a test was not wrapped in act(...).

When testing, code that causes React state updates should be wrapped into act(...):

act(() => {
  /* fire events that update state */
});
/* assert on the output */

This ensures that you're testing the behavior the user would see in the browser. Learn more at https://reactjs.org/link/wrap-tests-with-act
    at DealingAnimation (/home/jin/guozha-poker-game/src/components/game/DealingAnimation.tsx:28:3)

stderr | tests/dealingAnimation.test.ts > 发牌动画组件 > 发牌完成后应该调用 onComplete
Warning: An update to DealingAnimation inside a test was not wrapped in act(...).

When testing, code that causes React state updates should be wrapped into act(...):

act(() => {
  /* fire events that update state */
});
/* assert on the output */

This ensures that you're testing the behavior the user would see in the browser. Learn more at https://reactjs.org/link/wrap-tests-with-act
    at DealingAnimation (/home/jin/guozha-poker-game/src/components/game/DealingAnimation.tsx:28:3)

stderr | tests/dealingAnimation.test.ts > 发牌动画组件 > 发牌完成后应该调用 onComplete
Warning: An update to DealingAnimation inside a test was not wrapped in act(...).

When testing, code that causes React state updates should be wrapped into act(...):

act(() => {
  /* fire events that update state */
});
/* assert on the output */

This ensures that you're testing the behavior the user would see in the browser. Learn more at https://reactjs.org/link/wrap-tests-with-act
    at DealingAnimation (/home/jin/guozha-poker-game/src/components/game/DealingAnimation.tsx:28:3)

stderr | tests/dealingAnimation.test.ts > 发牌动画组件 > 发牌完成后应该调用 onComplete
Warning: An update to DealingAnimation inside a test was not wrapped in act(...).

When testing, code that causes React state updates should be wrapped into act(...):

act(() => {
  /* fire events that update state */
});
/* assert on the output */

This ensures that you're testing the behavior the user would see in the browser. Learn more at https://reactjs.org/link/wrap-tests-with-act
    at DealingAnimation (/home/jin/guozha-poker-game/src/components/game/DealingAnimation.tsx:28:3)

stderr | tests/dealingAnimation.test.ts > 发牌动画组件 > 发牌完成后应该调用 onComplete
Warning: An update to DealingAnimation inside a test was not wrapped in act(...).

When testing, code that causes React state updates should be wrapped into act(...):

act(() => {
  /* fire events that update state */
});
/* assert on the output */

This ensures that you're testing the behavior the user would see in the browser. Learn more at https://reactjs.org/link/wrap-tests-with-act
    at DealingAnimation (/home/jin/guozha-poker-game/src/components/game/DealingAnimation.tsx:28:3)

stderr | tests/dealingAnimation.test.ts > 发牌动画组件 > 发牌完成后应该调用 onComplete
Warning: An update to DealingAnimation inside a test was not wrapped in act(...).

When testing, code that causes React state updates should be wrapped into act(...):

act(() => {
  /* fire events that update state */
});
/* assert on the output */

This ensures that you're testing the behavior the user would see in the browser. Learn more at https://reactjs.org/link/wrap-tests-with-act
    at DealingAnimation (/home/jin/guozha-poker-game/src/components/game/DealingAnimation.tsx:28:3)

stderr | tests/dealingAnimation.test.ts > 发牌动画组件 > 发牌完成后应该调用 onComplete
Warning: An update to DealingAnimation inside a test was not wrapped in act(...).

When testing, code that causes React state updates should be wrapped into act(...):

act(() => {
  /* fire events that update state */
});
/* assert on the output */

This ensures that you're testing the behavior the user would see in the browser. Learn more at https://reactjs.org/link/wrap-tests-with-act
    at DealingAnimation (/home/jin/guozha-poker-game/src/components/game/DealingAnimation.tsx:28:3)

stderr | tests/dealingAnimation.test.ts > 发牌动画组件 > 发牌完成后应该调用 onComplete
Warning: An update to DealingAnimation inside a test was not wrapped in act(...).

When testing, code that causes React state updates should be wrapped into act(...):

act(() => {
  /* fire events that update state */
});
/* assert on the output */

This ensures that you're testing the behavior the user would see in the browser. Learn more at https://reactjs.org/link/wrap-tests-with-act
    at DealingAnimation (/home/jin/guozha-poker-game/src/components/game/DealingAnimation.tsx:28:3)

stderr | tests/dealingAnimation.test.ts > 发牌动画组件 > 发牌完成后应该调用 onComplete
Warning: An update to DealingAnimation inside a test was not wrapped in act(...).

When testing, code that causes React state updates should be wrapped into act(...):

act(() => {
  /* fire events that update state */
});
/* assert on the output */

This ensures that you're testing the behavior the user would see in the browser. Learn more at https://reactjs.org/link/wrap-tests-with-act
    at DealingAnimation (/home/jin/guozha-poker-game/src/components/game/DealingAnimation.tsx:28:3)

stderr | tests/dealingAnimation.test.ts > 发牌动画组件 > 发牌完成后应该调用 onComplete
Warning: An update to DealingAnimation inside a test was not wrapped in act(...).

When testing, code that causes React state updates should be wrapped into act(...):

act(() => {
  /* fire events that update state */
});
/* assert on the output */

This ensures that you're testing the behavior the user would see in the browser. Learn more at https://reactjs.org/link/wrap-tests-with-act
    at DealingAnimation (/home/jin/guozha-poker-game/src/components/game/DealingAnimation.tsx:28:3)

stderr | tests/dealingAnimation.test.ts > 发牌动画组件 > 发牌完成后应该调用 onComplete
Warning: An update to DealingAnimation inside a test was not wrapped in act(...).

When testing, code that causes React state updates should be wrapped into act(...):

act(() => {
  /* fire events that update state */
});
/* assert on the output */

This ensures that you're testing the behavior the user would see in the browser. Learn more at https://reactjs.org/link/wrap-tests-with-act
    at DealingAnimation (/home/jin/guozha-poker-game/src/components/game/DealingAnimation.tsx:28:3)

stderr | tests/dealingAnimation.test.ts > 发牌动画组件 > 发牌完成后应该调用 onComplete
Warning: An update to DealingAnimation inside a test was not wrapped in act(...).

When testing, code that causes React state updates should be wrapped into act(...):

act(() => {
  /* fire events that update state */
});
/* assert on the output */

This ensures that you're testing the behavior the user would see in the browser. Learn more at https://reactjs.org/link/wrap-tests-with-act
    at DealingAnimation (/home/jin/guozha-poker-game/src/components/game/DealingAnimation.tsx:28:3)

stderr | tests/dealingAnimation.test.ts > 发牌动画组件 > 发牌完成后应该调用 onComplete
Warning: An update to DealingAnimation inside a test was not wrapped in act(...).

When testing, code that causes React state updates should be wrapped into act(...):

act(() => {
  /* fire events that update state */
});
/* assert on the output */

This ensures that you're testing the behavior the user would see in the browser. Learn more at https://reactjs.org/link/wrap-tests-with-act
    at DealingAnimation (/home/jin/guozha-poker-game/src/components/game/DealingAnimation.tsx:28:3)

stderr | tests/dealingAnimation.test.ts > 发牌动画组件 > 发牌完成后应该调用 onComplete
Warning: An update to DealingAnimation inside a test was not wrapped in act(...).

When testing, code that causes React state updates should be wrapped into act(...):

act(() => {
  /* fire events that update state */
});
/* assert on the output */

This ensures that you're testing the behavior the user would see in the browser. Learn more at https://reactjs.org/link/wrap-tests-with-act
    at DealingAnimation (/home/jin/guozha-poker-game/src/components/game/DealingAnimation.tsx:28:3)

stderr | tests/dealingAnimation.test.ts > 发牌动画组件 > 发牌完成后应该调用 onComplete
Warning: An update to DealingAnimation inside a test was not wrapped in act(...).

When testing, code that causes React state updates should be wrapped into act(...):

act(() => {
  /* fire events that update state */
});
/* assert on the output */

This ensures that you're testing the behavior the user would see in the browser. Learn more at https://reactjs.org/link/wrap-tests-with-act
    at DealingAnimation (/home/jin/guozha-poker-game/src/components/game/DealingAnimation.tsx:28:3)

stderr | tests/dealingAnimation.test.ts > 发牌动画组件 > 发牌完成后应该调用 onComplete
Warning: An update to DealingAnimation inside a test was not wrapped in act(...).

When testing, code that causes React state updates should be wrapped into act(...):

act(() => {
  /* fire events that update state */
});
/* assert on the output */

This ensures that you're testing the behavior the user would see in the browser. Learn more at https://reactjs.org/link/wrap-tests-with-act
    at DealingAnimation (/home/jin/guozha-poker-game/src/components/game/DealingAnimation.tsx:28:3)

stderr | tests/dealingAnimation.test.ts > 发牌动画组件 > 发牌完成后应该调用 onComplete
Warning: An update to DealingAnimation inside a test was not wrapped in act(...).

When testing, code that causes React state updates should be wrapped into act(...):

act(() => {
  /* fire events that update state */
});
/* assert on the output */

This ensures that you're testing the behavior the user would see in the browser. Learn more at https://reactjs.org/link/wrap-tests-with-act
    at DealingAnimation (/home/jin/guozha-poker-game/src/components/game/DealingAnimation.tsx:28:3)

stderr | tests/dealingAnimation.test.ts > 发牌动画组件 > 发牌完成后应该调用 onComplete
Warning: An update to DealingAnimation inside a test was not wrapped in act(...).

When testing, code that causes React state updates should be wrapped into act(...):

act(() => {
  /* fire events that update state */
});
/* assert on the output */

This ensures that you're testing the behavior the user would see in the browser. Learn more at https://reactjs.org/link/wrap-tests-with-act
    at DealingAnimation (/home/jin/guozha-poker-game/src/components/game/DealingAnimation.tsx:28:3)

stderr | tests/dealingAnimation.test.ts > 发牌动画组件 > 发牌完成后应该调用 onComplete
Warning: An update to DealingAnimation inside a test was not wrapped in act(...).

When testing, code that causes React state updates should be wrapped into act(...):

act(() => {
  /* fire events that update state */
});
/* assert on the output */

This ensures that you're testing the behavior the user would see in the browser. Learn more at https://reactjs.org/link/wrap-tests-with-act
    at DealingAnimation (/home/jin/guozha-poker-game/src/components/game/DealingAnimation.tsx:28:3)

stderr | tests/dealingAnimation.test.ts > 发牌动画组件 > 发牌完成后应该调用 onComplete
Warning: An update to DealingAnimation inside a test was not wrapped in act(...).

When testing, code that causes React state updates should be wrapped into act(...):

act(() => {
  /* fire events that update state */
});
/* assert on the output */

This ensures that you're testing the behavior the user would see in the browser. Learn more at https://reactjs.org/link/wrap-tests-with-act
    at DealingAnimation (/home/jin/guozha-poker-game/src/components/game/DealingAnimation.tsx:28:3)

stderr | tests/dealingAnimation.test.ts > 发牌动画组件 > 发牌完成后应该调用 onComplete
Warning: An update to DealingAnimation inside a test was not wrapped in act(...).

When testing, code that causes React state updates should be wrapped into act(...):

act(() => {
  /* fire events that update state */
});
/* assert on the output */

This ensures that you're testing the behavior the user would see in the browser. Learn more at https://reactjs.org/link/wrap-tests-with-act
    at DealingAnimation (/home/jin/guozha-poker-game/src/components/game/DealingAnimation.tsx:28:3)

stderr | tests/dealingAnimation.test.ts > 发牌动画组件 > 发牌完成后应该调用 onComplete
Warning: An update to DealingAnimation inside a test was not wrapped in act(...).

When testing, code that causes React state updates should be wrapped into act(...):

act(() => {
  /* fire events that update state */
});
/* assert on the output */

This ensures that you're testing the behavior the user would see in the browser. Learn more at https://reactjs.org/link/wrap-tests-with-act
    at DealingAnimation (/home/jin/guozha-poker-game/src/components/game/DealingAnimation.tsx:28:3)

stderr | tests/dealingAnimation.test.ts > 发牌动画组件 > 发牌完成后应该调用 onComplete
Warning: An update to DealingAnimation inside a test was not wrapped in act(...).

When testing, code that causes React state updates should be wrapped into act(...):

act(() => {
  /* fire events that update state */
});
/* assert on the output */

This ensures that you're testing the behavior the user would see in the browser. Learn more at https://reactjs.org/link/wrap-tests-with-act
    at DealingAnimation (/home/jin/guozha-poker-game/src/components/game/DealingAnimation.tsx:28:3)

stderr | tests/dealingAnimation.test.ts > 发牌动画组件 > 发牌完成后应该调用 onComplete
Warning: An update to DealingAnimation inside a test was not wrapped in act(...).

When testing, code that causes React state updates should be wrapped into act(...):

act(() => {
  /* fire events that update state */
});
/* assert on the output */

This ensures that you're testing the behavior the user would see in the browser. Learn more at https://reactjs.org/link/wrap-tests-with-act
    at DealingAnimation (/home/jin/guozha-poker-game/src/components/game/DealingAnimation.tsx:28:3)

stderr | tests/dealingAnimation.test.ts > 发牌动画组件 > 发牌完成后应该调用 onComplete
Warning: An update to DealingAnimation inside a test was not wrapped in act(...).

When testing, code that causes React state updates should be wrapped into act(...):

act(() => {
  /* fire events that update state */
});
/* assert on the output */

This ensures that you're testing the behavior the user would see in the browser. Learn more at https://reactjs.org/link/wrap-tests-with-act
    at DealingAnimation (/home/jin/guozha-poker-game/src/components/game/DealingAnimation.tsx:28:3)

stderr | tests/dealingAnimation.test.ts > 发牌动画组件 > 发牌完成后应该调用 onComplete
Warning: An update to DealingAnimation inside a test was not wrapped in act(...).

When testing, code that causes React state updates should be wrapped into act(...):

act(() => {
  /* fire events that update state */
});
/* assert on the output */

This ensures that you're testing the behavior the user would see in the browser. Learn more at https://reactjs.org/link/wrap-tests-with-act
    at DealingAnimation (/home/jin/guozha-poker-game/src/components/game/DealingAnimation.tsx:28:3)

stderr | tests/dealingAnimation.test.ts > 发牌动画组件 > 发牌完成后应该调用 onComplete
Warning: An update to DealingAnimation inside a test was not wrapped in act(...).

When testing, code that causes React state updates should be wrapped into act(...):

act(() => {
  /* fire events that update state */
});
/* assert on the output */

This ensures that you're testing the behavior the user would see in the browser. Learn more at https://reactjs.org/link/wrap-tests-with-act
    at DealingAnimation (/home/jin/guozha-poker-game/src/components/game/DealingAnimation.tsx:28:3)

stderr | tests/dealingAnimation.test.ts > 发牌动画组件 > 发牌完成后应该调用 onComplete
Warning: An update to DealingAnimation inside a test was not wrapped in act(...).

When testing, code that causes React state updates should be wrapped into act(...):

act(() => {
  /* fire events that update state */
});
/* assert on the output */

This ensures that you're testing the behavior the user would see in the browser. Learn more at https://reactjs.org/link/wrap-tests-with-act
    at DealingAnimation (/home/jin/guozha-poker-game/src/components/game/DealingAnimation.tsx:28:3)

stderr | tests/dealingAnimation.test.ts > 发牌动画组件 > 发牌完成后应该调用 onComplete
Warning: An update to DealingAnimation inside a test was not wrapped in act(...).

When testing, code that causes React state updates should be wrapped into act(...):

act(() => {
  /* fire events that update state */
});
/* assert on the output */

This ensures that you're testing the behavior the user would see in the browser. Learn more at https://reactjs.org/link/wrap-tests-with-act
    at DealingAnimation (/home/jin/guozha-poker-game/src/components/game/DealingAnimation.tsx:28:3)

stderr | tests/dealingAnimation.test.ts > 发牌动画组件 > 发牌完成后应该调用 onComplete
Warning: An update to DealingAnimation inside a test was not wrapped in act(...).

When testing, code that causes React state updates should be wrapped into act(...):

act(() => {
  /* fire events that update state */
});
/* assert on the output */

This ensures that you're testing the behavior the user would see in the browser. Learn more at https://reactjs.org/link/wrap-tests-with-act
    at DealingAnimation (/home/jin/guozha-poker-game/src/components/game/DealingAnimation.tsx:28:3)

stderr | tests/dealingAnimation.test.ts > 发牌动画组件 > 发牌完成后应该调用 onComplete
Warning: An update to DealingAnimation inside a test was not wrapped in act(...).

When testing, code that causes React state updates should be wrapped into act(...):

act(() => {
  /* fire events that update state */
});
/* assert on the output */

This ensures that you're testing the behavior the user would see in the browser. Learn more at https://reactjs.org/link/wrap-tests-with-act
    at DealingAnimation (/home/jin/guozha-poker-game/src/components/game/DealingAnimation.tsx:28:3)

stderr | tests/dealingAnimation.test.ts > 发牌动画组件 > 发牌完成后应该调用 onComplete
Warning: An update to DealingAnimation inside a test was not wrapped in act(...).

When testing, code that causes React state updates should be wrapped into act(...):

act(() => {
  /* fire events that update state */
});
/* assert on the output */

This ensures that you're testing the behavior the user would see in the browser. Learn more at https://reactjs.org/link/wrap-tests-with-act
    at DealingAnimation (/home/jin/guozha-poker-game/src/components/game/DealingAnimation.tsx:28:3)

stderr | tests/dealingAnimation.test.ts > 发牌动画组件 > 发牌完成后应该调用 onComplete
Warning: An update to DealingAnimation inside a test was not wrapped in act(...).

When testing, code that causes React state updates should be wrapped into act(...):

act(() => {
  /* fire events that update state */
});
/* assert on the output */

This ensures that you're testing the behavior the user would see in the browser. Learn more at https://reactjs.org/link/wrap-tests-with-act
    at DealingAnimation (/home/jin/guozha-poker-game/src/components/game/DealingAnimation.tsx:28:3)

stderr | tests/dealingAnimation.test.ts > 发牌动画组件 > 发牌完成后应该调用 onComplete
Warning: An update to DealingAnimation inside a test was not wrapped in act(...).

When testing, code that causes React state updates should be wrapped into act(...):

act(() => {
  /* fire events that update state */
});
/* assert on the output */

This ensures that you're testing the behavior the user would see in the browser. Learn more at https://reactjs.org/link/wrap-tests-with-act
    at DealingAnimation (/home/jin/guozha-poker-game/src/components/game/DealingAnimation.tsx:28:3)

stderr | tests/dealingAnimation.test.ts > 发牌动画组件 > 发牌完成后应该调用 onComplete
Warning: An update to DealingAnimation inside a test was not wrapped in act(...).

When testing, code that causes React state updates should be wrapped into act(...):

act(() => {
  /* fire events that update state */
});
/* assert on the output */

This ensures that you're testing the behavior the user would see in the browser. Learn more at https://reactjs.org/link/wrap-tests-with-act
    at DealingAnimation (/home/jin/guozha-poker-game/src/components/game/DealingAnimation.tsx:28:3)

stderr | tests/dealingAnimation.test.ts > 发牌动画组件 > 发牌完成后应该调用 onComplete
Warning: An update to DealingAnimation inside a test was not wrapped in act(...).

When testing, code that causes React state updates should be wrapped into act(...):

act(() => {
  /* fire events that update state */
});
/* assert on the output */

This ensures that you're testing the behavior the user would see in the browser. Learn more at https://reactjs.org/link/wrap-tests-with-act
    at DealingAnimation (/home/jin/guozha-poker-game/src/components/game/DealingAnimation.tsx:28:3)

stderr | tests/dealingAnimation.test.ts > 发牌动画组件 > 发牌完成后应该调用 onComplete
Warning: An update to DealingAnimation inside a test was not wrapped in act(...).

When testing, code that causes React state updates should be wrapped into act(...):

act(() => {
  /* fire events that update state */
});
/* assert on the output */

This ensures that you're testing the behavior the user would see in the browser. Learn more at https://reactjs.org/link/wrap-tests-with-act
    at DealingAnimation (/home/jin/guozha-poker-game/src/components/game/DealingAnimation.tsx:28:3)

stderr | tests/dealingAnimation.test.ts > 发牌动画组件 > 发牌完成后应该调用 onComplete
Warning: An update to DealingAnimation inside a test was not wrapped in act(...).

When testing, code that causes React state updates should be wrapped into act(...):

act(() => {
  /* fire events that update state */
});
/* assert on the output */

This ensures that you're testing the behavior the user would see in the browser. Learn more at https://reactjs.org/link/wrap-tests-with-act
    at DealingAnimation (/home/jin/guozha-poker-game/src/components/game/DealingAnimation.tsx:28:3)

stderr | tests/dealingAnimation.test.ts > 发牌动画组件 > 发牌完成后应该调用 onComplete
Warning: An update to DealingAnimation inside a test was not wrapped in act(...).

When testing, code that causes React state updates should be wrapped into act(...):

act(() => {
  /* fire events that update state */
});
/* assert on the output */

This ensures that you're testing the behavior the user would see in the browser. Learn more at https://reactjs.org/link/wrap-tests-with-act
    at DealingAnimation (/home/jin/guozha-poker-game/src/components/game/DealingAnimation.tsx:28:3)

stderr | tests/dealingAnimation.test.ts > 发牌动画组件 > 发牌完成后应该调用 onComplete
Warning: An update to DealingAnimation inside a test was not wrapped in act(...).

When testing, code that causes React state updates should be wrapped into act(...):

act(() => {
  /* fire events that update state */
});
/* assert on the output */

This ensures that you're testing the behavior the user would see in the browser. Learn more at https://reactjs.org/link/wrap-tests-with-act
    at DealingAnimation (/home/jin/guozha-poker-game/src/components/game/DealingAnimation.tsx:28:3)

stderr | tests/dealingAnimation.test.ts > 发牌动画组件 > 发牌完成后应该调用 onComplete
Warning: An update to DealingAnimation inside a test was not wrapped in act(...).

When testing, code that causes React state updates should be wrapped into act(...):

act(() => {
  /* fire events that update state */
});
/* assert on the output */

This ensures that you're testing the behavior the user would see in the browser. Learn more at https://reactjs.org/link/wrap-tests-with-act
    at DealingAnimation (/home/jin/guozha-poker-game/src/components/game/DealingAnimation.tsx:28:3)

stderr | tests/dealingAnimation.test.ts > 发牌动画组件 > 发牌完成后应该调用 onComplete
Warning: An update to DealingAnimation inside a test was not wrapped in act(...).

When testing, code that causes React state updates should be wrapped into act(...):

act(() => {
  /* fire events that update state */
});
/* assert on the output */

This ensures that you're testing the behavior the user would see in the browser. Learn more at https://reactjs.org/link/wrap-tests-with-act
    at DealingAnimation (/home/jin/guozha-poker-game/src/components/game/DealingAnimation.tsx:28:3)

stderr | tests/dealingAnimation.test.ts > 发牌动画组件 > 发牌完成后应该调用 onComplete
Warning: An update to DealingAnimation inside a test was not wrapped in act(...).

When testing, code that causes React state updates should be wrapped into act(...):

act(() => {
  /* fire events that update state */
});
/* assert on the output */

This ensures that you're testing the behavior the user would see in the browser. Learn more at https://reactjs.org/link/wrap-tests-with-act
    at DealingAnimation (/home/jin/guozha-poker-game/src/components/game/DealingAnimation.tsx:28:3)

stderr | tests/dealingAnimation.test.ts > 发牌动画组件 > 发牌完成后应该调用 onComplete
Warning: An update to DealingAnimation inside a test was not wrapped in act(...).

When testing, code that causes React state updates should be wrapped into act(...):

act(() => {
  /* fire events that update state */
});
/* assert on the output */

This ensures that you're testing the behavior the user would see in the browser. Learn more at https://reactjs.org/link/wrap-tests-with-act
    at DealingAnimation (/home/jin/guozha-poker-game/src/components/game/DealingAnimation.tsx:28:3)

stderr | tests/dealingAnimation.test.ts > 发牌动画组件 > 发牌完成后应该调用 onComplete
Warning: An update to DealingAnimation inside a test was not wrapped in act(...).

When testing, code that causes React state updates should be wrapped into act(...):

act(() => {
  /* fire events that update state */
});
/* assert on the output */

This ensures that you're testing the behavior the user would see in the browser. Learn more at https://reactjs.org/link/wrap-tests-with-act
    at DealingAnimation (/home/jin/guozha-poker-game/src/components/game/DealingAnimation.tsx:28:3)

stderr | tests/dealingAnimation.test.ts > 发牌动画组件 > 发牌完成后应该调用 onComplete
Warning: An update to DealingAnimation inside a test was not wrapped in act(...).

When testing, code that causes React state updates should be wrapped into act(...):

act(() => {
  /* fire events that update state */
});
/* assert on the output */

This ensures that you're testing the behavior the user would see in the browser. Learn more at https://reactjs.org/link/wrap-tests-with-act
    at DealingAnimation (/home/jin/guozha-poker-game/src/components/game/DealingAnimation.tsx:28:3)

stderr | tests/dealingAnimation.test.ts > 发牌动画组件 > 发牌完成后应该调用 onComplete
Warning: An update to DealingAnimation inside a test was not wrapped in act(...).

When testing, code that causes React state updates should be wrapped into act(...):

act(() => {
  /* fire events that update state */
});
/* assert on the output */

This ensures that you're testing the behavior the user would see in the browser. Learn more at https://reactjs.org/link/wrap-tests-with-act
    at DealingAnimation (/home/jin/guozha-poker-game/src/components/game/DealingAnimation.tsx:28:3)

stderr | tests/dealingAnimation.test.ts > 发牌动画组件 > 发牌完成后应该调用 onComplete
Warning: An update to DealingAnimation inside a test was not wrapped in act(...).

When testing, code that causes React state updates should be wrapped into act(...):

act(() => {
  /* fire events that update state */
});
/* assert on the output */

This ensures that you're testing the behavior the user would see in the browser. Learn more at https://reactjs.org/link/wrap-tests-with-act
    at DealingAnimation (/home/jin/guozha-poker-game/src/components/game/DealingAnimation.tsx:28:3)

stderr | tests/dealingAnimation.test.ts > 发牌动画组件 > 发牌完成后应该调用 onComplete
Warning: An update to DealingAnimation inside a test was not wrapped in act(...).

When testing, code that causes React state updates should be wrapped into act(...):

act(() => {
  /* fire events that update state */
});
/* assert on the output */

This ensures that you're testing the behavior the user would see in the browser. Learn more at https://reactjs.org/link/wrap-tests-with-act
    at DealingAnimation (/home/jin/guozha-poker-game/src/components/game/DealingAnimation.tsx:28:3)

stderr | tests/dealingAnimation.test.ts > 发牌动画组件 > 发牌完成后应该调用 onComplete
Warning: An update to DealingAnimation inside a test was not wrapped in act(...).

When testing, code that causes React state updates should be wrapped into act(...):

act(() => {
  /* fire events that update state */
});
/* assert on the output */

This ensures that you're testing the behavior the user would see in the browser. Learn more at https://reactjs.org/link/wrap-tests-with-act
    at DealingAnimation (/home/jin/guozha-poker-game/src/components/game/DealingAnimation.tsx:28:3)

stderr | tests/dealingAnimation.test.ts > 发牌动画组件 > 发牌完成后应该调用 onComplete
Warning: An update to DealingAnimation inside a test was not wrapped in act(...).

When testing, code that causes React state updates should be wrapped into act(...):

act(() => {
  /* fire events that update state */
});
/* assert on the output */

This ensures that you're testing the behavior the user would see in the browser. Learn more at https://reactjs.org/link/wrap-tests-with-act
    at DealingAnimation (/home/jin/guozha-poker-game/src/components/game/DealingAnimation.tsx:28:3)

stderr | tests/dealingAnimation.test.ts > 发牌动画组件 > 发牌完成后应该调用 onComplete
Warning: An update to DealingAnimation inside a test was not wrapped in act(...).

When testing, code that causes React state updates should be wrapped into act(...):

act(() => {
  /* fire events that update state */
});
/* assert on the output */

This ensures that you're testing the behavior the user would see in the browser. Learn more at https://reactjs.org/link/wrap-tests-with-act
    at DealingAnimation (/home/jin/guozha-poker-game/src/components/game/DealingAnimation.tsx:28:3)

stderr | tests/dealingAnimation.test.ts > 发牌动画组件 > 发牌完成后应该调用 onComplete
Warning: An update to DealingAnimation inside a test was not wrapped in act(...).

When testing, code that causes React state updates should be wrapped into act(...):

act(() => {
  /* fire events that update state */
});
/* assert on the output */

This ensures that you're testing the behavior the user would see in the browser. Learn more at https://reactjs.org/link/wrap-tests-with-act
    at DealingAnimation (/home/jin/guozha-poker-game/src/components/game/DealingAnimation.tsx:28:3)

stderr | tests/dealingAnimation.test.ts > 发牌动画组件 > 发牌完成后应该调用 onComplete
Warning: An update to DealingAnimation inside a test was not wrapped in act(...).

When testing, code that causes React state updates should be wrapped into act(...):

act(() => {
  /* fire events that update state */
});
/* assert on the output */

This ensures that you're testing the behavior the user would see in the browser. Learn more at https://reactjs.org/link/wrap-tests-with-act
    at DealingAnimation (/home/jin/guozha-poker-game/src/components/game/DealingAnimation.tsx:28:3)

stderr | tests/dealingAnimation.test.ts > 发牌动画组件 > 发牌完成后应该调用 onComplete
Warning: An update to DealingAnimation inside a test was not wrapped in act(...).

When testing, code that causes React state updates should be wrapped into act(...):

act(() => {
  /* fire events that update state */
});
/* assert on the output */

This ensures that you're testing the behavior the user would see in the browser. Learn more at https://reactjs.org/link/wrap-tests-with-act
    at DealingAnimation (/home/jin/guozha-poker-game/src/components/game/DealingAnimation.tsx:28:3)

stderr | tests/dealingAnimation.test.ts > 发牌动画组件 > 发牌完成后应该调用 onComplete
Warning: An update to DealingAnimation inside a test was not wrapped in act(...).

When testing, code that causes React state updates should be wrapped into act(...):

act(() => {
  /* fire events that update state */
});
/* assert on the output */

This ensures that you're testing the behavior the user would see in the browser. Learn more at https://reactjs.org/link/wrap-tests-with-act
    at DealingAnimation (/home/jin/guozha-poker-game/src/components/game/DealingAnimation.tsx:28:3)

stderr | tests/dealingAnimation.test.ts > 发牌动画组件 > 发牌完成后应该调用 onComplete
Warning: An update to DealingAnimation inside a test was not wrapped in act(...).

When testing, code that causes React state updates should be wrapped into act(...):

act(() => {
  /* fire events that update state */
});
/* assert on the output */

This ensures that you're testing the behavior the user would see in the browser. Learn more at https://reactjs.org/link/wrap-tests-with-act
    at DealingAnimation (/home/jin/guozha-poker-game/src/components/game/DealingAnimation.tsx:28:3)

stderr | tests/dealingAnimation.test.ts > 发牌动画组件 > 发牌完成后应该调用 onComplete
Warning: An update to DealingAnimation inside a test was not wrapped in act(...).

When testing, code that causes React state updates should be wrapped into act(...):

act(() => {
  /* fire events that update state */
});
/* assert on the output */

This ensures that you're testing the behavior the user would see in the browser. Learn more at https://reactjs.org/link/wrap-tests-with-act
    at DealingAnimation (/home/jin/guozha-poker-game/src/components/game/DealingAnimation.tsx:28:3)

stderr | tests/dealingAnimation.test.ts > 发牌动画组件 > 发牌完成后应该调用 onComplete
Warning: An update to DealingAnimation inside a test was not wrapped in act(...).

When testing, code that causes React state updates should be wrapped into act(...):

act(() => {
  /* fire events that update state */
});
/* assert on the output */

This ensures that you're testing the behavior the user would see in the browser. Learn more at https://reactjs.org/link/wrap-tests-with-act
    at DealingAnimation (/home/jin/guozha-poker-game/src/components/game/DealingAnimation.tsx:28:3)

stderr | tests/dealingAnimation.test.ts > 发牌动画组件 > 发牌完成后应该调用 onComplete
Warning: An update to DealingAnimation inside a test was not wrapped in act(...).

When testing, code that causes React state updates should be wrapped into act(...):

act(() => {
  /* fire events that update state */
});
/* assert on the output */

This ensures that you're testing the behavior the user would see in the browser. Learn more at https://reactjs.org/link/wrap-tests-with-act
    at DealingAnimation (/home/jin/guozha-poker-game/src/components/game/DealingAnimation.tsx:28:3)

stderr | tests/dealingAnimation.test.ts > 发牌动画组件 > 发牌完成后应该调用 onComplete
Warning: An update to DealingAnimation inside a test was not wrapped in act(...).

When testing, code that causes React state updates should be wrapped into act(...):

act(() => {
  /* fire events that update state */
});
/* assert on the output */

This ensures that you're testing the behavior the user would see in the browser. Learn more at https://reactjs.org/link/wrap-tests-with-act
    at DealingAnimation (/home/jin/guozha-poker-game/src/components/game/DealingAnimation.tsx:28:3)
Warning: An update to DealingAnimation inside a test was not wrapped in act(...).

When testing, code that causes React state updates should be wrapped into act(...):

act(() => {
  /* fire events that update state */
});
/* assert on the output */

This ensures that you're testing the behavior the user would see in the browser. Learn more at https://reactjs.org/link/wrap-tests-with-act
    at DealingAnimation (/home/jin/guozha-poker-game/src/components/game/DealingAnimation.tsx:28:3)

stderr | tests/dealingAnimation.test.ts > 发牌动画组件 > 发牌完成后应该调用 onComplete
Warning: An update to DealingAnimation inside a test was not wrapped in act(...).

When testing, code that causes React state updates should be wrapped into act(...):

act(() => {
  /* fire events that update state */
});
/* assert on the output */

This ensures that you're testing the behavior the user would see in the browser. Learn more at https://reactjs.org/link/wrap-tests-with-act
    at DealingAnimation (/home/jin/guozha-poker-game/src/components/game/DealingAnimation.tsx:28:3)
Warning: An update to DealingAnimation inside a test was not wrapped in act(...).

When testing, code that causes React state updates should be wrapped into act(...):

act(() => {
  /* fire events that update state */
});
/* assert on the output */

This ensures that you're testing the behavior the user would see in the browser. Learn more at https://reactjs.org/link/wrap-tests-with-act
    at DealingAnimation (/home/jin/guozha-poker-game/src/components/game/DealingAnimation.tsx:28:3)

stderr | tests/dealingAnimation.test.ts > 发牌动画组件 > 发牌完成后应该调用 onComplete
Warning: An update to DealingAnimation inside a test was not wrapped in act(...).

When testing, code that causes React state updates should be wrapped into act(...):

act(() => {
  /* fire events that update state */
});
/* assert on the output */

This ensures that you're testing the behavior the user would see in the browser. Learn more at https://reactjs.org/link/wrap-tests-with-act
    at DealingAnimation (/home/jin/guozha-poker-game/src/components/game/DealingAnimation.tsx:28:3)
Warning: An update to DealingAnimation inside a test was not wrapped in act(...).

When testing, code that causes React state updates should be wrapped into act(...):

act(() => {
  /* fire events that update state */
});
/* assert on the output */

This ensures that you're testing the behavior the user would see in the browser. Learn more at https://reactjs.org/link/wrap-tests-with-act
    at DealingAnimation (/home/jin/guozha-poker-game/src/components/game/DealingAnimation.tsx:28:3)

stderr | tests/dealingAnimation.test.ts > 发牌动画组件 > 发牌完成后应该调用 onComplete
Warning: An update to DealingAnimation inside a test was not wrapped in act(...).

When testing, code that causes React state updates should be wrapped into act(...):

act(() => {
  /* fire events that update state */
});
/* assert on the output */

This ensures that you're testing the behavior the user would see in the browser. Learn more at https://reactjs.org/link/wrap-tests-with-act
    at DealingAnimation (/home/jin/guozha-poker-game/src/components/game/DealingAnimation.tsx:28:3)
Warning: An update to DealingAnimation inside a test was not wrapped in act(...).

When testing, code that causes React state updates should be wrapped into act(...):

act(() => {
  /* fire events that update state */
});
/* assert on the output */

This ensures that you're testing the behavior the user would see in the browser. Learn more at https://reactjs.org/link/wrap-tests-with-act
    at DealingAnimation (/home/jin/guozha-poker-game/src/components/game/DealingAnimation.tsx:28:3)

stderr | tests/dealingAnimation.test.ts > 发牌动画组件 > 发牌完成后应该调用 onComplete
Warning: An update to DealingAnimation inside a test was not wrapped in act(...).

When testing, code that causes React state updates should be wrapped into act(...):

act(() => {
  /* fire events that update state */
});
/* assert on the output */

This ensures that you're testing the behavior the user would see in the browser. Learn more at https://reactjs.org/link/wrap-tests-with-act
    at DealingAnimation (/home/jin/guozha-poker-game/src/components/game/DealingAnimation.tsx:28:3)
Warning: An update to DealingAnimation inside a test was not wrapped in act(...).

When testing, code that causes React state updates should be wrapped into act(...):

act(() => {
  /* fire events that update state */
});
/* assert on the output */

This ensures that you're testing the behavior the user would see in the browser. Learn more at https://reactjs.org/link/wrap-tests-with-act
    at DealingAnimation (/home/jin/guozha-poker-game/src/components/game/DealingAnimation.tsx:28:3)

stderr | tests/dealingAnimation.test.ts > 发牌动画组件 > 发牌完成后应该调用 onComplete
Warning: An update to DealingAnimation inside a test was not wrapped in act(...).

When testing, code that causes React state updates should be wrapped into act(...):

act(() => {
  /* fire events that update state */
});
/* assert on the output */

This ensures that you're testing the behavior the user would see in the browser. Learn more at https://reactjs.org/link/wrap-tests-with-act
    at DealingAnimation (/home/jin/guozha-poker-game/src/components/game/DealingAnimation.tsx:28:3)
Warning: An update to DealingAnimation inside a test was not wrapped in act(...).

When testing, code that causes React state updates should be wrapped into act(...):

act(() => {
  /* fire events that update state */
});
/* assert on the output */

This ensures that you're testing the behavior the user would see in the browser. Learn more at https://reactjs.org/link/wrap-tests-with-act
    at DealingAnimation (/home/jin/guozha-poker-game/src/components/game/DealingAnimation.tsx:28:3)

stderr | tests/dealingAnimation.test.ts > 发牌动画组件 > 发牌完成后应该调用 onComplete
Warning: An update to DealingAnimation inside a test was not wrapped in act(...).

When testing, code that causes React state updates should be wrapped into act(...):

act(() => {
  /* fire events that update state */
});
/* assert on the output */

This ensures that you're testing the behavior the user would see in the browser. Learn more at https://reactjs.org/link/wrap-tests-with-act
    at DealingAnimation (/home/jin/guozha-poker-game/src/components/game/DealingAnimation.tsx:28:3)
Warning: An update to DealingAnimation inside a test was not wrapped in act(...).

When testing, code that causes React state updates should be wrapped into act(...):

act(() => {
  /* fire events that update state */
});
/* assert on the output */

This ensures that you're testing the behavior the user would see in the browser. Learn more at https://reactjs.org/link/wrap-tests-with-act
    at DealingAnimation (/home/jin/guozha-poker-game/src/components/game/DealingAnimation.tsx:28:3)

stderr | tests/dealingAnimation.test.ts > 发牌动画组件 > 发牌完成后应该调用 onComplete
Warning: An update to DealingAnimation inside a test was not wrapped in act(...).

When testing, code that causes React state updates should be wrapped into act(...):

act(() => {
  /* fire events that update state */
});
/* assert on the output */

This ensures that you're testing the behavior the user would see in the browser. Learn more at https://reactjs.org/link/wrap-tests-with-act
    at DealingAnimation (/home/jin/guozha-poker-game/src/components/game/DealingAnimation.tsx:28:3)
Warning: An update to DealingAnimation inside a test was not wrapped in act(...).

When testing, code that causes React state updates should be wrapped into act(...):

act(() => {
  /* fire events that update state */
});
/* assert on the output */

This ensures that you're testing the behavior the user would see in the browser. Learn more at https://reactjs.org/link/wrap-tests-with-act
    at DealingAnimation (/home/jin/guozha-poker-game/src/components/game/DealingAnimation.tsx:28:3)

stderr | tests/dealingAnimation.test.ts > 发牌动画组件 > 发牌完成后应该调用 onComplete
Warning: An update to DealingAnimation inside a test was not wrapped in act(...).

When testing, code that causes React state updates should be wrapped into act(...):

act(() => {
  /* fire events that update state */
});
/* assert on the output */

This ensures that you're testing the behavior the user would see in the browser. Learn more at https://reactjs.org/link/wrap-tests-with-act
    at DealingAnimation (/home/jin/guozha-poker-game/src/components/game/DealingAnimation.tsx:28:3)
Warning: An update to DealingAnimation inside a test was not wrapped in act(...).

When testing, code that causes React state updates should be wrapped into act(...):

act(() => {
  /* fire events that update state */
});
/* assert on the output */

This ensures that you're testing the behavior the user would see in the browser. Learn more at https://reactjs.org/link/wrap-tests-with-act
    at DealingAnimation (/home/jin/guozha-poker-game/src/components/game/DealingAnimation.tsx:28:3)

stderr | tests/dealingAnimation.test.ts > 发牌动画组件 > 发牌完成后应该调用 onComplete
Warning: An update to DealingAnimation inside a test was not wrapped in act(...).

When testing, code that causes React state updates should be wrapped into act(...):

act(() => {
  /* fire events that update state */
});
/* assert on the output */

This ensures that you're testing the behavior the user would see in the browser. Learn more at https://reactjs.org/link/wrap-tests-with-act
    at DealingAnimation (/home/jin/guozha-poker-game/src/components/game/DealingAnimation.tsx:28:3)
Warning: An update to DealingAnimation inside a test was not wrapped in act(...).

When testing, code that causes React state updates should be wrapped into act(...):

act(() => {
  /* fire events that update state */
});
/* assert on the output */

This ensures that you're testing the behavior the user would see in the browser. Learn more at https://reactjs.org/link/wrap-tests-with-act
    at DealingAnimation (/home/jin/guozha-poker-game/src/components/game/DealingAnimation.tsx:28:3)

stderr | tests/dealingAnimation.test.ts > 发牌动画组件 > 发牌完成后应该调用 onComplete
Warning: An update to DealingAnimation inside a test was not wrapped in act(...).

When testing, code that causes React state updates should be wrapped into act(...):

act(() => {
  /* fire events that update state */
});
/* assert on the output */

This ensures that you're testing the behavior the user would see in the browser. Learn more at https://reactjs.org/link/wrap-tests-with-act
    at DealingAnimation (/home/jin/guozha-poker-game/src/components/game/DealingAnimation.tsx:28:3)
Warning: An update to DealingAnimation inside a test was not wrapped in act(...).

When testing, code that causes React state updates should be wrapped into act(...):

act(() => {
  /* fire events that update state */
});
/* assert on the output */

This ensures that you're testing the behavior the user would see in the browser. Learn more at https://reactjs.org/link/wrap-tests-with-act
    at DealingAnimation (/home/jin/guozha-poker-game/src/components/game/DealingAnimation.tsx:28:3)

stderr | tests/dealingAnimation.test.ts > 发牌动画组件 > 发牌完成后应该调用 onComplete
Warning: An update to DealingAnimation inside a test was not wrapped in act(...).

When testing, code that causes React state updates should be wrapped into act(...):

act(() => {
  /* fire events that update state */
});
/* assert on the output */

This ensures that you're testing the behavior the user would see in the browser. Learn more at https://reactjs.org/link/wrap-tests-with-act
    at DealingAnimation (/home/jin/guozha-poker-game/src/components/game/DealingAnimation.tsx:28:3)
Warning: An update to DealingAnimation inside a test was not wrapped in act(...).

When testing, code that causes React state updates should be wrapped into act(...):

act(() => {
  /* fire events that update state */
});
/* assert on the output */

This ensures that you're testing the behavior the user would see in the browser. Learn more at https://reactjs.org/link/wrap-tests-with-act
    at DealingAnimation (/home/jin/guozha-poker-game/src/components/game/DealingAnimation.tsx:28:3)

stderr | tests/dealingAnimation.test.ts > 发牌动画组件 > 发牌完成后应该调用 onComplete
Warning: An update to DealingAnimation inside a test was not wrapped in act(...).

When testing, code that causes React state updates should be wrapped into act(...):

act(() => {
  /* fire events that update state */
});
/* assert on the output */

This ensures that you're testing the behavior the user would see in the browser. Learn more at https://reactjs.org/link/wrap-tests-with-act
    at DealingAnimation (/home/jin/guozha-poker-game/src/components/game/DealingAnimation.tsx:28:3)
Warning: An update to DealingAnimation inside a test was not wrapped in act(...).

When testing, code that causes React state updates should be wrapped into act(...):

act(() => {
  /* fire events that update state */
});
/* assert on the output */

This ensures that you're testing the behavior the user would see in the browser. Learn more at https://reactjs.org/link/wrap-tests-with-act
    at DealingAnimation (/home/jin/guozha-poker-game/src/components/game/DealingAnimation.tsx:28:3)

stderr | tests/dealingAnimation.test.ts > 发牌动画组件 > 发牌完成后应该调用 onComplete
Warning: An update to DealingAnimation inside a test was not wrapped in act(...).

When testing, code that causes React state updates should be wrapped into act(...):

act(() => {
  /* fire events that update state */
});
/* assert on the output */

This ensures that you're testing the behavior the user would see in the browser. Learn more at https://reactjs.org/link/wrap-tests-with-act
    at DealingAnimation (/home/jin/guozha-poker-game/src/components/game/DealingAnimation.tsx:28:3)
Warning: An update to DealingAnimation inside a test was not wrapped in act(...).

When testing, code that causes React state updates should be wrapped into act(...):

act(() => {
  /* fire events that update state */
});
/* assert on the output */

This ensures that you're testing the behavior the user would see in the browser. Learn more at https://reactjs.org/link/wrap-tests-with-act
    at DealingAnimation (/home/jin/guozha-poker-game/src/components/game/DealingAnimation.tsx:28:3)

stderr | tests/dealingAnimation.test.ts > 发牌动画组件 > 发牌完成后应该调用 onComplete
Warning: An update to DealingAnimation inside a test was not wrapped in act(...).

When testing, code that causes React state updates should be wrapped into act(...):

act(() => {
  /* fire events that update state */
});
/* assert on the output */

This ensures that you're testing the behavior the user would see in the browser. Learn more at https://reactjs.org/link/wrap-tests-with-act
    at DealingAnimation (/home/jin/guozha-poker-game/src/components/game/DealingAnimation.tsx:28:3)
Warning: An update to DealingAnimation inside a test was not wrapped in act(...).

When testing, code that causes React state updates should be wrapped into act(...):

act(() => {
  /* fire events that update state */
});
/* assert on the output */

This ensures that you're testing the behavior the user would see in the browser. Learn more at https://reactjs.org/link/wrap-tests-with-act
    at DealingAnimation (/home/jin/guozha-poker-game/src/components/game/DealingAnimation.tsx:28:3)

stderr | tests/dealingAnimation.test.ts > 发牌动画组件 > 发牌完成后应该调用 onComplete
Warning: An update to DealingAnimation inside a test was not wrapped in act(...).

When testing, code that causes React state updates should be wrapped into act(...):

act(() => {
  /* fire events that update state */
});
/* assert on the output */

This ensures that you're testing the behavior the user would see in the browser. Learn more at https://reactjs.org/link/wrap-tests-with-act
    at DealingAnimation (/home/jin/guozha-poker-game/src/components/game/DealingAnimation.tsx:28:3)
Warning: An update to DealingAnimation inside a test was not wrapped in act(...).

When testing, code that causes React state updates should be wrapped into act(...):

act(() => {
  /* fire events that update state */
});
/* assert on the output */

This ensures that you're testing the behavior the user would see in the browser. Learn more at https://reactjs.org/link/wrap-tests-with-act
    at DealingAnimation (/home/jin/guozha-poker-game/src/components/game/DealingAnimation.tsx:28:3)

stderr | tests/dealingAnimation.test.ts > 发牌动画组件 > 发牌完成后应该调用 onComplete
Warning: An update to DealingAnimation inside a test was not wrapped in act(...).

When testing, code that causes React state updates should be wrapped into act(...):

act(() => {
  /* fire events that update state */
});
/* assert on the output */

This ensures that you're testing the behavior the user would see in the browser. Learn more at https://reactjs.org/link/wrap-tests-with-act
    at DealingAnimation (/home/jin/guozha-poker-game/src/components/game/DealingAnimation.tsx:28:3)
Warning: An update to DealingAnimation inside a test was not wrapped in act(...).

When testing, code that causes React state updates should be wrapped into act(...):

act(() => {
  /* fire events that update state */
});
/* assert on the output */

This ensures that you're testing the behavior the user would see in the browser. Learn more at https://reactjs.org/link/wrap-tests-with-act
    at DealingAnimation (/home/jin/guozha-poker-game/src/components/game/DealingAnimation.tsx:28:3)

stderr | tests/dealingAnimation.test.ts > 发牌动画组件 > 发牌完成后应该调用 onComplete
Warning: An update to DealingAnimation inside a test was not wrapped in act(...).

When testing, code that causes React state updates should be wrapped into act(...):

act(() => {
  /* fire events that update state */
});
/* assert on the output */

This ensures that you're testing the behavior the user would see in the browser. Learn more at https://reactjs.org/link/wrap-tests-with-act
    at DealingAnimation (/home/jin/guozha-poker-game/src/components/game/DealingAnimation.tsx:28:3)
Warning: An update to DealingAnimation inside a test was not wrapped in act(...).

When testing, code that causes React state updates should be wrapped into act(...):

act(() => {
  /* fire events that update state */
});
/* assert on the output */

This ensures that you're testing the behavior the user would see in the browser. Learn more at https://reactjs.org/link/wrap-tests-with-act
    at DealingAnimation (/home/jin/guozha-poker-game/src/components/game/DealingAnimation.tsx:28:3)

stderr | tests/dealingAnimation.test.ts > 发牌动画组件 > 发牌完成后应该调用 onComplete
Warning: An update to DealingAnimation inside a test was not wrapped in act(...).

When testing, code that causes React state updates should be wrapped into act(...):

act(() => {
  /* fire events that update state */
});
/* assert on the output */

This ensures that you're testing the behavior the user would see in the browser. Learn more at https://reactjs.org/link/wrap-tests-with-act
    at DealingAnimation (/home/jin/guozha-poker-game/src/components/game/DealingAnimation.tsx:28:3)
Warning: An update to DealingAnimation inside a test was not wrapped in act(...).

When testing, code that causes React state updates should be wrapped into act(...):

act(() => {
  /* fire events that update state */
});
/* assert on the output */

This ensures that you're testing the behavior the user would see in the browser. Learn more at https://reactjs.org/link/wrap-tests-with-act
    at DealingAnimation (/home/jin/guozha-poker-game/src/components/game/DealingAnimation.tsx:28:3)

stderr | tests/dealingAnimation.test.ts > 发牌动画组件 > 发牌完成后应该调用 onComplete
Warning: An update to DealingAnimation inside a test was not wrapped in act(...).

When testing, code that causes React state updates should be wrapped into act(...):

act(() => {
  /* fire events that update state */
});
/* assert on the output */

This ensures that you're testing the behavior the user would see in the browser. Learn more at https://reactjs.org/link/wrap-tests-with-act
    at DealingAnimation (/home/jin/guozha-poker-game/src/components/game/DealingAnimation.tsx:28:3)
Warning: An update to DealingAnimation inside a test was not wrapped in act(...).

When testing, code that causes React state updates should be wrapped into act(...):

act(() => {
  /* fire events that update state */
});
/* assert on the output */

This ensures that you're testing the behavior the user would see in the browser. Learn more at https://reactjs.org/link/wrap-tests-with-act
    at DealingAnimation (/home/jin/guozha-poker-game/src/components/game/DealingAnimation.tsx:28:3)

stderr | tests/dealingAnimation.test.ts > 发牌动画组件 > 发牌完成后应该调用 onComplete
Warning: An update to DealingAnimation inside a test was not wrapped in act(...).

When testing, code that causes React state updates should be wrapped into act(...):

act(() => {
  /* fire events that update state */
});
/* assert on the output */

This ensures that you're testing the behavior the user would see in the browser. Learn more at https://reactjs.org/link/wrap-tests-with-act
    at DealingAnimation (/home/jin/guozha-poker-game/src/components/game/DealingAnimation.tsx:28:3)
Warning: An update to DealingAnimation inside a test was not wrapped in act(...).

When testing, code that causes React state updates should be wrapped into act(...):

act(() => {
  /* fire events that update state */
});
/* assert on the output */

This ensures that you're testing the behavior the user would see in the browser. Learn more at https://reactjs.org/link/wrap-tests-with-act
    at DealingAnimation (/home/jin/guozha-poker-game/src/components/game/DealingAnimation.tsx:28:3)

stderr | tests/dealingAnimation.test.ts > 发牌动画组件 > 发牌完成后应该调用 onComplete
Warning: An update to DealingAnimation inside a test was not wrapped in act(...).

When testing, code that causes React state updates should be wrapped into act(...):

act(() => {
  /* fire events that update state */
});
/* assert on the output */

This ensures that you're testing the behavior the user would see in the browser. Learn more at https://reactjs.org/link/wrap-tests-with-act
    at DealingAnimation (/home/jin/guozha-poker-game/src/components/game/DealingAnimation.tsx:28:3)
Warning: An update to DealingAnimation inside a test was not wrapped in act(...).

When testing, code that causes React state updates should be wrapped into act(...):

act(() => {
  /* fire events that update state */
});
/* assert on the output */

This ensures that you're testing the behavior the user would see in the browser. Learn more at https://reactjs.org/link/wrap-tests-with-act
    at DealingAnimation (/home/jin/guozha-poker-game/src/components/game/DealingAnimation.tsx:28:3)

stderr | tests/dealingAnimation.test.ts > 发牌动画组件 > 发牌完成后应该调用 onComplete
Warning: An update to DealingAnimation inside a test was not wrapped in act(...).

When testing, code that causes React state updates should be wrapped into act(...):

act(() => {
  /* fire events that update state */
});
/* assert on the output */

This ensures that you're testing the behavior the user would see in the browser. Learn more at https://reactjs.org/link/wrap-tests-with-act
    at DealingAnimation (/home/jin/guozha-poker-game/src/components/game/DealingAnimation.tsx:28:3)
Warning: An update to DealingAnimation inside a test was not wrapped in act(...).

When testing, code that causes React state updates should be wrapped into act(...):

act(() => {
  /* fire events that update state */
});
/* assert on the output */

This ensures that you're testing the behavior the user would see in the browser. Learn more at https://reactjs.org/link/wrap-tests-with-act
    at DealingAnimation (/home/jin/guozha-poker-game/src/components/game/DealingAnimation.tsx:28:3)

stderr | tests/dealingAnimation.test.ts > 发牌动画组件 > 发牌完成后应该调用 onComplete
Warning: An update to DealingAnimation inside a test was not wrapped in act(...).

When testing, code that causes React state updates should be wrapped into act(...):

act(() => {
  /* fire events that update state */
});
/* assert on the output */

This ensures that you're testing the behavior the user would see in the browser. Learn more at https://reactjs.org/link/wrap-tests-with-act
    at DealingAnimation (/home/jin/guozha-poker-game/src/components/game/DealingAnimation.tsx:28:3)
Warning: An update to DealingAnimation inside a test was not wrapped in act(...).

When testing, code that causes React state updates should be wrapped into act(...):

act(() => {
  /* fire events that update state */
});
/* assert on the output */

This ensures that you're testing the behavior the user would see in the browser. Learn more at https://reactjs.org/link/wrap-tests-with-act
    at DealingAnimation (/home/jin/guozha-poker-game/src/components/game/DealingAnimation.tsx:28:3)

stderr | tests/dealingAnimation.test.ts > 发牌动画组件 > 发牌完成后应该调用 onComplete
Warning: An update to DealingAnimation inside a test was not wrapped in act(...).

When testing, code that causes React state updates should be wrapped into act(...):

act(() => {
  /* fire events that update state */
});
/* assert on the output */

This ensures that you're testing the behavior the user would see in the browser. Learn more at https://reactjs.org/link/wrap-tests-with-act
    at DealingAnimation (/home/jin/guozha-poker-game/src/components/game/DealingAnimation.tsx:28:3)
Warning: An update to DealingAnimation inside a test was not wrapped in act(...).

When testing, code that causes React state updates should be wrapped into act(...):

act(() => {
  /* fire events that update state */
});
/* assert on the output */

This ensures that you're testing the behavior the user would see in the browser. Learn more at https://reactjs.org/link/wrap-tests-with-act
    at DealingAnimation (/home/jin/guozha-poker-game/src/components/game/DealingAnimation.tsx:28:3)

stderr | tests/dealingAnimation.test.ts > 发牌动画组件 > 发牌完成后应该调用 onComplete
Warning: An update to DealingAnimation inside a test was not wrapped in act(...).

When testing, code that causes React state updates should be wrapped into act(...):

act(() => {
  /* fire events that update state */
});
/* assert on the output */

This ensures that you're testing the behavior the user would see in the browser. Learn more at https://reactjs.org/link/wrap-tests-with-act
    at DealingAnimation (/home/jin/guozha-poker-game/src/components/game/DealingAnimation.tsx:28:3)
Warning: An update to DealingAnimation inside a test was not wrapped in act(...).

When testing, code that causes React state updates should be wrapped into act(...):

act(() => {
  /* fire events that update state */
});
/* assert on the output */

This ensures that you're testing the behavior the user would see in the browser. Learn more at https://reactjs.org/link/wrap-tests-with-act
    at DealingAnimation (/home/jin/guozha-poker-game/src/components/game/DealingAnimation.tsx:28:3)

stderr | tests/dealingAnimation.test.ts > 发牌动画组件 > 发牌完成后应该调用 onComplete
Warning: An update to DealingAnimation inside a test was not wrapped in act(...).

When testing, code that causes React state updates should be wrapped into act(...):

act(() => {
  /* fire events that update state */
});
/* assert on the output */

This ensures that you're testing the behavior the user would see in the browser. Learn more at https://reactjs.org/link/wrap-tests-with-act
    at DealingAnimation (/home/jin/guozha-poker-game/src/components/game/DealingAnimation.tsx:28:3)
Warning: An update to DealingAnimation inside a test was not wrapped in act(...).

When testing, code that causes React state updates should be wrapped into act(...):

act(() => {
  /* fire events that update state */
});
/* assert on the output */

This ensures that you're testing the behavior the user would see in the browser. Learn more at https://reactjs.org/link/wrap-tests-with-act
    at DealingAnimation (/home/jin/guozha-poker-game/src/components/game/DealingAnimation.tsx:28:3)

stderr | tests/dealingAnimation.test.ts > 发牌动画组件 > 发牌完成后应该调用 onComplete
Warning: An update to DealingAnimation inside a test was not wrapped in act(...).

When testing, code that causes React state updates should be wrapped into act(...):

act(() => {
  /* fire events that update state */
});
/* assert on the output */

This ensures that you're testing the behavior the user would see in the browser. Learn more at https://reactjs.org/link/wrap-tests-with-act
    at DealingAnimation (/home/jin/guozha-poker-game/src/components/game/DealingAnimation.tsx:28:3)
Warning: An update to DealingAnimation inside a test was not wrapped in act(...).

When testing, code that causes React state updates should be wrapped into act(...):

act(() => {
  /* fire events that update state */
});
/* assert on the output */

This ensures that you're testing the behavior the user would see in the browser. Learn more at https://reactjs.org/link/wrap-tests-with-act
    at DealingAnimation (/home/jin/guozha-poker-game/src/components/game/DealingAnimation.tsx:28:3)

stderr | tests/dealingAnimation.test.ts > 发牌动画组件 > 发牌完成后应该调用 onComplete
Warning: An update to DealingAnimation inside a test was not wrapped in act(...).

When testing, code that causes React state updates should be wrapped into act(...):

act(() => {
  /* fire events that update state */
});
/* assert on the output */

This ensures that you're testing the behavior the user would see in the browser. Learn more at https://reactjs.org/link/wrap-tests-with-act
    at DealingAnimation (/home/jin/guozha-poker-game/src/components/game/DealingAnimation.tsx:28:3)
Warning: An update to DealingAnimation inside a test was not wrapped in act(...).

When testing, code that causes React state updates should be wrapped into act(...):

act(() => {
  /* fire events that update state */
});
/* assert on the output */

This ensures that you're testing the behavior the user would see in the browser. Learn more at https://reactjs.org/link/wrap-tests-with-act
    at DealingAnimation (/home/jin/guozha-poker-game/src/components/game/DealingAnimation.tsx:28:3)

stderr | tests/dealingAnimation.test.ts > 发牌动画组件 > 发牌完成后应该调用 onComplete
Warning: An update to DealingAnimation inside a test was not wrapped in act(...).

When testing, code that causes React state updates should be wrapped into act(...):

act(() => {
  /* fire events that update state */
});
/* assert on the output */

This ensures that you're testing the behavior the user would see in the browser. Learn more at https://reactjs.org/link/wrap-tests-with-act
    at DealingAnimation (/home/jin/guozha-poker-game/src/components/game/DealingAnimation.tsx:28:3)
Warning: An update to DealingAnimation inside a test was not wrapped in act(...).

When testing, code that causes React state updates should be wrapped into act(...):

act(() => {
  /* fire events that update state */
});
/* assert on the output */

This ensures that you're testing the behavior the user would see in the browser. Learn more at https://reactjs.org/link/wrap-tests-with-act
    at DealingAnimation (/home/jin/guozha-poker-game/src/components/game/DealingAnimation.tsx:28:3)

stderr | tests/dealingAnimation.test.ts > 发牌动画组件 > 发牌完成后应该调用 onComplete
Warning: An update to DealingAnimation inside a test was not wrapped in act(...).

When testing, code that causes React state updates should be wrapped into act(...):

act(() => {
  /* fire events that update state */
});
/* assert on the output */

This ensures that you're testing the behavior the user would see in the browser. Learn more at https://reactjs.org/link/wrap-tests-with-act
    at DealingAnimation (/home/jin/guozha-poker-game/src/components/game/DealingAnimation.tsx:28:3)
Warning: An update to DealingAnimation inside a test was not wrapped in act(...).

When testing, code that causes React state updates should be wrapped into act(...):

act(() => {
  /* fire events that update state */
});
/* assert on the output */

This ensures that you're testing the behavior the user would see in the browser. Learn more at https://reactjs.org/link/wrap-tests-with-act
    at DealingAnimation (/home/jin/guozha-poker-game/src/components/game/DealingAnimation.tsx:28:3)

stderr | tests/dealingAnimation.test.ts > 发牌动画组件 > 发牌完成后应该调用 onComplete
Warning: An update to DealingAnimation inside a test was not wrapped in act(...).

When testing, code that causes React state updates should be wrapped into act(...):

act(() => {
  /* fire events that update state */
});
/* assert on the output */

This ensures that you're testing the behavior the user would see in the browser. Learn more at https://reactjs.org/link/wrap-tests-with-act
    at DealingAnimation (/home/jin/guozha-poker-game/src/components/game/DealingAnimation.tsx:28:3)
Warning: An update to DealingAnimation inside a test was not wrapped in act(...).

When testing, code that causes React state updates should be wrapped into act(...):

act(() => {
  /* fire events that update state */
});
/* assert on the output */

This ensures that you're testing the behavior the user would see in the browser. Learn more at https://reactjs.org/link/wrap-tests-with-act
    at DealingAnimation (/home/jin/guozha-poker-game/src/components/game/DealingAnimation.tsx:28:3)

stderr | tests/dealingAnimation.test.ts > 发牌动画组件 > 发牌完成后应该调用 onComplete
Warning: An update to DealingAnimation inside a test was not wrapped in act(...).

When testing, code that causes React state updates should be wrapped into act(...):

act(() => {
  /* fire events that update state */
});
/* assert on the output */

This ensures that you're testing the behavior the user would see in the browser. Learn more at https://reactjs.org/link/wrap-tests-with-act
    at DealingAnimation (/home/jin/guozha-poker-game/src/components/game/DealingAnimation.tsx:28:3)
Warning: An update to DealingAnimation inside a test was not wrapped in act(...).

When testing, code that causes React state updates should be wrapped into act(...):

act(() => {
  /* fire events that update state */
});
/* assert on the output */

This ensures that you're testing the behavior the user would see in the browser. Learn more at https://reactjs.org/link/wrap-tests-with-act
    at DealingAnimation (/home/jin/guozha-poker-game/src/components/game/DealingAnimation.tsx:28:3)

stderr | tests/dealingAnimation.test.ts > 发牌动画组件 > 发牌完成后应该调用 onComplete
Warning: An update to DealingAnimation inside a test was not wrapped in act(...).

When testing, code that causes React state updates should be wrapped into act(...):

act(() => {
  /* fire events that update state */
});
/* assert on the output */

This ensures that you're testing the behavior the user would see in the browser. Learn more at https://reactjs.org/link/wrap-tests-with-act
    at DealingAnimation (/home/jin/guozha-poker-game/src/components/game/DealingAnimation.tsx:28:3)
Warning: An update to DealingAnimation inside a test was not wrapped in act(...).

When testing, code that causes React state updates should be wrapped into act(...):

act(() => {
  /* fire events that update state */
});
/* assert on the output */

This ensures that you're testing the behavior the user would see in the browser. Learn more at https://reactjs.org/link/wrap-tests-with-act
    at DealingAnimation (/home/jin/guozha-poker-game/src/components/game/DealingAnimation.tsx:28:3)

stderr | tests/dealingAnimation.test.ts > 发牌动画组件 > 发牌完成后应该调用 onComplete
Warning: An update to DealingAnimation inside a test was not wrapped in act(...).

When testing, code that causes React state updates should be wrapped into act(...):

act(() => {
  /* fire events that update state */
});
/* assert on the output */

This ensures that you're testing the behavior the user would see in the browser. Learn more at https://reactjs.org/link/wrap-tests-with-act
    at DealingAnimation (/home/jin/guozha-poker-game/src/components/game/DealingAnimation.tsx:28:3)
Warning: An update to DealingAnimation inside a test was not wrapped in act(...).

When testing, code that causes React state updates should be wrapped into act(...):

act(() => {
  /* fire events that update state */
});
/* assert on the output */

This ensures that you're testing the behavior the user would see in the browser. Learn more at https://reactjs.org/link/wrap-tests-with-act
    at DealingAnimation (/home/jin/guozha-poker-game/src/components/game/DealingAnimation.tsx:28:3)

stderr | tests/dealingAnimation.test.ts > 发牌动画组件 > 发牌完成后应该调用 onComplete
Warning: An update to DealingAnimation inside a test was not wrapped in act(...).

When testing, code that causes React state updates should be wrapped into act(...):

act(() => {
  /* fire events that update state */
});
/* assert on the output */

This ensures that you're testing the behavior the user would see in the browser. Learn more at https://reactjs.org/link/wrap-tests-with-act
    at DealingAnimation (/home/jin/guozha-poker-game/src/components/game/DealingAnimation.tsx:28:3)
Warning: An update to DealingAnimation inside a test was not wrapped in act(...).

When testing, code that causes React state updates should be wrapped into act(...):

act(() => {
  /* fire events that update state */
});
/* assert on the output */

This ensures that you're testing the behavior the user would see in the browser. Learn more at https://reactjs.org/link/wrap-tests-with-act
    at DealingAnimation (/home/jin/guozha-poker-game/src/components/game/DealingAnimation.tsx:28:3)

stderr | tests/dealingAnimation.test.ts > 发牌动画组件 > 发牌完成后应该调用 onComplete
Warning: An update to DealingAnimation inside a test was not wrapped in act(...).

When testing, code that causes React state updates should be wrapped into act(...):

act(() => {
  /* fire events that update state */
});
/* assert on the output */

This ensures that you're testing the behavior the user would see in the browser. Learn more at https://reactjs.org/link/wrap-tests-with-act
    at DealingAnimation (/home/jin/guozha-poker-game/src/components/game/DealingAnimation.tsx:28:3)
Warning: An update to DealingAnimation inside a test was not wrapped in act(...).

When testing, code that causes React state updates should be wrapped into act(...):

act(() => {
  /* fire events that update state */
});
/* assert on the output */

This ensures that you're testing the behavior the user would see in the browser. Learn more at https://reactjs.org/link/wrap-tests-with-act
    at DealingAnimation (/home/jin/guozha-poker-game/src/components/game/DealingAnimation.tsx:28:3)

stderr | tests/dealingAnimation.test.ts > 发牌动画组件 > 发牌完成后应该调用 onComplete
Warning: An update to DealingAnimation inside a test was not wrapped in act(...).

When testing, code that causes React state updates should be wrapped into act(...):

act(() => {
  /* fire events that update state */
});
/* assert on the output */

This ensures that you're testing the behavior the user would see in the browser. Learn more at https://reactjs.org/link/wrap-tests-with-act
    at DealingAnimation (/home/jin/guozha-poker-game/src/components/game/DealingAnimation.tsx:28:3)
Warning: An update to DealingAnimation inside a test was not wrapped in act(...).

When testing, code that causes React state updates should be wrapped into act(...):

act(() => {
  /* fire events that update state */
});
/* assert on the output */

This ensures that you're testing the behavior the user would see in the browser. Learn more at https://reactjs.org/link/wrap-tests-with-act
    at DealingAnimation (/home/jin/guozha-poker-game/src/components/game/DealingAnimation.tsx:28:3)

stderr | tests/dealingAnimation.test.ts > 发牌动画组件 > 发牌完成后应该调用 onComplete
Warning: An update to DealingAnimation inside a test was not wrapped in act(...).

When testing, code that causes React state updates should be wrapped into act(...):

act(() => {
  /* fire events that update state */
});
/* assert on the output */

This ensures that you're testing the behavior the user would see in the browser. Learn more at https://reactjs.org/link/wrap-tests-with-act
    at DealingAnimation (/home/jin/guozha-poker-game/src/components/game/DealingAnimation.tsx:28:3)
Warning: An update to DealingAnimation inside a test was not wrapped in act(...).

When testing, code that causes React state updates should be wrapped into act(...):

act(() => {
  /* fire events that update state */
});
/* assert on the output */

This ensures that you're testing the behavior the user would see in the browser. Learn more at https://reactjs.org/link/wrap-tests-with-act
    at DealingAnimation (/home/jin/guozha-poker-game/src/components/game/DealingAnimation.tsx:28:3)

stderr | tests/dealingAnimation.test.ts > 发牌动画组件 > 发牌完成后应该调用 onComplete
Warning: An update to DealingAnimation inside a test was not wrapped in act(...).

When testing, code that causes React state updates should be wrapped into act(...):

act(() => {
  /* fire events that update state */
});
/* assert on the output */

This ensures that you're testing the behavior the user would see in the browser. Learn more at https://reactjs.org/link/wrap-tests-with-act
    at DealingAnimation (/home/jin/guozha-poker-game/src/components/game/DealingAnimation.tsx:28:3)
Warning: An update to DealingAnimation inside a test was not wrapped in act(...).

When testing, code that causes React state updates should be wrapped into act(...):

act(() => {
  /* fire events that update state */
});
/* assert on the output */

This ensures that you're testing the behavior the user would see in the browser. Learn more at https://reactjs.org/link/wrap-tests-with-act
    at DealingAnimation (/home/jin/guozha-poker-game/src/components/game/DealingAnimation.tsx:28:3)

stderr | tests/dealingAnimation.test.ts > 发牌动画组件 > 发牌完成后应该调用 onComplete
Warning: An update to DealingAnimation inside a test was not wrapped in act(...).

When testing, code that causes React state updates should be wrapped into act(...):

act(() => {
  /* fire events that update state */
});
/* assert on the output */

This ensures that you're testing the behavior the user would see in the browser. Learn more at https://reactjs.org/link/wrap-tests-with-act
    at DealingAnimation (/home/jin/guozha-poker-game/src/components/game/DealingAnimation.tsx:28:3)
Warning: An update to DealingAnimation inside a test was not wrapped in act(...).

When testing, code that causes React state updates should be wrapped into act(...):

act(() => {
  /* fire events that update state */
});
/* assert on the output */

This ensures that you're testing the behavior the user would see in the browser. Learn more at https://reactjs.org/link/wrap-tests-with-act
    at DealingAnimation (/home/jin/guozha-poker-game/src/components/game/DealingAnimation.tsx:28:3)

stderr | tests/dealingAnimation.test.ts > 发牌动画组件 > 发牌完成后应该调用 onComplete
Warning: An update to DealingAnimation inside a test was not wrapped in act(...).

When testing, code that causes React state updates should be wrapped into act(...):

act(() => {
  /* fire events that update state */
});
/* assert on the output */

This ensures that you're testing the behavior the user would see in the browser. Learn more at https://reactjs.org/link/wrap-tests-with-act
    at DealingAnimation (/home/jin/guozha-poker-game/src/components/game/DealingAnimation.tsx:28:3)
Warning: An update to DealingAnimation inside a test was not wrapped in act(...).

When testing, code that causes React state updates should be wrapped into act(...):

act(() => {
  /* fire events that update state */
});
/* assert on the output */

This ensures that you're testing the behavior the user would see in the browser. Learn more at https://reactjs.org/link/wrap-tests-with-act
    at DealingAnimation (/home/jin/guozha-poker-game/src/components/game/DealingAnimation.tsx:28:3)

stderr | tests/dealingAnimation.test.ts > 发牌动画组件 > 发牌完成后应该调用 onComplete
Warning: An update to DealingAnimation inside a test was not wrapped in act(...).

When testing, code that causes React state updates should be wrapped into act(...):

act(() => {
  /* fire events that update state */
});
/* assert on the output */

This ensures that you're testing the behavior the user would see in the browser. Learn more at https://reactjs.org/link/wrap-tests-with-act
    at DealingAnimation (/home/jin/guozha-poker-game/src/components/game/DealingAnimation.tsx:28:3)
Warning: An update to DealingAnimation inside a test was not wrapped in act(...).

When testing, code that causes React state updates should be wrapped into act(...):

act(() => {
  /* fire events that update state */
});
/* assert on the output */

This ensures that you're testing the behavior the user would see in the browser. Learn more at https://reactjs.org/link/wrap-tests-with-act
    at DealingAnimation (/home/jin/guozha-poker-game/src/components/game/DealingAnimation.tsx:28:3)

stderr | tests/dealingAnimation.test.ts > 发牌动画组件 > 发牌完成后应该调用 onComplete
Warning: An update to DealingAnimation inside a test was not wrapped in act(...).

When testing, code that causes React state updates should be wrapped into act(...):

act(() => {
  /* fire events that update state */
});
/* assert on the output */

This ensures that you're testing the behavior the user would see in the browser. Learn more at https://reactjs.org/link/wrap-tests-with-act
    at DealingAnimation (/home/jin/guozha-poker-game/src/components/game/DealingAnimation.tsx:28:3)
Warning: An update to DealingAnimation inside a test was not wrapped in act(...).

When testing, code that causes React state updates should be wrapped into act(...):

act(() => {
  /* fire events that update state */
});
/* assert on the output */

This ensures that you're testing the behavior the user would see in the browser. Learn more at https://reactjs.org/link/wrap-tests-with-act
    at DealingAnimation (/home/jin/guozha-poker-game/src/components/game/DealingAnimation.tsx:28:3)

 ✓ tests/regression/pure-functions/cardUtils.regression.test.ts > cardUtils 回归测试 > isScoreCard - 100场景 > 所有场景结果一致
 ✓ tests/regression/pure-functions/cardUtils.regression.test.ts > cardUtils 回归测试 > getCardScore - 100场景 > 所有场景结果一致
 ✓ tests/regression/pure-functions/cardUtils.regression.test.ts > cardUtils 回归测试 > calculateCardsScore - 100场景 > 所有场景结果一致
 ✓ tests/regression/pure-functions/cardUtils.regression.test.ts > cardUtils 回归测试 > calculateDunCount - 所有可能值 > 所有场景结果一致
 ✓ tests/regression/pure-functions/cardUtils.regression.test.ts > cardUtils 回归测试 > canPlayCards - 100场景 > 所有场景结果一致
 ✓ tests/regression/pure-functions/cardUtils.regression.test.ts > cardUtils 回归测试 > dealCards - 一致性测试 > 返回的牌数应该一致 326ms
 ✓ tests/regression/pure-functions/cardUtils.regression.test.ts > cardUtils 回归测试 > dealCards - 一致性测试 > 牌的ID格式应该一致
 ✓ tests/regression/pure-functions/cardUtils.regression.test.ts > cardUtils 回归测试 > compareCards - 100场景 > 所有场景结果一致
 ✓ tests/regression/pure-functions/cardUtils.regression.test.ts > cardUtils 回归测试 > hasPlayableCards - 100场景 > 所有场景结果一致
 ✓ tests/regression/pure-functions/cardUtils.regression.test.ts > cardUtils 回归测试 > 综合场景测试 > 模拟100局游戏的发牌和计分 6525ms
stderr | tests/dealingAnimation.test.ts > 发牌动画组件 > 发牌完成后应该调用 onComplete
Warning: An update to DealingAnimation inside a test was not wrapped in act(...).

When testing, code that causes React state updates should be wrapped into act(...):

act(() => {
  /* fire events that update state */
});
/* assert on the output */

This ensures that you're testing the behavior the user would see in the browser. Learn more at https://reactjs.org/link/wrap-tests-with-act
    at DealingAnimation (/home/jin/guozha-poker-game/src/components/game/DealingAnimation.tsx:28:3)
Warning: An update to DealingAnimation inside a test was not wrapped in act(...).

When testing, code that causes React state updates should be wrapped into act(...):

act(() => {
  /* fire events that update state */
});
/* assert on the output */

This ensures that you're testing the behavior the user would see in the browser. Learn more at https://reactjs.org/link/wrap-tests-with-act
    at DealingAnimation (/home/jin/guozha-poker-game/src/components/game/DealingAnimation.tsx:28:3)

stderr | tests/dealingAnimation.test.ts > 发牌动画组件 > 发牌完成后应该调用 onComplete
Warning: An update to DealingAnimation inside a test was not wrapped in act(...).

When testing, code that causes React state updates should be wrapped into act(...):

act(() => {
  /* fire events that update state */
});
/* assert on the output */

This ensures that you're testing the behavior the user would see in the browser. Learn more at https://reactjs.org/link/wrap-tests-with-act
    at DealingAnimation (/home/jin/guozha-poker-game/src/components/game/DealingAnimation.tsx:28:3)
Warning: An update to DealingAnimation inside a test was not wrapped in act(...).

When testing, code that causes React state updates should be wrapped into act(...):

act(() => {
  /* fire events that update state */
});
/* assert on the output */

This ensures that you're testing the behavior the user would see in the browser. Learn more at https://reactjs.org/link/wrap-tests-with-act
    at DealingAnimation (/home/jin/guozha-poker-game/src/components/game/DealingAnimation.tsx:28:3)

stderr | tests/dealingAnimation.test.ts > 发牌动画组件 > 发牌完成后应该调用 onComplete
Warning: An update to DealingAnimation inside a test was not wrapped in act(...).

When testing, code that causes React state updates should be wrapped into act(...):

act(() => {
  /* fire events that update state */
});
/* assert on the output */

This ensures that you're testing the behavior the user would see in the browser. Learn more at https://reactjs.org/link/wrap-tests-with-act
    at DealingAnimation (/home/jin/guozha-poker-game/src/components/game/DealingAnimation.tsx:28:3)
Warning: An update to DealingAnimation inside a test was not wrapped in act(...).

When testing, code that causes React state updates should be wrapped into act(...):

act(() => {
  /* fire events that update state */
});
/* assert on the output */

This ensures that you're testing the behavior the user would see in the browser. Learn more at https://reactjs.org/link/wrap-tests-with-act
    at DealingAnimation (/home/jin/guozha-poker-game/src/components/game/DealingAnimation.tsx:28:3)

stderr | tests/dealingAnimation.test.ts > 发牌动画组件 > 发牌完成后应该调用 onComplete
Warning: An update to DealingAnimation inside a test was not wrapped in act(...).

When testing, code that causes React state updates should be wrapped into act(...):

act(() => {
  /* fire events that update state */
});
/* assert on the output */

This ensures that you're testing the behavior the user would see in the browser. Learn more at https://reactjs.org/link/wrap-tests-with-act
    at DealingAnimation (/home/jin/guozha-poker-game/src/components/game/DealingAnimation.tsx:28:3)
Warning: An update to DealingAnimation inside a test was not wrapped in act(...).

When testing, code that causes React state updates should be wrapped into act(...):

act(() => {
  /* fire events that update state */
});
/* assert on the output */

This ensures that you're testing the behavior the user would see in the browser. Learn more at https://reactjs.org/link/wrap-tests-with-act
    at DealingAnimation (/home/jin/guozha-poker-game/src/components/game/DealingAnimation.tsx:28:3)

stderr | tests/dealingAnimation.test.ts > 发牌动画组件 > 发牌完成后应该调用 onComplete
Warning: An update to DealingAnimation inside a test was not wrapped in act(...).

When testing, code that causes React state updates should be wrapped into act(...):

act(() => {
  /* fire events that update state */
});
/* assert on the output */

This ensures that you're testing the behavior the user would see in the browser. Learn more at https://reactjs.org/link/wrap-tests-with-act
    at DealingAnimation (/home/jin/guozha-poker-game/src/components/game/DealingAnimation.tsx:28:3)
Warning: An update to DealingAnimation inside a test was not wrapped in act(...).

When testing, code that causes React state updates should be wrapped into act(...):

act(() => {
  /* fire events that update state */
});
/* assert on the output */

This ensures that you're testing the behavior the user would see in the browser. Learn more at https://reactjs.org/link/wrap-tests-with-act
    at DealingAnimation (/home/jin/guozha-poker-game/src/components/game/DealingAnimation.tsx:28:3)

stderr | tests/dealingAnimation.test.ts > 发牌动画组件 > 发牌完成后应该调用 onComplete
Warning: An update to DealingAnimation inside a test was not wrapped in act(...).

When testing, code that causes React state updates should be wrapped into act(...):

act(() => {
  /* fire events that update state */
});
/* assert on the output */

This ensures that you're testing the behavior the user would see in the browser. Learn more at https://reactjs.org/link/wrap-tests-with-act
    at DealingAnimation (/home/jin/guozha-poker-game/src/components/game/DealingAnimation.tsx:28:3)
Warning: An update to DealingAnimation inside a test was not wrapped in act(...).

When testing, code that causes React state updates should be wrapped into act(...):

act(() => {
  /* fire events that update state */
});
/* assert on the output */

This ensures that you're testing the behavior the user would see in the browser. Learn more at https://reactjs.org/link/wrap-tests-with-act
    at DealingAnimation (/home/jin/guozha-poker-game/src/components/game/DealingAnimation.tsx:28:3)

stderr | tests/dealingAnimation.test.ts > 发牌动画组件 > 发牌完成后应该调用 onComplete
Warning: An update to DealingAnimation inside a test was not wrapped in act(...).

When testing, code that causes React state updates should be wrapped into act(...):

act(() => {
  /* fire events that update state */
});
/* assert on the output */

This ensures that you're testing the behavior the user would see in the browser. Learn more at https://reactjs.org/link/wrap-tests-with-act
    at DealingAnimation (/home/jin/guozha-poker-game/src/components/game/DealingAnimation.tsx:28:3)
Warning: An update to DealingAnimation inside a test was not wrapped in act(...).

When testing, code that causes React state updates should be wrapped into act(...):

act(() => {
  /* fire events that update state */
});
/* assert on the output */

This ensures that you're testing the behavior the user would see in the browser. Learn more at https://reactjs.org/link/wrap-tests-with-act
    at DealingAnimation (/home/jin/guozha-poker-game/src/components/game/DealingAnimation.tsx:28:3)

stderr | tests/dealingAnimation.test.ts > 发牌动画组件 > 发牌完成后应该调用 onComplete
Warning: An update to DealingAnimation inside a test was not wrapped in act(...).

When testing, code that causes React state updates should be wrapped into act(...):

act(() => {
  /* fire events that update state */
});
/* assert on the output */

This ensures that you're testing the behavior the user would see in the browser. Learn more at https://reactjs.org/link/wrap-tests-with-act
    at DealingAnimation (/home/jin/guozha-poker-game/src/components/game/DealingAnimation.tsx:28:3)
Warning: An update to DealingAnimation inside a test was not wrapped in act(...).

When testing, code that causes React state updates should be wrapped into act(...):

act(() => {
  /* fire events that update state */
});
/* assert on the output */

This ensures that you're testing the behavior the user would see in the browser. Learn more at https://reactjs.org/link/wrap-tests-with-act
    at DealingAnimation (/home/jin/guozha-poker-game/src/components/game/DealingAnimation.tsx:28:3)

stderr | tests/dealingAnimation.test.ts > 发牌动画组件 > 发牌完成后应该调用 onComplete
Warning: An update to DealingAnimation inside a test was not wrapped in act(...).

When testing, code that causes React state updates should be wrapped into act(...):

act(() => {
  /* fire events that update state */
});
/* assert on the output */

This ensures that you're testing the behavior the user would see in the browser. Learn more at https://reactjs.org/link/wrap-tests-with-act
    at DealingAnimation (/home/jin/guozha-poker-game/src/components/game/DealingAnimation.tsx:28:3)
Warning: An update to DealingAnimation inside a test was not wrapped in act(...).

When testing, code that causes React state updates should be wrapped into act(...):

act(() => {
  /* fire events that update state */
});
/* assert on the output */

This ensures that you're testing the behavior the user would see in the browser. Learn more at https://reactjs.org/link/wrap-tests-with-act
    at DealingAnimation (/home/jin/guozha-poker-game/src/components/game/DealingAnimation.tsx:28:3)

stderr | tests/dealingAnimation.test.ts > 发牌动画组件 > 发牌完成后应该调用 onComplete
Warning: An update to DealingAnimation inside a test was not wrapped in act(...).

When testing, code that causes React state updates should be wrapped into act(...):

act(() => {
  /* fire events that update state */
});
/* assert on the output */

This ensures that you're testing the behavior the user would see in the browser. Learn more at https://reactjs.org/link/wrap-tests-with-act
    at DealingAnimation (/home/jin/guozha-poker-game/src/components/game/DealingAnimation.tsx:28:3)
Warning: An update to DealingAnimation inside a test was not wrapped in act(...).

When testing, code that causes React state updates should be wrapped into act(...):

act(() => {
  /* fire events that update state */
});
/* assert on the output */

This ensures that you're testing the behavior the user would see in the browser. Learn more at https://reactjs.org/link/wrap-tests-with-act
    at DealingAnimation (/home/jin/guozha-poker-game/src/components/game/DealingAnimation.tsx:28:3)

stderr | tests/dealingAnimation.test.ts > 发牌动画组件 > 发牌完成后应该调用 onComplete
Warning: An update to DealingAnimation inside a test was not wrapped in act(...).

When testing, code that causes React state updates should be wrapped into act(...):

act(() => {
  /* fire events that update state */
});
/* assert on the output */

This ensures that you're testing the behavior the user would see in the browser. Learn more at https://reactjs.org/link/wrap-tests-with-act
    at DealingAnimation (/home/jin/guozha-poker-game/src/components/game/DealingAnimation.tsx:28:3)
Warning: An update to DealingAnimation inside a test was not wrapped in act(...).

When testing, code that causes React state updates should be wrapped into act(...):

act(() => {
  /* fire events that update state */
});
/* assert on the output */

This ensures that you're testing the behavior the user would see in the browser. Learn more at https://reactjs.org/link/wrap-tests-with-act
    at DealingAnimation (/home/jin/guozha-poker-game/src/components/game/DealingAnimation.tsx:28:3)

stderr | tests/dealingAnimation.test.ts > 发牌动画组件 > 发牌完成后应该调用 onComplete
Warning: An update to DealingAnimation inside a test was not wrapped in act(...).

When testing, code that causes React state updates should be wrapped into act(...):

act(() => {
  /* fire events that update state */
});
/* assert on the output */

This ensures that you're testing the behavior the user would see in the browser. Learn more at https://reactjs.org/link/wrap-tests-with-act
    at DealingAnimation (/home/jin/guozha-poker-game/src/components/game/DealingAnimation.tsx:28:3)
Warning: An update to DealingAnimation inside a test was not wrapped in act(...).

When testing, code that causes React state updates should be wrapped into act(...):

act(() => {
  /* fire events that update state */
});
/* assert on the output */

This ensures that you're testing the behavior the user would see in the browser. Learn more at https://reactjs.org/link/wrap-tests-with-act
    at DealingAnimation (/home/jin/guozha-poker-game/src/components/game/DealingAnimation.tsx:28:3)

stderr | tests/dealingAnimation.test.ts > 发牌动画组件 > 发牌完成后应该调用 onComplete
Warning: An update to DealingAnimation inside a test was not wrapped in act(...).

When testing, code that causes React state updates should be wrapped into act(...):

act(() => {
  /* fire events that update state */
});
/* assert on the output */

This ensures that you're testing the behavior the user would see in the browser. Learn more at https://reactjs.org/link/wrap-tests-with-act
    at DealingAnimation (/home/jin/guozha-poker-game/src/components/game/DealingAnimation.tsx:28:3)
Warning: An update to DealingAnimation inside a test was not wrapped in act(...).

When testing, code that causes React state updates should be wrapped into act(...):

act(() => {
  /* fire events that update state */
});
/* assert on the output */

This ensures that you're testing the behavior the user would see in the browser. Learn more at https://reactjs.org/link/wrap-tests-with-act
    at DealingAnimation (/home/jin/guozha-poker-game/src/components/game/DealingAnimation.tsx:28:3)

stderr | tests/dealingAnimation.test.ts > 发牌动画组件 > 发牌完成后应该调用 onComplete
Warning: An update to DealingAnimation inside a test was not wrapped in act(...).

When testing, code that causes React state updates should be wrapped into act(...):

act(() => {
  /* fire events that update state */
});
/* assert on the output */

This ensures that you're testing the behavior the user would see in the browser. Learn more at https://reactjs.org/link/wrap-tests-with-act
    at DealingAnimation (/home/jin/guozha-poker-game/src/components/game/DealingAnimation.tsx:28:3)
Warning: An update to DealingAnimation inside a test was not wrapped in act(...).

When testing, code that causes React state updates should be wrapped into act(...):

act(() => {
  /* fire events that update state */
});
/* assert on the output */

This ensures that you're testing the behavior the user would see in the browser. Learn more at https://reactjs.org/link/wrap-tests-with-act
    at DealingAnimation (/home/jin/guozha-poker-game/src/components/game/DealingAnimation.tsx:28:3)

stderr | tests/dealingAnimation.test.ts > 发牌动画组件 > 发牌完成后应该调用 onComplete
Warning: An update to DealingAnimation inside a test was not wrapped in act(...).

When testing, code that causes React state updates should be wrapped into act(...):

act(() => {
  /* fire events that update state */
});
/* assert on the output */

This ensures that you're testing the behavior the user would see in the browser. Learn more at https://reactjs.org/link/wrap-tests-with-act
    at DealingAnimation (/home/jin/guozha-poker-game/src/components/game/DealingAnimation.tsx:28:3)
Warning: An update to DealingAnimation inside a test was not wrapped in act(...).

When testing, code that causes React state updates should be wrapped into act(...):

act(() => {
  /* fire events that update state */
});
/* assert on the output */

This ensures that you're testing the behavior the user would see in the browser. Learn more at https://reactjs.org/link/wrap-tests-with-act
    at DealingAnimation (/home/jin/guozha-poker-game/src/components/game/DealingAnimation.tsx:28:3)

stderr | tests/dealingAnimation.test.ts > 发牌动画组件 > 发牌完成后应该调用 onComplete
Warning: An update to DealingAnimation inside a test was not wrapped in act(...).

When testing, code that causes React state updates should be wrapped into act(...):

act(() => {
  /* fire events that update state */
});
/* assert on the output */

This ensures that you're testing the behavior the user would see in the browser. Learn more at https://reactjs.org/link/wrap-tests-with-act
    at DealingAnimation (/home/jin/guozha-poker-game/src/components/game/DealingAnimation.tsx:28:3)
Warning: An update to DealingAnimation inside a test was not wrapped in act(...).

When testing, code that causes React state updates should be wrapped into act(...):

act(() => {
  /* fire events that update state */
});
/* assert on the output */

This ensures that you're testing the behavior the user would see in the browser. Learn more at https://reactjs.org/link/wrap-tests-with-act
    at DealingAnimation (/home/jin/guozha-poker-game/src/components/game/DealingAnimation.tsx:28:3)

stderr | tests/dealingAnimation.test.ts > 发牌动画组件 > 发牌完成后应该调用 onComplete
Warning: An update to DealingAnimation inside a test was not wrapped in act(...).

When testing, code that causes React state updates should be wrapped into act(...):

act(() => {
  /* fire events that update state */
});
/* assert on the output */

This ensures that you're testing the behavior the user would see in the browser. Learn more at https://reactjs.org/link/wrap-tests-with-act
    at DealingAnimation (/home/jin/guozha-poker-game/src/components/game/DealingAnimation.tsx:28:3)
Warning: An update to DealingAnimation inside a test was not wrapped in act(...).

When testing, code that causes React state updates should be wrapped into act(...):

act(() => {
  /* fire events that update state */
});
/* assert on the output */

This ensures that you're testing the behavior the user would see in the browser. Learn more at https://reactjs.org/link/wrap-tests-with-act
    at DealingAnimation (/home/jin/guozha-poker-game/src/components/game/DealingAnimation.tsx:28:3)

stderr | tests/dealingAnimation.test.ts > 发牌动画组件 > 发牌完成后应该调用 onComplete
Warning: An update to DealingAnimation inside a test was not wrapped in act(...).

When testing, code that causes React state updates should be wrapped into act(...):

act(() => {
  /* fire events that update state */
});
/* assert on the output */

This ensures that you're testing the behavior the user would see in the browser. Learn more at https://reactjs.org/link/wrap-tests-with-act
    at DealingAnimation (/home/jin/guozha-poker-game/src/components/game/DealingAnimation.tsx:28:3)
Warning: An update to DealingAnimation inside a test was not wrapped in act(...).

When testing, code that causes React state updates should be wrapped into act(...):

act(() => {
  /* fire events that update state */
});
/* assert on the output */

This ensures that you're testing the behavior the user would see in the browser. Learn more at https://reactjs.org/link/wrap-tests-with-act
    at DealingAnimation (/home/jin/guozha-poker-game/src/components/game/DealingAnimation.tsx:28:3)

stderr | tests/dealingAnimation.test.ts > 发牌动画组件 > 发牌完成后应该调用 onComplete
Warning: An update to DealingAnimation inside a test was not wrapped in act(...).

When testing, code that causes React state updates should be wrapped into act(...):

act(() => {
  /* fire events that update state */
});
/* assert on the output */

This ensures that you're testing the behavior the user would see in the browser. Learn more at https://reactjs.org/link/wrap-tests-with-act
    at DealingAnimation (/home/jin/guozha-poker-game/src/components/game/DealingAnimation.tsx:28:3)
Warning: An update to DealingAnimation inside a test was not wrapped in act(...).

When testing, code that causes React state updates should be wrapped into act(...):

act(() => {
  /* fire events that update state */
});
/* assert on the output */

This ensures that you're testing the behavior the user would see in the browser. Learn more at https://reactjs.org/link/wrap-tests-with-act
    at DealingAnimation (/home/jin/guozha-poker-game/src/components/game/DealingAnimation.tsx:28:3)

stderr | tests/dealingAnimation.test.ts > 发牌动画组件 > 发牌完成后应该调用 onComplete
Warning: An update to DealingAnimation inside a test was not wrapped in act(...).

When testing, code that causes React state updates should be wrapped into act(...):

act(() => {
  /* fire events that update state */
});
/* assert on the output */

This ensures that you're testing the behavior the user would see in the browser. Learn more at https://reactjs.org/link/wrap-tests-with-act
    at DealingAnimation (/home/jin/guozha-poker-game/src/components/game/DealingAnimation.tsx:28:3)
Warning: An update to DealingAnimation inside a test was not wrapped in act(...).

When testing, code that causes React state updates should be wrapped into act(...):

act(() => {
  /* fire events that update state */
});
/* assert on the output */

This ensures that you're testing the behavior the user would see in the browser. Learn more at https://reactjs.org/link/wrap-tests-with-act
    at DealingAnimation (/home/jin/guozha-poker-game/src/components/game/DealingAnimation.tsx:28:3)

stderr | tests/dealingAnimation.test.ts > 发牌动画组件 > 发牌完成后应该调用 onComplete
Warning: An update to DealingAnimation inside a test was not wrapped in act(...).

When testing, code that causes React state updates should be wrapped into act(...):

act(() => {
  /* fire events that update state */
});
/* assert on the output */

This ensures that you're testing the behavior the user would see in the browser. Learn more at https://reactjs.org/link/wrap-tests-with-act
    at DealingAnimation (/home/jin/guozha-poker-game/src/components/game/DealingAnimation.tsx:28:3)
Warning: An update to DealingAnimation inside a test was not wrapped in act(...).

When testing, code that causes React state updates should be wrapped into act(...):

act(() => {
  /* fire events that update state */
});
/* assert on the output */

This ensures that you're testing the behavior the user would see in the browser. Learn more at https://reactjs.org/link/wrap-tests-with-act
    at DealingAnimation (/home/jin/guozha-poker-game/src/components/game/DealingAnimation.tsx:28:3)

stderr | tests/dealingAnimation.test.ts > 发牌动画组件 > 发牌完成后应该调用 onComplete
Warning: An update to DealingAnimation inside a test was not wrapped in act(...).

When testing, code that causes React state updates should be wrapped into act(...):

act(() => {
  /* fire events that update state */
});
/* assert on the output */

This ensures that you're testing the behavior the user would see in the browser. Learn more at https://reactjs.org/link/wrap-tests-with-act
    at DealingAnimation (/home/jin/guozha-poker-game/src/components/game/DealingAnimation.tsx:28:3)
Warning: An update to DealingAnimation inside a test was not wrapped in act(...).

When testing, code that causes React state updates should be wrapped into act(...):

act(() => {
  /* fire events that update state */
});
/* assert on the output */

This ensures that you're testing the behavior the user would see in the browser. Learn more at https://reactjs.org/link/wrap-tests-with-act
    at DealingAnimation (/home/jin/guozha-poker-game/src/components/game/DealingAnimation.tsx:28:3)

stderr | tests/dealingAnimation.test.ts > 发牌动画组件 > 发牌完成后应该调用 onComplete
Warning: An update to DealingAnimation inside a test was not wrapped in act(...).

When testing, code that causes React state updates should be wrapped into act(...):

act(() => {
  /* fire events that update state */
});
/* assert on the output */

This ensures that you're testing the behavior the user would see in the browser. Learn more at https://reactjs.org/link/wrap-tests-with-act
    at DealingAnimation (/home/jin/guozha-poker-game/src/components/game/DealingAnimation.tsx:28:3)
Warning: An update to DealingAnimation inside a test was not wrapped in act(...).

When testing, code that causes React state updates should be wrapped into act(...):

act(() => {
  /* fire events that update state */
});
/* assert on the output */

This ensures that you're testing the behavior the user would see in the browser. Learn more at https://reactjs.org/link/wrap-tests-with-act
    at DealingAnimation (/home/jin/guozha-poker-game/src/components/game/DealingAnimation.tsx:28:3)

stderr | tests/dealingAnimation.test.ts > 发牌动画组件 > 发牌完成后应该调用 onComplete
Warning: An update to DealingAnimation inside a test was not wrapped in act(...).

When testing, code that causes React state updates should be wrapped into act(...):

act(() => {
  /* fire events that update state */
});
/* assert on the output */

This ensures that you're testing the behavior the user would see in the browser. Learn more at https://reactjs.org/link/wrap-tests-with-act
    at DealingAnimation (/home/jin/guozha-poker-game/src/components/game/DealingAnimation.tsx:28:3)
Warning: An update to DealingAnimation inside a test was not wrapped in act(...).

When testing, code that causes React state updates should be wrapped into act(...):

act(() => {
  /* fire events that update state */
});
/* assert on the output */

This ensures that you're testing the behavior the user would see in the browser. Learn more at https://reactjs.org/link/wrap-tests-with-act
    at DealingAnimation (/home/jin/guozha-poker-game/src/components/game/DealingAnimation.tsx:28:3)

stderr | tests/dealingAnimation.test.ts > 发牌动画组件 > 发牌完成后应该调用 onComplete
Warning: An update to DealingAnimation inside a test was not wrapped in act(...).

When testing, code that causes React state updates should be wrapped into act(...):

act(() => {
  /* fire events that update state */
});
/* assert on the output */

This ensures that you're testing the behavior the user would see in the browser. Learn more at https://reactjs.org/link/wrap-tests-with-act
    at DealingAnimation (/home/jin/guozha-poker-game/src/components/game/DealingAnimation.tsx:28:3)
Warning: An update to DealingAnimation inside a test was not wrapped in act(...).

When testing, code that causes React state updates should be wrapped into act(...):

act(() => {
  /* fire events that update state */
});
/* assert on the output */

This ensures that you're testing the behavior the user would see in the browser. Learn more at https://reactjs.org/link/wrap-tests-with-act
    at DealingAnimation (/home/jin/guozha-poker-game/src/components/game/DealingAnimation.tsx:28:3)

stderr | tests/dealingAnimation.test.ts > 发牌动画组件 > 发牌完成后应该调用 onComplete
Warning: An update to DealingAnimation inside a test was not wrapped in act(...).

When testing, code that causes React state updates should be wrapped into act(...):

act(() => {
  /* fire events that update state */
});
/* assert on the output */

This ensures that you're testing the behavior the user would see in the browser. Learn more at https://reactjs.org/link/wrap-tests-with-act
    at DealingAnimation (/home/jin/guozha-poker-game/src/components/game/DealingAnimation.tsx:28:3)
Warning: An update to DealingAnimation inside a test was not wrapped in act(...).

When testing, code that causes React state updates should be wrapped into act(...):

act(() => {
  /* fire events that update state */
});
/* assert on the output */

This ensures that you're testing the behavior the user would see in the browser. Learn more at https://reactjs.org/link/wrap-tests-with-act
    at DealingAnimation (/home/jin/guozha-poker-game/src/components/game/DealingAnimation.tsx:28:3)

stderr | tests/dealingAnimation.test.ts > 发牌动画组件 > 发牌完成后应该调用 onComplete
Warning: An update to DealingAnimation inside a test was not wrapped in act(...).

When testing, code that causes React state updates should be wrapped into act(...):

act(() => {
  /* fire events that update state */
});
/* assert on the output */

This ensures that you're testing the behavior the user would see in the browser. Learn more at https://reactjs.org/link/wrap-tests-with-act
    at DealingAnimation (/home/jin/guozha-poker-game/src/components/game/DealingAnimation.tsx:28:3)
Warning: An update to DealingAnimation inside a test was not wrapped in act(...).

When testing, code that causes React state updates should be wrapped into act(...):

act(() => {
  /* fire events that update state */
});
/* assert on the output */

This ensures that you're testing the behavior the user would see in the browser. Learn more at https://reactjs.org/link/wrap-tests-with-act
    at DealingAnimation (/home/jin/guozha-poker-game/src/components/game/DealingAnimation.tsx:28:3)

stderr | tests/dealingAnimation.test.ts > 发牌动画组件 > 发牌完成后应该调用 onComplete
Warning: An update to DealingAnimation inside a test was not wrapped in act(...).

When testing, code that causes React state updates should be wrapped into act(...):

act(() => {
  /* fire events that update state */
});
/* assert on the output */

This ensures that you're testing the behavior the user would see in the browser. Learn more at https://reactjs.org/link/wrap-tests-with-act
    at DealingAnimation (/home/jin/guozha-poker-game/src/components/game/DealingAnimation.tsx:28:3)
Warning: An update to DealingAnimation inside a test was not wrapped in act(...).

When testing, code that causes React state updates should be wrapped into act(...):

act(() => {
  /* fire events that update state */
});
/* assert on the output */

This ensures that you're testing the behavior the user would see in the browser. Learn more at https://reactjs.org/link/wrap-tests-with-act
    at DealingAnimation (/home/jin/guozha-poker-game/src/components/game/DealingAnimation.tsx:28:3)

stderr | tests/dealingAnimation.test.ts > 发牌动画组件 > 发牌完成后应该调用 onComplete
Warning: An update to DealingAnimation inside a test was not wrapped in act(...).

When testing, code that causes React state updates should be wrapped into act(...):

act(() => {
  /* fire events that update state */
});
/* assert on the output */

This ensures that you're testing the behavior the user would see in the browser. Learn more at https://reactjs.org/link/wrap-tests-with-act
    at DealingAnimation (/home/jin/guozha-poker-game/src/components/game/DealingAnimation.tsx:28:3)
Warning: An update to DealingAnimation inside a test was not wrapped in act(...).

When testing, code that causes React state updates should be wrapped into act(...):

act(() => {
  /* fire events that update state */
});
/* assert on the output */

This ensures that you're testing the behavior the user would see in the browser. Learn more at https://reactjs.org/link/wrap-tests-with-act
    at DealingAnimation (/home/jin/guozha-poker-game/src/components/game/DealingAnimation.tsx:28:3)

stderr | tests/dealingAnimation.test.ts > 发牌动画组件 > 发牌完成后应该调用 onComplete
Warning: An update to DealingAnimation inside a test was not wrapped in act(...).

When testing, code that causes React state updates should be wrapped into act(...):

act(() => {
  /* fire events that update state */
});
/* assert on the output */

This ensures that you're testing the behavior the user would see in the browser. Learn more at https://reactjs.org/link/wrap-tests-with-act
    at DealingAnimation (/home/jin/guozha-poker-game/src/components/game/DealingAnimation.tsx:28:3)
Warning: An update to DealingAnimation inside a test was not wrapped in act(...).

When testing, code that causes React state updates should be wrapped into act(...):

act(() => {
  /* fire events that update state */
});
/* assert on the output */

This ensures that you're testing the behavior the user would see in the browser. Learn more at https://reactjs.org/link/wrap-tests-with-act
    at DealingAnimation (/home/jin/guozha-poker-game/src/components/game/DealingAnimation.tsx:28:3)

stderr | tests/dealingAnimation.test.ts > 发牌动画组件 > 发牌完成后应该调用 onComplete
Warning: An update to DealingAnimation inside a test was not wrapped in act(...).

When testing, code that causes React state updates should be wrapped into act(...):

act(() => {
  /* fire events that update state */
});
/* assert on the output */

This ensures that you're testing the behavior the user would see in the browser. Learn more at https://reactjs.org/link/wrap-tests-with-act
    at DealingAnimation (/home/jin/guozha-poker-game/src/components/game/DealingAnimation.tsx:28:3)
Warning: An update to DealingAnimation inside a test was not wrapped in act(...).

When testing, code that causes React state updates should be wrapped into act(...):

act(() => {
  /* fire events that update state */
});
/* assert on the output */

This ensures that you're testing the behavior the user would see in the browser. Learn more at https://reactjs.org/link/wrap-tests-with-act
    at DealingAnimation (/home/jin/guozha-poker-game/src/components/game/DealingAnimation.tsx:28:3)

stderr | tests/dealingAnimation.test.ts > 发牌动画组件 > 发牌完成后应该调用 onComplete
Warning: An update to DealingAnimation inside a test was not wrapped in act(...).

When testing, code that causes React state updates should be wrapped into act(...):

act(() => {
  /* fire events that update state */
});
/* assert on the output */

This ensures that you're testing the behavior the user would see in the browser. Learn more at https://reactjs.org/link/wrap-tests-with-act
    at DealingAnimation (/home/jin/guozha-poker-game/src/components/game/DealingAnimation.tsx:28:3)
Warning: An update to DealingAnimation inside a test was not wrapped in act(...).

When testing, code that causes React state updates should be wrapped into act(...):

act(() => {
  /* fire events that update state */
});
/* assert on the output */

This ensures that you're testing the behavior the user would see in the browser. Learn more at https://reactjs.org/link/wrap-tests-with-act
    at DealingAnimation (/home/jin/guozha-poker-game/src/components/game/DealingAnimation.tsx:28:3)

stderr | tests/dealingAnimation.test.ts > 发牌动画组件 > 发牌完成后应该调用 onComplete
Warning: An update to DealingAnimation inside a test was not wrapped in act(...).

When testing, code that causes React state updates should be wrapped into act(...):

act(() => {
  /* fire events that update state */
});
/* assert on the output */

This ensures that you're testing the behavior the user would see in the browser. Learn more at https://reactjs.org/link/wrap-tests-with-act
    at DealingAnimation (/home/jin/guozha-poker-game/src/components/game/DealingAnimation.tsx:28:3)
Warning: An update to DealingAnimation inside a test was not wrapped in act(...).

When testing, code that causes React state updates should be wrapped into act(...):

act(() => {
  /* fire events that update state */
});
/* assert on the output */

This ensures that you're testing the behavior the user would see in the browser. Learn more at https://reactjs.org/link/wrap-tests-with-act
    at DealingAnimation (/home/jin/guozha-poker-game/src/components/game/DealingAnimation.tsx:28:3)

stderr | tests/dealingAnimation.test.ts > 发牌动画组件 > 发牌完成后应该调用 onComplete
Warning: An update to DealingAnimation inside a test was not wrapped in act(...).

When testing, code that causes React state updates should be wrapped into act(...):

act(() => {
  /* fire events that update state */
});
/* assert on the output */

This ensures that you're testing the behavior the user would see in the browser. Learn more at https://reactjs.org/link/wrap-tests-with-act
    at DealingAnimation (/home/jin/guozha-poker-game/src/components/game/DealingAnimation.tsx:28:3)
Warning: An update to DealingAnimation inside a test was not wrapped in act(...).

When testing, code that causes React state updates should be wrapped into act(...):

act(() => {
  /* fire events that update state */
});
/* assert on the output */

This ensures that you're testing the behavior the user would see in the browser. Learn more at https://reactjs.org/link/wrap-tests-with-act
    at DealingAnimation (/home/jin/guozha-poker-game/src/components/game/DealingAnimation.tsx:28:3)

stderr | tests/dealingAnimation.test.ts > 发牌动画组件 > 发牌完成后应该调用 onComplete
Warning: An update to DealingAnimation inside a test was not wrapped in act(...).

When testing, code that causes React state updates should be wrapped into act(...):

act(() => {
  /* fire events that update state */
});
/* assert on the output */

This ensures that you're testing the behavior the user would see in the browser. Learn more at https://reactjs.org/link/wrap-tests-with-act
    at DealingAnimation (/home/jin/guozha-poker-game/src/components/game/DealingAnimation.tsx:28:3)
Warning: An update to DealingAnimation inside a test was not wrapped in act(...).

When testing, code that causes React state updates should be wrapped into act(...):

act(() => {
  /* fire events that update state */
});
/* assert on the output */

This ensures that you're testing the behavior the user would see in the browser. Learn more at https://reactjs.org/link/wrap-tests-with-act
    at DealingAnimation (/home/jin/guozha-poker-game/src/components/game/DealingAnimation.tsx:28:3)

stderr | tests/dealingAnimation.test.ts > 发牌动画组件 > 发牌完成后应该调用 onComplete
Warning: An update to DealingAnimation inside a test was not wrapped in act(...).

When testing, code that causes React state updates should be wrapped into act(...):

act(() => {
  /* fire events that update state */
});
/* assert on the output */

This ensures that you're testing the behavior the user would see in the browser. Learn more at https://reactjs.org/link/wrap-tests-with-act
    at DealingAnimation (/home/jin/guozha-poker-game/src/components/game/DealingAnimation.tsx:28:3)
Warning: An update to DealingAnimation inside a test was not wrapped in act(...).

When testing, code that causes React state updates should be wrapped into act(...):

act(() => {
  /* fire events that update state */
});
/* assert on the output */

This ensures that you're testing the behavior the user would see in the browser. Learn more at https://reactjs.org/link/wrap-tests-with-act
    at DealingAnimation (/home/jin/guozha-poker-game/src/components/game/DealingAnimation.tsx:28:3)

stderr | tests/dealingAnimation.test.ts > 发牌动画组件 > 发牌完成后应该调用 onComplete
Warning: An update to DealingAnimation inside a test was not wrapped in act(...).

When testing, code that causes React state updates should be wrapped into act(...):

act(() => {
  /* fire events that update state */
});
/* assert on the output */

This ensures that you're testing the behavior the user would see in the browser. Learn more at https://reactjs.org/link/wrap-tests-with-act
    at DealingAnimation (/home/jin/guozha-poker-game/src/components/game/DealingAnimation.tsx:28:3)
Warning: An update to DealingAnimation inside a test was not wrapped in act(...).

When testing, code that causes React state updates should be wrapped into act(...):

act(() => {
  /* fire events that update state */
});
/* assert on the output */

This ensures that you're testing the behavior the user would see in the browser. Learn more at https://reactjs.org/link/wrap-tests-with-act
    at DealingAnimation (/home/jin/guozha-poker-game/src/components/game/DealingAnimation.tsx:28:3)

stderr | tests/dealingAnimation.test.ts > 发牌动画组件 > 发牌完成后应该调用 onComplete
Warning: An update to DealingAnimation inside a test was not wrapped in act(...).

When testing, code that causes React state updates should be wrapped into act(...):

act(() => {
  /* fire events that update state */
});
/* assert on the output */

This ensures that you're testing the behavior the user would see in the browser. Learn more at https://reactjs.org/link/wrap-tests-with-act
    at DealingAnimation (/home/jin/guozha-poker-game/src/components/game/DealingAnimation.tsx:28:3)
Warning: An update to DealingAnimation inside a test was not wrapped in act(...).

When testing, code that causes React state updates should be wrapped into act(...):

act(() => {
  /* fire events that update state */
});
/* assert on the output */

This ensures that you're testing the behavior the user would see in the browser. Learn more at https://reactjs.org/link/wrap-tests-with-act
    at DealingAnimation (/home/jin/guozha-poker-game/src/components/game/DealingAnimation.tsx:28:3)

stderr | tests/dealingAnimation.test.ts > 发牌动画组件 > 发牌完成后应该调用 onComplete
Warning: An update to DealingAnimation inside a test was not wrapped in act(...).

When testing, code that causes React state updates should be wrapped into act(...):

act(() => {
  /* fire events that update state */
});
/* assert on the output */

This ensures that you're testing the behavior the user would see in the browser. Learn more at https://reactjs.org/link/wrap-tests-with-act
    at DealingAnimation (/home/jin/guozha-poker-game/src/components/game/DealingAnimation.tsx:28:3)
Warning: An update to DealingAnimation inside a test was not wrapped in act(...).

When testing, code that causes React state updates should be wrapped into act(...):

act(() => {
  /* fire events that update state */
});
/* assert on the output */

This ensures that you're testing the behavior the user would see in the browser. Learn more at https://reactjs.org/link/wrap-tests-with-act
    at DealingAnimation (/home/jin/guozha-poker-game/src/components/game/DealingAnimation.tsx:28:3)

stderr | tests/dealingAnimation.test.ts > 发牌动画组件 > 发牌完成后应该调用 onComplete
Warning: An update to DealingAnimation inside a test was not wrapped in act(...).

When testing, code that causes React state updates should be wrapped into act(...):

act(() => {
  /* fire events that update state */
});
/* assert on the output */

This ensures that you're testing the behavior the user would see in the browser. Learn more at https://reactjs.org/link/wrap-tests-with-act
    at DealingAnimation (/home/jin/guozha-poker-game/src/components/game/DealingAnimation.tsx:28:3)
Warning: An update to DealingAnimation inside a test was not wrapped in act(...).

When testing, code that causes React state updates should be wrapped into act(...):

act(() => {
  /* fire events that update state */
});
/* assert on the output */

This ensures that you're testing the behavior the user would see in the browser. Learn more at https://reactjs.org/link/wrap-tests-with-act
    at DealingAnimation (/home/jin/guozha-poker-game/src/components/game/DealingAnimation.tsx:28:3)

stderr | tests/dealingAnimation.test.ts > 发牌动画组件 > 发牌完成后应该调用 onComplete
Warning: An update to DealingAnimation inside a test was not wrapped in act(...).

When testing, code that causes React state updates should be wrapped into act(...):

act(() => {
  /* fire events that update state */
});
/* assert on the output */

This ensures that you're testing the behavior the user would see in the browser. Learn more at https://reactjs.org/link/wrap-tests-with-act
    at DealingAnimation (/home/jin/guozha-poker-game/src/components/game/DealingAnimation.tsx:28:3)
Warning: An update to DealingAnimation inside a test was not wrapped in act(...).

When testing, code that causes React state updates should be wrapped into act(...):

act(() => {
  /* fire events that update state */
});
/* assert on the output */

This ensures that you're testing the behavior the user would see in the browser. Learn more at https://reactjs.org/link/wrap-tests-with-act
    at DealingAnimation (/home/jin/guozha-poker-game/src/components/game/DealingAnimation.tsx:28:3)

stderr | tests/dealingAnimation.test.ts > 发牌动画组件 > 发牌完成后应该调用 onComplete
Warning: An update to DealingAnimation inside a test was not wrapped in act(...).

When testing, code that causes React state updates should be wrapped into act(...):

act(() => {
  /* fire events that update state */
});
/* assert on the output */

This ensures that you're testing the behavior the user would see in the browser. Learn more at https://reactjs.org/link/wrap-tests-with-act
    at DealingAnimation (/home/jin/guozha-poker-game/src/components/game/DealingAnimation.tsx:28:3)
Warning: An update to DealingAnimation inside a test was not wrapped in act(...).

When testing, code that causes React state updates should be wrapped into act(...):

act(() => {
  /* fire events that update state */
});
/* assert on the output */

This ensures that you're testing the behavior the user would see in the browser. Learn more at https://reactjs.org/link/wrap-tests-with-act
    at DealingAnimation (/home/jin/guozha-poker-game/src/components/game/DealingAnimation.tsx:28:3)

stderr | tests/dealingAnimation.test.ts > 发牌动画组件 > 发牌完成后应该调用 onComplete
Warning: An update to DealingAnimation inside a test was not wrapped in act(...).

When testing, code that causes React state updates should be wrapped into act(...):

act(() => {
  /* fire events that update state */
});
/* assert on the output */

This ensures that you're testing the behavior the user would see in the browser. Learn more at https://reactjs.org/link/wrap-tests-with-act
    at DealingAnimation (/home/jin/guozha-poker-game/src/components/game/DealingAnimation.tsx:28:3)
Warning: An update to DealingAnimation inside a test was not wrapped in act(...).

When testing, code that causes React state updates should be wrapped into act(...):

act(() => {
  /* fire events that update state */
});
/* assert on the output */

This ensures that you're testing the behavior the user would see in the browser. Learn more at https://reactjs.org/link/wrap-tests-with-act
    at DealingAnimation (/home/jin/guozha-poker-game/src/components/game/DealingAnimation.tsx:28:3)

stderr | tests/dealingAnimation.test.ts > 发牌动画组件 > 发牌完成后应该调用 onComplete
Warning: An update to DealingAnimation inside a test was not wrapped in act(...).

When testing, code that causes React state updates should be wrapped into act(...):

act(() => {
  /* fire events that update state */
});
/* assert on the output */

This ensures that you're testing the behavior the user would see in the browser. Learn more at https://reactjs.org/link/wrap-tests-with-act
    at DealingAnimation (/home/jin/guozha-poker-game/src/components/game/DealingAnimation.tsx:28:3)
Warning: An update to DealingAnimation inside a test was not wrapped in act(...).

When testing, code that causes React state updates should be wrapped into act(...):

act(() => {
  /* fire events that update state */
});
/* assert on the output */

This ensures that you're testing the behavior the user would see in the browser. Learn more at https://reactjs.org/link/wrap-tests-with-act
    at DealingAnimation (/home/jin/guozha-poker-game/src/components/game/DealingAnimation.tsx:28:3)

stderr | tests/dealingAnimation.test.ts > 发牌动画组件 > 发牌完成后应该调用 onComplete
Warning: An update to DealingAnimation inside a test was not wrapped in act(...).

When testing, code that causes React state updates should be wrapped into act(...):

act(() => {
  /* fire events that update state */
});
/* assert on the output */

This ensures that you're testing the behavior the user would see in the browser. Learn more at https://reactjs.org/link/wrap-tests-with-act
    at DealingAnimation (/home/jin/guozha-poker-game/src/components/game/DealingAnimation.tsx:28:3)
Warning: An update to DealingAnimation inside a test was not wrapped in act(...).

When testing, code that causes React state updates should be wrapped into act(...):

act(() => {
  /* fire events that update state */
});
/* assert on the output */

This ensures that you're testing the behavior the user would see in the browser. Learn more at https://reactjs.org/link/wrap-tests-with-act
    at DealingAnimation (/home/jin/guozha-poker-game/src/components/game/DealingAnimation.tsx:28:3)

stderr | tests/dealingAnimation.test.ts > 发牌动画组件 > 发牌完成后应该调用 onComplete
Warning: An update to DealingAnimation inside a test was not wrapped in act(...).

When testing, code that causes React state updates should be wrapped into act(...):

act(() => {
  /* fire events that update state */
});
/* assert on the output */

This ensures that you're testing the behavior the user would see in the browser. Learn more at https://reactjs.org/link/wrap-tests-with-act
    at DealingAnimation (/home/jin/guozha-poker-game/src/components/game/DealingAnimation.tsx:28:3)
Warning: An update to DealingAnimation inside a test was not wrapped in act(...).

When testing, code that causes React state updates should be wrapped into act(...):

act(() => {
  /* fire events that update state */
});
/* assert on the output */

This ensures that you're testing the behavior the user would see in the browser. Learn more at https://reactjs.org/link/wrap-tests-with-act
    at DealingAnimation (/home/jin/guozha-poker-game/src/components/game/DealingAnimation.tsx:28:3)

stderr | tests/dealingAnimation.test.ts > 发牌动画组件 > 发牌完成后应该调用 onComplete
Warning: An update to DealingAnimation inside a test was not wrapped in act(...).

When testing, code that causes React state updates should be wrapped into act(...):

act(() => {
  /* fire events that update state */
});
/* assert on the output */

This ensures that you're testing the behavior the user would see in the browser. Learn more at https://reactjs.org/link/wrap-tests-with-act
    at DealingAnimation (/home/jin/guozha-poker-game/src/components/game/DealingAnimation.tsx:28:3)
Warning: An update to DealingAnimation inside a test was not wrapped in act(...).

When testing, code that causes React state updates should be wrapped into act(...):

act(() => {
  /* fire events that update state */
});
/* assert on the output */

This ensures that you're testing the behavior the user would see in the browser. Learn more at https://reactjs.org/link/wrap-tests-with-act
    at DealingAnimation (/home/jin/guozha-poker-game/src/components/game/DealingAnimation.tsx:28:3)

stderr | tests/dealingAnimation.test.ts > 发牌动画组件 > 发牌完成后应该调用 onComplete
Warning: An update to DealingAnimation inside a test was not wrapped in act(...).

When testing, code that causes React state updates should be wrapped into act(...):

act(() => {
  /* fire events that update state */
});
/* assert on the output */

This ensures that you're testing the behavior the user would see in the browser. Learn more at https://reactjs.org/link/wrap-tests-with-act
    at DealingAnimation (/home/jin/guozha-poker-game/src/components/game/DealingAnimation.tsx:28:3)
Warning: An update to DealingAnimation inside a test was not wrapped in act(...).

When testing, code that causes React state updates should be wrapped into act(...):

act(() => {
  /* fire events that update state */
});
/* assert on the output */

This ensures that you're testing the behavior the user would see in the browser. Learn more at https://reactjs.org/link/wrap-tests-with-act
    at DealingAnimation (/home/jin/guozha-poker-game/src/components/game/DealingAnimation.tsx:28:3)

stderr | tests/dealingAnimation.test.ts > 发牌动画组件 > 发牌完成后应该调用 onComplete
Warning: An update to DealingAnimation inside a test was not wrapped in act(...).

When testing, code that causes React state updates should be wrapped into act(...):

act(() => {
  /* fire events that update state */
});
/* assert on the output */

This ensures that you're testing the behavior the user would see in the browser. Learn more at https://reactjs.org/link/wrap-tests-with-act
    at DealingAnimation (/home/jin/guozha-poker-game/src/components/game/DealingAnimation.tsx:28:3)
Warning: An update to DealingAnimation inside a test was not wrapped in act(...).

When testing, code that causes React state updates should be wrapped into act(...):

act(() => {
  /* fire events that update state */
});
/* assert on the output */

This ensures that you're testing the behavior the user would see in the browser. Learn more at https://reactjs.org/link/wrap-tests-with-act
    at DealingAnimation (/home/jin/guozha-poker-game/src/components/game/DealingAnimation.tsx:28:3)

stderr | tests/dealingAnimation.test.ts > 发牌动画组件 > 发牌完成后应该调用 onComplete
Warning: An update to DealingAnimation inside a test was not wrapped in act(...).

When testing, code that causes React state updates should be wrapped into act(...):

act(() => {
  /* fire events that update state */
});
/* assert on the output */

This ensures that you're testing the behavior the user would see in the browser. Learn more at https://reactjs.org/link/wrap-tests-with-act
    at DealingAnimation (/home/jin/guozha-poker-game/src/components/game/DealingAnimation.tsx:28:3)
Warning: An update to DealingAnimation inside a test was not wrapped in act(...).

When testing, code that causes React state updates should be wrapped into act(...):

act(() => {
  /* fire events that update state */
});
/* assert on the output */

This ensures that you're testing the behavior the user would see in the browser. Learn more at https://reactjs.org/link/wrap-tests-with-act
    at DealingAnimation (/home/jin/guozha-poker-game/src/components/game/DealingAnimation.tsx:28:3)

stderr | tests/dealingAnimation.test.ts > 发牌动画组件 > 发牌完成后应该调用 onComplete
Warning: An update to DealingAnimation inside a test was not wrapped in act(...).

When testing, code that causes React state updates should be wrapped into act(...):

act(() => {
  /* fire events that update state */
});
/* assert on the output */

This ensures that you're testing the behavior the user would see in the browser. Learn more at https://reactjs.org/link/wrap-tests-with-act
    at DealingAnimation (/home/jin/guozha-poker-game/src/components/game/DealingAnimation.tsx:28:3)
Warning: An update to DealingAnimation inside a test was not wrapped in act(...).

When testing, code that causes React state updates should be wrapped into act(...):

act(() => {
  /* fire events that update state */
});
/* assert on the output */

This ensures that you're testing the behavior the user would see in the browser. Learn more at https://reactjs.org/link/wrap-tests-with-act
    at DealingAnimation (/home/jin/guozha-poker-game/src/components/game/DealingAnimation.tsx:28:3)

stderr | tests/dealingAnimation.test.ts > 发牌动画组件 > 发牌完成后应该调用 onComplete
Warning: An update to DealingAnimation inside a test was not wrapped in act(...).

When testing, code that causes React state updates should be wrapped into act(...):

act(() => {
  /* fire events that update state */
});
/* assert on the output */

This ensures that you're testing the behavior the user would see in the browser. Learn more at https://reactjs.org/link/wrap-tests-with-act
    at DealingAnimation (/home/jin/guozha-poker-game/src/components/game/DealingAnimation.tsx:28:3)
Warning: An update to DealingAnimation inside a test was not wrapped in act(...).

When testing, code that causes React state updates should be wrapped into act(...):

act(() => {
  /* fire events that update state */
});
/* assert on the output */

This ensures that you're testing the behavior the user would see in the browser. Learn more at https://reactjs.org/link/wrap-tests-with-act
    at DealingAnimation (/home/jin/guozha-poker-game/src/components/game/DealingAnimation.tsx:28:3)

stderr | tests/dealingAnimation.test.ts > 发牌动画组件 > 发牌完成后应该调用 onComplete
Warning: An update to DealingAnimation inside a test was not wrapped in act(...).

When testing, code that causes React state updates should be wrapped into act(...):

act(() => {
  /* fire events that update state */
});
/* assert on the output */

This ensures that you're testing the behavior the user would see in the browser. Learn more at https://reactjs.org/link/wrap-tests-with-act
    at DealingAnimation (/home/jin/guozha-poker-game/src/components/game/DealingAnimation.tsx:28:3)
Warning: An update to DealingAnimation inside a test was not wrapped in act(...).

When testing, code that causes React state updates should be wrapped into act(...):

act(() => {
  /* fire events that update state */
});
/* assert on the output */

This ensures that you're testing the behavior the user would see in the browser. Learn more at https://reactjs.org/link/wrap-tests-with-act
    at DealingAnimation (/home/jin/guozha-poker-game/src/components/game/DealingAnimation.tsx:28:3)

stderr | tests/dealingAnimation.test.ts > 发牌动画组件 > 发牌完成后应该调用 onComplete
Warning: An update to DealingAnimation inside a test was not wrapped in act(...).

When testing, code that causes React state updates should be wrapped into act(...):

act(() => {
  /* fire events that update state */
});
/* assert on the output */

This ensures that you're testing the behavior the user would see in the browser. Learn more at https://reactjs.org/link/wrap-tests-with-act
    at DealingAnimation (/home/jin/guozha-poker-game/src/components/game/DealingAnimation.tsx:28:3)
Warning: An update to DealingAnimation inside a test was not wrapped in act(...).

When testing, code that causes React state updates should be wrapped into act(...):

act(() => {
  /* fire events that update state */
});
/* assert on the output */

This ensures that you're testing the behavior the user would see in the browser. Learn more at https://reactjs.org/link/wrap-tests-with-act
    at DealingAnimation (/home/jin/guozha-poker-game/src/components/game/DealingAnimation.tsx:28:3)

stderr | tests/dealingAnimation.test.ts > 发牌动画组件 > 发牌完成后应该调用 onComplete
Warning: An update to DealingAnimation inside a test was not wrapped in act(...).

When testing, code that causes React state updates should be wrapped into act(...):

act(() => {
  /* fire events that update state */
});
/* assert on the output */

This ensures that you're testing the behavior the user would see in the browser. Learn more at https://reactjs.org/link/wrap-tests-with-act
    at DealingAnimation (/home/jin/guozha-poker-game/src/components/game/DealingAnimation.tsx:28:3)
Warning: An update to DealingAnimation inside a test was not wrapped in act(...).

When testing, code that causes React state updates should be wrapped into act(...):

act(() => {
  /* fire events that update state */
});
/* assert on the output */

This ensures that you're testing the behavior the user would see in the browser. Learn more at https://reactjs.org/link/wrap-tests-with-act
    at DealingAnimation (/home/jin/guozha-poker-game/src/components/game/DealingAnimation.tsx:28:3)

stderr | tests/dealingAnimation.test.ts > 发牌动画组件 > 发牌完成后应该调用 onComplete
Warning: An update to DealingAnimation inside a test was not wrapped in act(...).

When testing, code that causes React state updates should be wrapped into act(...):

act(() => {
  /* fire events that update state */
});
/* assert on the output */

This ensures that you're testing the behavior the user would see in the browser. Learn more at https://reactjs.org/link/wrap-tests-with-act
    at DealingAnimation (/home/jin/guozha-poker-game/src/components/game/DealingAnimation.tsx:28:3)
Warning: An update to DealingAnimation inside a test was not wrapped in act(...).

When testing, code that causes React state updates should be wrapped into act(...):

act(() => {
  /* fire events that update state */
});
/* assert on the output */

This ensures that you're testing the behavior the user would see in the browser. Learn more at https://reactjs.org/link/wrap-tests-with-act
    at DealingAnimation (/home/jin/guozha-poker-game/src/components/game/DealingAnimation.tsx:28:3)

stderr | tests/dealingAnimation.test.ts > 发牌动画组件 > 发牌完成后应该调用 onComplete
Warning: An update to DealingAnimation inside a test was not wrapped in act(...).

When testing, code that causes React state updates should be wrapped into act(...):

act(() => {
  /* fire events that update state */
});
/* assert on the output */

This ensures that you're testing the behavior the user would see in the browser. Learn more at https://reactjs.org/link/wrap-tests-with-act
    at DealingAnimation (/home/jin/guozha-poker-game/src/components/game/DealingAnimation.tsx:28:3)
Warning: An update to DealingAnimation inside a test was not wrapped in act(...).

When testing, code that causes React state updates should be wrapped into act(...):

act(() => {
  /* fire events that update state */
});
/* assert on the output */

This ensures that you're testing the behavior the user would see in the browser. Learn more at https://reactjs.org/link/wrap-tests-with-act
    at DealingAnimation (/home/jin/guozha-poker-game/src/components/game/DealingAnimation.tsx:28:3)

stderr | tests/dealingAnimation.test.ts > 发牌动画组件 > 发牌完成后应该调用 onComplete
Warning: An update to DealingAnimation inside a test was not wrapped in act(...).

When testing, code that causes React state updates should be wrapped into act(...):

act(() => {
  /* fire events that update state */
});
/* assert on the output */

This ensures that you're testing the behavior the user would see in the browser. Learn more at https://reactjs.org/link/wrap-tests-with-act
    at DealingAnimation (/home/jin/guozha-poker-game/src/components/game/DealingAnimation.tsx:28:3)
Warning: An update to DealingAnimation inside a test was not wrapped in act(...).

When testing, code that causes React state updates should be wrapped into act(...):

act(() => {
  /* fire events that update state */
});
/* assert on the output */

This ensures that you're testing the behavior the user would see in the browser. Learn more at https://reactjs.org/link/wrap-tests-with-act
    at DealingAnimation (/home/jin/guozha-poker-game/src/components/game/DealingAnimation.tsx:28:3)

stderr | tests/dealingAnimation.test.ts > 发牌动画组件 > 发牌完成后应该调用 onComplete
Warning: An update to DealingAnimation inside a test was not wrapped in act(...).

When testing, code that causes React state updates should be wrapped into act(...):

act(() => {
  /* fire events that update state */
});
/* assert on the output */

This ensures that you're testing the behavior the user would see in the browser. Learn more at https://reactjs.org/link/wrap-tests-with-act
    at DealingAnimation (/home/jin/guozha-poker-game/src/components/game/DealingAnimation.tsx:28:3)
Warning: An update to DealingAnimation inside a test was not wrapped in act(...).

When testing, code that causes React state updates should be wrapped into act(...):

act(() => {
  /* fire events that update state */
});
/* assert on the output */

This ensures that you're testing the behavior the user would see in the browser. Learn more at https://reactjs.org/link/wrap-tests-with-act
    at DealingAnimation (/home/jin/guozha-poker-game/src/components/game/DealingAnimation.tsx:28:3)

stderr | tests/dealingAnimation.test.ts > 发牌动画组件 > 发牌完成后应该调用 onComplete
Warning: An update to DealingAnimation inside a test was not wrapped in act(...).

When testing, code that causes React state updates should be wrapped into act(...):

act(() => {
  /* fire events that update state */
});
/* assert on the output */

This ensures that you're testing the behavior the user would see in the browser. Learn more at https://reactjs.org/link/wrap-tests-with-act
    at DealingAnimation (/home/jin/guozha-poker-game/src/components/game/DealingAnimation.tsx:28:3)
Warning: An update to DealingAnimation inside a test was not wrapped in act(...).

When testing, code that causes React state updates should be wrapped into act(...):

act(() => {
  /* fire events that update state */
});
/* assert on the output */

This ensures that you're testing the behavior the user would see in the browser. Learn more at https://reactjs.org/link/wrap-tests-with-act
    at DealingAnimation (/home/jin/guozha-poker-game/src/components/game/DealingAnimation.tsx:28:3)

stderr | tests/dealingAnimation.test.ts > 发牌动画组件 > 发牌完成后应该调用 onComplete
Warning: An update to DealingAnimation inside a test was not wrapped in act(...).

When testing, code that causes React state updates should be wrapped into act(...):

act(() => {
  /* fire events that update state */
});
/* assert on the output */

This ensures that you're testing the behavior the user would see in the browser. Learn more at https://reactjs.org/link/wrap-tests-with-act
    at DealingAnimation (/home/jin/guozha-poker-game/src/components/game/DealingAnimation.tsx:28:3)
Warning: An update to DealingAnimation inside a test was not wrapped in act(...).

When testing, code that causes React state updates should be wrapped into act(...):

act(() => {
  /* fire events that update state */
});
/* assert on the output */

This ensures that you're testing the behavior the user would see in the browser. Learn more at https://reactjs.org/link/wrap-tests-with-act
    at DealingAnimation (/home/jin/guozha-poker-game/src/components/game/DealingAnimation.tsx:28:3)

stderr | tests/dealingAnimation.test.ts > 发牌动画组件 > 发牌完成后应该调用 onComplete
Warning: An update to DealingAnimation inside a test was not wrapped in act(...).

When testing, code that causes React state updates should be wrapped into act(...):

act(() => {
  /* fire events that update state */
});
/* assert on the output */

This ensures that you're testing the behavior the user would see in the browser. Learn more at https://reactjs.org/link/wrap-tests-with-act
    at DealingAnimation (/home/jin/guozha-poker-game/src/components/game/DealingAnimation.tsx:28:3)
Warning: An update to DealingAnimation inside a test was not wrapped in act(...).

When testing, code that causes React state updates should be wrapped into act(...):

act(() => {
  /* fire events that update state */
});
/* assert on the output */

This ensures that you're testing the behavior the user would see in the browser. Learn more at https://reactjs.org/link/wrap-tests-with-act
    at DealingAnimation (/home/jin/guozha-poker-game/src/components/game/DealingAnimation.tsx:28:3)

stderr | tests/dealingAnimation.test.ts > 发牌动画组件 > 发牌完成后应该调用 onComplete
Warning: An update to DealingAnimation inside a test was not wrapped in act(...).

When testing, code that causes React state updates should be wrapped into act(...):

act(() => {
  /* fire events that update state */
});
/* assert on the output */

This ensures that you're testing the behavior the user would see in the browser. Learn more at https://reactjs.org/link/wrap-tests-with-act
    at DealingAnimation (/home/jin/guozha-poker-game/src/components/game/DealingAnimation.tsx:28:3)
Warning: An update to DealingAnimation inside a test was not wrapped in act(...).

When testing, code that causes React state updates should be wrapped into act(...):

act(() => {
  /* fire events that update state */
});
/* assert on the output */

This ensures that you're testing the behavior the user would see in the browser. Learn more at https://reactjs.org/link/wrap-tests-with-act
    at DealingAnimation (/home/jin/guozha-poker-game/src/components/game/DealingAnimation.tsx:28:3)

stderr | tests/dealingAnimation.test.ts > 发牌动画组件 > 发牌完成后应该调用 onComplete
Warning: An update to DealingAnimation inside a test was not wrapped in act(...).

When testing, code that causes React state updates should be wrapped into act(...):

act(() => {
  /* fire events that update state */
});
/* assert on the output */

This ensures that you're testing the behavior the user would see in the browser. Learn more at https://reactjs.org/link/wrap-tests-with-act
    at DealingAnimation (/home/jin/guozha-poker-game/src/components/game/DealingAnimation.tsx:28:3)
Warning: An update to DealingAnimation inside a test was not wrapped in act(...).

When testing, code that causes React state updates should be wrapped into act(...):

act(() => {
  /* fire events that update state */
});
/* assert on the output */

This ensures that you're testing the behavior the user would see in the browser. Learn more at https://reactjs.org/link/wrap-tests-with-act
    at DealingAnimation (/home/jin/guozha-poker-game/src/components/game/DealingAnimation.tsx:28:3)

stderr | tests/dealingAnimation.test.ts > 发牌动画组件 > 发牌完成后应该调用 onComplete
Warning: An update to DealingAnimation inside a test was not wrapped in act(...).

When testing, code that causes React state updates should be wrapped into act(...):

act(() => {
  /* fire events that update state */
});
/* assert on the output */

This ensures that you're testing the behavior the user would see in the browser. Learn more at https://reactjs.org/link/wrap-tests-with-act
    at DealingAnimation (/home/jin/guozha-poker-game/src/components/game/DealingAnimation.tsx:28:3)
Warning: An update to DealingAnimation inside a test was not wrapped in act(...).

When testing, code that causes React state updates should be wrapped into act(...):

act(() => {
  /* fire events that update state */
});
/* assert on the output */

This ensures that you're testing the behavior the user would see in the browser. Learn more at https://reactjs.org/link/wrap-tests-with-act
    at DealingAnimation (/home/jin/guozha-poker-game/src/components/game/DealingAnimation.tsx:28:3)

stderr | tests/dealingAnimation.test.ts > 发牌动画组件 > 发牌完成后应该调用 onComplete
Warning: An update to DealingAnimation inside a test was not wrapped in act(...).

When testing, code that causes React state updates should be wrapped into act(...):

act(() => {
  /* fire events that update state */
});
/* assert on the output */

This ensures that you're testing the behavior the user would see in the browser. Learn more at https://reactjs.org/link/wrap-tests-with-act
    at DealingAnimation (/home/jin/guozha-poker-game/src/components/game/DealingAnimation.tsx:28:3)
Warning: An update to DealingAnimation inside a test was not wrapped in act(...).

When testing, code that causes React state updates should be wrapped into act(...):

act(() => {
  /* fire events that update state */
});
/* assert on the output */

This ensures that you're testing the behavior the user would see in the browser. Learn more at https://reactjs.org/link/wrap-tests-with-act
    at DealingAnimation (/home/jin/guozha-poker-game/src/components/game/DealingAnimation.tsx:28:3)

stderr | tests/dealingAnimation.test.ts > 发牌动画组件 > 发牌完成后应该调用 onComplete
Warning: An update to DealingAnimation inside a test was not wrapped in act(...).

When testing, code that causes React state updates should be wrapped into act(...):

act(() => {
  /* fire events that update state */
});
/* assert on the output */

This ensures that you're testing the behavior the user would see in the browser. Learn more at https://reactjs.org/link/wrap-tests-with-act
    at DealingAnimation (/home/jin/guozha-poker-game/src/components/game/DealingAnimation.tsx:28:3)
Warning: An update to DealingAnimation inside a test was not wrapped in act(...).

When testing, code that causes React state updates should be wrapped into act(...):

act(() => {
  /* fire events that update state */
});
/* assert on the output */

This ensures that you're testing the behavior the user would see in the browser. Learn more at https://reactjs.org/link/wrap-tests-with-act
    at DealingAnimation (/home/jin/guozha-poker-game/src/components/game/DealingAnimation.tsx:28:3)

stderr | tests/dealingAnimation.test.ts > 发牌动画组件 > 发牌完成后应该调用 onComplete
Warning: An update to DealingAnimation inside a test was not wrapped in act(...).

When testing, code that causes React state updates should be wrapped into act(...):

act(() => {
  /* fire events that update state */
});
/* assert on the output */

This ensures that you're testing the behavior the user would see in the browser. Learn more at https://reactjs.org/link/wrap-tests-with-act
    at DealingAnimation (/home/jin/guozha-poker-game/src/components/game/DealingAnimation.tsx:28:3)
Warning: An update to DealingAnimation inside a test was not wrapped in act(...).

When testing, code that causes React state updates should be wrapped into act(...):

act(() => {
  /* fire events that update state */
});
/* assert on the output */

This ensures that you're testing the behavior the user would see in the browser. Learn more at https://reactjs.org/link/wrap-tests-with-act
    at DealingAnimation (/home/jin/guozha-poker-game/src/components/game/DealingAnimation.tsx:28:3)

stderr | tests/dealingAnimation.test.ts > 发牌动画组件 > 发牌完成后应该调用 onComplete
Warning: An update to DealingAnimation inside a test was not wrapped in act(...).

When testing, code that causes React state updates should be wrapped into act(...):

act(() => {
  /* fire events that update state */
});
/* assert on the output */

This ensures that you're testing the behavior the user would see in the browser. Learn more at https://reactjs.org/link/wrap-tests-with-act
    at DealingAnimation (/home/jin/guozha-poker-game/src/components/game/DealingAnimation.tsx:28:3)
Warning: An update to DealingAnimation inside a test was not wrapped in act(...).

When testing, code that causes React state updates should be wrapped into act(...):

act(() => {
  /* fire events that update state */
});
/* assert on the output */

This ensures that you're testing the behavior the user would see in the browser. Learn more at https://reactjs.org/link/wrap-tests-with-act
    at DealingAnimation (/home/jin/guozha-poker-game/src/components/game/DealingAnimation.tsx:28:3)

stderr | tests/dealingAnimation.test.ts > 发牌动画组件 > 发牌完成后应该调用 onComplete
Warning: An update to DealingAnimation inside a test was not wrapped in act(...).

When testing, code that causes React state updates should be wrapped into act(...):

act(() => {
  /* fire events that update state */
});
/* assert on the output */

This ensures that you're testing the behavior the user would see in the browser. Learn more at https://reactjs.org/link/wrap-tests-with-act
    at DealingAnimation (/home/jin/guozha-poker-game/src/components/game/DealingAnimation.tsx:28:3)
Warning: An update to DealingAnimation inside a test was not wrapped in act(...).

When testing, code that causes React state updates should be wrapped into act(...):

act(() => {
  /* fire events that update state */
});
/* assert on the output */

This ensures that you're testing the behavior the user would see in the browser. Learn more at https://reactjs.org/link/wrap-tests-with-act
    at DealingAnimation (/home/jin/guozha-poker-game/src/components/game/DealingAnimation.tsx:28:3)

stderr | tests/dealingAnimation.test.ts > 发牌动画组件 > 发牌完成后应该调用 onComplete
Warning: An update to DealingAnimation inside a test was not wrapped in act(...).

When testing, code that causes React state updates should be wrapped into act(...):

act(() => {
  /* fire events that update state */
});
/* assert on the output */

This ensures that you're testing the behavior the user would see in the browser. Learn more at https://reactjs.org/link/wrap-tests-with-act
    at DealingAnimation (/home/jin/guozha-poker-game/src/components/game/DealingAnimation.tsx:28:3)
Warning: An update to DealingAnimation inside a test was not wrapped in act(...).

When testing, code that causes React state updates should be wrapped into act(...):

act(() => {
  /* fire events that update state */
});
/* assert on the output */

This ensures that you're testing the behavior the user would see in the browser. Learn more at https://reactjs.org/link/wrap-tests-with-act
    at DealingAnimation (/home/jin/guozha-poker-game/src/components/game/DealingAnimation.tsx:28:3)

stderr | tests/dealingAnimation.test.ts > 发牌动画组件 > 发牌完成后应该调用 onComplete
Warning: An update to DealingAnimation inside a test was not wrapped in act(...).

When testing, code that causes React state updates should be wrapped into act(...):

act(() => {
  /* fire events that update state */
});
/* assert on the output */

This ensures that you're testing the behavior the user would see in the browser. Learn more at https://reactjs.org/link/wrap-tests-with-act
    at DealingAnimation (/home/jin/guozha-poker-game/src/components/game/DealingAnimation.tsx:28:3)
Warning: An update to DealingAnimation inside a test was not wrapped in act(...).

When testing, code that causes React state updates should be wrapped into act(...):

act(() => {
  /* fire events that update state */
});
/* assert on the output */

This ensures that you're testing the behavior the user would see in the browser. Learn more at https://reactjs.org/link/wrap-tests-with-act
    at DealingAnimation (/home/jin/guozha-poker-game/src/components/game/DealingAnimation.tsx:28:3)

stderr | tests/dealingAnimation.test.ts > 发牌动画组件 > 发牌完成后应该调用 onComplete
Warning: An update to DealingAnimation inside a test was not wrapped in act(...).

When testing, code that causes React state updates should be wrapped into act(...):

act(() => {
  /* fire events that update state */
});
/* assert on the output */

This ensures that you're testing the behavior the user would see in the browser. Learn more at https://reactjs.org/link/wrap-tests-with-act
    at DealingAnimation (/home/jin/guozha-poker-game/src/components/game/DealingAnimation.tsx:28:3)
Warning: An update to DealingAnimation inside a test was not wrapped in act(...).

When testing, code that causes React state updates should be wrapped into act(...):

act(() => {
  /* fire events that update state */
});
/* assert on the output */

This ensures that you're testing the behavior the user would see in the browser. Learn more at https://reactjs.org/link/wrap-tests-with-act
    at DealingAnimation (/home/jin/guozha-poker-game/src/components/game/DealingAnimation.tsx:28:3)

stderr | tests/dealingAnimation.test.ts > 发牌动画组件 > 发牌完成后应该调用 onComplete
Warning: An update to DealingAnimation inside a test was not wrapped in act(...).

When testing, code that causes React state updates should be wrapped into act(...):

act(() => {
  /* fire events that update state */
});
/* assert on the output */

This ensures that you're testing the behavior the user would see in the browser. Learn more at https://reactjs.org/link/wrap-tests-with-act
    at DealingAnimation (/home/jin/guozha-poker-game/src/components/game/DealingAnimation.tsx:28:3)
Warning: An update to DealingAnimation inside a test was not wrapped in act(...).

When testing, code that causes React state updates should be wrapped into act(...):

act(() => {
  /* fire events that update state */
});
/* assert on the output */

This ensures that you're testing the behavior the user would see in the browser. Learn more at https://reactjs.org/link/wrap-tests-with-act
    at DealingAnimation (/home/jin/guozha-poker-game/src/components/game/DealingAnimation.tsx:28:3)

stderr | tests/dealingAnimation.test.ts > 发牌动画组件 > 发牌完成后应该调用 onComplete
Warning: An update to DealingAnimation inside a test was not wrapped in act(...).

When testing, code that causes React state updates should be wrapped into act(...):

act(() => {
  /* fire events that update state */
});
/* assert on the output */

This ensures that you're testing the behavior the user would see in the browser. Learn more at https://reactjs.org/link/wrap-tests-with-act
    at DealingAnimation (/home/jin/guozha-poker-game/src/components/game/DealingAnimation.tsx:28:3)
Warning: An update to DealingAnimation inside a test was not wrapped in act(...).

When testing, code that causes React state updates should be wrapped into act(...):

act(() => {
  /* fire events that update state */
});
/* assert on the output */

This ensures that you're testing the behavior the user would see in the browser. Learn more at https://reactjs.org/link/wrap-tests-with-act
    at DealingAnimation (/home/jin/guozha-poker-game/src/components/game/DealingAnimation.tsx:28:3)

stderr | tests/dealingAnimation.test.ts > 发牌动画组件 > 发牌完成后应该调用 onComplete
Warning: An update to DealingAnimation inside a test was not wrapped in act(...).

When testing, code that causes React state updates should be wrapped into act(...):

act(() => {
  /* fire events that update state */
});
/* assert on the output */

This ensures that you're testing the behavior the user would see in the browser. Learn more at https://reactjs.org/link/wrap-tests-with-act
    at DealingAnimation (/home/jin/guozha-poker-game/src/components/game/DealingAnimation.tsx:28:3)
Warning: An update to DealingAnimation inside a test was not wrapped in act(...).

When testing, code that causes React state updates should be wrapped into act(...):

act(() => {
  /* fire events that update state */
});
/* assert on the output */

This ensures that you're testing the behavior the user would see in the browser. Learn more at https://reactjs.org/link/wrap-tests-with-act
    at DealingAnimation (/home/jin/guozha-poker-game/src/components/game/DealingAnimation.tsx:28:3)

stderr | tests/dealingAnimation.test.ts > 发牌动画组件 > 发牌完成后应该调用 onComplete
Warning: An update to DealingAnimation inside a test was not wrapped in act(...).

When testing, code that causes React state updates should be wrapped into act(...):

act(() => {
  /* fire events that update state */
});
/* assert on the output */

This ensures that you're testing the behavior the user would see in the browser. Learn more at https://reactjs.org/link/wrap-tests-with-act
    at DealingAnimation (/home/jin/guozha-poker-game/src/components/game/DealingAnimation.tsx:28:3)
Warning: An update to DealingAnimation inside a test was not wrapped in act(...).

When testing, code that causes React state updates should be wrapped into act(...):

act(() => {
  /* fire events that update state */
});
/* assert on the output */

This ensures that you're testing the behavior the user would see in the browser. Learn more at https://reactjs.org/link/wrap-tests-with-act
    at DealingAnimation (/home/jin/guozha-poker-game/src/components/game/DealingAnimation.tsx:28:3)

stderr | tests/dealingAnimation.test.ts > 发牌动画组件 > 发牌完成后应该调用 onComplete
Warning: An update to DealingAnimation inside a test was not wrapped in act(...).

When testing, code that causes React state updates should be wrapped into act(...):

act(() => {
  /* fire events that update state */
});
/* assert on the output */

This ensures that you're testing the behavior the user would see in the browser. Learn more at https://reactjs.org/link/wrap-tests-with-act
    at DealingAnimation (/home/jin/guozha-poker-game/src/components/game/DealingAnimation.tsx:28:3)
Warning: An update to DealingAnimation inside a test was not wrapped in act(...).

When testing, code that causes React state updates should be wrapped into act(...):

act(() => {
  /* fire events that update state */
});
/* assert on the output */

This ensures that you're testing the behavior the user would see in the browser. Learn more at https://reactjs.org/link/wrap-tests-with-act
    at DealingAnimation (/home/jin/guozha-poker-game/src/components/game/DealingAnimation.tsx:28:3)

stderr | tests/dealingAnimation.test.ts > 发牌动画组件 > 发牌完成后应该调用 onComplete
Warning: An update to DealingAnimation inside a test was not wrapped in act(...).

When testing, code that causes React state updates should be wrapped into act(...):

act(() => {
  /* fire events that update state */
});
/* assert on the output */

This ensures that you're testing the behavior the user would see in the browser. Learn more at https://reactjs.org/link/wrap-tests-with-act
    at DealingAnimation (/home/jin/guozha-poker-game/src/components/game/DealingAnimation.tsx:28:3)
Warning: An update to DealingAnimation inside a test was not wrapped in act(...).

When testing, code that causes React state updates should be wrapped into act(...):

act(() => {
  /* fire events that update state */
});
/* assert on the output */

This ensures that you're testing the behavior the user would see in the browser. Learn more at https://reactjs.org/link/wrap-tests-with-act
    at DealingAnimation (/home/jin/guozha-poker-game/src/components/game/DealingAnimation.tsx:28:3)

stderr | tests/dealingAnimation.test.ts > 发牌动画组件 > 发牌完成后应该调用 onComplete
Warning: An update to DealingAnimation inside a test was not wrapped in act(...).

When testing, code that causes React state updates should be wrapped into act(...):

act(() => {
  /* fire events that update state */
});
/* assert on the output */

This ensures that you're testing the behavior the user would see in the browser. Learn more at https://reactjs.org/link/wrap-tests-with-act
    at DealingAnimation (/home/jin/guozha-poker-game/src/components/game/DealingAnimation.tsx:28:3)
Warning: An update to DealingAnimation inside a test was not wrapped in act(...).

When testing, code that causes React state updates should be wrapped into act(...):

act(() => {
  /* fire events that update state */
});
/* assert on the output */

This ensures that you're testing the behavior the user would see in the browser. Learn more at https://reactjs.org/link/wrap-tests-with-act
    at DealingAnimation (/home/jin/guozha-poker-game/src/components/game/DealingAnimation.tsx:28:3)

stderr | tests/dealingAnimation.test.ts > 发牌动画组件 > 发牌完成后应该调用 onComplete
Warning: An update to DealingAnimation inside a test was not wrapped in act(...).

When testing, code that causes React state updates should be wrapped into act(...):

act(() => {
  /* fire events that update state */
});
/* assert on the output */

This ensures that you're testing the behavior the user would see in the browser. Learn more at https://reactjs.org/link/wrap-tests-with-act
    at DealingAnimation (/home/jin/guozha-poker-game/src/components/game/DealingAnimation.tsx:28:3)
Warning: An update to DealingAnimation inside a test was not wrapped in act(...).

When testing, code that causes React state updates should be wrapped into act(...):

act(() => {
  /* fire events that update state */
});
/* assert on the output */

This ensures that you're testing the behavior the user would see in the browser. Learn more at https://reactjs.org/link/wrap-tests-with-act
    at DealingAnimation (/home/jin/guozha-poker-game/src/components/game/DealingAnimation.tsx:28:3)

stderr | tests/dealingAnimation.test.ts > 发牌动画组件 > 发牌完成后应该调用 onComplete
Warning: An update to DealingAnimation inside a test was not wrapped in act(...).

When testing, code that causes React state updates should be wrapped into act(...):

act(() => {
  /* fire events that update state */
});
/* assert on the output */

This ensures that you're testing the behavior the user would see in the browser. Learn more at https://reactjs.org/link/wrap-tests-with-act
    at DealingAnimation (/home/jin/guozha-poker-game/src/components/game/DealingAnimation.tsx:28:3)
Warning: An update to DealingAnimation inside a test was not wrapped in act(...).

When testing, code that causes React state updates should be wrapped into act(...):

act(() => {
  /* fire events that update state */
});
/* assert on the output */

This ensures that you're testing the behavior the user would see in the browser. Learn more at https://reactjs.org/link/wrap-tests-with-act
    at DealingAnimation (/home/jin/guozha-poker-game/src/components/game/DealingAnimation.tsx:28:3)

stderr | tests/dealingAnimation.test.ts > 发牌动画组件 > 发牌完成后应该调用 onComplete
Warning: An update to DealingAnimation inside a test was not wrapped in act(...).

When testing, code that causes React state updates should be wrapped into act(...):

act(() => {
  /* fire events that update state */
});
/* assert on the output */

This ensures that you're testing the behavior the user would see in the browser. Learn more at https://reactjs.org/link/wrap-tests-with-act
    at DealingAnimation (/home/jin/guozha-poker-game/src/components/game/DealingAnimation.tsx:28:3)
Warning: An update to DealingAnimation inside a test was not wrapped in act(...).

When testing, code that causes React state updates should be wrapped into act(...):

act(() => {
  /* fire events that update state */
});
/* assert on the output */

This ensures that you're testing the behavior the user would see in the browser. Learn more at https://reactjs.org/link/wrap-tests-with-act
    at DealingAnimation (/home/jin/guozha-poker-game/src/components/game/DealingAnimation.tsx:28:3)

stderr | tests/dealingAnimation.test.ts > 发牌动画组件 > 发牌完成后应该调用 onComplete
Warning: An update to DealingAnimation inside a test was not wrapped in act(...).

When testing, code that causes React state updates should be wrapped into act(...):

act(() => {
  /* fire events that update state */
});
/* assert on the output */

This ensures that you're testing the behavior the user would see in the browser. Learn more at https://reactjs.org/link/wrap-tests-with-act
    at DealingAnimation (/home/jin/guozha-poker-game/src/components/game/DealingAnimation.tsx:28:3)
Warning: An update to DealingAnimation inside a test was not wrapped in act(...).

When testing, code that causes React state updates should be wrapped into act(...):

act(() => {
  /* fire events that update state */
});
/* assert on the output */

This ensures that you're testing the behavior the user would see in the browser. Learn more at https://reactjs.org/link/wrap-tests-with-act
    at DealingAnimation (/home/jin/guozha-poker-game/src/components/game/DealingAnimation.tsx:28:3)

stderr | tests/dealingAnimation.test.ts > 发牌动画组件 > 发牌完成后应该调用 onComplete
Warning: An update to DealingAnimation inside a test was not wrapped in act(...).

When testing, code that causes React state updates should be wrapped into act(...):

act(() => {
  /* fire events that update state */
});
/* assert on the output */

This ensures that you're testing the behavior the user would see in the browser. Learn more at https://reactjs.org/link/wrap-tests-with-act
    at DealingAnimation (/home/jin/guozha-poker-game/src/components/game/DealingAnimation.tsx:28:3)
Warning: An update to DealingAnimation inside a test was not wrapped in act(...).

When testing, code that causes React state updates should be wrapped into act(...):

act(() => {
  /* fire events that update state */
});
/* assert on the output */

This ensures that you're testing the behavior the user would see in the browser. Learn more at https://reactjs.org/link/wrap-tests-with-act
    at DealingAnimation (/home/jin/guozha-poker-game/src/components/game/DealingAnimation.tsx:28:3)

stderr | tests/dealingAnimation.test.ts > 发牌动画组件 > 发牌完成后应该调用 onComplete
Warning: An update to DealingAnimation inside a test was not wrapped in act(...).

When testing, code that causes React state updates should be wrapped into act(...):

act(() => {
  /* fire events that update state */
});
/* assert on the output */

This ensures that you're testing the behavior the user would see in the browser. Learn more at https://reactjs.org/link/wrap-tests-with-act
    at DealingAnimation (/home/jin/guozha-poker-game/src/components/game/DealingAnimation.tsx:28:3)
Warning: An update to DealingAnimation inside a test was not wrapped in act(...).

When testing, code that causes React state updates should be wrapped into act(...):

act(() => {
  /* fire events that update state */
});
/* assert on the output */

This ensures that you're testing the behavior the user would see in the browser. Learn more at https://reactjs.org/link/wrap-tests-with-act
    at DealingAnimation (/home/jin/guozha-poker-game/src/components/game/DealingAnimation.tsx:28:3)

stderr | tests/dealingAnimation.test.ts > 发牌动画组件 > 发牌完成后应该调用 onComplete
Warning: An update to DealingAnimation inside a test was not wrapped in act(...).

When testing, code that causes React state updates should be wrapped into act(...):

act(() => {
  /* fire events that update state */
});
/* assert on the output */

This ensures that you're testing the behavior the user would see in the browser. Learn more at https://reactjs.org/link/wrap-tests-with-act
    at DealingAnimation (/home/jin/guozha-poker-game/src/components/game/DealingAnimation.tsx:28:3)
Warning: An update to DealingAnimation inside a test was not wrapped in act(...).

When testing, code that causes React state updates should be wrapped into act(...):

act(() => {
  /* fire events that update state */
});
/* assert on the output */

This ensures that you're testing the behavior the user would see in the browser. Learn more at https://reactjs.org/link/wrap-tests-with-act
    at DealingAnimation (/home/jin/guozha-poker-game/src/components/game/DealingAnimation.tsx:28:3)

stderr | tests/dealingAnimation.test.ts > 发牌动画组件 > 发牌完成后应该调用 onComplete
Warning: An update to DealingAnimation inside a test was not wrapped in act(...).

When testing, code that causes React state updates should be wrapped into act(...):

act(() => {
  /* fire events that update state */
});
/* assert on the output */

This ensures that you're testing the behavior the user would see in the browser. Learn more at https://reactjs.org/link/wrap-tests-with-act
    at DealingAnimation (/home/jin/guozha-poker-game/src/components/game/DealingAnimation.tsx:28:3)
Warning: An update to DealingAnimation inside a test was not wrapped in act(...).

When testing, code that causes React state updates should be wrapped into act(...):

act(() => {
  /* fire events that update state */
});
/* assert on the output */

This ensures that you're testing the behavior the user would see in the browser. Learn more at https://reactjs.org/link/wrap-tests-with-act
    at DealingAnimation (/home/jin/guozha-poker-game/src/components/game/DealingAnimation.tsx:28:3)

stderr | tests/dealingAnimation.test.ts > 发牌动画组件 > 发牌完成后应该调用 onComplete
Warning: An update to DealingAnimation inside a test was not wrapped in act(...).

When testing, code that causes React state updates should be wrapped into act(...):

act(() => {
  /* fire events that update state */
});
/* assert on the output */

This ensures that you're testing the behavior the user would see in the browser. Learn more at https://reactjs.org/link/wrap-tests-with-act
    at DealingAnimation (/home/jin/guozha-poker-game/src/components/game/DealingAnimation.tsx:28:3)
Warning: An update to DealingAnimation inside a test was not wrapped in act(...).

When testing, code that causes React state updates should be wrapped into act(...):

act(() => {
  /* fire events that update state */
});
/* assert on the output */

This ensures that you're testing the behavior the user would see in the browser. Learn more at https://reactjs.org/link/wrap-tests-with-act
    at DealingAnimation (/home/jin/guozha-poker-game/src/components/game/DealingAnimation.tsx:28:3)

stderr | tests/dealingAnimation.test.ts > 发牌动画组件 > 发牌完成后应该调用 onComplete
Warning: An update to DealingAnimation inside a test was not wrapped in act(...).

When testing, code that causes React state updates should be wrapped into act(...):

act(() => {
  /* fire events that update state */
});
/* assert on the output */

This ensures that you're testing the behavior the user would see in the browser. Learn more at https://reactjs.org/link/wrap-tests-with-act
    at DealingAnimation (/home/jin/guozha-poker-game/src/components/game/DealingAnimation.tsx:28:3)
Warning: An update to DealingAnimation inside a test was not wrapped in act(...).

When testing, code that causes React state updates should be wrapped into act(...):

act(() => {
  /* fire events that update state */
});
/* assert on the output */

This ensures that you're testing the behavior the user would see in the browser. Learn more at https://reactjs.org/link/wrap-tests-with-act
    at DealingAnimation (/home/jin/guozha-poker-game/src/components/game/DealingAnimation.tsx:28:3)

stderr | tests/dealingAnimation.test.ts > 发牌动画组件 > 发牌完成后应该调用 onComplete
Warning: An update to DealingAnimation inside a test was not wrapped in act(...).

When testing, code that causes React state updates should be wrapped into act(...):

act(() => {
  /* fire events that update state */
});
/* assert on the output */

This ensures that you're testing the behavior the user would see in the browser. Learn more at https://reactjs.org/link/wrap-tests-with-act
    at DealingAnimation (/home/jin/guozha-poker-game/src/components/game/DealingAnimation.tsx:28:3)
Warning: An update to DealingAnimation inside a test was not wrapped in act(...).

When testing, code that causes React state updates should be wrapped into act(...):

act(() => {
  /* fire events that update state */
});
/* assert on the output */

This ensures that you're testing the behavior the user would see in the browser. Learn more at https://reactjs.org/link/wrap-tests-with-act
    at DealingAnimation (/home/jin/guozha-poker-game/src/components/game/DealingAnimation.tsx:28:3)

stderr | tests/dealingAnimation.test.ts > 发牌动画组件 > 发牌完成后应该调用 onComplete
Warning: An update to DealingAnimation inside a test was not wrapped in act(...).

When testing, code that causes React state updates should be wrapped into act(...):

act(() => {
  /* fire events that update state */
});
/* assert on the output */

This ensures that you're testing the behavior the user would see in the browser. Learn more at https://reactjs.org/link/wrap-tests-with-act
    at DealingAnimation (/home/jin/guozha-poker-game/src/components/game/DealingAnimation.tsx:28:3)
Warning: An update to DealingAnimation inside a test was not wrapped in act(...).

When testing, code that causes React state updates should be wrapped into act(...):

act(() => {
  /* fire events that update state */
});
/* assert on the output */

This ensures that you're testing the behavior the user would see in the browser. Learn more at https://reactjs.org/link/wrap-tests-with-act
    at DealingAnimation (/home/jin/guozha-poker-game/src/components/game/DealingAnimation.tsx:28:3)

stderr | tests/dealingAnimation.test.ts > 发牌动画组件 > 发牌完成后应该调用 onComplete
Warning: An update to DealingAnimation inside a test was not wrapped in act(...).

When testing, code that causes React state updates should be wrapped into act(...):

act(() => {
  /* fire events that update state */
});
/* assert on the output */

This ensures that you're testing the behavior the user would see in the browser. Learn more at https://reactjs.org/link/wrap-tests-with-act
    at DealingAnimation (/home/jin/guozha-poker-game/src/components/game/DealingAnimation.tsx:28:3)
Warning: An update to DealingAnimation inside a test was not wrapped in act(...).

When testing, code that causes React state updates should be wrapped into act(...):

act(() => {
  /* fire events that update state */
});
/* assert on the output */

This ensures that you're testing the behavior the user would see in the browser. Learn more at https://reactjs.org/link/wrap-tests-with-act
    at DealingAnimation (/home/jin/guozha-poker-game/src/components/game/DealingAnimation.tsx:28:3)

stderr | tests/dealingAnimation.test.ts > 发牌动画组件 > 发牌完成后应该调用 onComplete
Warning: An update to DealingAnimation inside a test was not wrapped in act(...).

When testing, code that causes React state updates should be wrapped into act(...):

act(() => {
  /* fire events that update state */
});
/* assert on the output */

This ensures that you're testing the behavior the user would see in the browser. Learn more at https://reactjs.org/link/wrap-tests-with-act
    at DealingAnimation (/home/jin/guozha-poker-game/src/components/game/DealingAnimation.tsx:28:3)
Warning: An update to DealingAnimation inside a test was not wrapped in act(...).

When testing, code that causes React state updates should be wrapped into act(...):

act(() => {
  /* fire events that update state */
});
/* assert on the output */

This ensures that you're testing the behavior the user would see in the browser. Learn more at https://reactjs.org/link/wrap-tests-with-act
    at DealingAnimation (/home/jin/guozha-poker-game/src/components/game/DealingAnimation.tsx:28:3)

stderr | tests/dealingAnimation.test.ts > 发牌动画组件 > 发牌完成后应该调用 onComplete
Warning: An update to DealingAnimation inside a test was not wrapped in act(...).

When testing, code that causes React state updates should be wrapped into act(...):

act(() => {
  /* fire events that update state */
});
/* assert on the output */

This ensures that you're testing the behavior the user would see in the browser. Learn more at https://reactjs.org/link/wrap-tests-with-act
    at DealingAnimation (/home/jin/guozha-poker-game/src/components/game/DealingAnimation.tsx:28:3)
Warning: An update to DealingAnimation inside a test was not wrapped in act(...).

When testing, code that causes React state updates should be wrapped into act(...):

act(() => {
  /* fire events that update state */
});
/* assert on the output */

This ensures that you're testing the behavior the user would see in the browser. Learn more at https://reactjs.org/link/wrap-tests-with-act
    at DealingAnimation (/home/jin/guozha-poker-game/src/components/game/DealingAnimation.tsx:28:3)

stderr | tests/dealingAnimation.test.ts > 发牌动画组件 > 发牌完成后应该调用 onComplete
Warning: An update to DealingAnimation inside a test was not wrapped in act(...).

When testing, code that causes React state updates should be wrapped into act(...):

act(() => {
  /* fire events that update state */
});
/* assert on the output */

This ensures that you're testing the behavior the user would see in the browser. Learn more at https://reactjs.org/link/wrap-tests-with-act
    at DealingAnimation (/home/jin/guozha-poker-game/src/components/game/DealingAnimation.tsx:28:3)
Warning: An update to DealingAnimation inside a test was not wrapped in act(...).

When testing, code that causes React state updates should be wrapped into act(...):

act(() => {
  /* fire events that update state */
});
/* assert on the output */

This ensures that you're testing the behavior the user would see in the browser. Learn more at https://reactjs.org/link/wrap-tests-with-act
    at DealingAnimation (/home/jin/guozha-poker-game/src/components/game/DealingAnimation.tsx:28:3)

stderr | tests/dealingAnimation.test.ts > 发牌动画组件 > 发牌完成后应该调用 onComplete
Warning: An update to DealingAnimation inside a test was not wrapped in act(...).

When testing, code that causes React state updates should be wrapped into act(...):

act(() => {
  /* fire events that update state */
});
/* assert on the output */

This ensures that you're testing the behavior the user would see in the browser. Learn more at https://reactjs.org/link/wrap-tests-with-act
    at DealingAnimation (/home/jin/guozha-poker-game/src/components/game/DealingAnimation.tsx:28:3)
Warning: An update to DealingAnimation inside a test was not wrapped in act(...).

When testing, code that causes React state updates should be wrapped into act(...):

act(() => {
  /* fire events that update state */
});
/* assert on the output */

This ensures that you're testing the behavior the user would see in the browser. Learn more at https://reactjs.org/link/wrap-tests-with-act
    at DealingAnimation (/home/jin/guozha-poker-game/src/components/game/DealingAnimation.tsx:28:3)

stderr | tests/dealingAnimation.test.ts > 发牌动画组件 > 发牌完成后应该调用 onComplete
Warning: An update to DealingAnimation inside a test was not wrapped in act(...).

When testing, code that causes React state updates should be wrapped into act(...):

act(() => {
  /* fire events that update state */
});
/* assert on the output */

This ensures that you're testing the behavior the user would see in the browser. Learn more at https://reactjs.org/link/wrap-tests-with-act
    at DealingAnimation (/home/jin/guozha-poker-game/src/components/game/DealingAnimation.tsx:28:3)
Warning: An update to DealingAnimation inside a test was not wrapped in act(...).

When testing, code that causes React state updates should be wrapped into act(...):

act(() => {
  /* fire events that update state */
});
/* assert on the output */

This ensures that you're testing the behavior the user would see in the browser. Learn more at https://reactjs.org/link/wrap-tests-with-act
    at DealingAnimation (/home/jin/guozha-poker-game/src/components/game/DealingAnimation.tsx:28:3)

stderr | tests/dealingAnimation.test.ts > 发牌动画组件 > 发牌完成后应该调用 onComplete
Warning: An update to DealingAnimation inside a test was not wrapped in act(...).

When testing, code that causes React state updates should be wrapped into act(...):

act(() => {
  /* fire events that update state */
});
/* assert on the output */

This ensures that you're testing the behavior the user would see in the browser. Learn more at https://reactjs.org/link/wrap-tests-with-act
    at DealingAnimation (/home/jin/guozha-poker-game/src/components/game/DealingAnimation.tsx:28:3)
Warning: An update to DealingAnimation inside a test was not wrapped in act(...).

When testing, code that causes React state updates should be wrapped into act(...):

act(() => {
  /* fire events that update state */
});
/* assert on the output */

This ensures that you're testing the behavior the user would see in the browser. Learn more at https://reactjs.org/link/wrap-tests-with-act
    at DealingAnimation (/home/jin/guozha-poker-game/src/components/game/DealingAnimation.tsx:28:3)

stderr | tests/dealingAnimation.test.ts > 发牌动画组件 > 发牌完成后应该调用 onComplete
Warning: An update to DealingAnimation inside a test was not wrapped in act(...).

When testing, code that causes React state updates should be wrapped into act(...):

act(() => {
  /* fire events that update state */
});
/* assert on the output */

This ensures that you're testing the behavior the user would see in the browser. Learn more at https://reactjs.org/link/wrap-tests-with-act
    at DealingAnimation (/home/jin/guozha-poker-game/src/components/game/DealingAnimation.tsx:28:3)
Warning: An update to DealingAnimation inside a test was not wrapped in act(...).

When testing, code that causes React state updates should be wrapped into act(...):

act(() => {
  /* fire events that update state */
});
/* assert on the output */

This ensures that you're testing the behavior the user would see in the browser. Learn more at https://reactjs.org/link/wrap-tests-with-act
    at DealingAnimation (/home/jin/guozha-poker-game/src/components/game/DealingAnimation.tsx:28:3)

stderr | tests/dealingAnimation.test.ts > 发牌动画组件 > 发牌完成后应该调用 onComplete
Warning: An update to DealingAnimation inside a test was not wrapped in act(...).

When testing, code that causes React state updates should be wrapped into act(...):

act(() => {
  /* fire events that update state */
});
/* assert on the output */

This ensures that you're testing the behavior the user would see in the browser. Learn more at https://reactjs.org/link/wrap-tests-with-act
    at DealingAnimation (/home/jin/guozha-poker-game/src/components/game/DealingAnimation.tsx:28:3)
Warning: An update to DealingAnimation inside a test was not wrapped in act(...).

When testing, code that causes React state updates should be wrapped into act(...):

act(() => {
  /* fire events that update state */
});
/* assert on the output */

This ensures that you're testing the behavior the user would see in the browser. Learn more at https://reactjs.org/link/wrap-tests-with-act
    at DealingAnimation (/home/jin/guozha-poker-game/src/components/game/DealingAnimation.tsx:28:3)

stderr | tests/dealingAnimation.test.ts > 发牌动画组件 > 发牌完成后应该调用 onComplete
Warning: An update to DealingAnimation inside a test was not wrapped in act(...).

When testing, code that causes React state updates should be wrapped into act(...):

act(() => {
  /* fire events that update state */
});
/* assert on the output */

This ensures that you're testing the behavior the user would see in the browser. Learn more at https://reactjs.org/link/wrap-tests-with-act
    at DealingAnimation (/home/jin/guozha-poker-game/src/components/game/DealingAnimation.tsx:28:3)
Warning: An update to DealingAnimation inside a test was not wrapped in act(...).

When testing, code that causes React state updates should be wrapped into act(...):

act(() => {
  /* fire events that update state */
});
/* assert on the output */

This ensures that you're testing the behavior the user would see in the browser. Learn more at https://reactjs.org/link/wrap-tests-with-act
    at DealingAnimation (/home/jin/guozha-poker-game/src/components/game/DealingAnimation.tsx:28:3)

stderr | tests/dealingAnimation.test.ts > 发牌动画组件 > 发牌完成后应该调用 onComplete
Warning: An update to DealingAnimation inside a test was not wrapped in act(...).

When testing, code that causes React state updates should be wrapped into act(...):

act(() => {
  /* fire events that update state */
});
/* assert on the output */

This ensures that you're testing the behavior the user would see in the browser. Learn more at https://reactjs.org/link/wrap-tests-with-act
    at DealingAnimation (/home/jin/guozha-poker-game/src/components/game/DealingAnimation.tsx:28:3)
Warning: An update to DealingAnimation inside a test was not wrapped in act(...).

When testing, code that causes React state updates should be wrapped into act(...):

act(() => {
  /* fire events that update state */
});
/* assert on the output */

This ensures that you're testing the behavior the user would see in the browser. Learn more at https://reactjs.org/link/wrap-tests-with-act
    at DealingAnimation (/home/jin/guozha-poker-game/src/components/game/DealingAnimation.tsx:28:3)

stderr | tests/dealingAnimation.test.ts > 发牌动画组件 > 发牌完成后应该调用 onComplete
Warning: An update to DealingAnimation inside a test was not wrapped in act(...).

When testing, code that causes React state updates should be wrapped into act(...):

act(() => {
  /* fire events that update state */
});
/* assert on the output */

This ensures that you're testing the behavior the user would see in the browser. Learn more at https://reactjs.org/link/wrap-tests-with-act
    at DealingAnimation (/home/jin/guozha-poker-game/src/components/game/DealingAnimation.tsx:28:3)
Warning: An update to DealingAnimation inside a test was not wrapped in act(...).

When testing, code that causes React state updates should be wrapped into act(...):

act(() => {
  /* fire events that update state */
});
/* assert on the output */

This ensures that you're testing the behavior the user would see in the browser. Learn more at https://reactjs.org/link/wrap-tests-with-act
    at DealingAnimation (/home/jin/guozha-poker-game/src/components/game/DealingAnimation.tsx:28:3)

stderr | tests/dealingAnimation.test.ts > 发牌动画组件 > 发牌完成后应该调用 onComplete
Warning: An update to DealingAnimation inside a test was not wrapped in act(...).

When testing, code that causes React state updates should be wrapped into act(...):

act(() => {
  /* fire events that update state */
});
/* assert on the output */

This ensures that you're testing the behavior the user would see in the browser. Learn more at https://reactjs.org/link/wrap-tests-with-act
    at DealingAnimation (/home/jin/guozha-poker-game/src/components/game/DealingAnimation.tsx:28:3)
Warning: An update to DealingAnimation inside a test was not wrapped in act(...).

When testing, code that causes React state updates should be wrapped into act(...):

act(() => {
  /* fire events that update state */
});
/* assert on the output */

This ensures that you're testing the behavior the user would see in the browser. Learn more at https://reactjs.org/link/wrap-tests-with-act
    at DealingAnimation (/home/jin/guozha-poker-game/src/components/game/DealingAnimation.tsx:28:3)

stderr | tests/dealingAnimation.test.ts > 发牌动画组件 > 发牌完成后应该调用 onComplete
Warning: An update to DealingAnimation inside a test was not wrapped in act(...).

When testing, code that causes React state updates should be wrapped into act(...):

act(() => {
  /* fire events that update state */
});
/* assert on the output */

This ensures that you're testing the behavior the user would see in the browser. Learn more at https://reactjs.org/link/wrap-tests-with-act
    at DealingAnimation (/home/jin/guozha-poker-game/src/components/game/DealingAnimation.tsx:28:3)
Warning: An update to DealingAnimation inside a test was not wrapped in act(...).

When testing, code that causes React state updates should be wrapped into act(...):

act(() => {
  /* fire events that update state */
});
/* assert on the output */

This ensures that you're testing the behavior the user would see in the browser. Learn more at https://reactjs.org/link/wrap-tests-with-act
    at DealingAnimation (/home/jin/guozha-poker-game/src/components/game/DealingAnimation.tsx:28:3)

stderr | tests/dealingAnimation.test.ts > 发牌动画组件 > 发牌完成后应该调用 onComplete
Warning: An update to DealingAnimation inside a test was not wrapped in act(...).

When testing, code that causes React state updates should be wrapped into act(...):

act(() => {
  /* fire events that update state */
});
/* assert on the output */

This ensures that you're testing the behavior the user would see in the browser. Learn more at https://reactjs.org/link/wrap-tests-with-act
    at DealingAnimation (/home/jin/guozha-poker-game/src/components/game/DealingAnimation.tsx:28:3)
Warning: An update to DealingAnimation inside a test was not wrapped in act(...).

When testing, code that causes React state updates should be wrapped into act(...):

act(() => {
  /* fire events that update state */
});
/* assert on the output */

This ensures that you're testing the behavior the user would see in the browser. Learn more at https://reactjs.org/link/wrap-tests-with-act
    at DealingAnimation (/home/jin/guozha-poker-game/src/components/game/DealingAnimation.tsx:28:3)

stderr | tests/dealingAnimation.test.ts > 发牌动画组件 > 发牌完成后应该调用 onComplete
Warning: An update to DealingAnimation inside a test was not wrapped in act(...).

When testing, code that causes React state updates should be wrapped into act(...):

act(() => {
  /* fire events that update state */
});
/* assert on the output */

This ensures that you're testing the behavior the user would see in the browser. Learn more at https://reactjs.org/link/wrap-tests-with-act
    at DealingAnimation (/home/jin/guozha-poker-game/src/components/game/DealingAnimation.tsx:28:3)
Warning: An update to DealingAnimation inside a test was not wrapped in act(...).

When testing, code that causes React state updates should be wrapped into act(...):

act(() => {
  /* fire events that update state */
});
/* assert on the output */

This ensures that you're testing the behavior the user would see in the browser. Learn more at https://reactjs.org/link/wrap-tests-with-act
    at DealingAnimation (/home/jin/guozha-poker-game/src/components/game/DealingAnimation.tsx:28:3)

stderr | tests/dealingAnimation.test.ts > 发牌动画组件 > 发牌完成后应该调用 onComplete
Warning: An update to DealingAnimation inside a test was not wrapped in act(...).

When testing, code that causes React state updates should be wrapped into act(...):

act(() => {
  /* fire events that update state */
});
/* assert on the output */

This ensures that you're testing the behavior the user would see in the browser. Learn more at https://reactjs.org/link/wrap-tests-with-act
    at DealingAnimation (/home/jin/guozha-poker-game/src/components/game/DealingAnimation.tsx:28:3)
Warning: An update to DealingAnimation inside a test was not wrapped in act(...).

When testing, code that causes React state updates should be wrapped into act(...):

act(() => {
  /* fire events that update state */
});
/* assert on the output */

This ensures that you're testing the behavior the user would see in the browser. Learn more at https://reactjs.org/link/wrap-tests-with-act
    at DealingAnimation (/home/jin/guozha-poker-game/src/components/game/DealingAnimation.tsx:28:3)

stderr | tests/dealingAnimation.test.ts > 发牌动画组件 > 发牌完成后应该调用 onComplete
Warning: An update to DealingAnimation inside a test was not wrapped in act(...).

When testing, code that causes React state updates should be wrapped into act(...):

act(() => {
  /* fire events that update state */
});
/* assert on the output */

This ensures that you're testing the behavior the user would see in the browser. Learn more at https://reactjs.org/link/wrap-tests-with-act
    at DealingAnimation (/home/jin/guozha-poker-game/src/components/game/DealingAnimation.tsx:28:3)
Warning: An update to DealingAnimation inside a test was not wrapped in act(...).

When testing, code that causes React state updates should be wrapped into act(...):

act(() => {
  /* fire events that update state */
});
/* assert on the output */

This ensures that you're testing the behavior the user would see in the browser. Learn more at https://reactjs.org/link/wrap-tests-with-act
    at DealingAnimation (/home/jin/guozha-poker-game/src/components/game/DealingAnimation.tsx:28:3)

stderr | tests/dealingAnimation.test.ts > 发牌动画组件 > 发牌完成后应该调用 onComplete
Warning: An update to DealingAnimation inside a test was not wrapped in act(...).

When testing, code that causes React state updates should be wrapped into act(...):

act(() => {
  /* fire events that update state */
});
/* assert on the output */

This ensures that you're testing the behavior the user would see in the browser. Learn more at https://reactjs.org/link/wrap-tests-with-act
    at DealingAnimation (/home/jin/guozha-poker-game/src/components/game/DealingAnimation.tsx:28:3)
Warning: An update to DealingAnimation inside a test was not wrapped in act(...).

When testing, code that causes React state updates should be wrapped into act(...):

act(() => {
  /* fire events that update state */
});
/* assert on the output */

This ensures that you're testing the behavior the user would see in the browser. Learn more at https://reactjs.org/link/wrap-tests-with-act
    at DealingAnimation (/home/jin/guozha-poker-game/src/components/game/DealingAnimation.tsx:28:3)

stderr | tests/dealingAnimation.test.ts > 发牌动画组件 > 发牌完成后应该调用 onComplete
Warning: An update to DealingAnimation inside a test was not wrapped in act(...).

When testing, code that causes React state updates should be wrapped into act(...):

act(() => {
  /* fire events that update state */
});
/* assert on the output */

This ensures that you're testing the behavior the user would see in the browser. Learn more at https://reactjs.org/link/wrap-tests-with-act
    at DealingAnimation (/home/jin/guozha-poker-game/src/components/game/DealingAnimation.tsx:28:3)
Warning: An update to DealingAnimation inside a test was not wrapped in act(...).

When testing, code that causes React state updates should be wrapped into act(...):

act(() => {
  /* fire events that update state */
});
/* assert on the output */

This ensures that you're testing the behavior the user would see in the browser. Learn more at https://reactjs.org/link/wrap-tests-with-act
    at DealingAnimation (/home/jin/guozha-poker-game/src/components/game/DealingAnimation.tsx:28:3)

stderr | tests/dealingAnimation.test.ts > 发牌动画组件 > 发牌完成后应该调用 onComplete
Warning: An update to DealingAnimation inside a test was not wrapped in act(...).

When testing, code that causes React state updates should be wrapped into act(...):

act(() => {
  /* fire events that update state */
});
/* assert on the output */

This ensures that you're testing the behavior the user would see in the browser. Learn more at https://reactjs.org/link/wrap-tests-with-act
    at DealingAnimation (/home/jin/guozha-poker-game/src/components/game/DealingAnimation.tsx:28:3)
Warning: An update to DealingAnimation inside a test was not wrapped in act(...).

When testing, code that causes React state updates should be wrapped into act(...):

act(() => {
  /* fire events that update state */
});
/* assert on the output */

This ensures that you're testing the behavior the user would see in the browser. Learn more at https://reactjs.org/link/wrap-tests-with-act
    at DealingAnimation (/home/jin/guozha-poker-game/src/components/game/DealingAnimation.tsx:28:3)

stderr | tests/dealingAnimation.test.ts > 发牌动画组件 > 发牌完成后应该调用 onComplete
Warning: An update to DealingAnimation inside a test was not wrapped in act(...).

When testing, code that causes React state updates should be wrapped into act(...):

act(() => {
  /* fire events that update state */
});
/* assert on the output */

This ensures that you're testing the behavior the user would see in the browser. Learn more at https://reactjs.org/link/wrap-tests-with-act
    at DealingAnimation (/home/jin/guozha-poker-game/src/components/game/DealingAnimation.tsx:28:3)
Warning: An update to DealingAnimation inside a test was not wrapped in act(...).

When testing, code that causes React state updates should be wrapped into act(...):

act(() => {
  /* fire events that update state */
});
/* assert on the output */

This ensures that you're testing the behavior the user would see in the browser. Learn more at https://reactjs.org/link/wrap-tests-with-act
    at DealingAnimation (/home/jin/guozha-poker-game/src/components/game/DealingAnimation.tsx:28:3)

stderr | tests/dealingAnimation.test.ts > 发牌动画组件 > 发牌完成后应该调用 onComplete
Warning: An update to DealingAnimation inside a test was not wrapped in act(...).

When testing, code that causes React state updates should be wrapped into act(...):

act(() => {
  /* fire events that update state */
});
/* assert on the output */

This ensures that you're testing the behavior the user would see in the browser. Learn more at https://reactjs.org/link/wrap-tests-with-act
    at DealingAnimation (/home/jin/guozha-poker-game/src/components/game/DealingAnimation.tsx:28:3)
Warning: An update to DealingAnimation inside a test was not wrapped in act(...).

When testing, code that causes React state updates should be wrapped into act(...):

act(() => {
  /* fire events that update state */
});
/* assert on the output */

This ensures that you're testing the behavior the user would see in the browser. Learn more at https://reactjs.org/link/wrap-tests-with-act
    at DealingAnimation (/home/jin/guozha-poker-game/src/components/game/DealingAnimation.tsx:28:3)

stderr | tests/dealingAnimation.test.ts > 发牌动画组件 > 发牌完成后应该调用 onComplete
Warning: An update to DealingAnimation inside a test was not wrapped in act(...).

When testing, code that causes React state updates should be wrapped into act(...):

act(() => {
  /* fire events that update state */
});
/* assert on the output */

This ensures that you're testing the behavior the user would see in the browser. Learn more at https://reactjs.org/link/wrap-tests-with-act
    at DealingAnimation (/home/jin/guozha-poker-game/src/components/game/DealingAnimation.tsx:28:3)
Warning: An update to DealingAnimation inside a test was not wrapped in act(...).

When testing, code that causes React state updates should be wrapped into act(...):

act(() => {
  /* fire events that update state */
});
/* assert on the output */

This ensures that you're testing the behavior the user would see in the browser. Learn more at https://reactjs.org/link/wrap-tests-with-act
    at DealingAnimation (/home/jin/guozha-poker-game/src/components/game/DealingAnimation.tsx:28:3)

stderr | tests/dealingAnimation.test.ts > 发牌动画组件 > 发牌完成后应该调用 onComplete
Warning: An update to DealingAnimation inside a test was not wrapped in act(...).

When testing, code that causes React state updates should be wrapped into act(...):

act(() => {
  /* fire events that update state */
});
/* assert on the output */

This ensures that you're testing the behavior the user would see in the browser. Learn more at https://reactjs.org/link/wrap-tests-with-act
    at DealingAnimation (/home/jin/guozha-poker-game/src/components/game/DealingAnimation.tsx:28:3)
Warning: An update to DealingAnimation inside a test was not wrapped in act(...).

When testing, code that causes React state updates should be wrapped into act(...):

act(() => {
  /* fire events that update state */
});
/* assert on the output */

This ensures that you're testing the behavior the user would see in the browser. Learn more at https://reactjs.org/link/wrap-tests-with-act
    at DealingAnimation (/home/jin/guozha-poker-game/src/components/game/DealingAnimation.tsx:28:3)

stderr | tests/dealingAnimation.test.ts > 发牌动画组件 > 发牌完成后应该调用 onComplete
Warning: An update to DealingAnimation inside a test was not wrapped in act(...).

When testing, code that causes React state updates should be wrapped into act(...):

act(() => {
  /* fire events that update state */
});
/* assert on the output */

This ensures that you're testing the behavior the user would see in the browser. Learn more at https://reactjs.org/link/wrap-tests-with-act
    at DealingAnimation (/home/jin/guozha-poker-game/src/components/game/DealingAnimation.tsx:28:3)
Warning: An update to DealingAnimation inside a test was not wrapped in act(...).

When testing, code that causes React state updates should be wrapped into act(...):

act(() => {
  /* fire events that update state */
});
/* assert on the output */

This ensures that you're testing the behavior the user would see in the browser. Learn more at https://reactjs.org/link/wrap-tests-with-act
    at DealingAnimation (/home/jin/guozha-poker-game/src/components/game/DealingAnimation.tsx:28:3)

stderr | tests/dealingAnimation.test.ts > 发牌动画组件 > 发牌完成后应该调用 onComplete
Warning: An update to DealingAnimation inside a test was not wrapped in act(...).

When testing, code that causes React state updates should be wrapped into act(...):

act(() => {
  /* fire events that update state */
});
/* assert on the output */

This ensures that you're testing the behavior the user would see in the browser. Learn more at https://reactjs.org/link/wrap-tests-with-act
    at DealingAnimation (/home/jin/guozha-poker-game/src/components/game/DealingAnimation.tsx:28:3)
Warning: An update to DealingAnimation inside a test was not wrapped in act(...).

When testing, code that causes React state updates should be wrapped into act(...):

act(() => {
  /* fire events that update state */
});
/* assert on the output */

This ensures that you're testing the behavior the user would see in the browser. Learn more at https://reactjs.org/link/wrap-tests-with-act
    at DealingAnimation (/home/jin/guozha-poker-game/src/components/game/DealingAnimation.tsx:28:3)

stderr | tests/dealingAnimation.test.ts > 发牌动画组件 > 发牌完成后应该调用 onComplete
Warning: An update to DealingAnimation inside a test was not wrapped in act(...).

When testing, code that causes React state updates should be wrapped into act(...):

act(() => {
  /* fire events that update state */
});
/* assert on the output */

This ensures that you're testing the behavior the user would see in the browser. Learn more at https://reactjs.org/link/wrap-tests-with-act
    at DealingAnimation (/home/jin/guozha-poker-game/src/components/game/DealingAnimation.tsx:28:3)
Warning: An update to DealingAnimation inside a test was not wrapped in act(...).

When testing, code that causes React state updates should be wrapped into act(...):

act(() => {
  /* fire events that update state */
});
/* assert on the output */

This ensures that you're testing the behavior the user would see in the browser. Learn more at https://reactjs.org/link/wrap-tests-with-act
    at DealingAnimation (/home/jin/guozha-poker-game/src/components/game/DealingAnimation.tsx:28:3)

stderr | tests/dealingAnimation.test.ts > 发牌动画组件 > 发牌完成后应该调用 onComplete
Warning: An update to DealingAnimation inside a test was not wrapped in act(...).

When testing, code that causes React state updates should be wrapped into act(...):

act(() => {
  /* fire events that update state */
});
/* assert on the output */

This ensures that you're testing the behavior the user would see in the browser. Learn more at https://reactjs.org/link/wrap-tests-with-act
    at DealingAnimation (/home/jin/guozha-poker-game/src/components/game/DealingAnimation.tsx:28:3)
Warning: An update to DealingAnimation inside a test was not wrapped in act(...).

When testing, code that causes React state updates should be wrapped into act(...):

act(() => {
  /* fire events that update state */
});
/* assert on the output */

This ensures that you're testing the behavior the user would see in the browser. Learn more at https://reactjs.org/link/wrap-tests-with-act
    at DealingAnimation (/home/jin/guozha-poker-game/src/components/game/DealingAnimation.tsx:28:3)

stderr | tests/dealingAnimation.test.ts > 发牌动画组件 > 发牌完成后应该调用 onComplete
Warning: An update to DealingAnimation inside a test was not wrapped in act(...).

When testing, code that causes React state updates should be wrapped into act(...):

act(() => {
  /* fire events that update state */
});
/* assert on the output */

This ensures that you're testing the behavior the user would see in the browser. Learn more at https://reactjs.org/link/wrap-tests-with-act
    at DealingAnimation (/home/jin/guozha-poker-game/src/components/game/DealingAnimation.tsx:28:3)
Warning: An update to DealingAnimation inside a test was not wrapped in act(...).

When testing, code that causes React state updates should be wrapped into act(...):

act(() => {
  /* fire events that update state */
});
/* assert on the output */

This ensures that you're testing the behavior the user would see in the browser. Learn more at https://reactjs.org/link/wrap-tests-with-act
    at DealingAnimation (/home/jin/guozha-poker-game/src/components/game/DealingAnimation.tsx:28:3)

stderr | tests/dealingAnimation.test.ts > 发牌动画组件 > 发牌完成后应该调用 onComplete
Warning: An update to DealingAnimation inside a test was not wrapped in act(...).

When testing, code that causes React state updates should be wrapped into act(...):

act(() => {
  /* fire events that update state */
});
/* assert on the output */

This ensures that you're testing the behavior the user would see in the browser. Learn more at https://reactjs.org/link/wrap-tests-with-act
    at DealingAnimation (/home/jin/guozha-poker-game/src/components/game/DealingAnimation.tsx:28:3)
Warning: An update to DealingAnimation inside a test was not wrapped in act(...).

When testing, code that causes React state updates should be wrapped into act(...):

act(() => {
  /* fire events that update state */
});
/* assert on the output */

This ensures that you're testing the behavior the user would see in the browser. Learn more at https://reactjs.org/link/wrap-tests-with-act
    at DealingAnimation (/home/jin/guozha-poker-game/src/components/game/DealingAnimation.tsx:28:3)

stderr | tests/dealingAnimation.test.ts > 发牌动画组件 > 发牌完成后应该调用 onComplete
Warning: An update to DealingAnimation inside a test was not wrapped in act(...).

When testing, code that causes React state updates should be wrapped into act(...):

act(() => {
  /* fire events that update state */
});
/* assert on the output */

This ensures that you're testing the behavior the user would see in the browser. Learn more at https://reactjs.org/link/wrap-tests-with-act
    at DealingAnimation (/home/jin/guozha-poker-game/src/components/game/DealingAnimation.tsx:28:3)
Warning: An update to DealingAnimation inside a test was not wrapped in act(...).

When testing, code that causes React state updates should be wrapped into act(...):

act(() => {
  /* fire events that update state */
});
/* assert on the output */

This ensures that you're testing the behavior the user would see in the browser. Learn more at https://reactjs.org/link/wrap-tests-with-act
    at DealingAnimation (/home/jin/guozha-poker-game/src/components/game/DealingAnimation.tsx:28:3)

stderr | tests/dealingAnimation.test.ts > 发牌动画组件 > 发牌完成后应该调用 onComplete
Warning: An update to DealingAnimation inside a test was not wrapped in act(...).

When testing, code that causes React state updates should be wrapped into act(...):

act(() => {
  /* fire events that update state */
});
/* assert on the output */

This ensures that you're testing the behavior the user would see in the browser. Learn more at https://reactjs.org/link/wrap-tests-with-act
    at DealingAnimation (/home/jin/guozha-poker-game/src/components/game/DealingAnimation.tsx:28:3)
Warning: An update to DealingAnimation inside a test was not wrapped in act(...).

When testing, code that causes React state updates should be wrapped into act(...):

act(() => {
  /* fire events that update state */
});
/* assert on the output */

This ensures that you're testing the behavior the user would see in the browser. Learn more at https://reactjs.org/link/wrap-tests-with-act
    at DealingAnimation (/home/jin/guozha-poker-game/src/components/game/DealingAnimation.tsx:28:3)

stderr | tests/dealingAnimation.test.ts > 发牌动画组件 > 发牌完成后应该调用 onComplete
Warning: An update to DealingAnimation inside a test was not wrapped in act(...).

When testing, code that causes React state updates should be wrapped into act(...):

act(() => {
  /* fire events that update state */
});
/* assert on the output */

This ensures that you're testing the behavior the user would see in the browser. Learn more at https://reactjs.org/link/wrap-tests-with-act
    at DealingAnimation (/home/jin/guozha-poker-game/src/components/game/DealingAnimation.tsx:28:3)
Warning: An update to DealingAnimation inside a test was not wrapped in act(...).

When testing, code that causes React state updates should be wrapped into act(...):

act(() => {
  /* fire events that update state */
});
/* assert on the output */

This ensures that you're testing the behavior the user would see in the browser. Learn more at https://reactjs.org/link/wrap-tests-with-act
    at DealingAnimation (/home/jin/guozha-poker-game/src/components/game/DealingAnimation.tsx:28:3)

stderr | tests/dealingAnimation.test.ts > 发牌动画组件 > 发牌完成后应该调用 onComplete
Warning: An update to DealingAnimation inside a test was not wrapped in act(...).

When testing, code that causes React state updates should be wrapped into act(...):

act(() => {
  /* fire events that update state */
});
/* assert on the output */

This ensures that you're testing the behavior the user would see in the browser. Learn more at https://reactjs.org/link/wrap-tests-with-act
    at DealingAnimation (/home/jin/guozha-poker-game/src/components/game/DealingAnimation.tsx:28:3)
Warning: An update to DealingAnimation inside a test was not wrapped in act(...).

When testing, code that causes React state updates should be wrapped into act(...):

act(() => {
  /* fire events that update state */
});
/* assert on the output */

This ensures that you're testing the behavior the user would see in the browser. Learn more at https://reactjs.org/link/wrap-tests-with-act
    at DealingAnimation (/home/jin/guozha-poker-game/src/components/game/DealingAnimation.tsx:28:3)

stderr | tests/dealingAnimation.test.ts > 发牌动画组件 > 发牌完成后应该调用 onComplete
Warning: An update to DealingAnimation inside a test was not wrapped in act(...).

When testing, code that causes React state updates should be wrapped into act(...):

act(() => {
  /* fire events that update state */
});
/* assert on the output */

This ensures that you're testing the behavior the user would see in the browser. Learn more at https://reactjs.org/link/wrap-tests-with-act
    at DealingAnimation (/home/jin/guozha-poker-game/src/components/game/DealingAnimation.tsx:28:3)
Warning: An update to DealingAnimation inside a test was not wrapped in act(...).

When testing, code that causes React state updates should be wrapped into act(...):

act(() => {
  /* fire events that update state */
});
/* assert on the output */

This ensures that you're testing the behavior the user would see in the browser. Learn more at https://reactjs.org/link/wrap-tests-with-act
    at DealingAnimation (/home/jin/guozha-poker-game/src/components/game/DealingAnimation.tsx:28:3)

stderr | tests/dealingAnimation.test.ts > 发牌动画组件 > 发牌完成后应该调用 onComplete
Warning: An update to DealingAnimation inside a test was not wrapped in act(...).

When testing, code that causes React state updates should be wrapped into act(...):

act(() => {
  /* fire events that update state */
});
/* assert on the output */

This ensures that you're testing the behavior the user would see in the browser. Learn more at https://reactjs.org/link/wrap-tests-with-act
    at DealingAnimation (/home/jin/guozha-poker-game/src/components/game/DealingAnimation.tsx:28:3)
Warning: An update to DealingAnimation inside a test was not wrapped in act(...).

When testing, code that causes React state updates should be wrapped into act(...):

act(() => {
  /* fire events that update state */
});
/* assert on the output */

This ensures that you're testing the behavior the user would see in the browser. Learn more at https://reactjs.org/link/wrap-tests-with-act
    at DealingAnimation (/home/jin/guozha-poker-game/src/components/game/DealingAnimation.tsx:28:3)

stderr | tests/dealingAnimation.test.ts > 发牌动画组件 > 发牌完成后应该调用 onComplete
Warning: An update to DealingAnimation inside a test was not wrapped in act(...).

When testing, code that causes React state updates should be wrapped into act(...):

act(() => {
  /* fire events that update state */
});
/* assert on the output */

This ensures that you're testing the behavior the user would see in the browser. Learn more at https://reactjs.org/link/wrap-tests-with-act
    at DealingAnimation (/home/jin/guozha-poker-game/src/components/game/DealingAnimation.tsx:28:3)
Warning: An update to DealingAnimation inside a test was not wrapped in act(...).

When testing, code that causes React state updates should be wrapped into act(...):

act(() => {
  /* fire events that update state */
});
/* assert on the output */

This ensures that you're testing the behavior the user would see in the browser. Learn more at https://reactjs.org/link/wrap-tests-with-act
    at DealingAnimation (/home/jin/guozha-poker-game/src/components/game/DealingAnimation.tsx:28:3)

stderr | tests/dealingAnimation.test.ts > 发牌动画组件 > 发牌完成后应该调用 onComplete
Warning: An update to DealingAnimation inside a test was not wrapped in act(...).

When testing, code that causes React state updates should be wrapped into act(...):

act(() => {
  /* fire events that update state */
});
/* assert on the output */

This ensures that you're testing the behavior the user would see in the browser. Learn more at https://reactjs.org/link/wrap-tests-with-act
    at DealingAnimation (/home/jin/guozha-poker-game/src/components/game/DealingAnimation.tsx:28:3)
Warning: An update to DealingAnimation inside a test was not wrapped in act(...).

When testing, code that causes React state updates should be wrapped into act(...):

act(() => {
  /* fire events that update state */
});
/* assert on the output */

This ensures that you're testing the behavior the user would see in the browser. Learn more at https://reactjs.org/link/wrap-tests-with-act
    at DealingAnimation (/home/jin/guozha-poker-game/src/components/game/DealingAnimation.tsx:28:3)

stderr | tests/dealingAnimation.test.ts > 发牌动画组件 > 发牌完成后应该调用 onComplete
Warning: An update to DealingAnimation inside a test was not wrapped in act(...).

When testing, code that causes React state updates should be wrapped into act(...):

act(() => {
  /* fire events that update state */
});
/* assert on the output */

This ensures that you're testing the behavior the user would see in the browser. Learn more at https://reactjs.org/link/wrap-tests-with-act
    at DealingAnimation (/home/jin/guozha-poker-game/src/components/game/DealingAnimation.tsx:28:3)
Warning: An update to DealingAnimation inside a test was not wrapped in act(...).

When testing, code that causes React state updates should be wrapped into act(...):

act(() => {
  /* fire events that update state */
});
/* assert on the output */

This ensures that you're testing the behavior the user would see in the browser. Learn more at https://reactjs.org/link/wrap-tests-with-act
    at DealingAnimation (/home/jin/guozha-poker-game/src/components/game/DealingAnimation.tsx:28:3)

stderr | tests/dealingAnimation.test.ts > 发牌动画组件 > 发牌完成后应该调用 onComplete
Warning: An update to DealingAnimation inside a test was not wrapped in act(...).

When testing, code that causes React state updates should be wrapped into act(...):

act(() => {
  /* fire events that update state */
});
/* assert on the output */

This ensures that you're testing the behavior the user would see in the browser. Learn more at https://reactjs.org/link/wrap-tests-with-act
    at DealingAnimation (/home/jin/guozha-poker-game/src/components/game/DealingAnimation.tsx:28:3)
Warning: An update to DealingAnimation inside a test was not wrapped in act(...).

When testing, code that causes React state updates should be wrapped into act(...):

act(() => {
  /* fire events that update state */
});
/* assert on the output */

This ensures that you're testing the behavior the user would see in the browser. Learn more at https://reactjs.org/link/wrap-tests-with-act
    at DealingAnimation (/home/jin/guozha-poker-game/src/components/game/DealingAnimation.tsx:28:3)

stderr | tests/dealingAnimation.test.ts > 发牌动画组件 > 发牌完成后应该调用 onComplete
Warning: An update to DealingAnimation inside a test was not wrapped in act(...).

When testing, code that causes React state updates should be wrapped into act(...):

act(() => {
  /* fire events that update state */
});
/* assert on the output */

This ensures that you're testing the behavior the user would see in the browser. Learn more at https://reactjs.org/link/wrap-tests-with-act
    at DealingAnimation (/home/jin/guozha-poker-game/src/components/game/DealingAnimation.tsx:28:3)
Warning: An update to DealingAnimation inside a test was not wrapped in act(...).

When testing, code that causes React state updates should be wrapped into act(...):

act(() => {
  /* fire events that update state */
});
/* assert on the output */

This ensures that you're testing the behavior the user would see in the browser. Learn more at https://reactjs.org/link/wrap-tests-with-act
    at DealingAnimation (/home/jin/guozha-poker-game/src/components/game/DealingAnimation.tsx:28:3)

stderr | tests/dealingAnimation.test.ts > 发牌动画组件 > 发牌完成后应该调用 onComplete
Warning: An update to DealingAnimation inside a test was not wrapped in act(...).

When testing, code that causes React state updates should be wrapped into act(...):

act(() => {
  /* fire events that update state */
});
/* assert on the output */

This ensures that you're testing the behavior the user would see in the browser. Learn more at https://reactjs.org/link/wrap-tests-with-act
    at DealingAnimation (/home/jin/guozha-poker-game/src/components/game/DealingAnimation.tsx:28:3)
Warning: An update to DealingAnimation inside a test was not wrapped in act(...).

When testing, code that causes React state updates should be wrapped into act(...):

act(() => {
  /* fire events that update state */
});
/* assert on the output */

This ensures that you're testing the behavior the user would see in the browser. Learn more at https://reactjs.org/link/wrap-tests-with-act
    at DealingAnimation (/home/jin/guozha-poker-game/src/components/game/DealingAnimation.tsx:28:3)

stderr | tests/dealingAnimation.test.ts > 发牌动画组件 > 发牌完成后应该调用 onComplete
Warning: An update to DealingAnimation inside a test was not wrapped in act(...).

When testing, code that causes React state updates should be wrapped into act(...):

act(() => {
  /* fire events that update state */
});
/* assert on the output */

This ensures that you're testing the behavior the user would see in the browser. Learn more at https://reactjs.org/link/wrap-tests-with-act
    at DealingAnimation (/home/jin/guozha-poker-game/src/components/game/DealingAnimation.tsx:28:3)
Warning: An update to DealingAnimation inside a test was not wrapped in act(...).

When testing, code that causes React state updates should be wrapped into act(...):

act(() => {
  /* fire events that update state */
});
/* assert on the output */

This ensures that you're testing the behavior the user would see in the browser. Learn more at https://reactjs.org/link/wrap-tests-with-act
    at DealingAnimation (/home/jin/guozha-poker-game/src/components/game/DealingAnimation.tsx:28:3)

stderr | tests/dealingAnimation.test.ts > 发牌动画组件 > 发牌完成后应该调用 onComplete
Warning: An update to DealingAnimation inside a test was not wrapped in act(...).

When testing, code that causes React state updates should be wrapped into act(...):

act(() => {
  /* fire events that update state */
});
/* assert on the output */

This ensures that you're testing the behavior the user would see in the browser. Learn more at https://reactjs.org/link/wrap-tests-with-act
    at DealingAnimation (/home/jin/guozha-poker-game/src/components/game/DealingAnimation.tsx:28:3)
Warning: An update to DealingAnimation inside a test was not wrapped in act(...).

When testing, code that causes React state updates should be wrapped into act(...):

act(() => {
  /* fire events that update state */
});
/* assert on the output */

This ensures that you're testing the behavior the user would see in the browser. Learn more at https://reactjs.org/link/wrap-tests-with-act
    at DealingAnimation (/home/jin/guozha-poker-game/src/components/game/DealingAnimation.tsx:28:3)

stderr | tests/dealingAnimation.test.ts > 发牌动画组件 > 发牌完成后应该调用 onComplete
Warning: An update to DealingAnimation inside a test was not wrapped in act(...).

When testing, code that causes React state updates should be wrapped into act(...):

act(() => {
  /* fire events that update state */
});
/* assert on the output */

This ensures that you're testing the behavior the user would see in the browser. Learn more at https://reactjs.org/link/wrap-tests-with-act
    at DealingAnimation (/home/jin/guozha-poker-game/src/components/game/DealingAnimation.tsx:28:3)
Warning: An update to DealingAnimation inside a test was not wrapped in act(...).

When testing, code that causes React state updates should be wrapped into act(...):

act(() => {
  /* fire events that update state */
});
/* assert on the output */

This ensures that you're testing the behavior the user would see in the browser. Learn more at https://reactjs.org/link/wrap-tests-with-act
    at DealingAnimation (/home/jin/guozha-poker-game/src/components/game/DealingAnimation.tsx:28:3)

stderr | tests/dealingAnimation.test.ts > 发牌动画组件 > 发牌完成后应该调用 onComplete
Warning: An update to DealingAnimation inside a test was not wrapped in act(...).

When testing, code that causes React state updates should be wrapped into act(...):

act(() => {
  /* fire events that update state */
});
/* assert on the output */

This ensures that you're testing the behavior the user would see in the browser. Learn more at https://reactjs.org/link/wrap-tests-with-act
    at DealingAnimation (/home/jin/guozha-poker-game/src/components/game/DealingAnimation.tsx:28:3)
Warning: An update to DealingAnimation inside a test was not wrapped in act(...).

When testing, code that causes React state updates should be wrapped into act(...):

act(() => {
  /* fire events that update state */
});
/* assert on the output */

This ensures that you're testing the behavior the user would see in the browser. Learn more at https://reactjs.org/link/wrap-tests-with-act
    at DealingAnimation (/home/jin/guozha-poker-game/src/components/game/DealingAnimation.tsx:28:3)

stderr | tests/dealingAnimation.test.ts > 发牌动画组件 > 发牌完成后应该调用 onComplete
Warning: An update to DealingAnimation inside a test was not wrapped in act(...).

When testing, code that causes React state updates should be wrapped into act(...):

act(() => {
  /* fire events that update state */
});
/* assert on the output */

This ensures that you're testing the behavior the user would see in the browser. Learn more at https://reactjs.org/link/wrap-tests-with-act
    at DealingAnimation (/home/jin/guozha-poker-game/src/components/game/DealingAnimation.tsx:28:3)
Warning: An update to DealingAnimation inside a test was not wrapped in act(...).

When testing, code that causes React state updates should be wrapped into act(...):

act(() => {
  /* fire events that update state */
});
/* assert on the output */

This ensures that you're testing the behavior the user would see in the browser. Learn more at https://reactjs.org/link/wrap-tests-with-act
    at DealingAnimation (/home/jin/guozha-poker-game/src/components/game/DealingAnimation.tsx:28:3)

stderr | tests/dealingAnimation.test.ts > 发牌动画组件 > 发牌完成后应该调用 onComplete
Warning: An update to DealingAnimation inside a test was not wrapped in act(...).

When testing, code that causes React state updates should be wrapped into act(...):

act(() => {
  /* fire events that update state */
});
/* assert on the output */

This ensures that you're testing the behavior the user would see in the browser. Learn more at https://reactjs.org/link/wrap-tests-with-act
    at DealingAnimation (/home/jin/guozha-poker-game/src/components/game/DealingAnimation.tsx:28:3)
Warning: An update to DealingAnimation inside a test was not wrapped in act(...).

When testing, code that causes React state updates should be wrapped into act(...):

act(() => {
  /* fire events that update state */
});
/* assert on the output */

This ensures that you're testing the behavior the user would see in the browser. Learn more at https://reactjs.org/link/wrap-tests-with-act
    at DealingAnimation (/home/jin/guozha-poker-game/src/components/game/DealingAnimation.tsx:28:3)

stderr | tests/dealingAnimation.test.ts > 发牌动画组件 > 发牌完成后应该调用 onComplete
Warning: An update to DealingAnimation inside a test was not wrapped in act(...).

When testing, code that causes React state updates should be wrapped into act(...):

act(() => {
  /* fire events that update state */
});
/* assert on the output */

This ensures that you're testing the behavior the user would see in the browser. Learn more at https://reactjs.org/link/wrap-tests-with-act
    at DealingAnimation (/home/jin/guozha-poker-game/src/components/game/DealingAnimation.tsx:28:3)
Warning: An update to DealingAnimation inside a test was not wrapped in act(...).

When testing, code that causes React state updates should be wrapped into act(...):

act(() => {
  /* fire events that update state */
});
/* assert on the output */

This ensures that you're testing the behavior the user would see in the browser. Learn more at https://reactjs.org/link/wrap-tests-with-act
    at DealingAnimation (/home/jin/guozha-poker-game/src/components/game/DealingAnimation.tsx:28:3)

stderr | tests/dealingAnimation.test.ts > 发牌动画组件 > 发牌完成后应该调用 onComplete
Warning: An update to DealingAnimation inside a test was not wrapped in act(...).

When testing, code that causes React state updates should be wrapped into act(...):

act(() => {
  /* fire events that update state */
});
/* assert on the output */

This ensures that you're testing the behavior the user would see in the browser. Learn more at https://reactjs.org/link/wrap-tests-with-act
    at DealingAnimation (/home/jin/guozha-poker-game/src/components/game/DealingAnimation.tsx:28:3)
Warning: An update to DealingAnimation inside a test was not wrapped in act(...).

When testing, code that causes React state updates should be wrapped into act(...):

act(() => {
  /* fire events that update state */
});
/* assert on the output */

This ensures that you're testing the behavior the user would see in the browser. Learn more at https://reactjs.org/link/wrap-tests-with-act
    at DealingAnimation (/home/jin/guozha-poker-game/src/components/game/DealingAnimation.tsx:28:3)

stderr | tests/dealingAnimation.test.ts > 发牌动画组件 > 发牌完成后应该调用 onComplete
Warning: An update to DealingAnimation inside a test was not wrapped in act(...).

When testing, code that causes React state updates should be wrapped into act(...):

act(() => {
  /* fire events that update state */
});
/* assert on the output */

This ensures that you're testing the behavior the user would see in the browser. Learn more at https://reactjs.org/link/wrap-tests-with-act
    at DealingAnimation (/home/jin/guozha-poker-game/src/components/game/DealingAnimation.tsx:28:3)
Warning: An update to DealingAnimation inside a test was not wrapped in act(...).

When testing, code that causes React state updates should be wrapped into act(...):

act(() => {
  /* fire events that update state */
});
/* assert on the output */

This ensures that you're testing the behavior the user would see in the browser. Learn more at https://reactjs.org/link/wrap-tests-with-act
    at DealingAnimation (/home/jin/guozha-poker-game/src/components/game/DealingAnimation.tsx:28:3)

stderr | tests/dealingAnimation.test.ts > 发牌动画组件 > 发牌完成后应该调用 onComplete
Warning: An update to DealingAnimation inside a test was not wrapped in act(...).

When testing, code that causes React state updates should be wrapped into act(...):

act(() => {
  /* fire events that update state */
});
/* assert on the output */

This ensures that you're testing the behavior the user would see in the browser. Learn more at https://reactjs.org/link/wrap-tests-with-act
    at DealingAnimation (/home/jin/guozha-poker-game/src/components/game/DealingAnimation.tsx:28:3)
Warning: An update to DealingAnimation inside a test was not wrapped in act(...).

When testing, code that causes React state updates should be wrapped into act(...):

act(() => {
  /* fire events that update state */
});
/* assert on the output */

This ensures that you're testing the behavior the user would see in the browser. Learn more at https://reactjs.org/link/wrap-tests-with-act
    at DealingAnimation (/home/jin/guozha-poker-game/src/components/game/DealingAnimation.tsx:28:3)

stderr | tests/dealingAnimation.test.ts > 发牌动画组件 > 发牌完成后应该调用 onComplete
Warning: An update to DealingAnimation inside a test was not wrapped in act(...).

When testing, code that causes React state updates should be wrapped into act(...):

act(() => {
  /* fire events that update state */
});
/* assert on the output */

This ensures that you're testing the behavior the user would see in the browser. Learn more at https://reactjs.org/link/wrap-tests-with-act
    at DealingAnimation (/home/jin/guozha-poker-game/src/components/game/DealingAnimation.tsx:28:3)
Warning: An update to DealingAnimation inside a test was not wrapped in act(...).

When testing, code that causes React state updates should be wrapped into act(...):

act(() => {
  /* fire events that update state */
});
/* assert on the output */

This ensures that you're testing the behavior the user would see in the browser. Learn more at https://reactjs.org/link/wrap-tests-with-act
    at DealingAnimation (/home/jin/guozha-poker-game/src/components/game/DealingAnimation.tsx:28:3)

stderr | tests/dealingAnimation.test.ts > 发牌动画组件 > 发牌完成后应该调用 onComplete
Warning: An update to DealingAnimation inside a test was not wrapped in act(...).

When testing, code that causes React state updates should be wrapped into act(...):

act(() => {
  /* fire events that update state */
});
/* assert on the output */

This ensures that you're testing the behavior the user would see in the browser. Learn more at https://reactjs.org/link/wrap-tests-with-act
    at DealingAnimation (/home/jin/guozha-poker-game/src/components/game/DealingAnimation.tsx:28:3)
Warning: An update to DealingAnimation inside a test was not wrapped in act(...).

When testing, code that causes React state updates should be wrapped into act(...):

act(() => {
  /* fire events that update state */
});
/* assert on the output */

This ensures that you're testing the behavior the user would see in the browser. Learn more at https://reactjs.org/link/wrap-tests-with-act
    at DealingAnimation (/home/jin/guozha-poker-game/src/components/game/DealingAnimation.tsx:28:3)

stderr | tests/dealingAnimation.test.ts > 发牌动画组件 > 发牌完成后应该调用 onComplete
Warning: An update to DealingAnimation inside a test was not wrapped in act(...).

When testing, code that causes React state updates should be wrapped into act(...):

act(() => {
  /* fire events that update state */
});
/* assert on the output */

This ensures that you're testing the behavior the user would see in the browser. Learn more at https://reactjs.org/link/wrap-tests-with-act
    at DealingAnimation (/home/jin/guozha-poker-game/src/components/game/DealingAnimation.tsx:28:3)
Warning: An update to DealingAnimation inside a test was not wrapped in act(...).

When testing, code that causes React state updates should be wrapped into act(...):

act(() => {
  /* fire events that update state */
});
/* assert on the output */

This ensures that you're testing the behavior the user would see in the browser. Learn more at https://reactjs.org/link/wrap-tests-with-act
    at DealingAnimation (/home/jin/guozha-poker-game/src/components/game/DealingAnimation.tsx:28:3)

stderr | tests/dealingAnimation.test.ts > 发牌动画组件 > 发牌完成后应该调用 onComplete
Warning: An update to DealingAnimation inside a test was not wrapped in act(...).

When testing, code that causes React state updates should be wrapped into act(...):

act(() => {
  /* fire events that update state */
});
/* assert on the output */

This ensures that you're testing the behavior the user would see in the browser. Learn more at https://reactjs.org/link/wrap-tests-with-act
    at DealingAnimation (/home/jin/guozha-poker-game/src/components/game/DealingAnimation.tsx:28:3)
Warning: An update to DealingAnimation inside a test was not wrapped in act(...).

When testing, code that causes React state updates should be wrapped into act(...):

act(() => {
  /* fire events that update state */
});
/* assert on the output */

This ensures that you're testing the behavior the user would see in the browser. Learn more at https://reactjs.org/link/wrap-tests-with-act
    at DealingAnimation (/home/jin/guozha-poker-game/src/components/game/DealingAnimation.tsx:28:3)

stderr | tests/dealingAnimation.test.ts > 发牌动画组件 > 发牌完成后应该调用 onComplete
Warning: An update to DealingAnimation inside a test was not wrapped in act(...).

When testing, code that causes React state updates should be wrapped into act(...):

act(() => {
  /* fire events that update state */
});
/* assert on the output */

This ensures that you're testing the behavior the user would see in the browser. Learn more at https://reactjs.org/link/wrap-tests-with-act
    at DealingAnimation (/home/jin/guozha-poker-game/src/components/game/DealingAnimation.tsx:28:3)
Warning: An update to DealingAnimation inside a test was not wrapped in act(...).

When testing, code that causes React state updates should be wrapped into act(...):

act(() => {
  /* fire events that update state */
});
/* assert on the output */

This ensures that you're testing the behavior the user would see in the browser. Learn more at https://reactjs.org/link/wrap-tests-with-act
    at DealingAnimation (/home/jin/guozha-poker-game/src/components/game/DealingAnimation.tsx:28:3)

stderr | tests/dealingAnimation.test.ts > 发牌动画组件 > 发牌完成后应该调用 onComplete
Warning: An update to DealingAnimation inside a test was not wrapped in act(...).

When testing, code that causes React state updates should be wrapped into act(...):

act(() => {
  /* fire events that update state */
});
/* assert on the output */

This ensures that you're testing the behavior the user would see in the browser. Learn more at https://reactjs.org/link/wrap-tests-with-act
    at DealingAnimation (/home/jin/guozha-poker-game/src/components/game/DealingAnimation.tsx:28:3)
Warning: An update to DealingAnimation inside a test was not wrapped in act(...).

When testing, code that causes React state updates should be wrapped into act(...):

act(() => {
  /* fire events that update state */
});
/* assert on the output */

This ensures that you're testing the behavior the user would see in the browser. Learn more at https://reactjs.org/link/wrap-tests-with-act
    at DealingAnimation (/home/jin/guozha-poker-game/src/components/game/DealingAnimation.tsx:28:3)

stderr | tests/dealingAnimation.test.ts > 发牌动画组件 > 发牌完成后应该调用 onComplete
Warning: An update to DealingAnimation inside a test was not wrapped in act(...).

When testing, code that causes React state updates should be wrapped into act(...):

act(() => {
  /* fire events that update state */
});
/* assert on the output */

This ensures that you're testing the behavior the user would see in the browser. Learn more at https://reactjs.org/link/wrap-tests-with-act
    at DealingAnimation (/home/jin/guozha-poker-game/src/components/game/DealingAnimation.tsx:28:3)
Warning: An update to DealingAnimation inside a test was not wrapped in act(...).

When testing, code that causes React state updates should be wrapped into act(...):

act(() => {
  /* fire events that update state */
});
/* assert on the output */

This ensures that you're testing the behavior the user would see in the browser. Learn more at https://reactjs.org/link/wrap-tests-with-act
    at DealingAnimation (/home/jin/guozha-poker-game/src/components/game/DealingAnimation.tsx:28:3)

stderr | tests/dealingAnimation.test.ts > 发牌动画组件 > 发牌完成后应该调用 onComplete
Warning: An update to DealingAnimation inside a test was not wrapped in act(...).

When testing, code that causes React state updates should be wrapped into act(...):

act(() => {
  /* fire events that update state */
});
/* assert on the output */

This ensures that you're testing the behavior the user would see in the browser. Learn more at https://reactjs.org/link/wrap-tests-with-act
    at DealingAnimation (/home/jin/guozha-poker-game/src/components/game/DealingAnimation.tsx:28:3)
Warning: An update to DealingAnimation inside a test was not wrapped in act(...).

When testing, code that causes React state updates should be wrapped into act(...):

act(() => {
  /* fire events that update state */
});
/* assert on the output */

This ensures that you're testing the behavior the user would see in the browser. Learn more at https://reactjs.org/link/wrap-tests-with-act
    at DealingAnimation (/home/jin/guozha-poker-game/src/components/game/DealingAnimation.tsx:28:3)

stderr | tests/dealingAnimation.test.ts > 发牌动画组件 > 发牌完成后应该调用 onComplete
Warning: An update to DealingAnimation inside a test was not wrapped in act(...).

When testing, code that causes React state updates should be wrapped into act(...):

act(() => {
  /* fire events that update state */
});
/* assert on the output */

This ensures that you're testing the behavior the user would see in the browser. Learn more at https://reactjs.org/link/wrap-tests-with-act
    at DealingAnimation (/home/jin/guozha-poker-game/src/components/game/DealingAnimation.tsx:28:3)
Warning: An update to DealingAnimation inside a test was not wrapped in act(...).

When testing, code that causes React state updates should be wrapped into act(...):

act(() => {
  /* fire events that update state */
});
/* assert on the output */

This ensures that you're testing the behavior the user would see in the browser. Learn more at https://reactjs.org/link/wrap-tests-with-act
    at DealingAnimation (/home/jin/guozha-poker-game/src/components/game/DealingAnimation.tsx:28:3)

stderr | tests/dealingAnimation.test.ts > 发牌动画组件 > 发牌完成后应该调用 onComplete
Warning: An update to DealingAnimation inside a test was not wrapped in act(...).

When testing, code that causes React state updates should be wrapped into act(...):

act(() => {
  /* fire events that update state */
});
/* assert on the output */

This ensures that you're testing the behavior the user would see in the browser. Learn more at https://reactjs.org/link/wrap-tests-with-act
    at DealingAnimation (/home/jin/guozha-poker-game/src/components/game/DealingAnimation.tsx:28:3)
Warning: An update to DealingAnimation inside a test was not wrapped in act(...).

When testing, code that causes React state updates should be wrapped into act(...):

act(() => {
  /* fire events that update state */
});
/* assert on the output */

This ensures that you're testing the behavior the user would see in the browser. Learn more at https://reactjs.org/link/wrap-tests-with-act
    at DealingAnimation (/home/jin/guozha-poker-game/src/components/game/DealingAnimation.tsx:28:3)

stderr | tests/dealingAnimation.test.ts > 发牌动画组件 > 发牌完成后应该调用 onComplete
Warning: An update to DealingAnimation inside a test was not wrapped in act(...).

When testing, code that causes React state updates should be wrapped into act(...):

act(() => {
  /* fire events that update state */
});
/* assert on the output */

This ensures that you're testing the behavior the user would see in the browser. Learn more at https://reactjs.org/link/wrap-tests-with-act
    at DealingAnimation (/home/jin/guozha-poker-game/src/components/game/DealingAnimation.tsx:28:3)
Warning: An update to DealingAnimation inside a test was not wrapped in act(...).

When testing, code that causes React state updates should be wrapped into act(...):

act(() => {
  /* fire events that update state */
});
/* assert on the output */

This ensures that you're testing the behavior the user would see in the browser. Learn more at https://reactjs.org/link/wrap-tests-with-act
    at DealingAnimation (/home/jin/guozha-poker-game/src/components/game/DealingAnimation.tsx:28:3)

stderr | tests/dealingAnimation.test.ts > 发牌动画组件 > 发牌完成后应该调用 onComplete
Warning: An update to DealingAnimation inside a test was not wrapped in act(...).

When testing, code that causes React state updates should be wrapped into act(...):

act(() => {
  /* fire events that update state */
});
/* assert on the output */

This ensures that you're testing the behavior the user would see in the browser. Learn more at https://reactjs.org/link/wrap-tests-with-act
    at DealingAnimation (/home/jin/guozha-poker-game/src/components/game/DealingAnimation.tsx:28:3)
Warning: An update to DealingAnimation inside a test was not wrapped in act(...).

When testing, code that causes React state updates should be wrapped into act(...):

act(() => {
  /* fire events that update state */
});
/* assert on the output */

This ensures that you're testing the behavior the user would see in the browser. Learn more at https://reactjs.org/link/wrap-tests-with-act
    at DealingAnimation (/home/jin/guozha-poker-game/src/components/game/DealingAnimation.tsx:28:3)

stderr | tests/dealingAnimation.test.ts > 发牌动画组件 > 发牌完成后应该调用 onComplete
Warning: An update to DealingAnimation inside a test was not wrapped in act(...).

When testing, code that causes React state updates should be wrapped into act(...):

act(() => {
  /* fire events that update state */
});
/* assert on the output */

This ensures that you're testing the behavior the user would see in the browser. Learn more at https://reactjs.org/link/wrap-tests-with-act
    at DealingAnimation (/home/jin/guozha-poker-game/src/components/game/DealingAnimation.tsx:28:3)
Warning: An update to DealingAnimation inside a test was not wrapped in act(...).

When testing, code that causes React state updates should be wrapped into act(...):

act(() => {
  /* fire events that update state */
});
/* assert on the output */

This ensures that you're testing the behavior the user would see in the browser. Learn more at https://reactjs.org/link/wrap-tests-with-act
    at DealingAnimation (/home/jin/guozha-poker-game/src/components/game/DealingAnimation.tsx:28:3)

stderr | tests/dealingAnimation.test.ts > 发牌动画组件 > 发牌完成后应该调用 onComplete
Warning: An update to DealingAnimation inside a test was not wrapped in act(...).

When testing, code that causes React state updates should be wrapped into act(...):

act(() => {
  /* fire events that update state */
});
/* assert on the output */

This ensures that you're testing the behavior the user would see in the browser. Learn more at https://reactjs.org/link/wrap-tests-with-act
    at DealingAnimation (/home/jin/guozha-poker-game/src/components/game/DealingAnimation.tsx:28:3)
Warning: An update to DealingAnimation inside a test was not wrapped in act(...).

When testing, code that causes React state updates should be wrapped into act(...):

act(() => {
  /* fire events that update state */
});
/* assert on the output */

This ensures that you're testing the behavior the user would see in the browser. Learn more at https://reactjs.org/link/wrap-tests-with-act
    at DealingAnimation (/home/jin/guozha-poker-game/src/components/game/DealingAnimation.tsx:28:3)

stderr | tests/dealingAnimation.test.ts > 发牌动画组件 > 发牌完成后应该调用 onComplete
Warning: An update to DealingAnimation inside a test was not wrapped in act(...).

When testing, code that causes React state updates should be wrapped into act(...):

act(() => {
  /* fire events that update state */
});
/* assert on the output */

This ensures that you're testing the behavior the user would see in the browser. Learn more at https://reactjs.org/link/wrap-tests-with-act
    at DealingAnimation (/home/jin/guozha-poker-game/src/components/game/DealingAnimation.tsx:28:3)
Warning: An update to DealingAnimation inside a test was not wrapped in act(...).

When testing, code that causes React state updates should be wrapped into act(...):

act(() => {
  /* fire events that update state */
});
/* assert on the output */

This ensures that you're testing the behavior the user would see in the browser. Learn more at https://reactjs.org/link/wrap-tests-with-act
    at DealingAnimation (/home/jin/guozha-poker-game/src/components/game/DealingAnimation.tsx:28:3)

stderr | tests/dealingAnimation.test.ts > 发牌动画组件 > 发牌完成后应该调用 onComplete
Warning: An update to DealingAnimation inside a test was not wrapped in act(...).

When testing, code that causes React state updates should be wrapped into act(...):

act(() => {
  /* fire events that update state */
});
/* assert on the output */

This ensures that you're testing the behavior the user would see in the browser. Learn more at https://reactjs.org/link/wrap-tests-with-act
    at DealingAnimation (/home/jin/guozha-poker-game/src/components/game/DealingAnimation.tsx:28:3)
Warning: An update to DealingAnimation inside a test was not wrapped in act(...).

When testing, code that causes React state updates should be wrapped into act(...):

act(() => {
  /* fire events that update state */
});
/* assert on the output */

This ensures that you're testing the behavior the user would see in the browser. Learn more at https://reactjs.org/link/wrap-tests-with-act
    at DealingAnimation (/home/jin/guozha-poker-game/src/components/game/DealingAnimation.tsx:28:3)

stderr | tests/dealingAnimation.test.ts > 发牌动画组件 > 发牌完成后应该调用 onComplete
Warning: An update to DealingAnimation inside a test was not wrapped in act(...).

When testing, code that causes React state updates should be wrapped into act(...):

act(() => {
  /* fire events that update state */
});
/* assert on the output */

This ensures that you're testing the behavior the user would see in the browser. Learn more at https://reactjs.org/link/wrap-tests-with-act
    at DealingAnimation (/home/jin/guozha-poker-game/src/components/game/DealingAnimation.tsx:28:3)
Warning: An update to DealingAnimation inside a test was not wrapped in act(...).

When testing, code that causes React state updates should be wrapped into act(...):

act(() => {
  /* fire events that update state */
});
/* assert on the output */

This ensures that you're testing the behavior the user would see in the browser. Learn more at https://reactjs.org/link/wrap-tests-with-act
    at DealingAnimation (/home/jin/guozha-poker-game/src/components/game/DealingAnimation.tsx:28:3)

stderr | tests/dealingAnimation.test.ts > 发牌动画组件 > 发牌完成后应该调用 onComplete
Warning: An update to DealingAnimation inside a test was not wrapped in act(...).

When testing, code that causes React state updates should be wrapped into act(...):

act(() => {
  /* fire events that update state */
});
/* assert on the output */

This ensures that you're testing the behavior the user would see in the browser. Learn more at https://reactjs.org/link/wrap-tests-with-act
    at DealingAnimation (/home/jin/guozha-poker-game/src/components/game/DealingAnimation.tsx:28:3)
Warning: An update to DealingAnimation inside a test was not wrapped in act(...).

When testing, code that causes React state updates should be wrapped into act(...):

act(() => {
  /* fire events that update state */
});
/* assert on the output */

This ensures that you're testing the behavior the user would see in the browser. Learn more at https://reactjs.org/link/wrap-tests-with-act
    at DealingAnimation (/home/jin/guozha-poker-game/src/components/game/DealingAnimation.tsx:28:3)

stderr | tests/dealingAnimation.test.ts > 发牌动画组件 > 发牌完成后应该调用 onComplete
Warning: An update to DealingAnimation inside a test was not wrapped in act(...).

When testing, code that causes React state updates should be wrapped into act(...):

act(() => {
  /* fire events that update state */
});
/* assert on the output */

This ensures that you're testing the behavior the user would see in the browser. Learn more at https://reactjs.org/link/wrap-tests-with-act
    at DealingAnimation (/home/jin/guozha-poker-game/src/components/game/DealingAnimation.tsx:28:3)
Warning: An update to DealingAnimation inside a test was not wrapped in act(...).

When testing, code that causes React state updates should be wrapped into act(...):

act(() => {
  /* fire events that update state */
});
/* assert on the output */

This ensures that you're testing the behavior the user would see in the browser. Learn more at https://reactjs.org/link/wrap-tests-with-act
    at DealingAnimation (/home/jin/guozha-poker-game/src/components/game/DealingAnimation.tsx:28:3)

stderr | tests/dealingAnimation.test.ts > 发牌动画组件 > 发牌完成后应该调用 onComplete
Warning: An update to DealingAnimation inside a test was not wrapped in act(...).

When testing, code that causes React state updates should be wrapped into act(...):

act(() => {
  /* fire events that update state */
});
/* assert on the output */

This ensures that you're testing the behavior the user would see in the browser. Learn more at https://reactjs.org/link/wrap-tests-with-act
    at DealingAnimation (/home/jin/guozha-poker-game/src/components/game/DealingAnimation.tsx:28:3)
Warning: An update to DealingAnimation inside a test was not wrapped in act(...).

When testing, code that causes React state updates should be wrapped into act(...):

act(() => {
  /* fire events that update state */
});
/* assert on the output */

This ensures that you're testing the behavior the user would see in the browser. Learn more at https://reactjs.org/link/wrap-tests-with-act
    at DealingAnimation (/home/jin/guozha-poker-game/src/components/game/DealingAnimation.tsx:28:3)

stderr | tests/dealingAnimation.test.ts > 发牌动画组件 > 发牌完成后应该调用 onComplete
Warning: An update to DealingAnimation inside a test was not wrapped in act(...).

When testing, code that causes React state updates should be wrapped into act(...):

act(() => {
  /* fire events that update state */
});
/* assert on the output */

This ensures that you're testing the behavior the user would see in the browser. Learn more at https://reactjs.org/link/wrap-tests-with-act
    at DealingAnimation (/home/jin/guozha-poker-game/src/components/game/DealingAnimation.tsx:28:3)
Warning: An update to DealingAnimation inside a test was not wrapped in act(...).

When testing, code that causes React state updates should be wrapped into act(...):

act(() => {
  /* fire events that update state */
});
/* assert on the output */

This ensures that you're testing the behavior the user would see in the browser. Learn more at https://reactjs.org/link/wrap-tests-with-act
    at DealingAnimation (/home/jin/guozha-poker-game/src/components/game/DealingAnimation.tsx:28:3)

stderr | tests/dealingAnimation.test.ts > 发牌动画组件 > 发牌完成后应该调用 onComplete
Warning: An update to DealingAnimation inside a test was not wrapped in act(...).

When testing, code that causes React state updates should be wrapped into act(...):

act(() => {
  /* fire events that update state */
});
/* assert on the output */

This ensures that you're testing the behavior the user would see in the browser. Learn more at https://reactjs.org/link/wrap-tests-with-act
    at DealingAnimation (/home/jin/guozha-poker-game/src/components/game/DealingAnimation.tsx:28:3)
Warning: An update to DealingAnimation inside a test was not wrapped in act(...).

When testing, code that causes React state updates should be wrapped into act(...):

act(() => {
  /* fire events that update state */
});
/* assert on the output */

This ensures that you're testing the behavior the user would see in the browser. Learn more at https://reactjs.org/link/wrap-tests-with-act
    at DealingAnimation (/home/jin/guozha-poker-game/src/components/game/DealingAnimation.tsx:28:3)

stderr | tests/dealingAnimation.test.ts > 发牌动画组件 > 发牌完成后应该调用 onComplete
Warning: An update to DealingAnimation inside a test was not wrapped in act(...).

When testing, code that causes React state updates should be wrapped into act(...):

act(() => {
  /* fire events that update state */
});
/* assert on the output */

This ensures that you're testing the behavior the user would see in the browser. Learn more at https://reactjs.org/link/wrap-tests-with-act
    at DealingAnimation (/home/jin/guozha-poker-game/src/components/game/DealingAnimation.tsx:28:3)
Warning: An update to DealingAnimation inside a test was not wrapped in act(...).

When testing, code that causes React state updates should be wrapped into act(...):

act(() => {
  /* fire events that update state */
});
/* assert on the output */

This ensures that you're testing the behavior the user would see in the browser. Learn more at https://reactjs.org/link/wrap-tests-with-act
    at DealingAnimation (/home/jin/guozha-poker-game/src/components/game/DealingAnimation.tsx:28:3)

stderr | tests/dealingAnimation.test.ts > 发牌动画组件 > 发牌完成后应该调用 onComplete
Warning: An update to DealingAnimation inside a test was not wrapped in act(...).

When testing, code that causes React state updates should be wrapped into act(...):

act(() => {
  /* fire events that update state */
});
/* assert on the output */

This ensures that you're testing the behavior the user would see in the browser. Learn more at https://reactjs.org/link/wrap-tests-with-act
    at DealingAnimation (/home/jin/guozha-poker-game/src/components/game/DealingAnimation.tsx:28:3)
Warning: An update to DealingAnimation inside a test was not wrapped in act(...).

When testing, code that causes React state updates should be wrapped into act(...):

act(() => {
  /* fire events that update state */
});
/* assert on the output */

This ensures that you're testing the behavior the user would see in the browser. Learn more at https://reactjs.org/link/wrap-tests-with-act
    at DealingAnimation (/home/jin/guozha-poker-game/src/components/game/DealingAnimation.tsx:28:3)

stderr | tests/dealingAnimation.test.ts > 发牌动画组件 > 发牌完成后应该调用 onComplete
Warning: An update to DealingAnimation inside a test was not wrapped in act(...).

When testing, code that causes React state updates should be wrapped into act(...):

act(() => {
  /* fire events that update state */
});
/* assert on the output */

This ensures that you're testing the behavior the user would see in the browser. Learn more at https://reactjs.org/link/wrap-tests-with-act
    at DealingAnimation (/home/jin/guozha-poker-game/src/components/game/DealingAnimation.tsx:28:3)
Warning: An update to DealingAnimation inside a test was not wrapped in act(...).

When testing, code that causes React state updates should be wrapped into act(...):

act(() => {
  /* fire events that update state */
});
/* assert on the output */

This ensures that you're testing the behavior the user would see in the browser. Learn more at https://reactjs.org/link/wrap-tests-with-act
    at DealingAnimation (/home/jin/guozha-poker-game/src/components/game/DealingAnimation.tsx:28:3)

stderr | tests/dealingAnimation.test.ts > 发牌动画组件 > 发牌完成后应该调用 onComplete
Warning: An update to DealingAnimation inside a test was not wrapped in act(...).

When testing, code that causes React state updates should be wrapped into act(...):

act(() => {
  /* fire events that update state */
});
/* assert on the output */

This ensures that you're testing the behavior the user would see in the browser. Learn more at https://reactjs.org/link/wrap-tests-with-act
    at DealingAnimation (/home/jin/guozha-poker-game/src/components/game/DealingAnimation.tsx:28:3)
Warning: An update to DealingAnimation inside a test was not wrapped in act(...).

When testing, code that causes React state updates should be wrapped into act(...):

act(() => {
  /* fire events that update state */
});
/* assert on the output */

This ensures that you're testing the behavior the user would see in the browser. Learn more at https://reactjs.org/link/wrap-tests-with-act
    at DealingAnimation (/home/jin/guozha-poker-game/src/components/game/DealingAnimation.tsx:28:3)

stderr | tests/dealingAnimation.test.ts > 发牌动画组件 > 发牌完成后应该调用 onComplete
Warning: An update to DealingAnimation inside a test was not wrapped in act(...).

When testing, code that causes React state updates should be wrapped into act(...):

act(() => {
  /* fire events that update state */
});
/* assert on the output */

This ensures that you're testing the behavior the user would see in the browser. Learn more at https://reactjs.org/link/wrap-tests-with-act
    at DealingAnimation (/home/jin/guozha-poker-game/src/components/game/DealingAnimation.tsx:28:3)
Warning: An update to DealingAnimation inside a test was not wrapped in act(...).

When testing, code that causes React state updates should be wrapped into act(...):

act(() => {
  /* fire events that update state */
});
/* assert on the output */

This ensures that you're testing the behavior the user would see in the browser. Learn more at https://reactjs.org/link/wrap-tests-with-act
    at DealingAnimation (/home/jin/guozha-poker-game/src/components/game/DealingAnimation.tsx:28:3)

stderr | tests/dealingAnimation.test.ts > 发牌动画组件 > 发牌完成后应该调用 onComplete
Warning: An update to DealingAnimation inside a test was not wrapped in act(...).

When testing, code that causes React state updates should be wrapped into act(...):

act(() => {
  /* fire events that update state */
});
/* assert on the output */

This ensures that you're testing the behavior the user would see in the browser. Learn more at https://reactjs.org/link/wrap-tests-with-act
    at DealingAnimation (/home/jin/guozha-poker-game/src/components/game/DealingAnimation.tsx:28:3)

stderr | tests/dealingAnimation.test.ts > 发牌动画组件 > 发牌完成后应该调用 onComplete
Warning: An update to DealingAnimation inside a test was not wrapped in act(...).

When testing, code that causes React state updates should be wrapped into act(...):

act(() => {
  /* fire events that update state */
});
/* assert on the output */

This ensures that you're testing the behavior the user would see in the browser. Learn more at https://reactjs.org/link/wrap-tests-with-act
    at DealingAnimation (/home/jin/guozha-poker-game/src/components/game/DealingAnimation.tsx:28:3)

 ✓ tests/dealingAnimation.test.ts > 发牌动画组件 > 发牌完成后应该调用 onComplete 2731ms
 × tests/dealingSortingRegression.test.ts > 发牌和理牌功能回归测试 > 理牌聊天触发 > 应该检测炸弹并触发聊天 5030ms
   → Test timed out in 5000ms.
If this is a long-running test, pass a timeout value as the last argument or configure it globally with "testTimeout".
stderr | tests/refactorRegression.test.ts > 重构回归测试 - 快速验证 > ✅ useGameActions Hook > 应该管理游戏操作
Error: Uncaught [TypeError: Cannot read properties of undefined (reading 'currentPlayerIndex')]
    at reportException (/home/jin/guozha-poker-game/node_modules/jsdom/lib/jsdom/living/helpers/runtime-script-errors.js:66:24)
    at innerInvokeEventListeners (/home/jin/guozha-poker-game/node_modules/jsdom/lib/jsdom/living/events/EventTarget-impl.js:353:9)
    at invokeEventListeners (/home/jin/guozha-poker-game/node_modules/jsdom/lib/jsdom/living/events/EventTarget-impl.js:286:3)
    at HTMLUnknownElementImpl._dispatch (/home/jin/guozha-poker-game/node_modules/jsdom/lib/jsdom/living/events/EventTarget-impl.js:233:9)
    at HTMLUnknownElementImpl.dispatchEvent (/home/jin/guozha-poker-game/node_modules/jsdom/lib/jsdom/living/events/EventTarget-impl.js:104:17)
    at HTMLUnknownElement.dispatchEvent (/home/jin/guozha-poker-game/node_modules/jsdom/lib/jsdom/living/generated/EventTarget.js:241:34)
    at Object.invokeGuardedCallbackDev (/home/jin/guozha-poker-game/node_modules/react-dom/cjs/react-dom.development.js:4213:16)
    at invokeGuardedCallback (/home/jin/guozha-poker-game/node_modules/react-dom/cjs/react-dom.development.js:4277:31)
    at beginWork$1 (/home/jin/guozha-poker-game/node_modules/react-dom/cjs/react-dom.development.js:27490:7)
    at performUnitOfWork (/home/jin/guozha-poker-game/node_modules/react-dom/cjs/react-dom.development.js:26599:12) TypeError: Cannot read properties of undefined (reading 'currentPlayerIndex')
    at Module.useGameActions (/home/jin/guozha-poker-game/src/hooks/useGameActions.ts:51:12)
    at /home/jin/guozha-poker-game/tests/refactorRegression.test.ts:202:9
    at TestComponent (/home/jin/guozha-poker-game/node_modules/@testing-library/react/dist/pure.js:309:27)
    at renderWithHooks (/home/jin/guozha-poker-game/node_modules/react-dom/cjs/react-dom.development.js:15486:18)
    at mountIndeterminateComponent (/home/jin/guozha-poker-game/node_modules/react-dom/cjs/react-dom.development.js:20103:13)
    at beginWork (/home/jin/guozha-poker-game/node_modules/react-dom/cjs/react-dom.development.js:21626:16)
    at HTMLUnknownElement.callCallback (/home/jin/guozha-poker-game/node_modules/react-dom/cjs/react-dom.development.js:4164:14)
    at HTMLUnknownElement.callTheUserObjectsOperation (/home/jin/guozha-poker-game/node_modules/jsdom/lib/jsdom/living/generated/EventListener.js:26:30)
    at innerInvokeEventListeners (/home/jin/guozha-poker-game/node_modules/jsdom/lib/jsdom/living/events/EventTarget-impl.js:350:25)
    at invokeEventListeners (/home/jin/guozha-poker-game/node_modules/jsdom/lib/jsdom/living/events/EventTarget-impl.js:286:3)
Error: Uncaught [TypeError: Cannot read properties of undefined (reading 'currentPlayerIndex')]
    at reportException (/home/jin/guozha-poker-game/node_modules/jsdom/lib/jsdom/living/helpers/runtime-script-errors.js:66:24)
    at innerInvokeEventListeners (/home/jin/guozha-poker-game/node_modules/jsdom/lib/jsdom/living/events/EventTarget-impl.js:353:9)
    at invokeEventListeners (/home/jin/guozha-poker-game/node_modules/jsdom/lib/jsdom/living/events/EventTarget-impl.js:286:3)
    at HTMLUnknownElementImpl._dispatch (/home/jin/guozha-poker-game/node_modules/jsdom/lib/jsdom/living/events/EventTarget-impl.js:233:9)
    at HTMLUnknownElementImpl.dispatchEvent (/home/jin/guozha-poker-game/node_modules/jsdom/lib/jsdom/living/events/EventTarget-impl.js:104:17)
    at HTMLUnknownElement.dispatchEvent (/home/jin/guozha-poker-game/node_modules/jsdom/lib/jsdom/living/generated/EventTarget.js:241:34)
    at Object.invokeGuardedCallbackDev (/home/jin/guozha-poker-game/node_modules/react-dom/cjs/react-dom.development.js:4213:16)
    at invokeGuardedCallback (/home/jin/guozha-poker-game/node_modules/react-dom/cjs/react-dom.development.js:4277:31)
    at beginWork$1 (/home/jin/guozha-poker-game/node_modules/react-dom/cjs/react-dom.development.js:27490:7)
    at performUnitOfWork (/home/jin/guozha-poker-game/node_modules/react-dom/cjs/react-dom.development.js:26599:12) TypeError: Cannot read properties of undefined (reading 'currentPlayerIndex')
    at Module.useGameActions (/home/jin/guozha-poker-game/src/hooks/useGameActions.ts:51:12)
    at /home/jin/guozha-poker-game/tests/refactorRegression.test.ts:202:9
    at TestComponent (/home/jin/guozha-poker-game/node_modules/@testing-library/react/dist/pure.js:309:27)
    at renderWithHooks (/home/jin/guozha-poker-game/node_modules/react-dom/cjs/react-dom.development.js:15486:18)
    at mountIndeterminateComponent (/home/jin/guozha-poker-game/node_modules/react-dom/cjs/react-dom.development.js:20103:13)
    at beginWork (/home/jin/guozha-poker-game/node_modules/react-dom/cjs/react-dom.development.js:21626:16)
    at HTMLUnknownElement.callCallback (/home/jin/guozha-poker-game/node_modules/react-dom/cjs/react-dom.development.js:4164:14)
    at HTMLUnknownElement.callTheUserObjectsOperation (/home/jin/guozha-poker-game/node_modules/jsdom/lib/jsdom/living/generated/EventListener.js:26:30)
    at innerInvokeEventListeners (/home/jin/guozha-poker-game/node_modules/jsdom/lib/jsdom/living/events/EventTarget-impl.js:350:25)
    at invokeEventListeners (/home/jin/guozha-poker-game/node_modules/jsdom/lib/jsdom/living/events/EventTarget-impl.js:286:3)
The above error occurred in the <TestComponent> component:

    at TestComponent (/home/jin/guozha-poker-game/node_modules/@testing-library/react/dist/pure.js:307:5)

Consider adding an error boundary to your tree to customize error handling behavior.
Visit https://reactjs.org/link/error-boundaries to learn more about error boundaries.

 ✓ tests/refactorRegression.test.ts > 重构回归测试 - 快速验证 > ✅ useGameConfig Hook > 应该初始化并管理游戏配置
 × tests/refactorRegression.test.ts > 重构回归测试 - 快速验证 > ✅ useGameConfig Hook > 应该能够处理开始游戏
   → [vitest] No "updateChatLLMConfig" export is defined on the "../src/services/chatService" mock. Did you forget to return it from "vi.mock"?
If you need to partially mock a module, you can use "importOriginal" helper inside:

 ✓ tests/refactorRegression.test.ts > 重构回归测试 - 快速验证 > ✅ usePlayerHand Hook > 应该管理玩家手牌状态
 ✓ tests/refactorRegression.test.ts > 重构回归测试 - 快速验证 > ✅ usePlayerHand Hook > 应该能够选择和取消选择卡片
 ✓ tests/refactorRegression.test.ts > 重构回归测试 - 快速验证 > ✅ useChatBubbles Hook > 应该管理聊天气泡
 ✓ tests/refactorRegression.test.ts > 重构回归测试 - 快速验证 > ✅ useChatBubbles Hook > 应该能够计算气泡位置
 × tests/refactorRegression.test.ts > 重构回归测试 - 快速验证 > ✅ useGameActions Hook > 应该管理游戏操作
   → Cannot read properties of undefined (reading 'currentPlayerIndex')
 ✓ tests/refactorRegression.test.ts > 重构回归测试 - 快速验证 > ✅ gameUtils 工具函数 > 应该正确获取牌型名称
 ✓ tests/refactorRegression.test.ts > 重构回归测试 - 快速验证 > ✅ gameUtils 工具函数 > 应该正确获取点数显示
 ✓ tests/refactorRegression.test.ts > 重构回归测试 - 快速验证 > ✅ 集成测试 > 应该能够组合使用多个 hooks
 ✓ tests/channelScheduler.test.ts > ChannelScheduler > 声道分配 > 应该正确分配4个玩家到4个通道
 × tests/channelScheduler.test.ts > ChannelScheduler > 声道分配 > 超过4个玩家时应该循环使用通道
   → expected 4 to be +0 // Object.is equality
 × tests/channelScheduler.test.ts > ChannelScheduler > 报牌播放 > 报牌应该使用ANNOUNCEMENT通道
   → expected "spy" to be called with arguments: [ Array(5) ]

Received: 



Number of calls: 0

 × tests/channelScheduler.test.ts > ChannelScheduler > 报牌播放 > 报牌应该中断所有玩家聊天
   → scheduler.getChannelStatus is not a function
 × tests/channelScheduler.test.ts > ChannelScheduler > 玩家聊天播放 > 4个玩家应该各自使用独立通道
   → expected "spy" to be called 4 times, but got 0 times
 × tests/channelScheduler.test.ts > ChannelScheduler > 玩家聊天播放 > 同一玩家的多个聊天请求应该排队
   → scheduler.getChannelStatus is not a function
 × tests/channelScheduler.test.ts > ChannelScheduler > 通道状态 > 应该正确返回通道状态
   → scheduler.getChannelStatus is not a function
 × tests/channelScheduler.test.ts > ChannelScheduler > 通道状态 > 应该返回所有通道状态
   → scheduler.getChannelStatus is not a function
 × tests/channelScheduler.test.ts > ChannelScheduler > 中断功能 > 应该能够中断指定通道
   → scheduler.interrupt is not a function
 × tests/channelScheduler.test.ts > ChannelScheduler > 中断功能 > 应该能够中断所有通道
   → scheduler.interrupt is not a function
 × tests/chatAndVoiceRegression.test.ts > 聊天和语音系统回归测试 > 语音功能回归 > 应该保持原有的牌型转语音文本功能
   → expected 'Pair of 5' to be '对五' // Object.is equality
 ✓ tests/chatAndVoiceRegression.test.ts > 聊天和语音系统回归测试 > 语音功能回归 > 应该保持原有的语音配置生成功能
 × tests/chatAndVoiceRegression.test.ts > 聊天和语音系统回归测试 > 语音功能回归 > 应该保持原有的自定义rank发音
   → expected '7 Js' to contain '钩'
 ✓ tests/system/validationModule.test.ts > ValidationModule > 模块初始化 > 应该正确初始化验证模块
 ✓ tests/system/validationModule.test.ts > ValidationModule > 模块初始化 > 应该能够获取模块状态
 ✓ tests/system/validationModule.test.ts > ValidationModule > 牌数完整性验证 > 应该能够验证完整的牌数
 ✓ tests/system/validationModule.test.ts > ValidationModule > 牌数完整性验证 > 应该能够检测缺失的牌
 ✓ tests/system/validationModule.test.ts > ValidationModule > 牌数完整性验证 > 应该能够检测重复牌
 ✓ tests/system/validationModule.test.ts > ValidationModule > 分数完整性验证 > 应该能够验证分数总和为0
 ✓ tests/system/validationModule.test.ts > ValidationModule > 轮次结束验证 > 应该能够验证轮次结束
 ✓ tests/system/validationModule.test.ts > ValidationModule > 游戏结束验证 > 应该能够验证游戏结束
 ✓ tests/system/validationModule.test.ts > ValidationModule > 配置管理 > 应该能够配置验证模块
 ✓ tests/system/validationModule.test.ts > ValidationModule > 配置管理 > 应该能够在禁用状态下跳过验证
 × tests/dealingManualMode.test.ts > 手动发牌模式 > 手动模式下不应该自动发牌 10024ms
   → Test timed out in 10000ms.
If this is a long-running test, pass a timeout value as the last argument or configure it globally with "testTimeout".
游戏1/5 [████████░░░░░░░░░░░░░░░░░░░░░░░░░░░░░░░░] 20.0% | 已用: 0ms | 剩余: 0ms × tests/dealingSortingRegression.test.ts > 发牌和理牌功能回归测试 > 理牌聊天触发 > 应该检测墩并触发聊天 5005ms
   → Test timed out in 5000ms.
If this is a long-running test, pass a timeout value as the last argument or configure it globally with "testTimeout".
 × tests/chatAndVoiceRegression.test.ts > 聊天和语音系统回归测试 > 聊天功能回归 > 应该能够正常触发随机闲聊 5028ms
   → Test timed out in 5000ms.
If this is a long-running test, pass a timeout value as the last argument or configure it globally with "testTimeout".
 × tests/dealingSortingRegression.test.ts > 发牌和理牌功能回归测试 > 理牌聊天触发 > 应该检测超大牌并触发聊天 7533ms
   → Test timed out in 5000ms.
If this is a long-running test, pass a timeout value as the last argument or configure it globally with "testTimeout".
 × tests/chatAndVoiceRegression.test.ts > 聊天和语音系统回归测试 > 聊天功能回归 > 应该能够正常触发事件聊天 7575ms
   → Test timed out in 5000ms.
If this is a long-running test, pass a timeout value as the last argument or configure it globally with "testTimeout".
 × tests/dealingManualMode.test.ts > 手动发牌模式 > 应该能够从手动模式切换回自动模式 12548ms
   → Test timed out in 10000ms.
If this is a long-running test, pass a timeout value as the last argument or configure it globally with "testTimeout".
stdout | tests/unit/async/ServiceHealthChecker.test.ts > ServiceHealthChecker > 基础功能 > 应该成功注册服务
[HealthChecker] Registering service: test-service
[HealthChecker] Cleaning up all services...
[HealthChecker] Cleanup completed

stdout | tests/unit/async/ServiceHealthChecker.test.ts > ServiceHealthChecker > 基础功能 > 健康服务应该标记为HEALTHY
[HealthChecker] Registering service: healthy-service

 ✓ tests/unit/async/ServiceHealthChecker.test.ts > ServiceHealthChecker > 基础功能 > 应该成功注册服务
stdout | tests/unit/async/ServiceHealthChecker.test.ts > ServiceHealthChecker > 基础功能 > 健康服务应该标记为HEALTHY
[HealthChecker] Cleaning up all services...
[HealthChecker] Cleanup completed

stdout | tests/unit/async/ServiceHealthChecker.test.ts > ServiceHealthChecker > 基础功能 > 失败的服务应该标记为DEGRADED
[HealthChecker] Registering service: unhealthy-service

stderr | tests/unit/async/ServiceHealthChecker.test.ts > ServiceHealthChecker > 基础功能 > 失败的服务应该标记为DEGRADED
[HealthChecker] ⚠️ unhealthy-service is DEGRADED (failures: 1)

 ✓ tests/unit/async/ServiceHealthChecker.test.ts > ServiceHealthChecker > 基础功能 > 健康服务应该标记为HEALTHY
stderr | tests/unit/async/ServiceHealthChecker.test.ts > ServiceHealthChecker > 基础功能 > 失败的服务应该标记为DEGRADED
<empty line>
stdout | tests/unit/async/ServiceHealthChecker.test.ts > ServiceHealthChecker > 基础功能 > 失败的服务应该标记为DEGRADED
[HealthChecker] Cleaning up all services...
[HealthChecker] Cleanup completed

stdout | tests/unit/async/ServiceHealthChecker.test.ts > ServiceHealthChecker > 基础功能 > 连续失败应该标记为UNAVAILABLE
[HealthChecker] Registering service: failed-service

stderr | tests/unit/async/ServiceHealthChecker.test.ts > ServiceHealthChecker > 基础功能 > 连续失败应该标记为UNAVAILABLE
[HealthChecker] ⚠️ failed-service is DEGRADED (failures: 1)

 ✓ tests/unit/async/ServiceHealthChecker.test.ts > ServiceHealthChecker > 基础功能 > 失败的服务应该标记为DEGRADED
stdout | tests/unit/async/ServiceHealthChecker.test.ts > ServiceHealthChecker > 基础功能 > 连续失败应该标记为UNAVAILABLE
<empty line>
stderr | tests/unit/async/ServiceHealthChecker.test.ts > ServiceHealthChecker > 基础功能 > 连续失败应该标记为UNAVAILABLE
[HealthChecker] ❌ failed-service is UNAVAILABLE (failures: 3)

stderr | tests/unit/async/ServiceHealthChecker.test.ts > ServiceHealthChecker > 基础功能 > 连续失败应该标记为UNAVAILABLE
<empty line>
stdout | tests/unit/async/ServiceHealthChecker.test.ts > ServiceHealthChecker > 基础功能 > 连续失败应该标记为UNAVAILABLE
[HealthChecker] Cleaning up all services...
[HealthChecker] Cleanup completed

stdout | tests/unit/async/ServiceHealthChecker.test.ts > ServiceHealthChecker > 状态查询 > 应该返回服务健康信息
[HealthChecker] Registering service: test-service

 ✓ tests/unit/async/ServiceHealthChecker.test.ts > ServiceHealthChecker > 基础功能 > 连续失败应该标记为UNAVAILABLE
stdout | tests/unit/async/ServiceHealthChecker.test.ts > ServiceHealthChecker > 状态查询 > 应该返回服务健康信息
[HealthChecker] Cleaning up all services...
[HealthChecker] Cleanup completed

stdout | tests/unit/async/ServiceHealthChecker.test.ts > ServiceHealthChecker > 状态查询 > 未注册的服务应该返回UNAVAILABLE
[HealthChecker] Cleaning up all services...
[HealthChecker] Cleanup completed

stdout | tests/unit/async/ServiceHealthChecker.test.ts > ServiceHealthChecker > 状态查询 > 应该返回所有服务
[HealthChecker] Registering service: service1
[HealthChecker] Registering service: service2

 ✓ tests/unit/async/ServiceHealthChecker.test.ts > ServiceHealthChecker > 状态查询 > 应该返回服务健康信息
 ✓ tests/unit/async/ServiceHealthChecker.test.ts > ServiceHealthChecker > 状态查询 > 未注册的服务应该返回UNAVAILABLE
stdout | tests/unit/async/ServiceHealthChecker.test.ts > ServiceHealthChecker > 状态查询 > 应该返回所有服务
[HealthChecker] Cleaning up all services...
[HealthChecker] Cleanup completed

stdout | tests/unit/async/ServiceHealthChecker.test.ts > ServiceHealthChecker > 手动操作 > 应该支持手动设置状态
[HealthChecker] Registering service: test-service
[HealthChecker] Manually set test-service to unavailable: no reason
[HealthChecker] ⚠️ test-service recovered to DEGRADED (0ms)
[HealthChecker] Cleaning up all services...
[HealthChecker] Cleanup completed

stdout | tests/unit/async/ServiceHealthChecker.test.ts > ServiceHealthChecker > 手动操作 > 应该支持重置状态
[HealthChecker] Registering service: test-service

stderr | tests/unit/async/ServiceHealthChecker.test.ts > ServiceHealthChecker > 手动操作 > 应该支持重置状态
[HealthChecker] ⚠️ test-service is DEGRADED (failures: 1)

 ✓ tests/unit/async/ServiceHealthChecker.test.ts > ServiceHealthChecker > 状态查询 > 应该返回所有服务
 ✓ tests/unit/async/ServiceHealthChecker.test.ts > ServiceHealthChecker > 手动操作 > 应该支持手动设置状态
stderr | tests/unit/async/ServiceHealthChecker.test.ts > ServiceHealthChecker > 手动操作 > 应该支持重置状态
<empty line>
stdout | tests/unit/async/ServiceHealthChecker.test.ts > ServiceHealthChecker > 手动操作 > 应该支持重置状态
[HealthChecker] Reset test-service to HEALTHY
[HealthChecker] Cleaning up all services...
[HealthChecker] Cleanup completed

stdout | tests/unit/async/ServiceHealthChecker.test.ts > ServiceHealthChecker > 清理 > 应该支持注销服务
[HealthChecker] Registering service: test-service
[HealthChecker] Unregistered service: test-service
[HealthChecker] Cleaning up all services...
[HealthChecker] Cleanup completed

stdout | tests/unit/async/ServiceHealthChecker.test.ts > ServiceHealthChecker > 清理 > cleanup应该清理所有服务
[HealthChecker] Registering service: service1
[HealthChecker] Registering service: service2
[HealthChecker] Cleaning up all services...
[HealthChecker] Cleanup completed
[HealthChecker] Cleaning up all services...
[HealthChecker] Cleanup completed

stdout | tests/unit/async/ServiceHealthChecker.test.ts > ServiceHealthChecker > 统计功能 > 应该正确统计服务数量
[HealthChecker] Registering service: healthy1
[HealthChecker] Registering service: healthy2
[HealthChecker] Registering service: degraded

stderr | tests/unit/async/ServiceHealthChecker.test.ts > ServiceHealthChecker > 统计功能 > 应该正确统计服务数量
[HealthChecker] ⚠️ degraded is DEGRADED (failures: 1)

 ✓ tests/unit/async/ServiceHealthChecker.test.ts > ServiceHealthChecker > 手动操作 > 应该支持重置状态
 ✓ tests/unit/async/ServiceHealthChecker.test.ts > ServiceHealthChecker > 清理 > 应该支持注销服务
 ✓ tests/unit/async/ServiceHealthChecker.test.ts > ServiceHealthChecker > 清理 > cleanup应该清理所有服务
stderr | tests/unit/async/ServiceHealthChecker.test.ts > ServiceHealthChecker > 统计功能 > 应该正确统计服务数量
<empty line>
stdout | tests/unit/async/ServiceHealthChecker.test.ts > ServiceHealthChecker > 统计功能 > 应该正确统计服务数量
[HealthChecker] Cleaning up all services...
[HealthChecker] Cleanup completed

stdout | tests/unit/async/ServiceHealthChecker.test.ts > ServiceHealthChecker > 统计功能 > 应该导出健康报告
[HealthChecker] Registering service: service1
[HealthChecker] Registering service: service2

stderr | tests/unit/async/ServiceHealthChecker.test.ts > ServiceHealthChecker > 统计功能 > 应该导出健康报告
[HealthChecker] ⚠️ service2 is DEGRADED (failures: 1)

 ✓ tests/unit/async/ServiceHealthChecker.test.ts > ServiceHealthChecker > 统计功能 > 应该正确统计服务数量
stderr | tests/unit/async/ServiceHealthChecker.test.ts > ServiceHealthChecker > 统计功能 > 应该导出健康报告
<empty line>
stdout | tests/unit/async/ServiceHealthChecker.test.ts > ServiceHealthChecker > 统计功能 > 应该导出健康报告
[HealthChecker] Cleaning up all services...
[HealthChecker] Cleanup completed

stdout | tests/unit/async/ServiceHealthChecker.test.ts > ServiceHealthChecker > 边界情况 > 应该处理健康检查抛出异常
[HealthChecker] Registering service: error-service

stderr | tests/unit/async/ServiceHealthChecker.test.ts > ServiceHealthChecker > 边界情况 > 应该处理健康检查抛出异常
[HealthChecker] ⚠️ error-service is DEGRADED (failures: 1)

 ✓ tests/unit/async/ServiceHealthChecker.test.ts > ServiceHealthChecker > 统计功能 > 应该导出健康报告
stderr | tests/unit/async/ServiceHealthChecker.test.ts > ServiceHealthChecker > 边界情况 > 应该处理健康检查抛出异常
<empty line>
stdout | tests/unit/async/ServiceHealthChecker.test.ts > ServiceHealthChecker > 边界情况 > 应该处理健康检查抛出异常
[HealthChecker] Cleaning up all services...
[HealthChecker] Cleanup completed

stdout | tests/unit/async/ServiceHealthChecker.test.ts > ServiceHealthChecker > 边界情况 > 应该处理超时
[HealthChecker] Registering service: slow-service

 ✓ tests/unit/async/ServiceHealthChecker.test.ts > ServiceHealthChecker > 边界情况 > 应该处理健康检查抛出异常
stdout | tests/unit/async/ServiceHealthChecker.test.ts > ServiceHealthChecker > 边界情况 > 应该处理超时
<empty line>
stderr | tests/unit/async/ServiceHealthChecker.test.ts > ServiceHealthChecker > 边界情况 > 应该处理超时
[HealthChecker] ⚠️ slow-service is DEGRADED (failures: 1)

stderr | tests/unit/async/ServiceHealthChecker.test.ts > ServiceHealthChecker > 边界情况 > 应该处理超时
<empty line>
stdout | tests/unit/async/ServiceHealthChecker.test.ts > ServiceHealthChecker > 边界情况 > 应该处理超时
[HealthChecker] Cleaning up all services...
[HealthChecker] Cleanup completed

stdout | tests/unit/async/ServiceHealthChecker.test.ts > ServiceHealthChecker > 边界情况 > 应该处理0个服务
[HealthChecker] Cleaning up all services...
[HealthChecker] Cleanup completed

stdout | tests/unit/async/ServiceHealthChecker.test.ts > ServiceHealthChecker > 服务恢复 > 服务恢复后应该变回HEALTHY
[HealthChecker] Registering service: test-service

stderr | tests/unit/async/ServiceHealthChecker.test.ts > ServiceHealthChecker > 服务恢复 > 服务恢复后应该变回HEALTHY
[HealthChecker] ⚠️ test-service is DEGRADED (failures: 1)

 ✓ tests/unit/async/ServiceHealthChecker.test.ts > ServiceHealthChecker > 边界情况 > 应该处理超时
 ✓ tests/unit/async/ServiceHealthChecker.test.ts > ServiceHealthChecker > 边界情况 > 应该处理0个服务
stderr | tests/unit/async/ServiceHealthChecker.test.ts > ServiceHealthChecker > 服务恢复 > 服务恢复后应该变回HEALTHY
<empty line>
stdout | tests/unit/async/ServiceHealthChecker.test.ts > ServiceHealthChecker > 服务恢复 > 服务恢复后应该变回HEALTHY
[HealthChecker] ✅ test-service recovered to HEALTHY (0ms)

 ✓ tests/unit/async/ServiceHealthChecker.test.ts > ServiceHealthChecker > 服务恢复 > 服务恢复后应该变回HEALTHY
stderr | tests/unit/async/ServiceHealthChecker.test.ts > ServiceHealthChecker > 服务恢复 > 服务恢复后应该变回HEALTHY
<empty line>
stdout | tests/unit/async/ServiceHealthChecker.test.ts > ServiceHealthChecker > 服务恢复 > 服务恢复后应该变回HEALTHY
[HealthChecker] Cleaning up all services...
[HealthChecker] Cleanup completed

 × tests/dealingSortingRegression.test.ts > 发牌和理牌功能回归测试 > 理牌聊天触发 > 应该优先检测炸弹/墩 5002ms
   → Test timed out in 5000ms.
If this is a long-running test, pass a timeout value as the last argument or configure it globally with "testTimeout".
 ✓ tests/dealingSortingRegression.test.ts > 发牌和理牌功能回归测试 > 集成测试 > 应该能够完成完整的发牌和理牌流程
 ✓ tests/dealingSortingRegression.test.ts > 发牌和理牌功能回归测试 > 集成测试 > 应该保持发牌算法的特性
(node:673313) PromiseRejectionHandledWarning: Promise rejection was handled asynchronously (rejection id: 2)
(Use `node --trace-warnings ...` to show where the warning was created)
(node:673313) PromiseRejectionHandledWarning: Promise rejection was handled asynchronously (rejection id: 4)
(node:673313) PromiseRejectionHandledWarning: Promise rejection was handled asynchronously (rejection id: 6)
(node:673313) PromiseRejectionHandledWarning: Promise rejection was handled asynchronously (rejection id: 8)
(node:673313) PromiseRejectionHandledWarning: Promise rejection was handled asynchronously (rejection id: 10)
(node:673313) PromiseRejectionHandledWarning: Promise rejection was handled asynchronously (rejection id: 22)
(node:673313) PromiseRejectionHandledWarning: Promise rejection was handled asynchronously (rejection id: 23)
(node:673313) PromiseRejectionHandledWarning: Promise rejection was handled asynchronously (rejection id: 24)
(node:673313) PromiseRejectionHandledWarning: Promise rejection was handled asynchronously (rejection id: 25)
(node:673313) PromiseRejectionHandledWarning: Promise rejection was handled asynchronously (rejection id: 26)
(node:673313) PromiseRejectionHandledWarning: Promise rejection was handled asynchronously (rejection id: 27)
(node:673313) PromiseRejectionHandledWarning: Promise rejection was handled asynchronously (rejection id: 28)
(node:673313) PromiseRejectionHandledWarning: Promise rejection was handled asynchronously (rejection id: 29)
(node:673313) PromiseRejectionHandledWarning: Promise rejection was handled asynchronously (rejection id: 30)
(node:673313) PromiseRejectionHandledWarning: Promise rejection was handled asynchronously (rejection id: 31)
 × tests/serialVoicePlaybackRegression.test.ts > 串行播放回归测试 > 向后兼容性 > voiceService.speak应该仍然工作
   → TTS服务音频生成失败
 × tests/serialVoicePlaybackRegression.test.ts > 串行播放回归测试 > 向后兼容性 > 应该支持不同的声道
   → TTS服务音频生成失败
 × tests/serialVoicePlaybackRegression.test.ts > 串行播放回归测试 > 向后兼容性 > 报牌应该仍然可以立即播放
   → TTS服务音频生成失败
 × tests/serialVoicePlaybackRegression.test.ts > 串行播放回归测试 > 现有功能保持 > 应该支持VoiceConfig配置
   → TTS服务音频生成失败
 × tests/serialVoicePlaybackRegression.test.ts > 串行播放回归测试 > 现有功能保持 > 应该支持事件回调
   → TTS服务音频生成失败
 ✓ tests/serialVoicePlaybackRegression.test.ts > 串行播放回归测试 > 现有功能保持 > 应该正确处理错误
 × tests/serialVoicePlaybackRegression.test.ts > 串行播放回归测试 > 性能回归 > 应该能快速处理多个消息
   → TTS服务音频生成失败
 ✓ tests/serialVoicePlaybackRegression.test.ts > 串行播放回归测试 > 性能回归 > 队列不应该无限增长
 ✓ tests/mcts/uct.test.ts > UCT算法 > 应该为未访问的节点返回Infinity
 ✓ tests/mcts/uct.test.ts > UCT算法 > 应该正确计算UCT值
 ✓ tests/mcts/uct.test.ts > UCT算法 > 应该随着访问次数增加而降低探索项
 ✓ tests/mcts/uct.test.ts > UCT算法 > 应该随着胜率增加而增加利用项
 ✓ tests/mcts/uct.test.ts > UCT算法 > 应该正确处理不同的探索常数
 ✓ tests/mcts/uct.test.ts > UCT算法 > 应该处理父节点为null的情况
 ✓ tests/mcts/uct.test.ts > UCT算法 > 应该在利用项和探索项之间正确平衡
 ✓ tests/mcts/uct.test.ts > UCT算法 > 应该处理零探索常数
 ✓ tests/mcts/uct.test.ts > UCT算法 > 应该处理极大的探索常数
 ✓ tests/mcts/uct.test.ts > UCT算法 > 应该处理父节点访问次数为1的情况
 ✓ tests/mcts/uct.test.ts > UCT算法 > 应该处理全胜节点
 ✓ tests/mcts/uct.test.ts > UCT算法 > 应该处理全败节点
 ✓ tests/mcts/uct.test.ts > UCT算法 > 应该正确比较不同节点的UCT值
 ✓ tests/mcts/uct.test.ts > UCT算法 > 应该处理数值溢出边界情况
 ✓ tests/mcts/uct.test.ts > UCT算法 > 应该在相同统计下产生相同UCT值
 ✓ tests/mcts/uct.test.ts > UCT算法 > 应该正确处理边界胜率值
 ✓ tests/mcts/uct.test.ts > UCT算法 > 应该在父节点访问次数增加时增加探索项
 ✓ tests/regression/pure-functions/teamLogic.regression.test.ts > 团队逻辑回归测试 > createTeamConfig4Players - 一致性测试 > 相同输入应该产生相同配置
 ✓ tests/regression/pure-functions/teamLogic.regression.test.ts > 团队逻辑回归测试 > calculateTeamScore - 一致性测试 > 所有场景结果一致
 ✓ tests/regression/pure-functions/teamLogic.regression.test.ts > 团队逻辑回归测试 > calculatePlayerDunScore - 一致性测试 > 所有场景结果一致
 ✓ tests/regression/pure-functions/teamLogic.regression.test.ts > 团队逻辑回归测试 > getPlayerTeamId - 一致性测试 > 所有场景结果一致
 ✓ tests/regression/pure-functions/teamLogic.regression.test.ts > 团队逻辑回归测试 > calculateTeamRankings - 一致性测试 > 所有场景结果一致
 × tests/regression/pure-functions/teamLogic.regression.test.ts > 团队逻辑回归测试 > 综合场景测试 > 完整团队游戏流程
   → expected undefined not to be undefined
 × tests/chatAndVoiceRegression.test.ts > 聊天和语音系统回归测试 > 聊天功能回归 > 应该能够正常触发大墩反应 5002ms
   → Test timed out in 5000ms.
If this is a long-running test, pass a timeout value as the last argument or configure it globally with "testTimeout".
 ✓ tests/chatAndVoiceRegression.test.ts > 聊天和语音系统回归测试 > 聊天内容库回归 > 应该能够获取所有类型的聊天内容
 ✓ tests/chatAndVoiceRegression.test.ts > 聊天和语音系统回归测试 > 聊天内容库回归 > 应该支持普通话和粤语
 ✓ tests/mcts/selection.test.ts > MCTS节点选择 > 应该在没有子节点时返回自身
 ✓ tests/mcts/selection.test.ts > MCTS节点选择 > 应该为AI选择UCT值最高的子节点
 ✓ tests/mcts/selection.test.ts > MCTS节点选择 > 应该为对手选择UCT值最低的子节点
 ✓ tests/mcts/selection.test.ts > MCTS节点选择 > 应该优先选择未访问的节点
 ✓ tests/mcts/selection.test.ts > MCTS节点选择 > 应该处理多个未访问节点的情况
 ✓ tests/mcts/selection.test.ts > MCTS节点选择 > 应该正确处理单个子节点
 ✓ tests/mcts/selection.test.ts > MCTS节点选择 > 应该正确平衡探索和利用
 ✓ tests/mcts/selection.test.ts > MCTS节点选择 > 应该在探索常数为0时只考虑利用项
 ✓ tests/mcts/selection.test.ts > MCTS节点选择 > 应该在探索常数很大时更倾向探索
 ✓ tests/mcts/selection.test.ts > MCTS节点选择 > 应该正确处理对手节点的选择逻辑
 ✓ tests/mcts/selection.test.ts > MCTS节点选择 > 应该处理全胜的节点
 ✓ tests/mcts/selection.test.ts > MCTS节点选择 > 应该处理全败的节点
 ✓ tests/mcts/selection.test.ts > MCTS节点选择 > 应该在多次选择中有一致性
 ✓ tests/mcts/selection.test.ts > MCTS节点选择 > 应该正确处理大量子节点
stderr | tests/cardStacking.test.ts > 卡牌叠放显示 > 应该显示叠放的卡牌
react-i18next:: useTranslation: You will need to pass in an i18next instance by using initReactI18next { code: 'NO_I18NEXT_INSTANCE' }

 ✓ tests/cardStacking.test.ts > 卡牌叠放显示 > 应该显示叠放的卡牌
 ✓ tests/cardStacking.test.ts > 卡牌叠放显示 > 应该为每张牌设置正确的偏移量
 ✓ tests/cardStacking.test.ts > 卡牌叠放显示 > 展开时应该显示所有牌（不叠放）
 ✓ tests/cardStacking.test.ts > 卡牌叠放显示 > 应该根据牌的数量调整叠放容器高度
 ✓ tests/cardStacking.test.ts > 卡牌叠放显示 > 应该正确设置 z-index
 ✓ tests/cardStacking.test.ts > 卡牌叠放显示 > 应该处理多个不同rank的叠放
 ✓ tests/dealingAlgorithms.test.ts > 发牌算法 > 随机发牌算法 > 应该为每个玩家分配牌
 ✓ tests/dealingAlgorithms.test.ts > 发牌算法 > 随机发牌算法 > 应该分配所有牌
 ✓ tests/dealingAlgorithms.test.ts > 发牌算法 > 随机发牌算法 > 应该为每张牌生成唯一ID
 ✓ tests/dealingAlgorithms.test.ts > 发牌算法 > 公平发牌算法 > 应该为每个玩家分配牌
 ✓ tests/dealingAlgorithms.test.ts > 发牌算法 > 公平发牌算法 > 应该尽量平均分配牌数
 ✓ tests/dealingAlgorithms.test.ts > 发牌算法 > 偏袒人类玩家算法 > 应该为每个玩家分配牌
 ✓ tests/dealingAlgorithms.test.ts > 发牌算法 > 偏袒人类玩家算法 > 应该为偏袒玩家分配更多好牌
 ✓ tests/dealingAlgorithms.test.ts > 发牌算法 > 平衡分牌算法 > 应该为每个玩家分配牌
 ✓ tests/dealingAlgorithms.test.ts > 发牌算法 > 平衡分牌算法 > 应该尽量平均分配分牌
 ✓ tests/dealingAlgorithms.test.ts > 发牌算法 > 算法描述 > 应该为所有算法提供描述
 ✓ tests/dealingAlgorithms.test.ts > 发牌算法 > 边界情况 > 应该处理最小玩家数（4人）
 ✓ tests/dealingAlgorithms.test.ts > 发牌算法 > 边界情况 > 应该处理最大玩家数（8人）
 ✓ tests/dealingAlgorithms.test.ts > 发牌算法 > 边界情况 > 应该处理无效算法（回退到随机）
 ✓ tests/dealingAlgorithms.test.ts > 发牌算法 > 牌的唯一性 > 所有算法都应该生成唯一的牌ID
 ✓ tests/services/cardPlaying/CardSelectorService.test.ts > CardSelectorService > 初始化 > 应该初始化玩家选牌状态
 ✓ tests/services/cardPlaying/CardSelectorService.test.ts > CardSelectorService > selectCard > 应该选择单张牌
 ✓ tests/services/cardPlaying/CardSelectorService.test.ts > CardSelectorService > selectCard > 应该拒绝选择不在手牌中的牌
 ✓ tests/services/cardPlaying/CardSelectorService.test.ts > CardSelectorService > selectCard > 应该允许重复选择（不报错）
 ✓ tests/services/cardPlaying/CardSelectorService.test.ts > CardSelectorService > deselectCard > 应该取消选择牌
 ✓ tests/services/cardPlaying/CardSelectorService.test.ts > CardSelectorService > deselectCard > 应该处理取消选择未选中的牌
 ✓ tests/services/cardPlaying/CardSelectorService.test.ts > CardSelectorService > toggleCard > 应该切换牌的选择状态
 ✓ tests/services/cardPlaying/CardSelectorService.test.ts > CardSelectorService > selectGroup > 应该选择一组牌
 ✓ tests/services/cardPlaying/CardSelectorService.test.ts > CardSelectorService > selectGroup > 应该拒绝选择包含不在手牌中的牌
 ✓ tests/services/cardPlaying/CardSelectorService.test.ts > CardSelectorService > clearSelection > 应该清空所有选择
 ✓ tests/services/cardPlaying/CardSelectorService.test.ts > CardSelectorService > highlightPlayableCards > 应该高亮可出的牌（新轮次）
 ✓ tests/services/cardPlaying/CardSelectorService.test.ts > CardSelectorService > highlightPlayableCards > 应该高亮能压过上家的牌
 ✓ tests/services/cardPlaying/CardSelectorService.test.ts > CardSelectorService > validateSelection > 应该验证合法的选牌
 ✓ tests/services/cardPlaying/CardSelectorService.test.ts > CardSelectorService > validateSelection > 应该拒绝不合法的选牌
 ✓ tests/autoContinueRegression.test.ts > 回归测试：玩家出完牌后自动继续 > Bug修复验证：玩家出完牌后游戏应该自动继续 > 修复前：玩家出完牌后，currentPlayerIndex没有更新 - 应该已修复
 ✓ tests/autoContinueRegression.test.ts > 回归测试：玩家出完牌后自动继续 > Bug修复验证：玩家出完牌后游戏应该自动继续 > 修复前：玩家出完牌后，下一个AI玩家没有自动出牌 - 应该已修复
 ✓ tests/autoContinueRegression.test.ts > 回归测试：玩家出完牌后自动继续 > Bug修复验证：玩家出完牌后游戏应该自动继续 > 修复前：没有跳过已出完的玩家 - 应该已修复
 ✓ tests/autoContinueRegression.test.ts > 回归测试：玩家出完牌后自动继续 > 边界情况回归测试 > 应该正确处理最后一个玩家出完牌的情况
 ✓ tests/autoContinueRegression.test.ts > 回归测试：玩家出完牌后自动继续 > 边界情况回归测试 > 应该正确处理第一个玩家出完牌的情况
 ✓ tests/autoContinueRegression.test.ts > 回归测试：玩家出完牌后自动继续 > 性能回归测试 > 跳过已出完玩家的算法应该高效
 ✓ tests/mcts/backpropagation.test.ts > MCTS反向传播 > 应该更新节点的访问次数
 ✓ tests/mcts/backpropagation.test.ts > MCTS反向传播 > 应该在AI获胜时增加wins
 ✓ tests/mcts/backpropagation.test.ts > MCTS反向传播 > 应该在对手获胜时不增加wins
 ✓ tests/mcts/backpropagation.test.ts > MCTS反向传播 > 应该向上传播到所有祖先节点
 ✓ tests/mcts/backpropagation.test.ts > MCTS反向传播 > 应该正确处理多个反向传播
 ✓ tests/mcts/backpropagation.test.ts > MCTS反向传播 > 应该处理null节点
 ✓ tests/mcts/backpropagation.test.ts > MCTS反向传播 > 应该正确处理根节点
 ✓ tests/mcts/backpropagation.test.ts > MCTS反向传播 > 应该正确处理不同winner值
 ✓ tests/mcts/backpropagation.test.ts > MCTS反向传播 > 应该正确处理深层节点树
 ✓ tests/mcts/backpropagation.test.ts > MCTS反向传播 > 应该正确累计统计信息
 ✓ tests/mcts/backpropagation.test.ts > MCTS反向传播 > 应该在胜率计算中正确工作
 ✓ tests/mcts/backpropagation.test.ts > MCTS反向传播 > 应该正确处理多分支树
stdout | tests/unit/scheduler/TaskQueue.test.ts > TaskQueue > 基础功能 > 应该添加任务到队列
[TaskQueue] Task enqueued: test (queue size: 1)

stderr | tests/unit/scheduler/TaskQueue.test.ts > TaskQueue > 基础功能 > 应该添加任务到队列
[TaskQueue] No executor set

stdout | tests/unit/scheduler/TaskQueue.test.ts > TaskQueue > 基础功能 > 应该按优先级排序
[TaskQueue] Task enqueued: test (queue size: 1)
[TaskQueue] Processing task: test (id: 1)
[TaskQueue] Task enqueued: test (queue size: 1)
[TaskQueue] Task enqueued: test (queue size: 2)
[TaskQueue] Processing task: test (id: 2)
[TaskQueue] Processing task: test (id: 3)

 ✓ tests/unit/scheduler/TaskQueue.test.ts > TaskQueue > 基础功能 > 应该创建空队列
 ✓ tests/unit/scheduler/TaskQueue.test.ts > TaskQueue > 基础功能 > 应该添加任务到队列
stdout | tests/unit/scheduler/TaskQueue.test.ts > TaskQueue > 任务执行 > 应该顺序执行任务
[TaskQueue] Task enqueued: test (queue size: 1)
[TaskQueue] Processing task: test (id: 1)
[TaskQueue] Task enqueued: test (queue size: 1)
[TaskQueue] Task enqueued: test (queue size: 2)

 × tests/unit/scheduler/TaskQueue.test.ts > TaskQueue > 基础功能 > 应该按优先级排序
   → expected [ '1', '2', '3' ] to deeply equal [ '2', '3', '1' ]
stdout | tests/unit/scheduler/TaskQueue.test.ts > TaskQueue > 任务执行 > 应该顺序执行任务
[TaskQueue] Processing task: test (id: 2)

stdout | tests/unit/scheduler/TaskQueue.test.ts > TaskQueue > 任务执行 > 应该顺序执行任务
[TaskQueue] Processing task: test (id: 3)

stdout | tests/unit/scheduler/TaskQueue.test.ts > TaskQueue > 任务执行 > 错误不应该中断队列
[TaskQueue] Task enqueued: test (queue size: 1)
[TaskQueue] Processing task: test (id: 1)
[TaskQueue] Task enqueued: test (queue size: 1)
[TaskQueue] Task enqueued: test (queue size: 2)
[TaskQueue] Processing task: test (id: 2)
[TaskQueue] Processing task: test (id: 3)

stderr | tests/unit/scheduler/TaskQueue.test.ts > TaskQueue > 任务执行 > 错误不应该中断队列
[TaskQueue] Task failed: test Error: Task 2 failed
    at TaskQueue.executor (/home/jin/guozha-poker-game/tests/unit/scheduler/TaskQueue.test.ts:83:17)
    at TaskQueue.process (/home/jin/guozha-poker-game/src/central-brain/scheduler/TaskQueue.ts:96:22)

 ✓ tests/unit/scheduler/TaskQueue.test.ts > TaskQueue > 任务执行 > 应该顺序执行任务
stdout | tests/unit/scheduler/TaskQueue.test.ts > TaskQueue > 任务执行 > 没有executor时不应该处理任务
[TaskQueue] Task enqueued: test (queue size: 1)

stderr | tests/unit/scheduler/TaskQueue.test.ts > TaskQueue > 任务执行 > 没有executor时不应该处理任务
[TaskQueue] No executor set

stdout | tests/unit/scheduler/TaskQueue.test.ts > TaskQueue > 清理功能 > 应该清除指定轮次的任务
[TaskQueue] Task enqueued: test (queue size: 1)
[TaskQueue] Task enqueued: test (queue size: 2)
[TaskQueue] Task enqueued: test (queue size: 3)
[TaskQueue] Cleared 2 tasks for round 1

stderr | tests/unit/scheduler/TaskQueue.test.ts > TaskQueue > 清理功能 > 应该清除指定轮次的任务
[TaskQueue] No executor set
[TaskQueue] No executor set
[TaskQueue] No executor set

stdout | tests/unit/scheduler/TaskQueue.test.ts > TaskQueue > 清理功能 > 应该清空所有任务
[TaskQueue] Task enqueued: test (queue size: 1)
[TaskQueue] Task enqueued: test (queue size: 2)
[TaskQueue] Cleared all 2 tasks

stderr | tests/unit/scheduler/TaskQueue.test.ts > TaskQueue > 清理功能 > 应该清空所有任务
[TaskQueue] No executor set
[TaskQueue] No executor set

stdout | tests/unit/scheduler/TaskQueue.test.ts > TaskQueue > 统计功能 > 应该记录处理统计
[TaskQueue] Task enqueued: test (queue size: 1)
[TaskQueue] Processing task: test (id: 1)
[TaskQueue] Task enqueued: test (queue size: 1)

stdout | tests/unit/scheduler/TaskQueue.test.ts > TaskQueue > 统计功能 > 应该记录处理统计
[TaskQueue] Processing task: test (id: 2)

 ✓ tests/unit/scheduler/TaskQueue.test.ts > TaskQueue > 任务执行 > 错误不应该中断队列
 ✓ tests/unit/scheduler/TaskQueue.test.ts > TaskQueue > 任务执行 > 没有executor时不应该处理任务
 ✓ tests/unit/scheduler/TaskQueue.test.ts > TaskQueue > 清理功能 > 应该清除指定轮次的任务
 ✓ tests/unit/scheduler/TaskQueue.test.ts > TaskQueue > 清理功能 > 应该清空所有任务
stdout | tests/unit/scheduler/TaskQueue.test.ts > TaskQueue > 统计功能 > 应该计算成功率
[TaskQueue] Task enqueued: test (queue size: 1)
[TaskQueue] Processing task: test (id: 1)
[TaskQueue] Task enqueued: test (queue size: 1)
[TaskQueue] Task enqueued: test (queue size: 2)
[TaskQueue] Processing task: test (id: 2)
[TaskQueue] Processing task: test (id: 3)

stderr | tests/unit/scheduler/TaskQueue.test.ts > TaskQueue > 统计功能 > 应该计算成功率
[TaskQueue] Task failed: test Error: Fail
    at TaskQueue.executor (/home/jin/guozha-poker-game/tests/unit/scheduler/TaskQueue.test.ts:160:36)
    at TaskQueue.process (/home/jin/guozha-poker-game/src/central-brain/scheduler/TaskQueue.ts:96:22)

 ✓ tests/unit/scheduler/TaskQueue.test.ts > TaskQueue > 统计功能 > 应该记录处理统计
stdout | tests/unit/scheduler/TaskQueue.test.ts > TaskQueue > 并发安全 > 快速连续添加不应该导致重复执行
[TaskQueue] Task enqueued: test (queue size: 1)
[TaskQueue] Processing task: test (id: task-0)
[TaskQueue] Task enqueued: test (queue size: 1)
[TaskQueue] Task enqueued: test (queue size: 2)
[TaskQueue] Task enqueued: test (queue size: 3)
[TaskQueue] Task enqueued: test (queue size: 4)
[TaskQueue] Task enqueued: test (queue size: 5)
[TaskQueue] Task enqueued: test (queue size: 6)
[TaskQueue] Task enqueued: test (queue size: 7)
[TaskQueue] Task enqueued: test (queue size: 8)
[TaskQueue] Task enqueued: test (queue size: 9)
[TaskQueue] Task enqueued: test (queue size: 10)
[TaskQueue] Task enqueued: test (queue size: 11)
[TaskQueue] Task enqueued: test (queue size: 12)
[TaskQueue] Task enqueued: test (queue size: 13)
[TaskQueue] Task enqueued: test (queue size: 14)
[TaskQueue] Task enqueued: test (queue size: 15)
[TaskQueue] Task enqueued: test (queue size: 16)
[TaskQueue] Task enqueued: test (queue size: 17)
[TaskQueue] Task enqueued: test (queue size: 18)
[TaskQueue] Task enqueued: test (queue size: 19)

 × tests/unit/scheduler/TaskQueue.test.ts > TaskQueue > 统计功能 > 应该计算成功率
   → expected 2 to be 3 // Object.is equality
stdout | tests/unit/scheduler/TaskQueue.test.ts > TaskQueue > 并发安全 > 快速连续添加不应该导致重复执行
[TaskQueue] Processing task: test (id: task-1)

stdout | tests/unit/scheduler/TaskQueue.test.ts > TaskQueue > 并发安全 > 快速连续添加不应该导致重复执行
[TaskQueue] Processing task: test (id: task-2)

stdout | tests/unit/scheduler/TaskQueue.test.ts > TaskQueue > 并发安全 > 快速连续添加不应该导致重复执行
[TaskQueue] Processing task: test (id: task-3)

stdout | tests/unit/scheduler/TaskQueue.test.ts > TaskQueue > 并发安全 > 快速连续添加不应该导致重复执行
[TaskQueue] Processing task: test (id: task-4)

stdout | tests/unit/scheduler/TaskQueue.test.ts > TaskQueue > 并发安全 > 快速连续添加不应该导致重复执行
[TaskQueue] Processing task: test (id: task-5)

stdout | tests/unit/scheduler/TaskQueue.test.ts > TaskQueue > 并发安全 > 快速连续添加不应该导致重复执行
[TaskQueue] Processing task: test (id: task-6)

stdout | tests/unit/scheduler/TaskQueue.test.ts > TaskQueue > 并发安全 > 快速连续添加不应该导致重复执行
[TaskQueue] Processing task: test (id: task-7)

stdout | tests/unit/scheduler/TaskQueue.test.ts > TaskQueue > 并发安全 > 快速连续添加不应该导致重复执行
[TaskQueue] Processing task: test (id: task-8)

stdout | tests/unit/scheduler/TaskQueue.test.ts > TaskQueue > 并发安全 > 快速连续添加不应该导致重复执行
[TaskQueue] Processing task: test (id: task-9)

stdout | tests/unit/scheduler/TaskQueue.test.ts > TaskQueue > 并发安全 > 快速连续添加不应该导致重复执行
[TaskQueue] Processing task: test (id: task-10)

stdout | tests/unit/scheduler/TaskQueue.test.ts > TaskQueue > 并发安全 > 快速连续添加不应该导致重复执行
[TaskQueue] Processing task: test (id: task-11)

stdout | tests/unit/scheduler/TaskQueue.test.ts > TaskQueue > 并发安全 > 快速连续添加不应该导致重复执行
[TaskQueue] Processing task: test (id: task-12)

stdout | tests/unit/scheduler/TaskQueue.test.ts > TaskQueue > 并发安全 > 快速连续添加不应该导致重复执行
[TaskQueue] Processing task: test (id: task-13)

stdout | tests/unit/scheduler/TaskQueue.test.ts > TaskQueue > 并发安全 > 快速连续添加不应该导致重复执行
[TaskQueue] Processing task: test (id: task-14)

stdout | tests/unit/scheduler/TaskQueue.test.ts > TaskQueue > 并发安全 > 快速连续添加不应该导致重复执行
[TaskQueue] Processing task: test (id: task-15)

stdout | tests/unit/scheduler/TaskQueue.test.ts > TaskQueue > 并发安全 > 快速连续添加不应该导致重复执行
[TaskQueue] Processing task: test (id: task-16)

stdout | tests/unit/scheduler/TaskQueue.test.ts > TaskQueue > 并发安全 > 快速连续添加不应该导致重复执行
[TaskQueue] Processing task: test (id: task-17)

stdout | tests/unit/scheduler/TaskQueue.test.ts > TaskQueue > 并发安全 > 快速连续添加不应该导致重复执行
[TaskQueue] Processing task: test (id: task-18)

stdout | tests/unit/scheduler/TaskQueue.test.ts > TaskQueue > 并发安全 > 快速连续添加不应该导致重复执行
[TaskQueue] Processing task: test (id: task-19)

 ✓ tests/unit/scheduler/TaskQueue.test.ts > TaskQueue > 并发安全 > 快速连续添加不应该导致重复执行
 ✓ tests/useGameActions.test.ts > useGameActions > 应该初始化默认状态
 ✓ tests/useGameActions.test.ts > useGameActions > 应该正确判断是否为玩家回合
 ✓ tests/useGameActions.test.ts > useGameActions > 应该正确处理出牌
 ✓ tests/useGameActions.test.ts > useGameActions > 应该正确处理要不起
 ✓ tests/useGameActions.test.ts > useGameActions > 在没有选中牌时不应该出牌
 ✓ tests/useGameActions.test.ts > useGameActions > 在没有人类玩家时不应该出牌
 ✓ tests/useGameActions.test.ts > useGameActions > 应该能够判断是否可以要不起
 ✓ tests/useGameActions.test.ts > useGameActions > 当玩家已出完牌时不应该显示要不起按钮
 ✓ tests/dealingAIPlayerDisplay.test.ts > 发牌时AI玩家显示回归测试 > AI玩家数据结构 > 应该正确创建AI玩家数据
 ✓ tests/dealingAIPlayerDisplay.test.ts > 发牌时AI玩家显示回归测试 > AI玩家数据结构 > 应该正确处理多个AI玩家
 ✓ tests/dealingAIPlayerDisplay.test.ts > 发牌时AI玩家显示回归测试 > 发牌过程中的状态更新 > 应该正确跟踪每个玩家的发牌数量
 ✓ tests/dealingAIPlayerDisplay.test.ts > 发牌时AI玩家显示回归测试 > 发牌过程中的状态更新 > 应该正确计算每个玩家的手牌数量
 ✓ tests/dealingAIPlayerDisplay.test.ts > 发牌时AI玩家显示回归测试 > 状态面板信息完整性 > 应该包含所有必需的状态信息
 ✓ tests/dealingAIPlayerDisplay.test.ts > 发牌时AI玩家显示回归测试 > 状态面板信息完整性 > 应该在有名次时显示名次信息
 ✓ tests/dealingAIPlayerDisplay.test.ts > 发牌时AI玩家显示回归测试 > 发牌进度跟踪 > 应该正确跟踪发牌进度
 ✓ tests/dealingAIPlayerDisplay.test.ts > 发牌时AI玩家显示回归测试 > 发牌进度跟踪 > 应该正确计算每个玩家的平均发牌数
 ✓ tests/dealingAIPlayerDisplay.test.ts > 发牌时AI玩家显示回归测试 > AI玩家过滤 > 应该正确过滤出AI玩家
 ✓ tests/dealingAIPlayerDisplay.test.ts > 发牌时AI玩家显示回归测试 > AI玩家过滤 > 应该正确处理所有玩家都是AI的情况
 ✓ tests/dealingAIPlayerDisplay.test.ts > 发牌时AI玩家显示回归测试 > 状态信息更新 > 应该在发牌过程中更新手牌数量
 ✓ tests/dealingAIPlayerDisplay.test.ts > 发牌时AI玩家显示回归测试 > 状态信息更新 > 应该保持分数不变（发牌时分数不变化）
 × tests/chatAndVoiceRegression.test.ts > 聊天和语音系统回归测试 > 集成回归 > 应该能够同时使用语音和聊天功能 5003ms
   → Test timed out in 5000ms.
If this is a long-running test, pass a timeout value as the last argument or configure it globally with "testTimeout".
 × tests/chatBubbleSyncRegression.test.ts > 聊天气泡与语音同步回归测试 > 应该同步显示气泡和播放语音
   → [vitest] No "i18n" export is defined on the "../src/i18n" mock. Did you forget to return it from "vi.mock"?
If you need to partially mock a module, you can use "importOriginal" helper inside:

 × tests/chatBubbleSyncRegression.test.ts > 聊天气泡与语音同步回归测试 > 应该在语音播放完成时更新状态
   → [vitest] No "i18n" export is defined on the "../src/i18n" mock. Did you forget to return it from "vi.mock"?
If you need to partially mock a module, you can use "importOriginal" helper inside:

 × tests/chatBubbleSyncRegression.test.ts > 聊天气泡与语音同步回归测试 > 应该在语音播放失败时使用超时保护
   → [vitest] No "i18n" export is defined on the "../src/i18n" mock. Did you forget to return it from "vi.mock"?
If you need to partially mock a module, you can use "importOriginal" helper inside:

 × tests/chatBubbleSyncRegression.test.ts > 聊天气泡与语音同步回归测试 > 应该处理多个玩家的同步播放
   → [vitest] No "i18n" export is defined on the "../src/i18n" mock. Did you forget to return it from "vi.mock"?
If you need to partially mock a module, you can use "importOriginal" helper inside:

 ✓ tests/roundRecord.test.ts > 轮次记录功能测试 > RoundPlayRecord > 应该正确创建出牌记录
 ✓ tests/roundRecord.test.ts > 轮次记录功能测试 > RoundPlayRecord > 应该正确识别分牌
 ✓ tests/roundRecord.test.ts > 轮次记录功能测试 > RoundPlayRecord > 应该正确计算分牌分值
 ✓ tests/roundRecord.test.ts > 轮次记录功能测试 > RoundRecord > 应该正确创建轮次记录
 ✓ tests/roundRecord.test.ts > 轮次记录功能测试 > RoundRecord > 应该正确计算轮次总分
 ✓ tests/roundRecord.test.ts > 轮次记录功能测试 > Player wonRounds > 玩家应该能够存储赢得的轮次
 ✓ tests/roundRecord.test.ts > 轮次记录功能测试 > Player wonRounds > 应该正确计算玩家总得分
 ✓ tests/roundRecord.test.ts > 轮次记录功能测试 > 分牌识别 > 5应该是分牌，值5分
 ✓ tests/roundRecord.test.ts > 轮次记录功能测试 > 分牌识别 > 10应该是分牌，值10分
 ✓ tests/roundRecord.test.ts > 轮次记录功能测试 > 分牌识别 > K应该是分牌，值10分
 ✓ tests/roundRecord.test.ts > 轮次记录功能测试 > 分牌识别 > 非分牌应该返回0分
 ✓ tests/regression/pure-functions/gameRules.regression.test.ts > gameRules 回归测试 > calculateFinalRankings - 100场景 > 所有场景结果一致
 ✓ tests/regression/pure-functions/gameRules.regression.test.ts > gameRules 回归测试 > 特定场景测试 > 4人游戏 - 正常结束
 ✓ tests/regression/pure-functions/gameRules.regression.test.ts > gameRules 回归测试 > 特定场景测试 > 2人游戏 - 一方出完
 ✓ tests/regression/pure-functions/gameRules.regression.test.ts > gameRules 回归测试 > 特定场景测试 > 所有玩家都没出完
stdout | tests/regression/pure-functions/gameRules.regression.test.ts > gameRules 回归测试 > calculateFinalRankings - 100场景 > 所有场景结果一致
[calculateFinalRankings] 排序后的玩家顺序（按手牌数，然后按finishOrder）: {
  rankings: [
    {
      rank: 1,
      playerId: 1,
      playerName: 'Player1',
      handCount: 3,
      finishOrderIndex: -1,
      score: 5
    },
    {
      rank: 2,
      playerId: 2,
      playerName: 'Player2',
      handCount: 7,
      finishOrderIndex: -1,
      score: 91
    },
    {
      rank: 3,
      playerId: 0,
      playerName: 'Player0',
      handCount: 8,
      finishOrderIndex: -1,
      score: 50
    },
    {
      rank: 4,
      playerId: 3,
      playerName: 'Player3',
      handCount: 10,
      finishOrderIndex: -1,
      score: -87
    }
  ],
  finishOrder: []
}
[calculateFinalRankings] 应用最终规则前: {
  firstPlayer: { id: 1, name: 'Player1', score: 5, handCount: 3 },
  lastPlayer: { id: 3, name: 'Player3', score: -87, handCount: 10 },
  isSamePlayer: false
}
[calculateFinalRankings] 应用最终规则后: {
  firstPlayer: { id: 1, name: 'Player1', score: 35, adjustment: '+30' },
  lastPlayer: { id: 3, name: 'Player3', score: -117, adjustment: '-30' },
  totalAdjustment: 0
}
[calculateFinalRankings] 排序后的玩家顺序（按手牌数，然后按finishOrder）: {
  rankings: [
    {
      rank: 1,
      playerId: 1,
      playerName: 'Player1',
      handCount: 3,
      finishOrderIndex: -1,
      score: 5
    },
    {
      rank: 2,
      playerId: 2,
      playerName: 'Player2',
      handCount: 7,
      finishOrderIndex: -1,
      score: 91
    },
    {
      rank: 3,
      playerId: 0,
      playerName: 'Player0',
      handCount: 8,
      finishOrderIndex: -1,
      score: 50
    },
    {
      rank: 4,
      playerId: 3,
      playerName: 'Player3',
      handCount: 10,
      finishOrderIndex: -1,
      score: -87
    }
  ],
  finishOrder: []
}
[calculateFinalRankings] 应用最终规则前: {
  firstPlayer: { id: 1, name: 'Player1', score: 5, handCount: 3 },
  lastPlayer: { id: 3, name: 'Player3', score: -87, handCount: 10 },
  isSamePlayer: false
}
[calculateFinalRankings] 应用最终规则后: {
  firstPlayer: { id: 1, name: 'Player1', score: 35, adjustment: '+30' },
  lastPlayer: { id: 3, name: 'Player3', score: -117, adjustment: '-30' },
  totalAdjustment: 0
}
[calculateFinalRankings] 排序后的玩家顺序（按手牌数，然后按finishOrder）: {
  rankings: [
    {
      rank: 1,
      playerId: 3,
      playerName: 'Player3',
      handCount: 0,
      finishOrderIndex: 0,
      score: -3
    },
    {
      rank: 2,
      playerId: 5,
      playerName: 'Player5',
      handCount: 2,
      finishOrderIndex: -1,
      score: 90
    },
    {
      rank: 3,
      playerId: 0,
      playerName: 'Player0',
      handCount: 3,
      finishOrderIndex: -1,
      score: 5
    },
    {
      rank: 4,
      playerId: 2,
      playerName: 'Player2',
      handCount: 7,
      finishOrderIndex: -1,
      score: -27
    },
    {
      rank: 5,
      playerId: 1,
      playerName: 'Player1',
      handCount: 11,
      finishOrderIndex: -1,
      score: -43
    },
    {
      rank: 6,
      playerId: 4,
      playerName: 'Player4',
      handCount: 12,
      finishOrderIndex: -1,
      score: -18
    }
  ],
  finishOrder: [ 3 ]
}
[calculateFinalRankings] 应用最终规则前: {
  firstPlayer: { id: 3, name: 'Player3', score: -3, handCount: 0 },
  lastPlayer: { id: 4, name: 'Player4', score: -18, handCount: 12 },
  isSamePlayer: false
}
[calculateFinalRankings] 应用最终规则后: {
  firstPlayer: { id: 3, name: 'Player3', score: 27, adjustment: '+30' },
  lastPlayer: { id: 4, name: 'Player4', score: -48, adjustment: '-30' },
  totalAdjustment: 0
}
[calculateFinalRankings] 排序后的玩家顺序（按手牌数，然后按finishOrder）: {
  rankings: [
    {
      rank: 1,
      playerId: 3,
      playerName: 'Player3',
      handCount: 0,
      finishOrderIndex: 0,
      score: -3
    },
    {
      rank: 2,
      playerId: 5,
      playerName: 'Player5',
      handCount: 2,
      finishOrderIndex: -1,
      score: 90
    },
    {
      rank: 3,
      playerId: 0,
      playerName: 'Player0',
      handCount: 3,
      finishOrderIndex: -1,
      score: 5
    },
    {
      rank: 4,
      playerId: 2,
      playerName: 'Player2',
      handCount: 7,
      finishOrderIndex: -1,
      score: -27
    },
    {
      rank: 5,
      playerId: 1,
      playerName: 'Player1',
      handCount: 11,
      finishOrderIndex: -1,
      score: -43
    },
    {
      rank: 6,
      playerId: 4,
      playerName: 'Player4',
      handCount: 12,
      finishOrderIndex: -1,
      score: -18
    }
  ],
  finishOrder: [ 3 ]
}
[calculateFinalRankings] 应用最终规则前: {
  firstPlayer: { id: 3, name: 'Player3', score: -3, handCount: 0 },
  lastPlayer: { id: 4, name: 'Player4', score: -18, handCount: 12 },
  isSamePlayer: false
}
[calculateFinalRankings] 应用最终规则后: {
  firstPlayer: { id: 3, name: 'Player3', score: 27, adjustment: '+30' },
  lastPlayer: { id: 4, name: 'Player4', score: -48, adjustment: '-30' },
  totalAdjustment: 0
}
[calculateFinalRankings] 排序后的玩家顺序（按手牌数，然后按finishOrder）: {
  rankings: [
    {
      rank: 1,
      playerId: 1,
      playerName: 'Player1',
      handCount: 4,
      finishOrderIndex: -1,
      score: 56
    },
    {
      rank: 2,
      playerId: 2,
      playerName: 'Player2',
      handCount: 5,
      finishOrderIndex: -1,
      score: -60
    },
    {
      rank: 3,
      playerId: 3,
      playerName: 'Player3',
      handCount: 5,
      finishOrderIndex: -1,
      score: 72
    },
    {
      rank: 4,
      playerId: 5,
      playerName: 'Player5',
      handCount: 5,
      finishOrderIndex: -1,
      score: 9
    },
    {
      rank: 5,
      playerId: 4,
      playerName: 'Player4',
      handCount: 8,
      finishOrderIndex: -1,
      score: -100
    },
    {
      rank: 6,
      playerId: 0,
      playerName: 'Player0',
      handCount: 10,
      finishOrderIndex: -1,
      score: 2
    }
  ],
  finishOrder: []
}
[calculateFinalRankings] 应用最终规则前: {
  firstPlayer: { id: 1, name: 'Player1', score: 56, handCount: 4 },
  lastPlayer: { id: 0, name: 'Player0', score: 2, handCount: 10 },
  isSamePlayer: false
}
[calculateFinalRankings] 应用最终规则后: {
  firstPlayer: { id: 1, name: 'Player1', score: 86, adjustment: '+30' },
  lastPlayer: { id: 0, name: 'Player0', score: -28, adjustment: '-30' },
  totalAdjustment: 0
}
[calculateFinalRankings] 排序后的玩家顺序（按手牌数，然后按finishOrder）: {
  rankings: [
    {
      rank: 1,
      playerId: 1,
      playerName: 'Player1',
      handCount: 4,
      finishOrderIndex: -1,
      score: 56
    },
    {
      rank: 2,
      playerId: 2,
      playerName: 'Player2',
      handCount: 5,
      finishOrderIndex: -1,
      score: -60
    },
    {
      rank: 3,
      playerId: 3,
      playerName: 'Player3',
      handCount: 5,
      finishOrderIndex: -1,
      score: 72
    },
    {
      rank: 4,
      playerId: 5,
      playerName: 'Player5',
      handCount: 5,
      finishOrderIndex: -1,
      score: 9
    },
    {
      rank: 5,
      playerId: 4,
      playerName: 'Player4',
      handCount: 8,
      finishOrderIndex: -1,
      score: -100
    },
    {
      rank: 6,
      playerId: 0,
      playerName: 'Player0',
      handCount: 10,
      finishOrderIndex: -1,
      score: 2
    }
  ],
  finishOrder: []
}
[calculateFinalRankings] 应用最终规则前: {
  firstPlayer: { id: 1, name: 'Player1', score: 56, handCount: 4 },
  lastPlayer: { id: 0, name: 'Player0', score: 2, handCount: 10 },
  isSamePlayer: false
}
[calculateFinalRankings] 应用最终规则后: {
  firstPlayer: { id: 1, name: 'Player1', score: 86, adjustment: '+30' },
  lastPlayer: { id: 0, name: 'Player0', score: -28, adjustment: '-30' },
  totalAdjustment: 0
}
[calculateFinalRankings] 排序后的玩家顺序（按手牌数，然后按finishOrder）: {
  rankings: [
    {
      rank: 1,
      playerId: 0,
      playerName: 'Player0',
      handCount: 1,
      finishOrderIndex: -1,
      score: 14
    },
    {
      rank: 2,
      playerId: 1,
      playerName: 'Player1',
      handCount: 2,
      finishOrderIndex: -1,
      score: 79
    },
    {
      rank: 3,
      playerId: 3,
      playerName: 'Player3',
      handCount: 3,
      finishOrderIndex: -1,
      score: 23
    },
    {
      rank: 4,
      playerId: 4,
      playerName: 'Player4',
      handCount: 6,
      finishOrderIndex: -1,
      score: 52
    },
    {
      rank: 5,
      playerId: 5,
      playerName: 'Player5',
      handCount: 8,
      finishOrderIndex: -1,
      score: -79
    },
    {
      rank: 6,
      playerId: 2,
      playerName: 'Player2',
      handCount: 12,
      finishOrderIndex: -1,
      score: 25
    }
  ],
  finishOrder: []
}
[calculateFinalRankings] 应用最终规则前: {
  firstPlayer: { id: 0, name: 'Player0', score: 14, handCount: 1 },
  lastPlayer: { id: 2, name: 'Player2', score: 25, handCount: 12 },
  isSamePlayer: false
}
[calculateFinalRankings] 应用最终规则后: {
  firstPlayer: { id: 0, name: 'Player0', score: 44, adjustment: '+30' },
  lastPlayer: { id: 2, name: 'Player2', score: -5, adjustment: '-30' },
  totalAdjustment: 0
}
[calculateFinalRankings] 排序后的玩家顺序（按手牌数，然后按finishOrder）: {
  rankings: [
    {
      rank: 1,
      playerId: 0,
      playerName: 'Player0',
      handCount: 1,
      finishOrderIndex: -1,
      score: 14
    },
    {
      rank: 2,
      playerId: 1,
      playerName: 'Player1',
      handCount: 2,
      finishOrderIndex: -1,
      score: 79
    },
    {
      rank: 3,
      playerId: 3,
      playerName: 'Player3',
      handCount: 3,
      finishOrderIndex: -1,
      score: 23
    },
    {
      rank: 4,
      playerId: 4,
      playerName: 'Player4',
      handCount: 6,
      finishOrderIndex: -1,
      score: 52
    },
    {
      rank: 5,
      playerId: 5,
      playerName: 'Player5',
      handCount: 8,
      finishOrderIndex: -1,
      score: -79
    },
    {
      rank: 6,
      playerId: 2,
      playerName: 'Player2',
      handCount: 12,
      finishOrderIndex: -1,
      score: 25
    }
  ],
  finishOrder: []
}
[calculateFinalRankings] 应用最终规则前: {
  firstPlayer: { id: 0, name: 'Player0', score: 14, handCount: 1 },
  lastPlayer: { id: 2, name: 'Player2', score: 25, handCount: 12 },
  isSamePlayer: false
}
[calculateFinalRankings] 应用最终规则后: {
  firstPlayer: { id: 0, name: 'Player0', score: 44, adjustment: '+30' },
  lastPlayer: { id: 2, name: 'Player2', score: -5, adjustment: '-30' },
  totalAdjustment: 0
}
[calculateFinalRankings] 排序后的玩家顺序（按手牌数，然后按finishOrder）: {
  rankings: [
    {
      rank: 1,
      playerId: 1,
      playerName: 'Player1',
      handCount: 1,
      finishOrderIndex: -1,
      score: -13
    },
    {
      rank: 2,
      playerId: 0,
      playerName: 'Player0',
      handCount: 5,
      finishOrderIndex: -1,
      score: -2
    }
  ],
  finishOrder: []
}
[calculateFinalRankings] 应用最终规则前: {
  firstPlayer: { id: 1, name: 'Player1', score: -13, handCount: 1 },
  lastPlayer: { id: 0, name: 'Player0', score: -2, handCount: 5 },
  isSamePlayer: false
}
[calculateFinalRankings] 应用最终规则后: {
  firstPlayer: { id: 1, name: 'Player1', score: 17, adjustment: '+30' },
  lastPlayer: { id: 0, name: 'Player0', score: -32, adjustment: '-30' },
  totalAdjustment: 0
}
[calculateFinalRankings] 排序后的玩家顺序（按手牌数，然后按finishOrder）: {
  rankings: [
    {
      rank: 1,
      playerId: 1,
      playerName: 'Player1',
      handCount: 1,
      finishOrderIndex: -1,
      score: -13
    },
    {
      rank: 2,
      playerId: 0,
      playerName: 'Player0',
      handCount: 5,
      finishOrderIndex: -1,
      score: -2
    }
  ],
  finishOrder: []
}
[calculateFinalRankings] 应用最终规则前: {
  firstPlayer: { id: 1, name: 'Player1', score: -13, handCount: 1 },
  lastPlayer: { id: 0, name: 'Player0', score: -2, handCount: 5 },
  isSamePlayer: false
}
[calculateFinalRankings] 应用最终规则后: {
  firstPlayer: { id: 1, name: 'Player1', score: 17, adjustment: '+30' },
  lastPlayer: { id: 0, name: 'Player0', score: -32, adjustment: '-30' },
  totalAdjustment: 0
}
[calculateFinalRankings] 排序后的玩家顺序（按手牌数，然后按finishOrder）: {
  rankings: [
    {
      rank: 1,
      playerId: 3,
      playerName: 'Player3',
      handCount: 0,
      finishOrderIndex: 0,
      score: 83
    },
    {
      rank: 2,
      playerId: 5,
      playerName: 'Player5',
      handCount: 2,
      finishOrderIndex: -1,
      score: -92
    },
    {
      rank: 3,
      playerId: 4,
      playerName: 'Player4',
      handCount: 4,
      finishOrderIndex: -1,
      score: 90
    },
    {
      rank: 4,
      playerId: 1,
      playerName: 'Player1',
      handCount: 6,
      finishOrderIndex: -1,
      score: -18
    },
    {
      rank: 5,
      playerId: 2,
      playerName: 'Player2',
      handCount: 8,
      finishOrderIndex: -1,
      score: 94
    },
    {
      rank: 6,
      playerId: 0,
      playerName: 'Player0',
      handCount: 12,
      finishOrderIndex: -1,
      score: -71
    }
  ],
  finishOrder: [ 3 ]
}
[calculateFinalRankings] 应用最终规则前: {
  firstPlayer: { id: 3, name: 'Player3', score: 83, handCount: 0 },
  lastPlayer: { id: 0, name: 'Player0', score: -71, handCount: 12 },
  isSamePlayer: false
}
[calculateFinalRankings] 应用最终规则后: {
  firstPlayer: { id: 3, name: 'Player3', score: 113, adjustment: '+30' },
  lastPlayer: { id: 0, name: 'Player0', score: -101, adjustment: '-30' },
  totalAdjustment: 0
}
[calculateFinalRankings] 排序后的玩家顺序（按手牌数，然后按finishOrder）: {
  rankings: [
    {
      rank: 1,
      playerId: 3,
      playerName: 'Player3',
      handCount: 0,
      finishOrderIndex: 0,
      score: 83
    },
    {
      rank: 2,
      playerId: 5,
      playerName: 'Player5',
      handCount: 2,
      finishOrderIndex: -1,
      score: -92
    },
    {
      rank: 3,
      playerId: 4,
      playerName: 'Player4',
      handCount: 4,
      finishOrderIndex: -1,
      score: 90
    },
    {
      rank: 4,
      playerId: 1,
      playerName: 'Player1',
      handCount: 6,
      finishOrderIndex: -1,
      score: -18
    },
    {
      rank: 5,
      playerId: 2,
      playerName: 'Player2',
      handCount: 8,
      finishOrderIndex: -1,
      score: 94
    },
    {
      rank: 6,
      playerId: 0,
      playerName: 'Player0',
      handCount: 12,
      finishOrderIndex: -1,
      score: -71
    }
  ],
  finishOrder: [ 3 ]
}
[calculateFinalRankings] 应用最终规则前: {
  firstPlayer: { id: 3, name: 'Player3', score: 83, handCount: 0 },
  lastPlayer: { id: 0, name: 'Player0', score: -71, handCount: 12 },
  isSamePlayer: false
}
[calculateFinalRankings] 应用最终规则后: {
  firstPlayer: { id: 3, name: 'Player3', score: 113, adjustment: '+30' },
  lastPlayer: { id: 0, name: 'Player0', score: -101, adjustment: '-30' },
  totalAdjustment: 0
}
[calculateFinalRankings] 排序后的玩家顺序（按手牌数，然后按finishOrder）: {
  rankings: [
    {
      rank: 1,
      playerId: 1,
      playerName: 'Player1',
      handCount: 4,
      finishOrderIndex: -1,
      score: -2
    },
    {
      rank: 2,
      playerId: 0,
      playerName: 'Player0',
      handCount: 9,
      finishOrderIndex: -1,
      score: 75
    }
  ],
  finishOrder: []
}
[calculateFinalRankings] 应用最终规则前: {
  firstPlayer: { id: 1, name: 'Player1', score: -2, handCount: 4 },
  lastPlayer: { id: 0, name: 'Player0', score: 75, handCount: 9 },
  isSamePlayer: false
}
[calculateFinalRankings] 应用最终规则后: {
  firstPlayer: { id: 1, name: 'Player1', score: 28, adjustment: '+30' },
  lastPlayer: { id: 0, name: 'Player0', score: 45, adjustment: '-30' },
  totalAdjustment: 0
}
[calculateFinalRankings] 排序后的玩家顺序（按手牌数，然后按finishOrder）: {
  rankings: [
    {
      rank: 1,
      playerId: 1,
      playerName: 'Player1',
      handCount: 4,
      finishOrderIndex: -1,
      score: -2
    },
    {
      rank: 2,
      playerId: 0,
      playerName: 'Player0',
      handCount: 9,
      finishOrderIndex: -1,
      score: 75
    }
  ],
  finishOrder: []
}
[calculateFinalRankings] 应用最终规则前: {
  firstPlayer: { id: 1, name: 'Player1', score: -2, handCount: 4 },
  lastPlayer: { id: 0, name: 'Player0', score: 75, handCount: 9 },
  isSamePlayer: false
}
[calculateFinalRankings] 应用最终规则后: {
  firstPlayer: { id: 1, name: 'Player1', score: 28, adjustment: '+30' },
  lastPlayer: { id: 0, name: 'Player0', score: 45, adjustment: '-30' },
  totalAdjustment: 0
}
[calculateFinalRankings] 排序后的玩家顺序（按手牌数，然后按finishOrder）: {
  rankings: [
    {
      rank: 1,
      playerId: 1,
      playerName: 'Player1',
      handCount: 0,
      finishOrderIndex: -1,
      score: 36
    },
    {
      rank: 2,
      playerId: 2,
      playerName: 'Player2',
      handCount: 7,
      finishOrderIndex: -1,
      score: 55
    },
    {
      rank: 3,
      playerId: 3,
      playerName: 'Player3',
      handCount: 9,
      finishOrderIndex: -1,
      score: 41
    },
    {
      rank: 4,
      playerId: 0,
      playerName: 'Player0',
      handCount: 10,
      finishOrderIndex: -1,
      score: -52
    }
  ],
  finishOrder: []
}
[calculateFinalRankings] 应用最终规则前: {
  firstPlayer: { id: 1, name: 'Player1', score: 36, handCount: 0 },
  lastPlayer: { id: 0, name: 'Player0', score: -52, handCount: 10 },
  isSamePlayer: false
}
[calculateFinalRankings] 应用最终规则后: {
  firstPlayer: { id: 1, name: 'Player1', score: 66, adjustment: '+30' },
  lastPlayer: { id: 0, name: 'Player0', score: -82, adjustment: '-30' },
  totalAdjustment: 0
}
[calculateFinalRankings] 排序后的玩家顺序（按手牌数，然后按finishOrder）: {
  rankings: [
    {
      rank: 1,
      playerId: 1,
      playerName: 'Player1',
      handCount: 0,
      finishOrderIndex: -1,
      score: 36
    },
    {
      rank: 2,
      playerId: 2,
      playerName: 'Player2',
      handCount: 7,
      finishOrderIndex: -1,
      score: 55
    },
    {
      rank: 3,
      playerId: 3,
      playerName: 'Player3',
      handCount: 9,
      finishOrderIndex: -1,
      score: 41
    },
    {
      rank: 4,
      playerId: 0,
      playerName: 'Player0',
      handCount: 10,
      finishOrderIndex: -1,
      score: -52
    }
  ],
  finishOrder: []
}
[calculateFinalRankings] 应用最终规则前: {
  firstPlayer: { id: 1, name: 'Player1', score: 36, handCount: 0 },
  lastPlayer: { id: 0, name: 'Player0', score: -52, handCount: 10 },
  isSamePlayer: false
}
[calculateFinalRankings] 应用最终规则后: {
  firstPlayer: { id: 1, name: 'Player1', score: 66, adjustment: '+30' },
  lastPlayer: { id: 0, name: 'Player0', score: -82, adjustment: '-30' },
  totalAdjustment: 0
}
[calculateFinalRankings] 排序后的玩家顺序（按手牌数，然后按finishOrder）: {
  rankings: [
    {
      rank: 1,
      playerId: 0,
      playerName: 'Player0',
      handCount: 1,
      finishOrderIndex: -1,
      score: 65
    },
    {
      rank: 2,
      playerId: 1,
      playerName: 'Player1',
      handCount: 1,
      finishOrderIndex: -1,
      score: 83
    },
    {
      rank: 3,
      playerId: 2,
      playerName: 'Player2',
      handCount: 7,
      finishOrderIndex: -1,
      score: -32
    },
    {
      rank: 4,
      playerId: 3,
      playerName: 'Player3',
      handCount: 13,
      finishOrderIndex: -1,
      score: 51
    }
  ],
  finishOrder: []
}
[calculateFinalRankings] 应用最终规则前: {
  firstPlayer: { id: 0, name: 'Player0', score: 65, handCount: 1 },
  lastPlayer: { id: 3, name: 'Player3', score: 51, handCount: 13 },
  isSamePlayer: false
}
[calculateFinalRankings] 应用最终规则后: {
  firstPlayer: { id: 0, name: 'Player0', score: 95, adjustment: '+30' },
  lastPlayer: { id: 3, name: 'Player3', score: 21, adjustment: '-30' },
  totalAdjustment: 0
}
[calculateFinalRankings] 排序后的玩家顺序（按手牌数，然后按finishOrder）: {
  rankings: [
    {
      rank: 1,
      playerId: 0,
      playerName: 'Player0',
      handCount: 1,
      finishOrderIndex: -1,
      score: 65
    },
    {
      rank: 2,
      playerId: 1,
      playerName: 'Player1',
      handCount: 1,
      finishOrderIndex: -1,
      score: 83
    },
    {
      rank: 3,
      playerId: 2,
      playerName: 'Player2',
      handCount: 7,
      finishOrderIndex: -1,
      score: -32
    },
    {
      rank: 4,
      playerId: 3,
      playerName: 'Player3',
      handCount: 13,
      finishOrderIndex: -1,
      score: 51
    }
  ],
  finishOrder: []
}
[calculateFinalRankings] 应用最终规则前: {
  firstPlayer: { id: 0, name: 'Player0', score: 65, handCount: 1 },
  lastPlayer: { id: 3, name: 'Player3', score: 51, handCount: 13 },
  isSamePlayer: false
}
[calculateFinalRankings] 应用最终规则后: {
  firstPlayer: { id: 0, name: 'Player0', score: 95, adjustment: '+30' },
  lastPlayer: { id: 3, name: 'Player3', score: 21, adjustment: '-30' },
  totalAdjustment: 0
}
[calculateFinalRankings] 排序后的玩家顺序（按手牌数，然后按finishOrder）: {
  rankings: [
    {
      rank: 1,
      playerId: 0,
      playerName: 'Player0',
      handCount: 13,
      finishOrderIndex: -1,
      score: 73
    },
    {
      rank: 2,
      playerId: 1,
      playerName: 'Player1',
      handCount: 13,
      finishOrderIndex: -1,
      score: 6
    }
  ],
  finishOrder: []
}
[calculateFinalRankings] 应用最终规则前: {
  firstPlayer: { id: 0, name: 'Player0', score: 73, handCount: 13 },
  lastPlayer: { id: 1, name: 'Player1', score: 6, handCount: 13 },
  isSamePlayer: false
}
[calculateFinalRankings] 应用最终规则后: {
  firstPlayer: { id: 0, name: 'Player0', score: 103, adjustment: '+30' },
  lastPlayer: { id: 1, name: 'Player1', score: -24, adjustment: '-30' },
  totalAdjustment: 0
}
[calculateFinalRankings] 排序后的玩家顺序（按手牌数，然后按finishOrder）: {
  rankings: [
    {
      rank: 1,
      playerId: 0,
      playerName: 'Player0',
      handCount: 13,
      finishOrderIndex: -1,
      score: 73
    },
    {
      rank: 2,
      playerId: 1,
      playerName: 'Player1',
      handCount: 13,
      finishOrderIndex: -1,
      score: 6
    }
  ],
  finishOrder: []
}
[calculateFinalRankings] 应用最终规则前: {
  firstPlayer: { id: 0, name: 'Player0', score: 73, handCount: 13 },
  lastPlayer: { id: 1, name: 'Player1', score: 6, handCount: 13 },
  isSamePlayer: false
}
[calculateFinalRankings] 应用最终规则后: {
  firstPlayer: { id: 0, name: 'Player0', score: 103, adjustment: '+30' },
  lastPlayer: { id: 1, name: 'Player1', score: -24, adjustment: '-30' },
  totalAdjustment: 0
}
[calculateFinalRankings] 排序后的玩家顺序（按手牌数，然后按finishOrder）: {
  rankings: [
    {
      rank: 1,
      playerId: 5,
      playerName: 'Player5',
      handCount: 3,
      finishOrderIndex: -1,
      score: 96
    },
    {
      rank: 2,
      playerId: 1,
      playerName: 'Player1',
      handCount: 5,
      finishOrderIndex: -1,
      score: 20
    },
    {
      rank: 3,
      playerId: 2,
      playerName: 'Player2',
      handCount: 10,
      finishOrderIndex: -1,
      score: 47
    },
    {
      rank: 4,
      playerId: 0,
      playerName: 'Player0',
      handCount: 11,
      finishOrderIndex: -1,
      score: 44
    },
    {
      rank: 5,
      playerId: 3,
      playerName: 'Player3',
      handCount: 11,
      finishOrderIndex: -1,
      score: -75
    },
    {
      rank: 6,
      playerId: 4,
      playerName: 'Player4',
      handCount: 12,
      finishOrderIndex: -1,
      score: -81
    }
  ],
  finishOrder: []
}
[calculateFinalRankings] 应用最终规则前: {
  firstPlayer: { id: 5, name: 'Player5', score: 96, handCount: 3 },
  lastPlayer: { id: 4, name: 'Player4', score: -81, handCount: 12 },
  isSamePlayer: false
}
[calculateFinalRankings] 应用最终规则后: {
  firstPlayer: { id: 5, name: 'Player5', score: 126, adjustment: '+30' },
  lastPlayer: { id: 4, name: 'Player4', score: -111, adjustment: '-30' },
  totalAdjustment: 0
}
[calculateFinalRankings] 排序后的玩家顺序（按手牌数，然后按finishOrder）: {
  rankings: [
    {
      rank: 1,
      playerId: 5,
      playerName: 'Player5',
      handCount: 3,
      finishOrderIndex: -1,
      score: 96
    },
    {
      rank: 2,
      playerId: 1,
      playerName: 'Player1',
      handCount: 5,
      finishOrderIndex: -1,
      score: 20
    },
    {
      rank: 3,
      playerId: 2,
      playerName: 'Player2',
      handCount: 10,
      finishOrderIndex: -1,
      score: 47
    },
    {
      rank: 4,
      playerId: 0,
      playerName: 'Player0',
      handCount: 11,
      finishOrderIndex: -1,
      score: 44
    },
    {
      rank: 5,
      playerId: 3,
      playerName: 'Player3',
      handCount: 11,
      finishOrderIndex: -1,
      score: -75
    },
    {
      rank: 6,
      playerId: 4,
      playerName: 'Player4',
      handCount: 12,
      finishOrderIndex: -1,
      score: -81
    }
  ],
  finishOrder: []
}
[calculateFinalRankings] 应用最终规则前: {
  firstPlayer: { id: 5, name: 'Player5', score: 96, handCount: 3 },
  lastPlayer: { id: 4, name: 'Player4', score: -81, handCount: 12 },
  isSamePlayer: false
}
[calculateFinalRankings] 应用最终规则后: {
  firstPlayer: { id: 5, name: 'Player5', score: 126, adjustment: '+30' },
  lastPlayer: { id: 4, name: 'Player4', score: -111, adjustment: '-30' },
  totalAdjustment: 0
}
[calculateFinalRankings] 排序后的玩家顺序（按手牌数，然后按finishOrder）: {
  rankings: [
    {
      rank: 1,
      playerId: 1,
      playerName: 'Player1',
      handCount: 10,
      finishOrderIndex: -1,
      score: 50
    },
    {
      rank: 2,
      playerId: 0,
      playerName: 'Player0',
      handCount: 11,
      finishOrderIndex: -1,
      score: 5
    }
  ],
  finishOrder: []
}
[calculateFinalRankings] 应用最终规则前: {
  firstPlayer: { id: 1, name: 'Player1', score: 50, handCount: 10 },
  lastPlayer: { id: 0, name: 'Player0', score: 5, handCount: 11 },
  isSamePlayer: false
}
[calculateFinalRankings] 应用最终规则后: {
  firstPlayer: { id: 1, name: 'Player1', score: 80, adjustment: '+30' },
  lastPlayer: { id: 0, name: 'Player0', score: -25, adjustment: '-30' },
  totalAdjustment: 0
}
[calculateFinalRankings] 排序后的玩家顺序（按手牌数，然后按finishOrder）: {
  rankings: [
    {
      rank: 1,
      playerId: 1,
      playerName: 'Player1',
      handCount: 10,
      finishOrderIndex: -1,
      score: 50
    },
    {
      rank: 2,
      playerId: 0,
      playerName: 'Player0',
      handCount: 11,
      finishOrderIndex: -1,
      score: 5
    }
  ],
  finishOrder: []
}
[calculateFinalRankings] 应用最终规则前: {
  firstPlayer: { id: 1, name: 'Player1', score: 50, handCount: 10 },
  lastPlayer: { id: 0, name: 'Player0', score: 5, handCount: 11 },
  isSamePlayer: false
}
[calculateFinalRankings] 应用最终规则后: {
  firstPlayer: { id: 1, name: 'Player1', score: 80, adjustment: '+30' },
  lastPlayer: { id: 0, name: 'Player0', score: -25, adjustment: '-30' },
  totalAdjustment: 0
}
[calculateFinalRankings] 排序后的玩家顺序（按手牌数，然后按finishOrder）: {
  rankings: [
    {
      rank: 1,
      playerId: 5,
      playerName: 'Player5',
      handCount: 1,
      finishOrderIndex: -1,
      score: -30
    },
    {
      rank: 2,
      playerId: 1,
      playerName: 'Player1',
      handCount: 2,
      finishOrderIndex: -1,
      score: -47
    },
    {
      rank: 3,
      playerId: 3,
      playerName: 'Player3',
      handCount: 2,
      finishOrderIndex: -1,
      score: -12
    },
    {
      rank: 4,
      playerId: 4,
      playerName: 'Player4',
      handCount: 3,
      finishOrderIndex: -1,
      score: 22
    },
    {
      rank: 5,
      playerId: 0,
      playerName: 'Player0',
      handCount: 4,
      finishOrderIndex: -1,
      score: -27
    },
    {
      rank: 6,
      playerId: 2,
      playerName: 'Player2',
      handCount: 5,
      finishOrderIndex: -1,
      score: -95
    }
  ],
  finishOrder: []
}
[calculateFinalRankings] 应用最终规则前: {
  firstPlayer: { id: 5, name: 'Player5', score: -30, handCount: 1 },
  lastPlayer: { id: 2, name: 'Player2', score: -95, handCount: 5 },
  isSamePlayer: false
}
[calculateFinalRankings] 应用最终规则后: {
  firstPlayer: { id: 5, name: 'Player5', score: 0, adjustment: '+30' },
  lastPlayer: { id: 2, name: 'Player2', score: -125, adjustment: '-30' },
  totalAdjustment: 0
}
[calculateFinalRankings] 排序后的玩家顺序（按手牌数，然后按finishOrder）: {
  rankings: [
    {
      rank: 1,
      playerId: 5,
      playerName: 'Player5',
      handCount: 1,
      finishOrderIndex: -1,
      score: -30
    },
    {
      rank: 2,
      playerId: 1,
      playerName: 'Player1',
      handCount: 2,
      finishOrderIndex: -1,
      score: -47
    },
    {
      rank: 3,
      playerId: 3,
      playerName: 'Player3',
      handCount: 2,
      finishOrderIndex: -1,
      score: -12
    },
    {
      rank: 4,
      playerId: 4,
      playerName: 'Player4',
      handCount: 3,
      finishOrderIndex: -1,
      score: 22
    },
    {
      rank: 5,
      playerId: 0,
      playerName: 'Player0',
      handCount: 4,
      finishOrderIndex: -1,
      score: -27
    },
    {
      rank: 6,
      playerId: 2,
      playerName: 'Player2',
      handCount: 5,
      finishOrderIndex: -1,
      score: -95
    }
  ],
  finishOrder: []
}
[calculateFinalRankings] 应用最终规则前: {
  firstPlayer: { id: 5, name: 'Player5', score: -30, handCount: 1 },
  lastPlayer: { id: 2, name: 'Player2', score: -95, handCount: 5 },
  isSamePlayer: false
}
[calculateFinalRankings] 应用最终规则后: {
  firstPlayer: { id: 5, name: 'Player5', score: 0, adjustment: '+30' },
  lastPlayer: { id: 2, name: 'Player2', score: -125, adjustment: '-30' },
  totalAdjustment: 0
}
[calculateFinalRankings] 排序后的玩家顺序（按手牌数，然后按finishOrder）: {
  rankings: [
    {
      rank: 1,
      playerId: 0,
      playerName: 'Player0',
      handCount: 7,
      finishOrderIndex: -1,
      score: -16
    },
    {
      rank: 2,
      playerId: 1,
      playerName: 'Player1',
      handCount: 13,
      finishOrderIndex: -1,
      score: 50
    }
  ],
  finishOrder: []
}
[calculateFinalRankings] 应用最终规则前: {
  firstPlayer: { id: 0, name: 'Player0', score: -16, handCount: 7 },
  lastPlayer: { id: 1, name: 'Player1', score: 50, handCount: 13 },
  isSamePlayer: false
}
[calculateFinalRankings] 应用最终规则后: {
  firstPlayer: { id: 0, name: 'Player0', score: 14, adjustment: '+30' },
  lastPlayer: { id: 1, name: 'Player1', score: 20, adjustment: '-30' },
  totalAdjustment: 0
}
[calculateFinalRankings] 排序后的玩家顺序（按手牌数，然后按finishOrder）: {
  rankings: [
    {
      rank: 1,
      playerId: 0,
      playerName: 'Player0',
      handCount: 7,
      finishOrderIndex: -1,
      score: -16
    },
    {
      rank: 2,
      playerId: 1,
      playerName: 'Player1',
      handCount: 13,
      finishOrderIndex: -1,
      score: 50
    }
  ],
  finishOrder: []
}
[calculateFinalRankings] 应用最终规则前: {
  firstPlayer: { id: 0, name: 'Player0', score: -16, handCount: 7 },
  lastPlayer: { id: 1, name: 'Player1', score: 50, handCount: 13 },
  isSamePlayer: false
}
[calculateFinalRankings] 应用最终规则后: {
  firstPlayer: { id: 0, name: 'Player0', score: 14, adjustment: '+30' },
  lastPlayer: { id: 1, name: 'Player1', score: 20, adjustment: '-30' },
  totalAdjustment: 0
}
[calculateFinalRankings] 排序后的玩家顺序（按手牌数，然后按finishOrder）: {
  rankings: [
    {
      rank: 1,
      playerId: 0,
      playerName: 'Player0',
      handCount: 2,
      finishOrderIndex: -1,
      score: 28
    },
    {
      rank: 2,
      playerId: 3,
      playerName: 'Player3',
      handCount: 2,
      finishOrderIndex: -1,
      score: 92
    },
    {
      rank: 3,
      playerId: 1,
      playerName: 'Player1',
      handCount: 6,
      finishOrderIndex: -1,
      score: 78
    },
    {
      rank: 4,
      playerId: 2,
      playerName: 'Player2',
      handCount: 12,
      finishOrderIndex: -1,
      score: 92
    }
  ],
  finishOrder: []
}
[calculateFinalRankings] 应用最终规则前: {
  firstPlayer: { id: 0, name: 'Player0', score: 28, handCount: 2 },
  lastPlayer: { id: 2, name: 'Player2', score: 92, handCount: 12 },
  isSamePlayer: false
}
[calculateFinalRankings] 应用最终规则后: {
  firstPlayer: { id: 0, name: 'Player0', score: 58, adjustment: '+30' },
  lastPlayer: { id: 2, name: 'Player2', score: 62, adjustment: '-30' },
  totalAdjustment: 0
}
[calculateFinalRankings] 排序后的玩家顺序（按手牌数，然后按finishOrder）: {
  rankings: [
    {
      rank: 1,
      playerId: 0,
      playerName: 'Player0',
      handCount: 2,
      finishOrderIndex: -1,
      score: 28
    },
    {
      rank: 2,
      playerId: 3,
      playerName: 'Player3',
      handCount: 2,
      finishOrderIndex: -1,
      score: 92
    },
    {
      rank: 3,
      playerId: 1,
      playerName: 'Player1',
      handCount: 6,
      finishOrderIndex: -1,
      score: 78
    },
    {
      rank: 4,
      playerId: 2,
      playerName: 'Player2',
      handCount: 12,
      finishOrderIndex: -1,
      score: 92
    }
  ],
  finishOrder: []
}
[calculateFinalRankings] 应用最终规则前: {
  firstPlayer: { id: 0, name: 'Player0', score: 28, handCount: 2 },
  lastPlayer: { id: 2, name: 'Player2', score: 92, handCount: 12 },
  isSamePlayer: false
}
[calculateFinalRankings] 应用最终规则后: {
  firstPlayer: { id: 0, name: 'Player0', score: 58, adjustment: '+30' },
  lastPlayer: { id: 2, name: 'Player2', score: 62, adjustment: '-30' },
  totalAdjustment: 0
}
[calculateFinalRankings] 排序后的玩家顺序（按手牌数，然后按finishOrder）: {
  rankings: [
    {
      rank: 1,
      playerId: 2,
      playerName: 'Player2',
      handCount: 8,
      finishOrderIndex: -1,
      score: 17
    },
    {
      rank: 2,
      playerId: 0,
      playerName: 'Player0',
      handCount: 12,
      finishOrderIndex: -1,
      score: -8
    },
    {
      rank: 3,
      playerId: 1,
      playerName: 'Player1',
      handCount: 12,
      finishOrderIndex: -1,
      score: -21
    },
    {
      rank: 4,
      playerId: 3,
      playerName: 'Player3',
      handCount: 12,
      finishOrderIndex: -1,
      score: -3
    }
  ],
  finishOrder: []
}
[calculateFinalRankings] 应用最终规则前: {
  firstPlayer: { id: 2, name: 'Player2', score: 17, handCount: 8 },
  lastPlayer: { id: 3, name: 'Player3', score: -3, handCount: 12 },
  isSamePlayer: false
}
[calculateFinalRankings] 应用最终规则后: {
  firstPlayer: { id: 2, name: 'Player2', score: 47, adjustment: '+30' },
  lastPlayer: { id: 3, name: 'Player3', score: -33, adjustment: '-30' },
  totalAdjustment: 0
}
[calculateFinalRankings] 排序后的玩家顺序（按手牌数，然后按finishOrder）: {
  rankings: [
    {
      rank: 1,
      playerId: 2,
      playerName: 'Player2',
      handCount: 8,
      finishOrderIndex: -1,
      score: 17
    },
    {
      rank: 2,
      playerId: 0,
      playerName: 'Player0',
      handCount: 12,
      finishOrderIndex: -1,
      score: -8
    },
    {
      rank: 3,
      playerId: 1,
      playerName: 'Player1',
      handCount: 12,
      finishOrderIndex: -1,
      score: -21
    },
    {
      rank: 4,
      playerId: 3,
      playerName: 'Player3',
      handCount: 12,
      finishOrderIndex: -1,
      score: -3
    }
  ],
  finishOrder: []
}
[calculateFinalRankings] 应用最终规则前: {
  firstPlayer: { id: 2, name: 'Player2', score: 17, handCount: 8 },
  lastPlayer: { id: 3, name: 'Player3', score: -3, handCount: 12 },
  isSamePlayer: false
}
[calculateFinalRankings] 应用最终规则后: {
  firstPlayer: { id: 2, name: 'Player2', score: 47, adjustment: '+30' },
  lastPlayer: { id: 3, name: 'Player3', score: -33, adjustment: '-30' },
  totalAdjustment: 0
}
[calculateFinalRankings] 排序后的玩家顺序（按手牌数，然后按finishOrder）: {
  rankings: [
    {
      rank: 1,
      playerId: 1,
      playerName: 'Player1',
      handCount: 0,
      finishOrderIndex: 0,
      score: 74
    },
    {
      rank: 2,
      playerId: 0,
      playerName: 'Player0',
      handCount: 12,
      finishOrderIndex: -1,
      score: -6
    }
  ],
  finishOrder: [ 1 ]
}
[calculateFinalRankings] 应用最终规则前: {
  firstPlayer: { id: 1, name: 'Player1', score: 74, handCount: 0 },
  lastPlayer: { id: 0, name: 'Player0', score: -6, handCount: 12 },
  isSamePlayer: false
}
[calculateFinalRankings] 应用最终规则后: {
  firstPlayer: { id: 1, name: 'Player1', score: 104, adjustment: '+30' },
  lastPlayer: { id: 0, name: 'Player0', score: -36, adjustment: '-30' },
  totalAdjustment: 0
}
[calculateFinalRankings] 排序后的玩家顺序（按手牌数，然后按finishOrder）: {
  rankings: [
    {
      rank: 1,
      playerId: 1,
      playerName: 'Player1',
      handCount: 0,
      finishOrderIndex: 0,
      score: 74
    },
    {
      rank: 2,
      playerId: 0,
      playerName: 'Player0',
      handCount: 12,
      finishOrderIndex: -1,
      score: -6
    }
  ],
  finishOrder: [ 1 ]
}
[calculateFinalRankings] 应用最终规则前: {
  firstPlayer: { id: 1, name: 'Player1', score: 74, handCount: 0 },
  lastPlayer: { id: 0, name: 'Player0', score: -6, handCount: 12 },
  isSamePlayer: false
}
[calculateFinalRankings] 应用最终规则后: {
  firstPlayer: { id: 1, name: 'Player1', score: 104, adjustment: '+30' },
  lastPlayer: { id: 0, name: 'Player0', score: -36, adjustment: '-30' },
  totalAdjustment: 0
}
[calculateFinalRankings] 排序后的玩家顺序（按手牌数，然后按finishOrder）: {
  rankings: [
    {
      rank: 1,
      playerId: 2,
      playerName: 'Player2',
      handCount: 1,
      finishOrderIndex: -1,
      score: -49
    },
    {
      rank: 2,
      playerId: 0,
      playerName: 'Player0',
      handCount: 5,
      finishOrderIndex: -1,
      score: -15
    },
    {
      rank: 3,
      playerId: 3,
      playerName: 'Player3',
      handCount: 7,
      finishOrderIndex: -1,
      score: -54
    },
    {
      rank: 4,
      playerId: 4,
      playerName: 'Player4',
      handCount: 7,
      finishOrderIndex: -1,
      score: 56
    },
    {
      rank: 5,
      playerId: 1,
      playerName: 'Player1',
      handCount: 9,
      finishOrderIndex: -1,
      score: -27
    },
    {
      rank: 6,
      playerId: 5,
      playerName: 'Player5',
      handCount: 10,
      finishOrderIndex: -1,
      score: -19
    }
  ],
  finishOrder: []
}
[calculateFinalRankings] 应用最终规则前: {
  firstPlayer: { id: 2, name: 'Player2', score: -49, handCount: 1 },
  lastPlayer: { id: 5, name: 'Player5', score: -19, handCount: 10 },
  isSamePlayer: false
}
[calculateFinalRankings] 应用最终规则后: {
  firstPlayer: { id: 2, name: 'Player2', score: -19, adjustment: '+30' },
  lastPlayer: { id: 5, name: 'Player5', score: -49, adjustment: '-30' },
  totalAdjustment: 0
}
[calculateFinalRankings] 排序后的玩家顺序（按手牌数，然后按finishOrder）: {
  rankings: [
    {
      rank: 1,
      playerId: 2,
      playerName: 'Player2',
      handCount: 1,
      finishOrderIndex: -1,
      score: -49
    },
    {
      rank: 2,
      playerId: 0,
      playerName: 'Player0',
      handCount: 5,
      finishOrderIndex: -1,
      score: -15
    },
    {
      rank: 3,
      playerId: 3,
      playerName: 'Player3',
      handCount: 7,
      finishOrderIndex: -1,
      score: -54
    },
    {
      rank: 4,
      playerId: 4,
      playerName: 'Player4',
      handCount: 7,
      finishOrderIndex: -1,
      score: 56
    },
    {
      rank: 5,
      playerId: 1,
      playerName: 'Player1',
      handCount: 9,
      finishOrderIndex: -1,
      score: -27
    },
    {
      rank: 6,
      playerId: 5,
      playerName: 'Player5',
      handCount: 10,
      finishOrderIndex: -1,
      score: -19
    }
  ],
  finishOrder: []
}
[calculateFinalRankings] 应用最终规则前: {
  firstPlayer: { id: 2, name: 'Player2', score: -49, handCount: 1 },
  lastPlayer: { id: 5, name: 'Player5', score: -19, handCount: 10 },
  isSamePlayer: false
}
[calculateFinalRankings] 应用最终规则后: {
  firstPlayer: { id: 2, name: 'Player2', score: -19, adjustment: '+30' },
  lastPlayer: { id: 5, name: 'Player5', score: -49, adjustment: '-30' },
  totalAdjustment: 0
}
[calculateFinalRankings] 排序后的玩家顺序（按手牌数，然后按finishOrder）: {
  rankings: [
    {
      rank: 1,
      playerId: 2,
      playerName: 'Player2',
      handCount: 7,
      finishOrderIndex: -1,
      score: -76
    },
    {
      rank: 2,
      playerId: 1,
      playerName: 'Player1',
      handCount: 8,
      finishOrderIndex: -1,
      score: 49
    },
    {
      rank: 3,
      playerId: 5,
      playerName: 'Player5',
      handCount: 9,
      finishOrderIndex: -1,
      score: 88
    },
    {
      rank: 4,
      playerId: 3,
      playerName: 'Player3',
      handCount: 10,
      finishOrderIndex: -1,
      score: -86
    },
    {
      rank: 5,
      playerId: 4,
      playerName: 'Player4',
      handCount: 10,
      finishOrderIndex: -1,
      score: -87
    },
    {
      rank: 6,
      playerId: 0,
      playerName: 'Player0',
      handCount: 13,
      finishOrderIndex: -1,
      score: -55
    }
  ],
  finishOrder: []
}
[calculateFinalRankings] 应用最终规则前: {
  firstPlayer: { id: 2, name: 'Player2', score: -76, handCount: 7 },
  lastPlayer: { id: 0, name: 'Player0', score: -55, handCount: 13 },
  isSamePlayer: false
}
[calculateFinalRankings] 应用最终规则后: {
  firstPlayer: { id: 2, name: 'Player2', score: -46, adjustment: '+30' },
  lastPlayer: { id: 0, name: 'Player0', score: -85, adjustment: '-30' },
  totalAdjustment: 0
}
[calculateFinalRankings] 排序后的玩家顺序（按手牌数，然后按finishOrder）: {
  rankings: [
    {
      rank: 1,
      playerId: 2,
      playerName: 'Player2',
      handCount: 7,
      finishOrderIndex: -1,
      score: -76
    },
    {
      rank: 2,
      playerId: 1,
      playerName: 'Player1',
      handCount: 8,
      finishOrderIndex: -1,
      score: 49
    },
    {
      rank: 3,
      playerId: 5,
      playerName: 'Player5',
      handCount: 9,
      finishOrderIndex: -1,
      score: 88
    },
    {
      rank: 4,
      playerId: 3,
      playerName: 'Player3',
      handCount: 10,
      finishOrderIndex: -1,
      score: -86
    },
    {
      rank: 5,
      playerId: 4,
      playerName: 'Player4',
      handCount: 10,
      finishOrderIndex: -1,
      score: -87
    },
    {
      rank: 6,
      playerId: 0,
      playerName: 'Player0',
      handCount: 13,
      finishOrderIndex: -1,
      score: -55
    }
  ],
  finishOrder: []
}
[calculateFinalRankings] 应用最终规则前: {
  firstPlayer: { id: 2, name: 'Player2', score: -76, handCount: 7 },
  lastPlayer: { id: 0, name: 'Player0', score: -55, handCount: 13 },
  isSamePlayer: false
}
[calculateFinalRankings] 应用最终规则后: {
  firstPlayer: { id: 2, name: 'Player2', score: -46, adjustment: '+30' },
  lastPlayer: { id: 0, name: 'Player0', score: -85, adjustment: '-30' },
  totalAdjustment: 0
}
[calculateFinalRankings] 排序后的玩家顺序（按手牌数，然后按finishOrder）: {
  rankings: [
    {
      rank: 1,
      playerId: 1,
      playerName: 'Player1',
      handCount: 1,
      finishOrderIndex: -1,
      score: 42
    },
    {
      rank: 2,
      playerId: 0,
      playerName: 'Player0',
      handCount: 4,
      finishOrderIndex: -1,
      score: -70
    },
    {
      rank: 3,
      playerId: 3,
      playerName: 'Player3',
      handCount: 5,
      finishOrderIndex: -1,
      score: 84
    },
    {
      rank: 4,
      playerId: 5,
      playerName: 'Player5',
      handCount: 6,
      finishOrderIndex: -1,
      score: -74
    },
    {
      rank: 5,
      playerId: 2,
      playerName: 'Player2',
      handCount: 7,
      finishOrderIndex: -1,
      score: 96
    },
    {
      rank: 6,
      playerId: 4,
      playerName: 'Player4',
      handCount: 8,
      finishOrderIndex: -1,
      score: 27
    }
  ],
  finishOrder: []
}
[calculateFinalRankings] 应用最终规则前: {
  firstPlayer: { id: 1, name: 'Player1', score: 42, handCount: 1 },
  lastPlayer: { id: 4, name: 'Player4', score: 27, handCount: 8 },
  isSamePlayer: false
}
[calculateFinalRankings] 应用最终规则后: {
  firstPlayer: { id: 1, name: 'Player1', score: 72, adjustment: '+30' },
  lastPlayer: { id: 4, name: 'Player4', score: -3, adjustment: '-30' },
  totalAdjustment: 0
}
[calculateFinalRankings] 排序后的玩家顺序（按手牌数，然后按finishOrder）: {
  rankings: [
    {
      rank: 1,
      playerId: 1,
      playerName: 'Player1',
      handCount: 1,
      finishOrderIndex: -1,
      score: 42
    },
    {
      rank: 2,
      playerId: 0,
      playerName: 'Player0',
      handCount: 4,
      finishOrderIndex: -1,
      score: -70
    },
    {
      rank: 3,
      playerId: 3,
      playerName: 'Player3',
      handCount: 5,
      finishOrderIndex: -1,
      score: 84
    },
    {
      rank: 4,
      playerId: 5,
      playerName: 'Player5',
      handCount: 6,
      finishOrderIndex: -1,
      score: -74
    },
    {
      rank: 5,
      playerId: 2,
      playerName: 'Player2',
      handCount: 7,
      finishOrderIndex: -1,
      score: 96
    },
    {
      rank: 6,
      playerId: 4,
      playerName: 'Player4',
      handCount: 8,
      finishOrderIndex: -1,
      score: 27
    }
  ],
  finishOrder: []
}
[calculateFinalRankings] 应用最终规则前: {
  firstPlayer: { id: 1, name: 'Player1', score: 42, handCount: 1 },
  lastPlayer: { id: 4, name: 'Player4', score: 27, handCount: 8 },
  isSamePlayer: false
}
[calculateFinalRankings] 应用最终规则后: {
  firstPlayer: { id: 1, name: 'Player1', score: 72, adjustment: '+30' },
  lastPlayer: { id: 4, name: 'Player4', score: -3, adjustment: '-30' },
  totalAdjustment: 0
}
[calculateFinalRankings] 排序后的玩家顺序（按手牌数，然后按finishOrder）: {
  rankings: [
    {
      rank: 1,
      playerId: 0,
      playerName: 'Player0',
      handCount: 10,
      finishOrderIndex: -1,
      score: 65
    },
    {
      rank: 2,
      playerId: 1,
      playerName: 'Player1',
      handCount: 11,
      finishOrderIndex: -1,
      score: -97
    }
  ],
  finishOrder: []
}
[calculateFinalRankings] 应用最终规则前: {
  firstPlayer: { id: 0, name: 'Player0', score: 65, handCount: 10 },
  lastPlayer: { id: 1, name: 'Player1', score: -97, handCount: 11 },
  isSamePlayer: false
}
[calculateFinalRankings] 应用最终规则后: {
  firstPlayer: { id: 0, name: 'Player0', score: 95, adjustment: '+30' },
  lastPlayer: { id: 1, name: 'Player1', score: -127, adjustment: '-30' },
  totalAdjustment: 0
}
[calculateFinalRankings] 排序后的玩家顺序（按手牌数，然后按finishOrder）: {
  rankings: [
    {
      rank: 1,
      playerId: 0,
      playerName: 'Player0',
      handCount: 10,
      finishOrderIndex: -1,
      score: 65
    },
    {
      rank: 2,
      playerId: 1,
      playerName: 'Player1',
      handCount: 11,
      finishOrderIndex: -1,
      score: -97
    }
  ],
  finishOrder: []
}
[calculateFinalRankings] 应用最终规则前: {
  firstPlayer: { id: 0, name: 'Player0', score: 65, handCount: 10 },
  lastPlayer: { id: 1, name: 'Player1', score: -97, handCount: 11 },
  isSamePlayer: false
}
[calculateFinalRankings] 应用最终规则后: {
  firstPlayer: { id: 0, name: 'Player0', score: 95, adjustment: '+30' },
  lastPlayer: { id: 1, name: 'Player1', score: -127, adjustment: '-30' },
  totalAdjustment: 0
}
[calculateFinalRankings] 排序后的玩家顺序（按手牌数，然后按finishOrder）: {
  rankings: [
    {
      rank: 1,
      playerId: 1,
      playerName: 'Player1',
      handCount: 0,
      finishOrderIndex: 0,
      score: 2
    },
    {
      rank: 2,
      playerId: 4,
      playerName: 'Player4',
      handCount: 3,
      finishOrderIndex: -1,
      score: -69
    },
    {
      rank: 3,
      playerId: 0,
      playerName: 'Player0',
      handCount: 10,
      finishOrderIndex: -1,
      score: 67
    },
    {
      rank: 4,
      playerId: 3,
      playerName: 'Player3',
      handCount: 10,
      finishOrderIndex: -1,
      score: 44
    },
    {
      rank: 5,
      playerId: 5,
      playerName: 'Player5',
      handCount: 11,
      finishOrderIndex: -1,
      score: 10
    },
    {
      rank: 6,
      playerId: 2,
      playerName: 'Player2',
      handCount: 13,
      finishOrderIndex: -1,
      score: -44
    }
  ],
  finishOrder: [ 1 ]
}
[calculateFinalRankings] 应用最终规则前: {
  firstPlayer: { id: 1, name: 'Player1', score: 2, handCount: 0 },
  lastPlayer: { id: 2, name: 'Player2', score: -44, handCount: 13 },
  isSamePlayer: false
}
[calculateFinalRankings] 应用最终规则后: {
  firstPlayer: { id: 1, name: 'Player1', score: 32, adjustment: '+30' },
  lastPlayer: { id: 2, name: 'Player2', score: -74, adjustment: '-30' },
  totalAdjustment: 0
}
[calculateFinalRankings] 排序后的玩家顺序（按手牌数，然后按finishOrder）: {
  rankings: [
    {
      rank: 1,
      playerId: 1,
      playerName: 'Player1',
      handCount: 0,
      finishOrderIndex: 0,
      score: 2
    },
    {
      rank: 2,
      playerId: 4,
      playerName: 'Player4',
      handCount: 3,
      finishOrderIndex: -1,
      score: -69
    },
    {
      rank: 3,
      playerId: 0,
      playerName: 'Player0',
      handCount: 10,
      finishOrderIndex: -1,
      score: 67
    },
    {
      rank: 4,
      playerId: 3,
      playerName: 'Player3',
      handCount: 10,
      finishOrderIndex: -1,
      score: 44
    },
    {
      rank: 5,
      playerId: 5,
      playerName: 'Player5',
      handCount: 11,
      finishOrderIndex: -1,
      score: 10
    },
    {
      rank: 6,
      playerId: 2,
      playerName: 'Player2',
      handCount: 13,
      finishOrderIndex: -1,
      score: -44
    }
  ],
  finishOrder: [ 1 ]
}
[calculateFinalRankings] 应用最终规则前: {
  firstPlayer: { id: 1, name: 'Player1', score: 2, handCount: 0 },
  lastPlayer: { id: 2, name: 'Player2', score: -44, handCount: 13 },
  isSamePlayer: false
}
[calculateFinalRankings] 应用最终规则后: {
  firstPlayer: { id: 1, name: 'Player1', score: 32, adjustment: '+30' },
  lastPlayer: { id: 2, name: 'Player2', score: -74, adjustment: '-30' },
  totalAdjustment: 0
}
[calculateFinalRankings] 排序后的玩家顺序（按手牌数，然后按finishOrder）: {
  rankings: [
    {
      rank: 1,
      playerId: 0,
      playerName: 'Player0',
      handCount: 4,
      finishOrderIndex: -1,
      score: 66
    },
    {
      rank: 2,
      playerId: 1,
      playerName: 'Player1',
      handCount: 8,
      finishOrderIndex: -1,
      score: -43
    }
  ],
  finishOrder: []
}
[calculateFinalRankings] 应用最终规则前: {
  firstPlayer: { id: 0, name: 'Player0', score: 66, handCount: 4 },
  lastPlayer: { id: 1, name: 'Player1', score: -43, handCount: 8 },
  isSamePlayer: false
}
[calculateFinalRankings] 应用最终规则后: {
  firstPlayer: { id: 0, name: 'Player0', score: 96, adjustment: '+30' },
  lastPlayer: { id: 1, name: 'Player1', score: -73, adjustment: '-30' },
  totalAdjustment: 0
}
[calculateFinalRankings] 排序后的玩家顺序（按手牌数，然后按finishOrder）: {
  rankings: [
    {
      rank: 1,
      playerId: 0,
      playerName: 'Player0',
      handCount: 4,
      finishOrderIndex: -1,
      score: 66
    },
    {
      rank: 2,
      playerId: 1,
      playerName: 'Player1',
      handCount: 8,
      finishOrderIndex: -1,
      score: -43
    }
  ],
  finishOrder: []
}
[calculateFinalRankings] 应用最终规则前: {
  firstPlayer: { id: 0, name: 'Player0', score: 66, handCount: 4 },
  lastPlayer: { id: 1, name: 'Player1', score: -43, handCount: 8 },
  isSamePlayer: false
}
[calculateFinalRankings] 应用最终规则后: {
  firstPlayer: { id: 0, name: 'Player0', score: 96, adjustment: '+30' },
  lastPlayer: { id: 1, name: 'Player1', score: -73, adjustment: '-30' },
  totalAdjustment: 0
}
[calculateFinalRankings] 排序后的玩家顺序（按手牌数，然后按finishOrder）: {
  rankings: [
    {
      rank: 1,
      playerId: 1,
      playerName: 'Player1',
      handCount: 3,
      finishOrderIndex: -1,
      score: -66
    },
    {
      rank: 2,
      playerId: 0,
      playerName: 'Player0',
      handCount: 6,
      finishOrderIndex: -1,
      score: 18
    }
  ],
  finishOrder: []
}
[calculateFinalRankings] 应用最终规则前: {
  firstPlayer: { id: 1, name: 'Player1', score: -66, handCount: 3 },
  lastPlayer: { id: 0, name: 'Player0', score: 18, handCount: 6 },
  isSamePlayer: false
}
[calculateFinalRankings] 应用最终规则后: {
  firstPlayer: { id: 1, name: 'Player1', score: -36, adjustment: '+30' },
  lastPlayer: { id: 0, name: 'Player0', score: -12, adjustment: '-30' },
  totalAdjustment: 0
}
[calculateFinalRankings] 排序后的玩家顺序（按手牌数，然后按finishOrder）: {
  rankings: [
    {
      rank: 1,
      playerId: 1,
      playerName: 'Player1',
      handCount: 3,
      finishOrderIndex: -1,
      score: -66
    },
    {
      rank: 2,
      playerId: 0,
      playerName: 'Player0',
      handCount: 6,
      finishOrderIndex: -1,
      score: 18
    }
  ],
  finishOrder: []
}
[calculateFinalRankings] 应用最终规则前: {
  firstPlayer: { id: 1, name: 'Player1', score: -66, handCount: 3 },
  lastPlayer: { id: 0, name: 'Player0', score: 18, handCount: 6 },
  isSamePlayer: false
}
[calculateFinalRankings] 应用最终规则后: {
  firstPlayer: { id: 1, name: 'Player1', score: -36, adjustment: '+30' },
  lastPlayer: { id: 0, name: 'Player0', score: -12, adjustment: '-30' },
  totalAdjustment: 0
}
[calculateFinalRankings] 排序后的玩家顺序（按手牌数，然后按finishOrder）: {
  rankings: [
    {
      rank: 1,
      playerId: 4,
      playerName: 'Player4',
      handCount: 0,
      finishOrderIndex: -1,
      score: -89
    },
    {
      rank: 2,
      playerId: 2,
      playerName: 'Player2',
      handCount: 5,
      finishOrderIndex: -1,
      score: 71
    },
    {
      rank: 3,
      playerId: 3,
      playerName: 'Player3',
      handCount: 5,
      finishOrderIndex: -1,
      score: 52
    },
    {
      rank: 4,
      playerId: 1,
      playerName: 'Player1',
      handCount: 6,
      finishOrderIndex: -1,
      score: 25
    },
    {
      rank: 5,
      playerId: 5,
      playerName: 'Player5',
      handCount: 6,
      finishOrderIndex: -1,
      score: -55
    },
    {
      rank: 6,
      playerId: 0,
      playerName: 'Player0',
      handCount: 12,
      finishOrderIndex: -1,
      score: 12
    }
  ],
  finishOrder: []
}
[calculateFinalRankings] 应用最终规则前: {
  firstPlayer: { id: 4, name: 'Player4', score: -89, handCount: 0 },
  lastPlayer: { id: 0, name: 'Player0', score: 12, handCount: 12 },
  isSamePlayer: false
}
[calculateFinalRankings] 应用最终规则后: {
  firstPlayer: { id: 4, name: 'Player4', score: -59, adjustment: '+30' },
  lastPlayer: { id: 0, name: 'Player0', score: -18, adjustment: '-30' },
  totalAdjustment: 0
}
[calculateFinalRankings] 排序后的玩家顺序（按手牌数，然后按finishOrder）: {
  rankings: [
    {
      rank: 1,
      playerId: 4,
      playerName: 'Player4',
      handCount: 0,
      finishOrderIndex: -1,
      score: -89
    },
    {
      rank: 2,
      playerId: 2,
      playerName: 'Player2',
      handCount: 5,
      finishOrderIndex: -1,
      score: 71
    },
    {
      rank: 3,
      playerId: 3,
      playerName: 'Player3',
      handCount: 5,
      finishOrderIndex: -1,
      score: 52
    },
    {
      rank: 4,
      playerId: 1,
      playerName: 'Player1',
      handCount: 6,
      finishOrderIndex: -1,
      score: 25
    },
    {
      rank: 5,
      playerId: 5,
      playerName: 'Player5',
      handCount: 6,
      finishOrderIndex: -1,
      score: -55
    },
    {
      rank: 6,
      playerId: 0,
      playerName: 'Player0',
      handCount: 12,
      finishOrderIndex: -1,
      score: 12
    }
  ],
  finishOrder: []
}
[calculateFinalRankings] 应用最终规则前: {
  firstPlayer: { id: 4, name: 'Player4', score: -89, handCount: 0 },
  lastPlayer: { id: 0, name: 'Player0', score: 12, handCount: 12 },
  isSamePlayer: false
}
[calculateFinalRankings] 应用最终规则后: {
  firstPlayer: { id: 4, name: 'Player4', score: -59, adjustment: '+30' },
  lastPlayer: { id: 0, name: 'Player0', score: -18, adjustment: '-30' },
  totalAdjustment: 0
}
[calculateFinalRankings] 排序后的玩家顺序（按手牌数，然后按finishOrder）: {
  rankings: [
    {
      rank: 1,
      playerId: 2,
      playerName: 'Player2',
      handCount: 5,
      finishOrderIndex: -1,
      score: -25
    },
    {
      rank: 2,
      playerId: 3,
      playerName: 'Player3',
      handCount: 6,
      finishOrderIndex: -1,
      score: -51
    },
    {
      rank: 3,
      playerId: 0,
      playerName: 'Player0',
      handCount: 8,
      finishOrderIndex: -1,
      score: -51
    },
    {
      rank: 4,
      playerId: 1,
      playerName: 'Player1',
      handCount: 11,
      finishOrderIndex: -1,
      score: -76
    }
  ],
  finishOrder: []
}
[calculateFinalRankings] 应用最终规则前: {
  firstPlayer: { id: 2, name: 'Player2', score: -25, handCount: 5 },
  lastPlayer: { id: 1, name: 'Player1', score: -76, handCount: 11 },
  isSamePlayer: false
}
[calculateFinalRankings] 应用最终规则后: {
  firstPlayer: { id: 2, name: 'Player2', score: 5, adjustment: '+30' },
  lastPlayer: { id: 1, name: 'Player1', score: -106, adjustment: '-30' },
  totalAdjustment: 0
}
[calculateFinalRankings] 排序后的玩家顺序（按手牌数，然后按finishOrder）: {
  rankings: [
    {
      rank: 1,
      playerId: 2,
      playerName: 'Player2',
      handCount: 5,
      finishOrderIndex: -1,
      score: -25
    },
    {
      rank: 2,
      playerId: 3,
      playerName: 'Player3',
      handCount: 6,
      finishOrderIndex: -1,
      score: -51
    },
    {
      rank: 3,
      playerId: 0,
      playerName: 'Player0',
      handCount: 8,
      finishOrderIndex: -1,
      score: -51
    },
    {
      rank: 4,
      playerId: 1,
      playerName: 'Player1',
      handCount: 11,
      finishOrderIndex: -1,
      score: -76
    }
  ],
  finishOrder: []
}
[calculateFinalRankings] 应用最终规则前: {
  firstPlayer: { id: 2, name: 'Player2', score: -25, handCount: 5 },
  lastPlayer: { id: 1, name: 'Player1', score: -76, handCount: 11 },
  isSamePlayer: false
}
[calculateFinalRankings] 应用最终规则后: {
  firstPlayer: { id: 2, name: 'Player2', score: 5, adjustment: '+30' },
  lastPlayer: { id: 1, name: 'Player1', score: -106, adjustment: '-30' },
  totalAdjustment: 0
}
[calculateFinalRankings] 排序后的玩家顺序（按手牌数，然后按finishOrder）: {
  rankings: [
    {
      rank: 1,
      playerId: 2,
      playerName: 'Player2',
      handCount: 2,
      finishOrderIndex: -1,
      score: 83
    },
    {
      rank: 2,
      playerId: 3,
      playerName: 'Player3',
      handCount: 4,
      finishOrderIndex: -1,
      score: 72
    },
    {
      rank: 3,
      playerId: 0,
      playerName: 'Player0',
      handCount: 7,
      finishOrderIndex: -1,
      score: -96
    },
    {
      rank: 4,
      playerId: 1,
      playerName: 'Player1',
      handCount: 9,
      finishOrderIndex: -1,
      score: 46
    },
    {
      rank: 5,
      playerId: 5,
      playerName: 'Player5',
      handCount: 10,
      finishOrderIndex: -1,
      score: 36
    },
    {
      rank: 6,
      playerId: 4,
      playerName: 'Player4',
      handCount: 11,
      finishOrderIndex: -1,
      score: -81
    }
  ],
  finishOrder: []
}
[calculateFinalRankings] 应用最终规则前: {
  firstPlayer: { id: 2, name: 'Player2', score: 83, handCount: 2 },
  lastPlayer: { id: 4, name: 'Player4', score: -81, handCount: 11 },
  isSamePlayer: false
}
[calculateFinalRankings] 应用最终规则后: {
  firstPlayer: { id: 2, name: 'Player2', score: 113, adjustment: '+30' },
  lastPlayer: { id: 4, name: 'Player4', score: -111, adjustment: '-30' },
  totalAdjustment: 0
}
[calculateFinalRankings] 排序后的玩家顺序（按手牌数，然后按finishOrder）: {
  rankings: [
    {
      rank: 1,
      playerId: 2,
      playerName: 'Player2',
      handCount: 2,
      finishOrderIndex: -1,
      score: 83
    },
    {
      rank: 2,
      playerId: 3,
      playerName: 'Player3',
      handCount: 4,
      finishOrderIndex: -1,
      score: 72
    },
    {
      rank: 3,
      playerId: 0,
      playerName: 'Player0',
      handCount: 7,
      finishOrderIndex: -1,
      score: -96
    },
    {
      rank: 4,
      playerId: 1,
      playerName: 'Player1',
      handCount: 9,
      finishOrderIndex: -1,
      score: 46
    },
    {
      rank: 5,
      playerId: 5,
      playerName: 'Player5',
      handCount: 10,
      finishOrderIndex: -1,
      score: 36
    },
    {
      rank: 6,
      playerId: 4,
      playerName: 'Player4',
      handCount: 11,
      finishOrderIndex: -1,
      score: -81
    }
  ],
  finishOrder: []
}
[calculateFinalRankings] 应用最终规则前: {
  firstPlayer: { id: 2, name: 'Player2', score: 83, handCount: 2 },
  lastPlayer: { id: 4, name: 'Player4', score: -81, handCount: 11 },
  isSamePlayer: false
}
[calculateFinalRankings] 应用最终规则后: {
  firstPlayer: { id: 2, name: 'Player2', score: 113, adjustment: '+30' },
  lastPlayer: { id: 4, name: 'Player4', score: -111, adjustment: '-30' },
  totalAdjustment: 0
}
[calculateFinalRankings] 排序后的玩家顺序（按手牌数，然后按finishOrder）: {
  rankings: [
    {
      rank: 1,
      playerId: 1,
      playerName: 'Player1',
      handCount: 0,
      finishOrderIndex: 0,
      score: -15
    },
    {
      rank: 2,
      playerId: 0,
      playerName: 'Player0',
      handCount: 2,
      finishOrderIndex: -1,
      score: 35
    },
    {
      rank: 3,
      playerId: 3,
      playerName: 'Player3',
      handCount: 3,
      finishOrderIndex: -1,
      score: 12
    },
    {
      rank: 4,
      playerId: 2,
      playerName: 'Player2',
      handCount: 5,
      finishOrderIndex: -1,
      score: 76
    }
  ],
  finishOrder: [ 1 ]
}
[calculateFinalRankings] 应用最终规则前: {
  firstPlayer: { id: 1, name: 'Player1', score: -15, handCount: 0 },
  lastPlayer: { id: 2, name: 'Player2', score: 76, handCount: 5 },
  isSamePlayer: false
}
[calculateFinalRankings] 应用最终规则后: {
  firstPlayer: { id: 1, name: 'Player1', score: 15, adjustment: '+30' },
  lastPlayer: { id: 2, name: 'Player2', score: 46, adjustment: '-30' },
  totalAdjustment: 0
}
[calculateFinalRankings] 排序后的玩家顺序（按手牌数，然后按finishOrder）: {
  rankings: [
    {
      rank: 1,
      playerId: 1,
      playerName: 'Player1',
      handCount: 0,
      finishOrderIndex: 0,
      score: -15
    },
    {
      rank: 2,
      playerId: 0,
      playerName: 'Player0',
      handCount: 2,
      finishOrderIndex: -1,
      score: 35
    },
    {
      rank: 3,
      playerId: 3,
      playerName: 'Player3',
      handCount: 3,
      finishOrderIndex: -1,
      score: 12
    },
    {
      rank: 4,
      playerId: 2,
      playerName: 'Player2',
      handCount: 5,
      finishOrderIndex: -1,
      score: 76
    }
  ],
  finishOrder: [ 1 ]
}
[calculateFinalRankings] 应用最终规则前: {
  firstPlayer: { id: 1, name: 'Player1', score: -15, handCount: 0 },
  lastPlayer: { id: 2, name: 'Player2', score: 76, handCount: 5 },
  isSamePlayer: false
}
[calculateFinalRankings] 应用最终规则后: {
  firstPlayer: { id: 1, name: 'Player1', score: 15, adjustment: '+30' },
  lastPlayer: { id: 2, name: 'Player2', score: 46, adjustment: '-30' },
  totalAdjustment: 0
}
[calculateFinalRankings] 排序后的玩家顺序（按手牌数，然后按finishOrder）: {
  rankings: [
    {
      rank: 1,
      playerId: 5,
      playerName: 'Player5',
      handCount: 3,
      finishOrderIndex: -1,
      score: -51
    },
    {
      rank: 2,
      playerId: 2,
      playerName: 'Player2',
      handCount: 9,
      finishOrderIndex: -1,
      score: 39
    },
    {
      rank: 3,
      playerId: 4,
      playerName: 'Player4',
      handCount: 10,
      finishOrderIndex: -1,
      score: 42
    },
    {
      rank: 4,
      playerId: 3,
      playerName: 'Player3',
      handCount: 11,
      finishOrderIndex: -1,
      score: -43
    },
    {
      rank: 5,
      playerId: 0,
      playerName: 'Player0',
      handCount: 12,
      finishOrderIndex: -1,
      score: -98
    },
    {
      rank: 6,
      playerId: 1,
      playerName: 'Player1',
      handCount: 12,
      finishOrderIndex: -1,
      score: -65
    }
  ],
  finishOrder: []
}
[calculateFinalRankings] 应用最终规则前: {
  firstPlayer: { id: 5, name: 'Player5', score: -51, handCount: 3 },
  lastPlayer: { id: 1, name: 'Player1', score: -65, handCount: 12 },
  isSamePlayer: false
}
[calculateFinalRankings] 应用最终规则后: {
  firstPlayer: { id: 5, name: 'Player5', score: -21, adjustment: '+30' },
  lastPlayer: { id: 1, name: 'Player1', score: -95, adjustment: '-30' },
  totalAdjustment: 0
}
[calculateFinalRankings] 排序后的玩家顺序（按手牌数，然后按finishOrder）: {
  rankings: [
    {
      rank: 1,
      playerId: 5,
      playerName: 'Player5',
      handCount: 3,
      finishOrderIndex: -1,
      score: -51
    },
    {
      rank: 2,
      playerId: 2,
      playerName: 'Player2',
      handCount: 9,
      finishOrderIndex: -1,
      score: 39
    },
    {
      rank: 3,
      playerId: 4,
      playerName: 'Player4',
      handCount: 10,
      finishOrderIndex: -1,
      score: 42
    },
    {
      rank: 4,
      playerId: 3,
      playerName: 'Player3',
      handCount: 11,
      finishOrderIndex: -1,
      score: -43
    },
    {
      rank: 5,
      playerId: 0,
      playerName: 'Player0',
      handCount: 12,
      finishOrderIndex: -1,
      score: -98
    },
    {
      rank: 6,
      playerId: 1,
      playerName: 'Player1',
      handCount: 12,
      finishOrderIndex: -1,
      score: -65
    }
  ],
  finishOrder: []
}
[calculateFinalRankings] 应用最终规则前: {
  firstPlayer: { id: 5, name: 'Player5', score: -51, handCount: 3 },
  lastPlayer: { id: 1, name: 'Player1', score: -65, handCount: 12 },
  isSamePlayer: false
}
[calculateFinalRankings] 应用最终规则后: {
  firstPlayer: { id: 5, name: 'Player5', score: -21, adjustment: '+30' },
  lastPlayer: { id: 1, name: 'Player1', score: -95, adjustment: '-30' },
  totalAdjustment: 0
}
[calculateFinalRankings] 排序后的玩家顺序（按手牌数，然后按finishOrder）: {
  rankings: [
    {
      rank: 1,
      playerId: 3,
      playerName: 'Player3',
      handCount: 1,
      finishOrderIndex: -1,
      score: 46
    },
    {
      rank: 2,
      playerId: 1,
      playerName: 'Player1',
      handCount: 4,
      finishOrderIndex: -1,
      score: 75
    },
    {
      rank: 3,
      playerId: 2,
      playerName: 'Player2',
      handCount: 6,
      finishOrderIndex: -1,
      score: 74
    },
    {
      rank: 4,
      playerId: 0,
      playerName: 'Player0',
      handCount: 7,
      finishOrderIndex: -1,
      score: 79
    }
  ],
  finishOrder: []
}
[calculateFinalRankings] 应用最终规则前: {
  firstPlayer: { id: 3, name: 'Player3', score: 46, handCount: 1 },
  lastPlayer: { id: 0, name: 'Player0', score: 79, handCount: 7 },
  isSamePlayer: false
}
[calculateFinalRankings] 应用最终规则后: {
  firstPlayer: { id: 3, name: 'Player3', score: 76, adjustment: '+30' },
  lastPlayer: { id: 0, name: 'Player0', score: 49, adjustment: '-30' },
  totalAdjustment: 0
}
[calculateFinalRankings] 排序后的玩家顺序（按手牌数，然后按finishOrder）: {
  rankings: [
    {
      rank: 1,
      playerId: 3,
      playerName: 'Player3',
      handCount: 1,
      finishOrderIndex: -1,
      score: 46
    },
    {
      rank: 2,
      playerId: 1,
      playerName: 'Player1',
      handCount: 4,
      finishOrderIndex: -1,
      score: 75
    },
    {
      rank: 3,
      playerId: 2,
      playerName: 'Player2',
      handCount: 6,
      finishOrderIndex: -1,
      score: 74
    },
    {
      rank: 4,
      playerId: 0,
      playerName: 'Player0',
      handCount: 7,
      finishOrderIndex: -1,
      score: 79
    }
  ],
  finishOrder: []
}
[calculateFinalRankings] 应用最终规则前: {
  firstPlayer: { id: 3, name: 'Player3', score: 46, handCount: 1 },
  lastPlayer: { id: 0, name: 'Player0', score: 79, handCount: 7 },
  isSamePlayer: false
}
[calculateFinalRankings] 应用最终规则后: {
  firstPlayer: { id: 3, name: 'Player3', score: 76, adjustment: '+30' },
  lastPlayer: { id: 0, name: 'Player0', score: 49, adjustment: '-30' },
  totalAdjustment: 0
}
[calculateFinalRankings] 排序后的玩家顺序（按手牌数，然后按finishOrder）: {
  rankings: [
    {
      rank: 1,
      playerId: 1,
      playerName: 'Player1',
      handCount: 2,
      finishOrderIndex: -1,
      score: -18
    },
    {
      rank: 2,
      playerId: 0,
      playerName: 'Player0',
      handCount: 3,
      finishOrderIndex: -1,
      score: -75
    }
  ],
  finishOrder: []
}
[calculateFinalRankings] 应用最终规则前: {
  firstPlayer: { id: 1, name: 'Player1', score: -18, handCount: 2 },
  lastPlayer: { id: 0, name: 'Player0', score: -75, handCount: 3 },
  isSamePlayer: false
}
[calculateFinalRankings] 应用最终规则后: {
  firstPlayer: { id: 1, name: 'Player1', score: 12, adjustment: '+30' },
  lastPlayer: { id: 0, name: 'Player0', score: -105, adjustment: '-30' },
  totalAdjustment: 0
}
[calculateFinalRankings] 排序后的玩家顺序（按手牌数，然后按finishOrder）: {
  rankings: [
    {
      rank: 1,
      playerId: 1,
      playerName: 'Player1',
      handCount: 2,
      finishOrderIndex: -1,
      score: -18
    },
    {
      rank: 2,
      playerId: 0,
      playerName: 'Player0',
      handCount: 3,
      finishOrderIndex: -1,
      score: -75
    }
  ],
  finishOrder: []
}
[calculateFinalRankings] 应用最终规则前: {
  firstPlayer: { id: 1, name: 'Player1', score: -18, handCount: 2 },
  lastPlayer: { id: 0, name: 'Player0', score: -75, handCount: 3 },
  isSamePlayer: false
}
[calculateFinalRankings] 应用最终规则后: {
  firstPlayer: { id: 1, name: 'Player1', score: 12, adjustment: '+30' },
  lastPlayer: { id: 0, name: 'Player0', score: -105, adjustment: '-30' },
  totalAdjustment: 0
}
[calculateFinalRankings] 排序后的玩家顺序（按手牌数，然后按finishOrder）: {
  rankings: [
    {
      rank: 1,
      playerId: 1,
      playerName: 'Player1',
      handCount: 10,
      finishOrderIndex: -1,
      score: 87
    },
    {
      rank: 2,
      playerId: 0,
      playerName: 'Player0',
      handCount: 13,
      finishOrderIndex: -1,
      score: 5
    }
  ],
  finishOrder: []
}
[calculateFinalRankings] 应用最终规则前: {
  firstPlayer: { id: 1, name: 'Player1', score: 87, handCount: 10 },
  lastPlayer: { id: 0, name: 'Player0', score: 5, handCount: 13 },
  isSamePlayer: false
}
[calculateFinalRankings] 应用最终规则后: {
  firstPlayer: { id: 1, name: 'Player1', score: 117, adjustment: '+30' },
  lastPlayer: { id: 0, name: 'Player0', score: -25, adjustment: '-30' },
  totalAdjustment: 0
}
[calculateFinalRankings] 排序后的玩家顺序（按手牌数，然后按finishOrder）: {
  rankings: [
    {
      rank: 1,
      playerId: 1,
      playerName: 'Player1',
      handCount: 10,
      finishOrderIndex: -1,
      score: 87
    },
    {
      rank: 2,
      playerId: 0,
      playerName: 'Player0',
      handCount: 13,
      finishOrderIndex: -1,
      score: 5
    }
  ],
  finishOrder: []
}
[calculateFinalRankings] 应用最终规则前: {
  firstPlayer: { id: 1, name: 'Player1', score: 87, handCount: 10 },
  lastPlayer: { id: 0, name: 'Player0', score: 5, handCount: 13 },
  isSamePlayer: false
}
[calculateFinalRankings] 应用最终规则后: {
  firstPlayer: { id: 1, name: 'Player1', score: 117, adjustment: '+30' },
  lastPlayer: { id: 0, name: 'Player0', score: -25, adjustment: '-30' },
  totalAdjustment: 0
}
[calculateFinalRankings] 排序后的玩家顺序（按手牌数，然后按finishOrder）: {
  rankings: [
    {
      rank: 1,
      playerId: 2,
      playerName: 'Player2',
      handCount: 4,
      finishOrderIndex: -1,
      score: 1
    },
    {
      rank: 2,
      playerId: 0,
      playerName: 'Player0',
      handCount: 6,
      finishOrderIndex: -1,
      score: 79
    },
    {
      rank: 3,
      playerId: 1,
      playerName: 'Player1',
      handCount: 8,
      finishOrderIndex: -1,
      score: -98
    },
    {
      rank: 4,
      playerId: 3,
      playerName: 'Player3',
      handCount: 12,
      finishOrderIndex: -1,
      score: -64
    }
  ],
  finishOrder: []
}
[calculateFinalRankings] 应用最终规则前: {
  firstPlayer: { id: 2, name: 'Player2', score: 1, handCount: 4 },
  lastPlayer: { id: 3, name: 'Player3', score: -64, handCount: 12 },
  isSamePlayer: false
}
[calculateFinalRankings] 应用最终规则后: {
  firstPlayer: { id: 2, name: 'Player2', score: 31, adjustment: '+30' },
  lastPlayer: { id: 3, name: 'Player3', score: -94, adjustment: '-30' },
  totalAdjustment: 0
}
[calculateFinalRankings] 排序后的玩家顺序（按手牌数，然后按finishOrder）: {
  rankings: [
    {
      rank: 1,
      playerId: 2,
      playerName: 'Player2',
      handCount: 4,
      finishOrderIndex: -1,
      score: 1
    },
    {
      rank: 2,
      playerId: 0,
      playerName: 'Player0',
      handCount: 6,
      finishOrderIndex: -1,
      score: 79
    },
    {
      rank: 3,
      playerId: 1,
      playerName: 'Player1',
      handCount: 8,
      finishOrderIndex: -1,
      score: -98
    },
    {
      rank: 4,
      playerId: 3,
      playerName: 'Player3',
      handCount: 12,
      finishOrderIndex: -1,
      score: -64
    }
  ],
  finishOrder: []
}
[calculateFinalRankings] 应用最终规则前: {
  firstPlayer: { id: 2, name: 'Player2', score: 1, handCount: 4 },
  lastPlayer: { id: 3, name: 'Player3', score: -64, handCount: 12 },
  isSamePlayer: false
}
[calculateFinalRankings] 应用最终规则后: {
  firstPlayer: { id: 2, name: 'Player2', score: 31, adjustment: '+30' },
  lastPlayer: { id: 3, name: 'Player3', score: -94, adjustment: '-30' },
  totalAdjustment: 0
}
[calculateFinalRankings] 排序后的玩家顺序（按手牌数，然后按finishOrder）: {
  rankings: [
    {
      rank: 1,
      playerId: 3,
      playerName: 'Player3',
      handCount: 1,
      finishOrderIndex: -1,
      score: -80
    },
    {
      rank: 2,
      playerId: 0,
      playerName: 'Player0',
      handCount: 2,
      finishOrderIndex: -1,
      score: -73
    },
    {
      rank: 3,
      playerId: 1,
      playerName: 'Player1',
      handCount: 3,
      finishOrderIndex: -1,
      score: -50
    },
    {
      rank: 4,
      playerId: 5,
      playerName: 'Player5',
      handCount: 3,
      finishOrderIndex: -1,
      score: 4
    },
    {
      rank: 5,
      playerId: 2,
      playerName: 'Player2',
      handCount: 4,
      finishOrderIndex: -1,
      score: -10
    },
    {
      rank: 6,
      playerId: 4,
      playerName: 'Player4',
      handCount: 13,
      finishOrderIndex: -1,
      score: 0
    }
  ],
  finishOrder: []
}
[calculateFinalRankings] 应用最终规则前: {
  firstPlayer: { id: 3, name: 'Player3', score: -80, handCount: 1 },
  lastPlayer: { id: 4, name: 'Player4', score: 0, handCount: 13 },
  isSamePlayer: false
}
[calculateFinalRankings] 应用最终规则后: {
  firstPlayer: { id: 3, name: 'Player3', score: -50, adjustment: '+30' },
  lastPlayer: { id: 4, name: 'Player4', score: -30, adjustment: '-30' },
  totalAdjustment: 0
}
[calculateFinalRankings] 排序后的玩家顺序（按手牌数，然后按finishOrder）: {
  rankings: [
    {
      rank: 1,
      playerId: 3,
      playerName: 'Player3',
      handCount: 1,
      finishOrderIndex: -1,
      score: -80
    },
    {
      rank: 2,
      playerId: 0,
      playerName: 'Player0',
      handCount: 2,
      finishOrderIndex: -1,
      score: -73
    },
    {
      rank: 3,
      playerId: 1,
      playerName: 'Player1',
      handCount: 3,
      finishOrderIndex: -1,
      score: -50
    },
    {
      rank: 4,
      playerId: 5,
      playerName: 'Player5',
      handCount: 3,
      finishOrderIndex: -1,
      score: 4
    },
    {
      rank: 5,
      playerId: 2,
      playerName: 'Player2',
      handCount: 4,
      finishOrderIndex: -1,
      score: -10
    },
    {
      rank: 6,
      playerId: 4,
      playerName: 'Player4',
      handCount: 13,
      finishOrderIndex: -1,
      score: 0
    }
  ],
  finishOrder: []
}
[calculateFinalRankings] 应用最终规则前: {
  firstPlayer: { id: 3, name: 'Player3', score: -80, handCount: 1 },
  lastPlayer: { id: 4, name: 'Player4', score: 0, handCount: 13 },
  isSamePlayer: false
}
[calculateFinalRankings] 应用最终规则后: {
  firstPlayer: { id: 3, name: 'Player3', score: -50, adjustment: '+30' },
  lastPlayer: { id: 4, name: 'Player4', score: -30, adjustment: '-30' },
  totalAdjustment: 0
}
[calculateFinalRankings] 排序后的玩家顺序（按手牌数，然后按finishOrder）: {
  rankings: [
    {
      rank: 1,
      playerId: 1,
      playerName: 'Player1',
      handCount: 3,
      finishOrderIndex: -1,
      score: 16
    },
    {
      rank: 2,
      playerId: 0,
      playerName: 'Player0',
      handCount: 5,
      finishOrderIndex: -1,
      score: -82
    },
    {
      rank: 3,
      playerId: 2,
      playerName: 'Player2',
      handCount: 12,
      finishOrderIndex: -1,
      score: -82
    },
    {
      rank: 4,
      playerId: 3,
      playerName: 'Player3',
      handCount: 12,
      finishOrderIndex: -1,
      score: -39
    }
  ],
  finishOrder: []
}
[calculateFinalRankings] 应用最终规则前: {
  firstPlayer: { id: 1, name: 'Player1', score: 16, handCount: 3 },
  lastPlayer: { id: 3, name: 'Player3', score: -39, handCount: 12 },
  isSamePlayer: false
}
[calculateFinalRankings] 应用最终规则后: {
  firstPlayer: { id: 1, name: 'Player1', score: 46, adjustment: '+30' },
  lastPlayer: { id: 3, name: 'Player3', score: -69, adjustment: '-30' },
  totalAdjustment: 0
}
[calculateFinalRankings] 排序后的玩家顺序（按手牌数，然后按finishOrder）: {
  rankings: [
    {
      rank: 1,
      playerId: 1,
      playerName: 'Player1',
      handCount: 3,
      finishOrderIndex: -1,
      score: 16
    },
    {
      rank: 2,
      playerId: 0,
      playerName: 'Player0',
      handCount: 5,
      finishOrderIndex: -1,
      score: -82
    },
    {
      rank: 3,
      playerId: 2,
      playerName: 'Player2',
      handCount: 12,
      finishOrderIndex: -1,
      score: -82
    },
    {
      rank: 4,
      playerId: 3,
      playerName: 'Player3',
      handCount: 12,
      finishOrderIndex: -1,
      score: -39
    }
  ],
  finishOrder: []
}
[calculateFinalRankings] 应用最终规则前: {
  firstPlayer: { id: 1, name: 'Player1', score: 16, handCount: 3 },
  lastPlayer: { id: 3, name: 'Player3', score: -39, handCount: 12 },
  isSamePlayer: false
}
[calculateFinalRankings] 应用最终规则后: {
  firstPlayer: { id: 1, name: 'Player1', score: 46, adjustment: '+30' },
  lastPlayer: { id: 3, name: 'Player3', score: -69, adjustment: '-30' },
  totalAdjustment: 0
}
[calculateFinalRankings] 排序后的玩家顺序（按手牌数，然后按finishOrder）: {
  rankings: [
    {
      rank: 1,
      playerId: 2,
      playerName: 'Player2',
      handCount: 3,
      finishOrderIndex: -1,
      score: 4
    },
    {
      rank: 2,
      playerId: 0,
      playerName: 'Player0',
      handCount: 7,
      finishOrderIndex: -1,
      score: 32
    },
    {
      rank: 3,
      playerId: 1,
      playerName: 'Player1',
      handCount: 7,
      finishOrderIndex: -1,
      score: -39
    },
    {
      rank: 4,
      playerId: 3,
      playerName: 'Player3',
      handCount: 12,
      finishOrderIndex: -1,
      score: 71
    }
  ],
  finishOrder: []
}
[calculateFinalRankings] 应用最终规则前: {
  firstPlayer: { id: 2, name: 'Player2', score: 4, handCount: 3 },
  lastPlayer: { id: 3, name: 'Player3', score: 71, handCount: 12 },
  isSamePlayer: false
}
[calculateFinalRankings] 应用最终规则后: {
  firstPlayer: { id: 2, name: 'Player2', score: 34, adjustment: '+30' },
  lastPlayer: { id: 3, name: 'Player3', score: 41, adjustment: '-30' },
  totalAdjustment: 0
}
[calculateFinalRankings] 排序后的玩家顺序（按手牌数，然后按finishOrder）: {
  rankings: [
    {
      rank: 1,
      playerId: 2,
      playerName: 'Player2',
      handCount: 3,
      finishOrderIndex: -1,
      score: 4
    },
    {
      rank: 2,
      playerId: 0,
      playerName: 'Player0',
      handCount: 7,
      finishOrderIndex: -1,
      score: 32
    },
    {
      rank: 3,
      playerId: 1,
      playerName: 'Player1',
      handCount: 7,
      finishOrderIndex: -1,
      score: -39
    },
    {
      rank: 4,
      playerId: 3,
      playerName: 'Player3',
      handCount: 12,
      finishOrderIndex: -1,
      score: 71
    }
  ],
  finishOrder: []
}
[calculateFinalRankings] 应用最终规则前: {
  firstPlayer: { id: 2, name: 'Player2', score: 4, handCount: 3 },
  lastPlayer: { id: 3, name: 'Player3', score: 71, handCount: 12 },
  isSamePlayer: false
}
[calculateFinalRankings] 应用最终规则后: {
  firstPlayer: { id: 2, name: 'Player2', score: 34, adjustment: '+30' },
  lastPlayer: { id: 3, name: 'Player3', score: 41, adjustment: '-30' },
  totalAdjustment: 0
}
[calculateFinalRankings] 排序后的玩家顺序（按手牌数，然后按finishOrder）: {
  rankings: [
    {
      rank: 1,
      playerId: 1,
      playerName: 'Player1',
      handCount: 6,
      finishOrderIndex: -1,
      score: 32
    },
    {
      rank: 2,
      playerId: 2,
      playerName: 'Player2',
      handCount: 7,
      finishOrderIndex: -1,
      score: -1
    },
    {
      rank: 3,
      playerId: 3,
      playerName: 'Player3',
      handCount: 7,
      finishOrderIndex: -1,
      score: 31
    },
    {
      rank: 4,
      playerId: 0,
      playerName: 'Player0',
      handCount: 8,
      finishOrderIndex: -1,
      score: 60
    }
  ],
  finishOrder: []
}
[calculateFinalRankings] 应用最终规则前: {
  firstPlayer: { id: 1, name: 'Player1', score: 32, handCount: 6 },
  lastPlayer: { id: 0, name: 'Player0', score: 60, handCount: 8 },
  isSamePlayer: false
}
[calculateFinalRankings] 应用最终规则后: {
  firstPlayer: { id: 1, name: 'Player1', score: 62, adjustment: '+30' },
  lastPlayer: { id: 0, name: 'Player0', score: 30, adjustment: '-30' },
  totalAdjustment: 0
}
[calculateFinalRankings] 排序后的玩家顺序（按手牌数，然后按finishOrder）: {
  rankings: [
    {
      rank: 1,
      playerId: 1,
      playerName: 'Player1',
      handCount: 6,
      finishOrderIndex: -1,
      score: 32
    },
    {
      rank: 2,
      playerId: 2,
      playerName: 'Player2',
      handCount: 7,
      finishOrderIndex: -1,
      score: -1
    },
    {
      rank: 3,
      playerId: 3,
      playerName: 'Player3',
      handCount: 7,
      finishOrderIndex: -1,
      score: 31
    },
    {
      rank: 4,
      playerId: 0,
      playerName: 'Player0',
      handCount: 8,
      finishOrderIndex: -1,
      score: 60
    }
  ],
  finishOrder: []
}
[calculateFinalRankings] 应用最终规则前: {
  firstPlayer: { id: 1, name: 'Player1', score: 32, handCount: 6 },
  lastPlayer: { id: 0, name: 'Player0', score: 60, handCount: 8 },
  isSamePlayer: false
}
[calculateFinalRankings] 应用最终规则后: {
  firstPlayer: { id: 1, name: 'Player1', score: 62, adjustment: '+30' },
  lastPlayer: { id: 0, name: 'Player0', score: 30, adjustment: '-30' },
  totalAdjustment: 0
}
[calculateFinalRankings] 排序后的玩家顺序（按手牌数，然后按finishOrder）: {
  rankings: [
    {
      rank: 1,
      playerId: 2,
      playerName: 'Player2',
      handCount: 2,
      finishOrderIndex: -1,
      score: -3
    },
    {
      rank: 2,
      playerId: 0,
      playerName: 'Player0',
      handCount: 6,
      finishOrderIndex: -1,
      score: 50
    },
    {
      rank: 3,
      playerId: 1,
      playerName: 'Player1',
      handCount: 7,
      finishOrderIndex: -1,
      score: -33
    },
    {
      rank: 4,
      playerId: 3,
      playerName: 'Player3',
      handCount: 7,
      finishOrderIndex: -1,
      score: 68
    }
  ],
  finishOrder: []
}
[calculateFinalRankings] 应用最终规则前: {
  firstPlayer: { id: 2, name: 'Player2', score: -3, handCount: 2 },
  lastPlayer: { id: 3, name: 'Player3', score: 68, handCount: 7 },
  isSamePlayer: false
}
[calculateFinalRankings] 应用最终规则后: {
  firstPlayer: { id: 2, name: 'Player2', score: 27, adjustment: '+30' },
  lastPlayer: { id: 3, name: 'Player3', score: 38, adjustment: '-30' },
  totalAdjustment: 0
}
[calculateFinalRankings] 排序后的玩家顺序（按手牌数，然后按finishOrder）: {
  rankings: [
    {
      rank: 1,
      playerId: 2,
      playerName: 'Player2',
      handCount: 2,
      finishOrderIndex: -1,
      score: -3
    },
    {
      rank: 2,
      playerId: 0,
      playerName: 'Player0',
      handCount: 6,
      finishOrderIndex: -1,
      score: 50
    },
    {
      rank: 3,
      playerId: 1,
      playerName: 'Player1',
      handCount: 7,
      finishOrderIndex: -1,
      score: -33
    },
    {
      rank: 4,
      playerId: 3,
      playerName: 'Player3',
      handCount: 7,
      finishOrderIndex: -1,
      score: 68
    }
  ],
  finishOrder: []
}
[calculateFinalRankings] 应用最终规则前: {
  firstPlayer: { id: 2, name: 'Player2', score: -3, handCount: 2 },
  lastPlayer: { id: 3, name: 'Player3', score: 68, handCount: 7 },
  isSamePlayer: false
}
[calculateFinalRankings] 应用最终规则后: {
  firstPlayer: { id: 2, name: 'Player2', score: 27, adjustment: '+30' },
  lastPlayer: { id: 3, name: 'Player3', score: 38, adjustment: '-30' },
  totalAdjustment: 0
}
[calculateFinalRankings] 排序后的玩家顺序（按手牌数，然后按finishOrder）: {
  rankings: [
    {
      rank: 1,
      playerId: 0,
      playerName: 'Player0',
      handCount: 1,
      finishOrderIndex: -1,
      score: 2
    },
    {
      rank: 2,
      playerId: 1,
      playerName: 'Player1',
      handCount: 3,
      finishOrderIndex: -1,
      score: -99
    },
    {
      rank: 3,
      playerId: 2,
      playerName: 'Player2',
      handCount: 5,
      finishOrderIndex: -1,
      score: 76
    },
    {
      rank: 4,
      playerId: 4,
      playerName: 'Player4',
      handCount: 6,
      finishOrderIndex: -1,
      score: 12
    },
    {
      rank: 5,
      playerId: 5,
      playerName: 'Player5',
      handCount: 7,
      finishOrderIndex: -1,
      score: 34
    },
    {
      rank: 6,
      playerId: 3,
      playerName: 'Player3',
      handCount: 13,
      finishOrderIndex: -1,
      score: -80
    }
  ],
  finishOrder: []
}
[calculateFinalRankings] 应用最终规则前: {
  firstPlayer: { id: 0, name: 'Player0', score: 2, handCount: 1 },
  lastPlayer: { id: 3, name: 'Player3', score: -80, handCount: 13 },
  isSamePlayer: false
}
[calculateFinalRankings] 应用最终规则后: {
  firstPlayer: { id: 0, name: 'Player0', score: 32, adjustment: '+30' },
  lastPlayer: { id: 3, name: 'Player3', score: -110, adjustment: '-30' },
  totalAdjustment: 0
}
[calculateFinalRankings] 排序后的玩家顺序（按手牌数，然后按finishOrder）: {
  rankings: [
    {
      rank: 1,
      playerId: 0,
      playerName: 'Player0',
      handCount: 1,
      finishOrderIndex: -1,
      score: 2
    },
    {
      rank: 2,
      playerId: 1,
      playerName: 'Player1',
      handCount: 3,
      finishOrderIndex: -1,
      score: -99
    },
    {
      rank: 3,
      playerId: 2,
      playerName: 'Player2',
      handCount: 5,
      finishOrderIndex: -1,
      score: 76
    },
    {
      rank: 4,
      playerId: 4,
      playerName: 'Player4',
      handCount: 6,
      finishOrderIndex: -1,
      score: 12
    },
    {
      rank: 5,
      playerId: 5,
      playerName: 'Player5',
      handCount: 7,
      finishOrderIndex: -1,
      score: 34
    },
    {
      rank: 6,
      playerId: 3,
      playerName: 'Player3',
      handCount: 13,
      finishOrderIndex: -1,
      score: -80
    }
  ],
  finishOrder: []
}
[calculateFinalRankings] 应用最终规则前: {
  firstPlayer: { id: 0, name: 'Player0', score: 2, handCount: 1 },
  lastPlayer: { id: 3, name: 'Player3', score: -80, handCount: 13 },
  isSamePlayer: false
}
[calculateFinalRankings] 应用最终规则后: {
  firstPlayer: { id: 0, name: 'Player0', score: 32, adjustment: '+30' },
  lastPlayer: { id: 3, name: 'Player3', score: -110, adjustment: '-30' },
  totalAdjustment: 0
}
[calculateFinalRankings] 排序后的玩家顺序（按手牌数，然后按finishOrder）: {
  rankings: [
    {
      rank: 1,
      playerId: 0,
      playerName: 'Player0',
      handCount: 1,
      finishOrderIndex: -1,
      score: -44
    },
    {
      rank: 2,
      playerId: 1,
      playerName: 'Player1',
      handCount: 6,
      finishOrderIndex: -1,
      score: -17
    },
    {
      rank: 3,
      playerId: 2,
      playerName: 'Player2',
      handCount: 11,
      finishOrderIndex: -1,
      score: 68
    },
    {
      rank: 4,
      playerId: 3,
      playerName: 'Player3',
      handCount: 12,
      finishOrderIndex: -1,
      score: -30
    },
    {
      rank: 5,
      playerId: 4,
      playerName: 'Player4',
      handCount: 13,
      finishOrderIndex: -1,
      score: -43
    },
    {
      rank: 6,
      playerId: 5,
      playerName: 'Player5',
      handCount: 13,
      finishOrderIndex: -1,
      score: 18
    }
  ],
  finishOrder: []
}
[calculateFinalRankings] 应用最终规则前: {
  firstPlayer: { id: 0, name: 'Player0', score: -44, handCount: 1 },
  lastPlayer: { id: 5, name: 'Player5', score: 18, handCount: 13 },
  isSamePlayer: false
}
[calculateFinalRankings] 应用最终规则后: {
  firstPlayer: { id: 0, name: 'Player0', score: -14, adjustment: '+30' },
  lastPlayer: { id: 5, name: 'Player5', score: -12, adjustment: '-30' },
  totalAdjustment: 0
}
[calculateFinalRankings] 排序后的玩家顺序（按手牌数，然后按finishOrder）: {
  rankings: [
    {
      rank: 1,
      playerId: 0,
      playerName: 'Player0',
      handCount: 1,
      finishOrderIndex: -1,
      score: -44
    },
    {
      rank: 2,
      playerId: 1,
      playerName: 'Player1',
      handCount: 6,
      finishOrderIndex: -1,
      score: -17
    },
    {
      rank: 3,
      playerId: 2,
      playerName: 'Player2',
      handCount: 11,
      finishOrderIndex: -1,
      score: 68
    },
    {
      rank: 4,
      playerId: 3,
      playerName: 'Player3',
      handCount: 12,
      finishOrderIndex: -1,
      score: -30
    },
    {
      rank: 5,
      playerId: 4,
      playerName: 'Player4',
      handCount: 13,
      finishOrderIndex: -1,
      score: -43
    },
    {
      rank: 6,
      playerId: 5,
      playerName: 'Player5',
      handCount: 13,
      finishOrderIndex: -1,
      score: 18
    }
  ],
  finishOrder: []
}
[calculateFinalRankings] 应用最终规则前: {
  firstPlayer: { id: 0, name: 'Player0', score: -44, handCount: 1 },
  lastPlayer: { id: 5, name: 'Player5', score: 18, handCount: 13 },
  isSamePlayer: false
}
[calculateFinalRankings] 应用最终规则后: {
  firstPlayer: { id: 0, name: 'Player0', score: -14, adjustment: '+30' },
  lastPlayer: { id: 5, name: 'Player5', score: -12, adjustment: '-30' },
  totalAdjustment: 0
}
[calculateFinalRankings] 排序后的玩家顺序（按手牌数，然后按finishOrder）: {
  rankings: [
    {
      rank: 1,
      playerId: 3,
      playerName: 'Player3',
      handCount: 0,
      finishOrderIndex: -1,
      score: -99
    },
    {
      rank: 2,
      playerId: 0,
      playerName: 'Player0',
      handCount: 11,
      finishOrderIndex: -1,
      score: 21
    },
    {
      rank: 3,
      playerId: 2,
      playerName: 'Player2',
      handCount: 11,
      finishOrderIndex: -1,
      score: 66
    },
    {
      rank: 4,
      playerId: 1,
      playerName: 'Player1',
      handCount: 13,
      finishOrderIndex: -1,
      score: 87
    }
  ],
  finishOrder: []
}
[calculateFinalRankings] 应用最终规则前: {
  firstPlayer: { id: 3, name: 'Player3', score: -99, handCount: 0 },
  lastPlayer: { id: 1, name: 'Player1', score: 87, handCount: 13 },
  isSamePlayer: false
}
[calculateFinalRankings] 应用最终规则后: {
  firstPlayer: { id: 3, name: 'Player3', score: -69, adjustment: '+30' },
  lastPlayer: { id: 1, name: 'Player1', score: 57, adjustment: '-30' },
  totalAdjustment: 0
}
[calculateFinalRankings] 排序后的玩家顺序（按手牌数，然后按finishOrder）: {
  rankings: [
    {
      rank: 1,
      playerId: 3,
      playerName: 'Player3',
      handCount: 0,
      finishOrderIndex: -1,
      score: -99
    },
    {
      rank: 2,
      playerId: 0,
      playerName: 'Player0',
      handCount: 11,
      finishOrderIndex: -1,
      score: 21
    },
    {
      rank: 3,
      playerId: 2,
      playerName: 'Player2',
      handCount: 11,
      finishOrderIndex: -1,
      score: 66
    },
    {
      rank: 4,
      playerId: 1,
      playerName: 'Player1',
      handCount: 13,
      finishOrderIndex: -1,
      score: 87
    }
  ],
  finishOrder: []
}
[calculateFinalRankings] 应用最终规则前: {
  firstPlayer: { id: 3, name: 'Player3', score: -99, handCount: 0 },
  lastPlayer: { id: 1, name: 'Player1', score: 87, handCount: 13 },
  isSamePlayer: false
}
[calculateFinalRankings] 应用最终规则后: {
  firstPlayer: { id: 3, name: 'Player3', score: -69, adjustment: '+30' },
  lastPlayer: { id: 1, name: 'Player1', score: 57, adjustment: '-30' },
  totalAdjustment: 0
}
[calculateFinalRankings] 排序后的玩家顺序（按手牌数，然后按finishOrder）: {
  rankings: [
    {
      rank: 1,
      playerId: 3,
      playerName: 'Player3',
      handCount: 3,
      finishOrderIndex: -1,
      score: 22
    },
    {
      rank: 2,
      playerId: 1,
      playerName: 'Player1',
      handCount: 5,
      finishOrderIndex: -1,
      score: 9
    },
    {
      rank: 3,
      playerId: 0,
      playerName: 'Player0',
      handCount: 11,
      finishOrderIndex: -1,
      score: 31
    },
    {
      rank: 4,
      playerId: 2,
      playerName: 'Player2',
      handCount: 12,
      finishOrderIndex: -1,
      score: 32
    }
  ],
  finishOrder: []
}
[calculateFinalRankings] 应用最终规则前: {
  firstPlayer: { id: 3, name: 'Player3', score: 22, handCount: 3 },
  lastPlayer: { id: 2, name: 'Player2', score: 32, handCount: 12 },
  isSamePlayer: false
}
[calculateFinalRankings] 应用最终规则后: {
  firstPlayer: { id: 3, name: 'Player3', score: 52, adjustment: '+30' },
  lastPlayer: { id: 2, name: 'Player2', score: 2, adjustment: '-30' },
  totalAdjustment: 0
}
[calculateFinalRankings] 排序后的玩家顺序（按手牌数，然后按finishOrder）: {
  rankings: [
    {
      rank: 1,
      playerId: 3,
      playerName: 'Player3',
      handCount: 3,
      finishOrderIndex: -1,
      score: 22
    },
    {
      rank: 2,
      playerId: 1,
      playerName: 'Player1',
      handCount: 5,
      finishOrderIndex: -1,
      score: 9
    },
    {
      rank: 3,
      playerId: 0,
      playerName: 'Player0',
      handCount: 11,
      finishOrderIndex: -1,
      score: 31
    },
    {
      rank: 4,
      playerId: 2,
      playerName: 'Player2',
      handCount: 12,
      finishOrderIndex: -1,
      score: 32
    }
  ],
  finishOrder: []
}
[calculateFinalRankings] 应用最终规则前: {
  firstPlayer: { id: 3, name: 'Player3', score: 22, handCount: 3 },
  lastPlayer: { id: 2, name: 'Player2', score: 32, handCount: 12 },
  isSamePlayer: false
}
[calculateFinalRankings] 应用最终规则后: {
  firstPlayer: { id: 3, name: 'Player3', score: 52, adjustment: '+30' },
  lastPlayer: { id: 2, name: 'Player2', score: 2, adjustment: '-30' },
  totalAdjustment: 0
}
[calculateFinalRankings] 排序后的玩家顺序（按手牌数，然后按finishOrder）: {
  rankings: [
    {
      rank: 1,
      playerId: 3,
      playerName: 'Player3',
      handCount: 1,
      finishOrderIndex: -1,
      score: 74
    },
    {
      rank: 2,
      playerId: 2,
      playerName: 'Player2',
      handCount: 3,
      finishOrderIndex: -1,
      score: 95
    },
    {
      rank: 3,
      playerId: 1,
      playerName: 'Player1',
      handCount: 4,
      finishOrderIndex: -1,
      score: 48
    },
    {
      rank: 4,
      playerId: 0,
      playerName: 'Player0',
      handCount: 13,
      finishOrderIndex: -1,
      score: 57
    }
  ],
  finishOrder: []
}
[calculateFinalRankings] 应用最终规则前: {
  firstPlayer: { id: 3, name: 'Player3', score: 74, handCount: 1 },
  lastPlayer: { id: 0, name: 'Player0', score: 57, handCount: 13 },
  isSamePlayer: false
}
[calculateFinalRankings] 应用最终规则后: {
  firstPlayer: { id: 3, name: 'Player3', score: 104, adjustment: '+30' },
  lastPlayer: { id: 0, name: 'Player0', score: 27, adjustment: '-30' },
  totalAdjustment: 0
}
[calculateFinalRankings] 排序后的玩家顺序（按手牌数，然后按finishOrder）: {
  rankings: [
    {
      rank: 1,
      playerId: 3,
      playerName: 'Player3',
      handCount: 1,
      finishOrderIndex: -1,
      score: 74
    },
    {
      rank: 2,
      playerId: 2,
      playerName: 'Player2',
      handCount: 3,
      finishOrderIndex: -1,
      score: 95
    },
    {
      rank: 3,
      playerId: 1,
      playerName: 'Player1',
      handCount: 4,
      finishOrderIndex: -1,
      score: 48
    },
    {
      rank: 4,
      playerId: 0,
      playerName: 'Player0',
      handCount: 13,
      finishOrderIndex: -1,
      score: 57
    }
  ],
  finishOrder: []
}
[calculateFinalRankings] 应用最终规则前: {
  firstPlayer: { id: 3, name: 'Player3', score: 74, handCount: 1 },
  lastPlayer: { id: 0, name: 'Player0', score: 57, handCount: 13 },
  isSamePlayer: false
}
[calculateFinalRankings] 应用最终规则后: {
  firstPlayer: { id: 3, name: 'Player3', score: 104, adjustment: '+30' },
  lastPlayer: { id: 0, name: 'Player0', score: 27, adjustment: '-30' },
  totalAdjustment: 0
}
[calculateFinalRankings] 排序后的玩家顺序（按手牌数，然后按finishOrder）: {
  rankings: [
    {
      rank: 1,
      playerId: 1,
      playerName: 'Player1',
      handCount: 8,
      finishOrderIndex: -1,
      score: -22
    },
    {
      rank: 2,
      playerId: 2,
      playerName: 'Player2',
      handCount: 9,
      finishOrderIndex: -1,
      score: 53
    },
    {
      rank: 3,
      playerId: 0,
      playerName: 'Player0',
      handCount: 13,
      finishOrderIndex: -1,
      score: -22
    },
    {
      rank: 4,
      playerId: 3,
      playerName: 'Player3',
      handCount: 13,
      finishOrderIndex: -1,
      score: -11
    }
  ],
  finishOrder: []
}
[calculateFinalRankings] 应用最终规则前: {
  firstPlayer: { id: 1, name: 'Player1', score: -22, handCount: 8 },
  lastPlayer: { id: 3, name: 'Player3', score: -11, handCount: 13 },
  isSamePlayer: false
}
[calculateFinalRankings] 应用最终规则后: {
  firstPlayer: { id: 1, name: 'Player1', score: 8, adjustment: '+30' },
  lastPlayer: { id: 3, name: 'Player3', score: -41, adjustment: '-30' },
  totalAdjustment: 0
}
[calculateFinalRankings] 排序后的玩家顺序（按手牌数，然后按finishOrder）: {
  rankings: [
    {
      rank: 1,
      playerId: 1,
      playerName: 'Player1',
      handCount: 8,
      finishOrderIndex: -1,
      score: -22
    },
    {
      rank: 2,
      playerId: 2,
      playerName: 'Player2',
      handCount: 9,
      finishOrderIndex: -1,
      score: 53
    },
    {
      rank: 3,
      playerId: 0,
      playerName: 'Player0',
      handCount: 13,
      finishOrderIndex: -1,
      score: -22
    },
    {
      rank: 4,
      playerId: 3,
      playerName: 'Player3',
      handCount: 13,
      finishOrderIndex: -1,
      score: -11
    }
  ],
  finishOrder: []
}
[calculateFinalRankings] 应用最终规则前: {
  firstPlayer: { id: 1, name: 'Player1', score: -22, handCount: 8 },
  lastPlayer: { id: 3, name: 'Player3', score: -11, handCount: 13 },
  isSamePlayer: false
}
[calculateFinalRankings] 应用最终规则后: {
  firstPlayer: { id: 1, name: 'Player1', score: 8, adjustment: '+30' },
  lastPlayer: { id: 3, name: 'Player3', score: -41, adjustment: '-30' },
  totalAdjustment: 0
}
[calculateFinalRankings] 排序后的玩家顺序（按手牌数，然后按finishOrder）: {
  rankings: [
    {
      rank: 1,
      playerId: 4,
      playerName: 'Player4',
      handCount: 0,
      finishOrderIndex: 0,
      score: -13
    },
    {
      rank: 2,
      playerId: 1,
      playerName: 'Player1',
      handCount: 5,
      finishOrderIndex: -1,
      score: 67
    },
    {
      rank: 3,
      playerId: 5,
      playerName: 'Player5',
      handCount: 5,
      finishOrderIndex: -1,
      score: -33
    },
    {
      rank: 4,
      playerId: 0,
      playerName: 'Player0',
      handCount: 8,
      finishOrderIndex: -1,
      score: 18
    },
    {
      rank: 5,
      playerId: 2,
      playerName: 'Player2',
      handCount: 10,
      finishOrderIndex: -1,
      score: -10
    },
    {
      rank: 6,
      playerId: 3,
      playerName: 'Player3',
      handCount: 10,
      finishOrderIndex: -1,
      score: 8
    }
  ],
  finishOrder: [ 4 ]
}
[calculateFinalRankings] 应用最终规则前: {
  firstPlayer: { id: 4, name: 'Player4', score: -13, handCount: 0 },
  lastPlayer: { id: 3, name: 'Player3', score: 8, handCount: 10 },
  isSamePlayer: false
}
[calculateFinalRankings] 应用最终规则后: {
  firstPlayer: { id: 4, name: 'Player4', score: 17, adjustment: '+30' },
  lastPlayer: { id: 3, name: 'Player3', score: -22, adjustment: '-30' },
  totalAdjustment: 0
}
[calculateFinalRankings] 排序后的玩家顺序（按手牌数，然后按finishOrder）: {
  rankings: [
    {
      rank: 1,
      playerId: 4,
      playerName: 'Player4',
      handCount: 0,
      finishOrderIndex: 0,
      score: -13
    },
    {
      rank: 2,
      playerId: 1,
      playerName: 'Player1',
      handCount: 5,
      finishOrderIndex: -1,
      score: 67
    },
    {
      rank: 3,
      playerId: 5,
      playerName: 'Player5',
      handCount: 5,
      finishOrderIndex: -1,
      score: -33
    },
    {
      rank: 4,
      playerId: 0,
      playerName: 'Player0',
      handCount: 8,
      finishOrderIndex: -1,
      score: 18
    },
    {
      rank: 5,
      playerId: 2,
      playerName: 'Player2',
      handCount: 10,
      finishOrderIndex: -1,
      score: -10
    },
    {
      rank: 6,
      playerId: 3,
      playerName: 'Player3',
      handCount: 10,
      finishOrderIndex: -1,
      score: 8
    }
  ],
  finishOrder: [ 4 ]
}
[calculateFinalRankings] 应用最终规则前: {
  firstPlayer: { id: 4, name: 'Player4', score: -13, handCount: 0 },
  lastPlayer: { id: 3, name: 'Player3', score: 8, handCount: 10 },
  isSamePlayer: false
}
[calculateFinalRankings] 应用最终规则后: {
  firstPlayer: { id: 4, name: 'Player4', score: 17, adjustment: '+30' },
  lastPlayer: { id: 3, name: 'Player3', score: -22, adjustment: '-30' },
  totalAdjustment: 0
}
[calculateFinalRankings] 排序后的玩家顺序（按手牌数，然后按finishOrder）: {
  rankings: [
    {
      rank: 1,
      playerId: 1,
      playerName: 'Player1',
      handCount: 1,
      finishOrderIndex: -1,
      score: -51
    },
    {
      rank: 2,
      playerId: 3,
      playerName: 'Player3',
      handCount: 5,
      finishOrderIndex: -1,
      score: 16
    },
    {
      rank: 3,
      playerId: 0,
      playerName: 'Player0',
      handCount: 8,
      finishOrderIndex: -1,
      score: -38
    },
    {
      rank: 4,
      playerId: 2,
      playerName: 'Player2',
      handCount: 9,
      finishOrderIndex: -1,
      score: 83
    },
    {
      rank: 5,
      playerId: 5,
      playerName: 'Player5',
      handCount: 9,
      finishOrderIndex: -1,
      score: 14
    },
    {
      rank: 6,
      playerId: 4,
      playerName: 'Player4',
      handCount: 13,
      finishOrderIndex: -1,
      score: -19
    }
  ],
  finishOrder: []
}
[calculateFinalRankings] 应用最终规则前: {
  firstPlayer: { id: 1, name: 'Player1', score: -51, handCount: 1 },
  lastPlayer: { id: 4, name: 'Player4', score: -19, handCount: 13 },
  isSamePlayer: false
}
[calculateFinalRankings] 应用最终规则后: {
  firstPlayer: { id: 1, name: 'Player1', score: -21, adjustment: '+30' },
  lastPlayer: { id: 4, name: 'Player4', score: -49, adjustment: '-30' },
  totalAdjustment: 0
}
[calculateFinalRankings] 排序后的玩家顺序（按手牌数，然后按finishOrder）: {
  rankings: [
    {
      rank: 1,
      playerId: 1,
      playerName: 'Player1',
      handCount: 1,
      finishOrderIndex: -1,
      score: -51
    },
    {
      rank: 2,
      playerId: 3,
      playerName: 'Player3',
      handCount: 5,
      finishOrderIndex: -1,
      score: 16
    },
    {
      rank: 3,
      playerId: 0,
      playerName: 'Player0',
      handCount: 8,
      finishOrderIndex: -1,
      score: -38
    },
    {
      rank: 4,
      playerId: 2,
      playerName: 'Player2',
      handCount: 9,
      finishOrderIndex: -1,
      score: 83
    },
    {
      rank: 5,
      playerId: 5,
      playerName: 'Player5',
      handCount: 9,
      finishOrderIndex: -1,
      score: 14
    },
    {
      rank: 6,
      playerId: 4,
      playerName: 'Player4',
      handCount: 13,
      finishOrderIndex: -1,
      score: -19
    }
  ],
  finishOrder: []
}
[calculateFinalRankings] 应用最终规则前: {
  firstPlayer: { id: 1, name: 'Player1', score: -51, handCount: 1 },
  lastPlayer: { id: 4, name: 'Player4', score: -19, handCount: 13 },
  isSamePlayer: false
}
[calculateFinalRankings] 应用最终规则后: {
  firstPlayer: { id: 1, name: 'Player1', score: -21, adjustment: '+30' },
  lastPlayer: { id: 4, name: 'Player4', score: -49, adjustment: '-30' },
  totalAdjustment: 0
}
[calculateFinalRankings] 排序后的玩家顺序（按手牌数，然后按finishOrder）: {
  rankings: [
    {
      rank: 1,
      playerId: 0,
      playerName: 'Player0',
      handCount: 6,
      finishOrderIndex: -1,
      score: 62
    },
    {
      rank: 2,
      playerId: 2,
      playerName: 'Player2',
      handCount: 10,
      finishOrderIndex: -1,
      score: 63
    },
    {
      rank: 3,
      playerId: 1,
      playerName: 'Player1',
      handCount: 13,
      finishOrderIndex: -1,
      score: 55
    },
    {
      rank: 4,
      playerId: 3,
      playerName: 'Player3',
      handCount: 13,
      finishOrderIndex: -1,
      score: 89
    }
  ],
  finishOrder: []
}
[calculateFinalRankings] 应用最终规则前: {
  firstPlayer: { id: 0, name: 'Player0', score: 62, handCount: 6 },
  lastPlayer: { id: 3, name: 'Player3', score: 89, handCount: 13 },
  isSamePlayer: false
}
[calculateFinalRankings] 应用最终规则后: {
  firstPlayer: { id: 0, name: 'Player0', score: 92, adjustment: '+30' },
  lastPlayer: { id: 3, name: 'Player3', score: 59, adjustment: '-30' },
  totalAdjustment: 0
}
[calculateFinalRankings] 排序后的玩家顺序（按手牌数，然后按finishOrder）: {
  rankings: [
    {
      rank: 1,
      playerId: 0,
      playerName: 'Player0',
      handCount: 6,
      finishOrderIndex: -1,
      score: 62
    },
    {
      rank: 2,
      playerId: 2,
      playerName: 'Player2',
      handCount: 10,
      finishOrderIndex: -1,
      score: 63
    },
    {
      rank: 3,
      playerId: 1,
      playerName: 'Player1',
      handCount: 13,
      finishOrderIndex: -1,
      score: 55
    },
    {
      rank: 4,
      playerId: 3,
      playerName: 'Player3',
      handCount: 13,
      finishOrderIndex: -1,
      score: 89
    }
  ],
  finishOrder: []
}
[calculateFinalRankings] 应用最终规则前: {
  firstPlayer: { id: 0, name: 'Player0', score: 62, handCount: 6 },
  lastPlayer: { id: 3, name: 'Player3', score: 89, handCount: 13 },
  isSamePlayer: false
}
[calculateFinalRankings] 应用最终规则后: {
  firstPlayer: { id: 0, name: 'Player0', score: 92, adjustment: '+30' },
  lastPlayer: { id: 3, name: 'Player3', score: 59, adjustment: '-30' },
  totalAdjustment: 0
}
[calculateFinalRankings] 排序后的玩家顺序（按手牌数，然后按finishOrder）: {
  rankings: [
    {
      rank: 1,
      playerId: 0,
      playerName: 'Player0',
      handCount: 3,
      finishOrderIndex: -1,
      score: -92
    },
    {
      rank: 2,
      playerId: 1,
      playerName: 'Player1',
      handCount: 12,
      finishOrderIndex: -1,
      score: -34
    }
  ],
  finishOrder: []
}
[calculateFinalRankings] 应用最终规则前: {
  firstPlayer: { id: 0, name: 'Player0', score: -92, handCount: 3 },
  lastPlayer: { id: 1, name: 'Player1', score: -34, handCount: 12 },
  isSamePlayer: false
}
[calculateFinalRankings] 应用最终规则后: {
  firstPlayer: { id: 0, name: 'Player0', score: -62, adjustment: '+30' },
  lastPlayer: { id: 1, name: 'Player1', score: -64, adjustment: '-30' },
  totalAdjustment: 0
}
[calculateFinalRankings] 排序后的玩家顺序（按手牌数，然后按finishOrder）: {
  rankings: [
    {
      rank: 1,
      playerId: 0,
      playerName: 'Player0',
      handCount: 3,
      finishOrderIndex: -1,
      score: -92
    },
    {
      rank: 2,
      playerId: 1,
      playerName: 'Player1',
      handCount: 12,
      finishOrderIndex: -1,
      score: -34
    }
  ],
  finishOrder: []
}
[calculateFinalRankings] 应用最终规则前: {
  firstPlayer: { id: 0, name: 'Player0', score: -92, handCount: 3 },
  lastPlayer: { id: 1, name: 'Player1', score: -34, handCount: 12 },
  isSamePlayer: false
}
[calculateFinalRankings] 应用最终规则后: {
  firstPlayer: { id: 0, name: 'Player0', score: -62, adjustment: '+30' },
  lastPlayer: { id: 1, name: 'Player1', score: -64, adjustment: '-30' },
  totalAdjustment: 0
}
[calculateFinalRankings] 排序后的玩家顺序（按手牌数，然后按finishOrder）: {
  rankings: [
    {
      rank: 1,
      playerId: 1,
      playerName: 'Player1',
      handCount: 8,
      finishOrderIndex: -1,
      score: 92
    },
    {
      rank: 2,
      playerId: 0,
      playerName: 'Player0',
      handCount: 13,
      finishOrderIndex: -1,
      score: -90
    }
  ],
  finishOrder: []
}
[calculateFinalRankings] 应用最终规则前: {
  firstPlayer: { id: 1, name: 'Player1', score: 92, handCount: 8 },
  lastPlayer: { id: 0, name: 'Player0', score: -90, handCount: 13 },
  isSamePlayer: false
}
[calculateFinalRankings] 应用最终规则后: {
  firstPlayer: { id: 1, name: 'Player1', score: 122, adjustment: '+30' },
  lastPlayer: { id: 0, name: 'Player0', score: -120, adjustment: '-30' },
  totalAdjustment: 0
}
[calculateFinalRankings] 排序后的玩家顺序（按手牌数，然后按finishOrder）: {
  rankings: [
    {
      rank: 1,
      playerId: 1,
      playerName: 'Player1',
      handCount: 8,
      finishOrderIndex: -1,
      score: 92
    },
    {
      rank: 2,
      playerId: 0,
      playerName: 'Player0',
      handCount: 13,
      finishOrderIndex: -1,
      score: -90
    }
  ],
  finishOrder: []
}
[calculateFinalRankings] 应用最终规则前: {
  firstPlayer: { id: 1, name: 'Player1', score: 92, handCount: 8 },
  lastPlayer: { id: 0, name: 'Player0', score: -90, handCount: 13 },
  isSamePlayer: false
}
[calculateFinalRankings] 应用最终规则后: {
  firstPlayer: { id: 1, name: 'Player1', score: 122, adjustment: '+30' },
  lastPlayer: { id: 0, name: 'Player0', score: -120, adjustment: '-30' },
  totalAdjustment: 0
}
[calculateFinalRankings] 排序后的玩家顺序（按手牌数，然后按finishOrder）: {
  rankings: [
    {
      rank: 1,
      playerId: 0,
      playerName: 'Player0',
      handCount: 6,
      finishOrderIndex: -1,
      score: 71
    },
    {
      rank: 2,
      playerId: 1,
      playerName: 'Player1',
      handCount: 12,
      finishOrderIndex: -1,
      score: -48
    }
  ],
  finishOrder: []
}
[calculateFinalRankings] 应用最终规则前: {
  firstPlayer: { id: 0, name: 'Player0', score: 71, handCount: 6 },
  lastPlayer: { id: 1, name: 'Player1', score: -48, handCount: 12 },
  isSamePlayer: false
}
[calculateFinalRankings] 应用最终规则后: {
  firstPlayer: { id: 0, name: 'Player0', score: 101, adjustment: '+30' },
  lastPlayer: { id: 1, name: 'Player1', score: -78, adjustment: '-30' },
  totalAdjustment: 0
}
[calculateFinalRankings] 排序后的玩家顺序（按手牌数，然后按finishOrder）: {
  rankings: [
    {
      rank: 1,
      playerId: 0,
      playerName: 'Player0',
      handCount: 6,
      finishOrderIndex: -1,
      score: 71
    },
    {
      rank: 2,
      playerId: 1,
      playerName: 'Player1',
      handCount: 12,
      finishOrderIndex: -1,
      score: -48
    }
  ],
  finishOrder: []
}
[calculateFinalRankings] 应用最终规则前: {
  firstPlayer: { id: 0, name: 'Player0', score: 71, handCount: 6 },
  lastPlayer: { id: 1, name: 'Player1', score: -48, handCount: 12 },
  isSamePlayer: false
}
[calculateFinalRankings] 应用最终规则后: {
  firstPlayer: { id: 0, name: 'Player0', score: 101, adjustment: '+30' },
  lastPlayer: { id: 1, name: 'Player1', score: -78, adjustment: '-30' },
  totalAdjustment: 0
}
[calculateFinalRankings] 排序后的玩家顺序（按手牌数，然后按finishOrder）: {
  rankings: [
    {
      rank: 1,
      playerId: 1,
      playerName: 'Player1',
      handCount: 11,
      finishOrderIndex: -1,
      score: -68
    },
    {
      rank: 2,
      playerId: 0,
      playerName: 'Player0',
      handCount: 12,
      finishOrderIndex: -1,
      score: -59
    }
  ],
  finishOrder: []
}
[calculateFinalRankings] 应用最终规则前: {
  firstPlayer: { id: 1, name: 'Player1', score: -68, handCount: 11 },
  lastPlayer: { id: 0, name: 'Player0', score: -59, handCount: 12 },
  isSamePlayer: false
}
[calculateFinalRankings] 应用最终规则后: {
  firstPlayer: { id: 1, name: 'Player1', score: -38, adjustment: '+30' },
  lastPlayer: { id: 0, name: 'Player0', score: -89, adjustment: '-30' },
  totalAdjustment: 0
}
[calculateFinalRankings] 排序后的玩家顺序（按手牌数，然后按finishOrder）: {
  rankings: [
    {
      rank: 1,
      playerId: 1,
      playerName: 'Player1',
      handCount: 11,
      finishOrderIndex: -1,
      score: -68
    },
    {
      rank: 2,
      playerId: 0,
      playerName: 'Player0',
      handCount: 12,
      finishOrderIndex: -1,
      score: -59
    }
  ],
  finishOrder: []
}
[calculateFinalRankings] 应用最终规则前: {
  firstPlayer: { id: 1, name: 'Player1', score: -68, handCount: 11 },
  lastPlayer: { id: 0, name: 'Player0', score: -59, handCount: 12 },
  isSamePlayer: false
}
[calculateFinalRankings] 应用最终规则后: {
  firstPlayer: { id: 1, name: 'Player1', score: -38, adjustment: '+30' },
  lastPlayer: { id: 0, name: 'Player0', score: -89, adjustment: '-30' },
  totalAdjustment: 0
}
[calculateFinalRankings] 排序后的玩家顺序（按手牌数，然后按finishOrder）: {
  rankings: [
    {
      rank: 1,
      playerId: 3,
      playerName: 'Player3',
      handCount: 4,
      finishOrderIndex: -1,
      score: -32
    },
    {
      rank: 2,
      playerId: 1,
      playerName: 'Player1',
      handCount: 5,
      finishOrderIndex: -1,
      score: 47
    },
    {
      rank: 3,
      playerId: 0,
      playerName: 'Player0',
      handCount: 10,
      finishOrderIndex: -1,
      score: -68
    },
    {
      rank: 4,
      playerId: 2,
      playerName: 'Player2',
      handCount: 12,
      finishOrderIndex: -1,
      score: 77
    }
  ],
  finishOrder: []
}
[calculateFinalRankings] 应用最终规则前: {
  firstPlayer: { id: 3, name: 'Player3', score: -32, handCount: 4 },
  lastPlayer: { id: 2, name: 'Player2', score: 77, handCount: 12 },
  isSamePlayer: false
}
[calculateFinalRankings] 应用最终规则后: {
  firstPlayer: { id: 3, name: 'Player3', score: -2, adjustment: '+30' },
  lastPlayer: { id: 2, name: 'Player2', score: 47, adjustment: '-30' },
  totalAdjustment: 0
}
[calculateFinalRankings] 排序后的玩家顺序（按手牌数，然后按finishOrder）: {
  rankings: [
    {
      rank: 1,
      playerId: 3,
      playerName: 'Player3',
      handCount: 4,
      finishOrderIndex: -1,
      score: -32
    },
    {
      rank: 2,
      playerId: 1,
      playerName: 'Player1',
      handCount: 5,
      finishOrderIndex: -1,
      score: 47
    },
    {
      rank: 3,
      playerId: 0,
      playerName: 'Player0',
      handCount: 10,
      finishOrderIndex: -1,
      score: -68
    },
    {
      rank: 4,
      playerId: 2,
      playerName: 'Player2',
      handCount: 12,
      finishOrderIndex: -1,
      score: 77
    }
  ],
  finishOrder: []
}
[calculateFinalRankings] 应用最终规则前: {
  firstPlayer: { id: 3, name: 'Player3', score: -32, handCount: 4 },
  lastPlayer: { id: 2, name: 'Player2', score: 77, handCount: 12 },
  isSamePlayer: false
}
[calculateFinalRankings] 应用最终规则后: {
  firstPlayer: { id: 3, name: 'Player3', score: -2, adjustment: '+30' },
  lastPlayer: { id: 2, name: 'Player2', score: 47, adjustment: '-30' },
  totalAdjustment: 0
}
[calculateFinalRankings] 排序后的玩家顺序（按手牌数，然后按finishOrder）: {
  rankings: [
    {
      rank: 1,
      playerId: 3,
      playerName: 'Player3',
      handCount: 3,
      finishOrderIndex: -1,
      score: 51
    },
    {
      rank: 2,
      playerId: 2,
      playerName: 'Player2',
      handCount: 6,
      finishOrderIndex: -1,
      score: -60
    },
    {
      rank: 3,
      playerId: 1,
      playerName: 'Player1',
      handCount: 7,
      finishOrderIndex: -1,
      score: -61
    },
    {
      rank: 4,
      playerId: 0,
      playerName: 'Player0',
      handCount: 13,
      finishOrderIndex: -1,
      score: 39
    }
  ],
  finishOrder: []
}
[calculateFinalRankings] 应用最终规则前: {
  firstPlayer: { id: 3, name: 'Player3', score: 51, handCount: 3 },
  lastPlayer: { id: 0, name: 'Player0', score: 39, handCount: 13 },
  isSamePlayer: false
}
[calculateFinalRankings] 应用最终规则后: {
  firstPlayer: { id: 3, name: 'Player3', score: 81, adjustment: '+30' },
  lastPlayer: { id: 0, name: 'Player0', score: 9, adjustment: '-30' },
  totalAdjustment: 0
}
[calculateFinalRankings] 排序后的玩家顺序（按手牌数，然后按finishOrder）: {
  rankings: [
    {
      rank: 1,
      playerId: 3,
      playerName: 'Player3',
      handCount: 3,
      finishOrderIndex: -1,
      score: 51
    },
    {
      rank: 2,
      playerId: 2,
      playerName: 'Player2',
      handCount: 6,
      finishOrderIndex: -1,
      score: -60
    },
    {
      rank: 3,
      playerId: 1,
      playerName: 'Player1',
      handCount: 7,
      finishOrderIndex: -1,
      score: -61
    },
    {
      rank: 4,
      playerId: 0,
      playerName: 'Player0',
      handCount: 13,
      finishOrderIndex: -1,
      score: 39
    }
  ],
  finishOrder: []
}
[calculateFinalRankings] 应用最终规则前: {
  firstPlayer: { id: 3, name: 'Player3', score: 51, handCount: 3 },
  lastPlayer: { id: 0, name: 'Player0', score: 39, handCount: 13 },
  isSamePlayer: false
}
[calculateFinalRankings] 应用最终规则后: {
  firstPlayer: { id: 3, name: 'Player3', score: 81, adjustment: '+30' },
  lastPlayer: { id: 0, name: 'Player0', score: 9, adjustment: '-30' },
  totalAdjustment: 0
}
[calculateFinalRankings] 排序后的玩家顺序（按手牌数，然后按finishOrder）: {
  rankings: [
    {
      rank: 1,
      playerId: 0,
      playerName: 'Player0',
      handCount: 1,
      finishOrderIndex: -1,
      score: -14
    },
    {
      rank: 2,
      playerId: 1,
      playerName: 'Player1',
      handCount: 6,
      finishOrderIndex: -1,
      score: -60
    }
  ],
  finishOrder: []
}
[calculateFinalRankings] 应用最终规则前: {
  firstPlayer: { id: 0, name: 'Player0', score: -14, handCount: 1 },
  lastPlayer: { id: 1, name: 'Player1', score: -60, handCount: 6 },
  isSamePlayer: false
}
[calculateFinalRankings] 应用最终规则后: {
  firstPlayer: { id: 0, name: 'Player0', score: 16, adjustment: '+30' },
  lastPlayer: { id: 1, name: 'Player1', score: -90, adjustment: '-30' },
  totalAdjustment: 0
}
[calculateFinalRankings] 排序后的玩家顺序（按手牌数，然后按finishOrder）: {
  rankings: [
    {
      rank: 1,
      playerId: 0,
      playerName: 'Player0',
      handCount: 1,
      finishOrderIndex: -1,
      score: -14
    },
    {
      rank: 2,
      playerId: 1,
      playerName: 'Player1',
      handCount: 6,
      finishOrderIndex: -1,
      score: -60
    }
  ],
  finishOrder: []
}
[calculateFinalRankings] 应用最终规则前: {
  firstPlayer: { id: 0, name: 'Player0', score: -14, handCount: 1 },
  lastPlayer: { id: 1, name: 'Player1', score: -60, handCount: 6 },
  isSamePlayer: false
}
[calculateFinalRankings] 应用最终规则后: {
  firstPlayer: { id: 0, name: 'Player0', score: 16, adjustment: '+30' },
  lastPlayer: { id: 1, name: 'Player1', score: -90, adjustment: '-30' },
  totalAdjustment: 0
}
[calculateFinalRankings] 排序后的玩家顺序（按手牌数，然后按finishOrder）: {
  rankings: [
    {
      rank: 1,
      playerId: 0,
      playerName: 'Player0',
      handCount: 6,
      finishOrderIndex: -1,
      score: 99
    },
    {
      rank: 2,
      playerId: 1,
      playerName: 'Player1',
      handCount: 10,
      finishOrderIndex: -1,
      score: 15
    }
  ],
  finishOrder: []
}
[calculateFinalRankings] 应用最终规则前: {
  firstPlayer: { id: 0, name: 'Player0', score: 99, handCount: 6 },
  lastPlayer: { id: 1, name: 'Player1', score: 15, handCount: 10 },
  isSamePlayer: false
}
[calculateFinalRankings] 应用最终规则后: {
  firstPlayer: { id: 0, name: 'Player0', score: 129, adjustment: '+30' },
  lastPlayer: { id: 1, name: 'Player1', score: -15, adjustment: '-30' },
  totalAdjustment: 0
}
[calculateFinalRankings] 排序后的玩家顺序（按手牌数，然后按finishOrder）: {
  rankings: [
    {
      rank: 1,
      playerId: 0,
      playerName: 'Player0',
      handCount: 6,
      finishOrderIndex: -1,
      score: 99
    },
    {
      rank: 2,
      playerId: 1,
      playerName: 'Player1',
      handCount: 10,
      finishOrderIndex: -1,
      score: 15
    }
  ],
  finishOrder: []
}
[calculateFinalRankings] 应用最终规则前: {
  firstPlayer: { id: 0, name: 'Player0', score: 99, handCount: 6 },
  lastPlayer: { id: 1, name: 'Player1', score: 15, handCount: 10 },
  isSamePlayer: false
}
[calculateFinalRankings] 应用最终规则后: {
  firstPlayer: { id: 0, name: 'Player0', score: 129, adjustment: '+30' },
  lastPlayer: { id: 1, name: 'Player1', score: -15, adjustment: '-30' },
  totalAdjustment: 0
}
[calculateFinalRankings] 排序后的玩家顺序（按手牌数，然后按finishOrder）: {
  rankings: [
    {
      rank: 1,
      playerId: 1,
      playerName: 'Player1',
      handCount: 0,
      finishOrderIndex: -1,
      score: -44
    },
    {
      rank: 2,
      playerId: 0,
      playerName: 'Player0',
      handCount: 3,
      finishOrderIndex: -1,
      score: -62
    },
    {
      rank: 3,
      playerId: 2,
      playerName: 'Player2',
      handCount: 3,
      finishOrderIndex: -1,
      score: 5
    },
    {
      rank: 4,
      playerId: 4,
      playerName: 'Player4',
      handCount: 5,
      finishOrderIndex: -1,
      score: 92
    },
    {
      rank: 5,
      playerId: 3,
      playerName: 'Player3',
      handCount: 7,
      finishOrderIndex: -1,
      score: 34
    },
    {
      rank: 6,
      playerId: 5,
      playerName: 'Player5',
      handCount: 13,
      finishOrderIndex: -1,
      score: 68
    }
  ],
  finishOrder: []
}
[calculateFinalRankings] 应用最终规则前: {
  firstPlayer: { id: 1, name: 'Player1', score: -44, handCount: 0 },
  lastPlayer: { id: 5, name: 'Player5', score: 68, handCount: 13 },
  isSamePlayer: false
}
[calculateFinalRankings] 应用最终规则后: {
  firstPlayer: { id: 1, name: 'Player1', score: -14, adjustment: '+30' },
  lastPlayer: { id: 5, name: 'Player5', score: 38, adjustment: '-30' },
  totalAdjustment: 0
}
[calculateFinalRankings] 排序后的玩家顺序（按手牌数，然后按finishOrder）: {
  rankings: [
    {
      rank: 1,
      playerId: 1,
      playerName: 'Player1',
      handCount: 0,
      finishOrderIndex: -1,
      score: -44
    },
    {
      rank: 2,
      playerId: 0,
      playerName: 'Player0',
      handCount: 3,
      finishOrderIndex: -1,
      score: -62
    },
    {
      rank: 3,
      playerId: 2,
      playerName: 'Player2',
      handCount: 3,
      finishOrderIndex: -1,
      score: 5
    },
    {
      rank: 4,
      playerId: 4,
      playerName: 'Player4',
      handCount: 5,
      finishOrderIndex: -1,
      score: 92
    },
    {
      rank: 5,
      playerId: 3,
      playerName: 'Player3',
      handCount: 7,
      finishOrderIndex: -1,
      score: 34
    },
    {
      rank: 6,
      playerId: 5,
      playerName: 'Player5',
      handCount: 13,
      finishOrderIndex: -1,
      score: 68
    }
  ],
  finishOrder: []
}
[calculateFinalRankings] 应用最终规则前: {
  firstPlayer: { id: 1, name: 'Player1', score: -44, handCount: 0 },
  lastPlayer: { id: 5, name: 'Player5', score: 68, handCount: 13 },
  isSamePlayer: false
}
[calculateFinalRankings] 应用最终规则后: {
  firstPlayer: { id: 1, name: 'Player1', score: -14, adjustment: '+30' },
  lastPlayer: { id: 5, name: 'Player5', score: 38, adjustment: '-30' },
  totalAdjustment: 0
}
[calculateFinalRankings] 排序后的玩家顺序（按手牌数，然后按finishOrder）: {
  rankings: [
    {
      rank: 1,
      playerId: 2,
      playerName: 'Player2',
      handCount: 2,
      finishOrderIndex: -1,
      score: 86
    },
    {
      rank: 2,
      playerId: 0,
      playerName: 'Player0',
      handCount: 3,
      finishOrderIndex: -1,
      score: 60
    },
    {
      rank: 3,
      playerId: 3,
      playerName: 'Player3',
      handCount: 5,
      finishOrderIndex: -1,
      score: 70
    },
    {
      rank: 4,
      playerId: 1,
      playerName: 'Player1',
      handCount: 13,
      finishOrderIndex: -1,
      score: -50
    }
  ],
  finishOrder: []
}
[calculateFinalRankings] 应用最终规则前: {
  firstPlayer: { id: 2, name: 'Player2', score: 86, handCount: 2 },
  lastPlayer: { id: 1, name: 'Player1', score: -50, handCount: 13 },
  isSamePlayer: false
}
[calculateFinalRankings] 应用最终规则后: {
  firstPlayer: { id: 2, name: 'Player2', score: 116, adjustment: '+30' },
  lastPlayer: { id: 1, name: 'Player1', score: -80, adjustment: '-30' },
  totalAdjustment: 0
}
[calculateFinalRankings] 排序后的玩家顺序（按手牌数，然后按finishOrder）: {
  rankings: [
    {
      rank: 1,
      playerId: 2,
      playerName: 'Player2',
      handCount: 2,
      finishOrderIndex: -1,
      score: 86
    },
    {
      rank: 2,
      playerId: 0,
      playerName: 'Player0',
      handCount: 3,
      finishOrderIndex: -1,
      score: 60
    },
    {
      rank: 3,
      playerId: 3,
      playerName: 'Player3',
      handCount: 5,
      finishOrderIndex: -1,
      score: 70
    },
    {
      rank: 4,
      playerId: 1,
      playerName: 'Player1',
      handCount: 13,
      finishOrderIndex: -1,
      score: -50
    }
  ],
  finishOrder: []
}
[calculateFinalRankings] 应用最终规则前: {
  firstPlayer: { id: 2, name: 'Player2', score: 86, handCount: 2 },
  lastPlayer: { id: 1, name: 'Player1', score: -50, handCount: 13 },
  isSamePlayer: false
}
[calculateFinalRankings] 应用最终规则后: {
  firstPlayer: { id: 2, name: 'Player2', score: 116, adjustment: '+30' },
  lastPlayer: { id: 1, name: 'Player1', score: -80, adjustment: '-30' },
  totalAdjustment: 0
}
[calculateFinalRankings] 排序后的玩家顺序（按手牌数，然后按finishOrder）: {
  rankings: [
    {
      rank: 1,
      playerId: 0,
      playerName: 'Player0',
      handCount: 3,
      finishOrderIndex: -1,
      score: -40
    },
    {
      rank: 2,
      playerId: 1,
      playerName: 'Player1',
      handCount: 6,
      finishOrderIndex: -1,
      score: 62
    }
  ],
  finishOrder: []
}
[calculateFinalRankings] 应用最终规则前: {
  firstPlayer: { id: 0, name: 'Player0', score: -40, handCount: 3 },
  lastPlayer: { id: 1, name: 'Player1', score: 62, handCount: 6 },
  isSamePlayer: false
}
[calculateFinalRankings] 应用最终规则后: {
  firstPlayer: { id: 0, name: 'Player0', score: -10, adjustment: '+30' },
  lastPlayer: { id: 1, name: 'Player1', score: 32, adjustment: '-30' },
  totalAdjustment: 0
}
[calculateFinalRankings] 排序后的玩家顺序（按手牌数，然后按finishOrder）: {
  rankings: [
    {
      rank: 1,
      playerId: 0,
      playerName: 'Player0',
      handCount: 3,
      finishOrderIndex: -1,
      score: -40
    },
    {
      rank: 2,
      playerId: 1,
      playerName: 'Player1',
      handCount: 6,
      finishOrderIndex: -1,
      score: 62
    }
  ],
  finishOrder: []
}
[calculateFinalRankings] 应用最终规则前: {
  firstPlayer: { id: 0, name: 'Player0', score: -40, handCount: 3 },
  lastPlayer: { id: 1, name: 'Player1', score: 62, handCount: 6 },
  isSamePlayer: false
}
[calculateFinalRankings] 应用最终规则后: {
  firstPlayer: { id: 0, name: 'Player0', score: -10, adjustment: '+30' },
  lastPlayer: { id: 1, name: 'Player1', score: 32, adjustment: '-30' },
  totalAdjustment: 0
}
[calculateFinalRankings] 排序后的玩家顺序（按手牌数，然后按finishOrder）: {
  rankings: [
    {
      rank: 1,
      playerId: 1,
      playerName: 'Player1',
      handCount: 12,
      finishOrderIndex: -1,
      score: -27
    },
    {
      rank: 2,
      playerId: 0,
      playerName: 'Player0',
      handCount: 13,
      finishOrderIndex: -1,
      score: 40
    }
  ],
  finishOrder: []
}
[calculateFinalRankings] 应用最终规则前: {
  firstPlayer: { id: 1, name: 'Player1', score: -27, handCount: 12 },
  lastPlayer: { id: 0, name: 'Player0', score: 40, handCount: 13 },
  isSamePlayer: false
}
[calculateFinalRankings] 应用最终规则后: {
  firstPlayer: { id: 1, name: 'Player1', score: 3, adjustment: '+30' },
  lastPlayer: { id: 0, name: 'Player0', score: 10, adjustment: '-30' },
  totalAdjustment: 0
}
[calculateFinalRankings] 排序后的玩家顺序（按手牌数，然后按finishOrder）: {
  rankings: [
    {
      rank: 1,
      playerId: 1,
      playerName: 'Player1',
      handCount: 12,
      finishOrderIndex: -1,
      score: -27
    },
    {
      rank: 2,
      playerId: 0,
      playerName: 'Player0',
      handCount: 13,
      finishOrderIndex: -1,
      score: 40
    }
  ],
  finishOrder: []
}
[calculateFinalRankings] 应用最终规则前: {
  firstPlayer: { id: 1, name: 'Player1', score: -27, handCount: 12 },
  lastPlayer: { id: 0, name: 'Player0', score: 40, handCount: 13 },
  isSamePlayer: false
}
[calculateFinalRankings] 应用最终规则后: {
  firstPlayer: { id: 1, name: 'Player1', score: 3, adjustment: '+30' },
  lastPlayer: { id: 0, name: 'Player0', score: 10, adjustment: '-30' },
  totalAdjustment: 0
}
[calculateFinalRankings] 排序后的玩家顺序（按手牌数，然后按finishOrder）: {
  rankings: [
    {
      rank: 1,
      playerId: 0,
      playerName: 'Player0',
      handCount: 1,
      finishOrderIndex: -1,
      score: 50
    },
    {
      rank: 2,
      playerId: 3,
      playerName: 'Player3',
      handCount: 4,
      finishOrderIndex: -1,
      score: 39
    },
    {
      rank: 3,
      playerId: 1,
      playerName: 'Player1',
      handCount: 10,
      finishOrderIndex: -1,
      score: 0
    },
    {
      rank: 4,
      playerId: 2,
      playerName: 'Player2',
      handCount: 10,
      finishOrderIndex: -1,
      score: -38
    }
  ],
  finishOrder: []
}
[calculateFinalRankings] 应用最终规则前: {
  firstPlayer: { id: 0, name: 'Player0', score: 50, handCount: 1 },
  lastPlayer: { id: 2, name: 'Player2', score: -38, handCount: 10 },
  isSamePlayer: false
}
[calculateFinalRankings] 应用最终规则后: {
  firstPlayer: { id: 0, name: 'Player0', score: 80, adjustment: '+30' },
  lastPlayer: { id: 2, name: 'Player2', score: -68, adjustment: '-30' },
  totalAdjustment: 0
}
[calculateFinalRankings] 排序后的玩家顺序（按手牌数，然后按finishOrder）: {
  rankings: [
    {
      rank: 1,
      playerId: 0,
      playerName: 'Player0',
      handCount: 1,
      finishOrderIndex: -1,
      score: 50
    },
    {
      rank: 2,
      playerId: 3,
      playerName: 'Player3',
      handCount: 4,
      finishOrderIndex: -1,
      score: 39
    },
    {
      rank: 3,
      playerId: 1,
      playerName: 'Player1',
      handCount: 10,
      finishOrderIndex: -1,
      score: 0
    },
    {
      rank: 4,
      playerId: 2,
      playerName: 'Player2',
      handCount: 10,
      finishOrderIndex: -1,
      score: -38
    }
  ],
  finishOrder: []
}
[calculateFinalRankings] 应用最终规则前: {
  firstPlayer: { id: 0, name: 'Player0', score: 50, handCount: 1 },
  lastPlayer: { id: 2, name: 'Player2', score: -38, handCount: 10 },
  isSamePlayer: false
}
[calculateFinalRankings] 应用最终规则后: {
  firstPlayer: { id: 0, name: 'Player0', score: 80, adjustment: '+30' },
  lastPlayer: { id: 2, name: 'Player2', score: -68, adjustment: '-30' },
  totalAdjustment: 0
}
[calculateFinalRankings] 排序后的玩家顺序（按手牌数，然后按finishOrder）: {
  rankings: [
    {
      rank: 1,
      playerId: 3,
      playerName: 'Player3',
      handCount: 0,
      finishOrderIndex: -1,
      score: -37
    },
    {
      rank: 2,
      playerId: 0,
      playerName: 'Player0',
      handCount: 2,
      finishOrderIndex: -1,
      score: -92
    },
    {
      rank: 3,
      playerId: 1,
      playerName: 'Player1',
      handCount: 4,
      finishOrderIndex: -1,
      score: -77
    },
    {
      rank: 4,
      playerId: 2,
      playerName: 'Player2',
      handCount: 11,
      finishOrderIndex: -1,
      score: -38
    },
    {
      rank: 5,
      playerId: 4,
      playerName: 'Player4',
      handCount: 12,
      finishOrderIndex: -1,
      score: 72
    },
    {
      rank: 6,
      playerId: 5,
      playerName: 'Player5',
      handCount: 13,
      finishOrderIndex: -1,
      score: 17
    }
  ],
  finishOrder: []
}
[calculateFinalRankings] 应用最终规则前: {
  firstPlayer: { id: 3, name: 'Player3', score: -37, handCount: 0 },
  lastPlayer: { id: 5, name: 'Player5', score: 17, handCount: 13 },
  isSamePlayer: false
}
[calculateFinalRankings] 应用最终规则后: {
  firstPlayer: { id: 3, name: 'Player3', score: -7, adjustment: '+30' },
  lastPlayer: { id: 5, name: 'Player5', score: -13, adjustment: '-30' },
  totalAdjustment: 0
}
[calculateFinalRankings] 排序后的玩家顺序（按手牌数，然后按finishOrder）: {
  rankings: [
    {
      rank: 1,
      playerId: 3,
      playerName: 'Player3',
      handCount: 0,
      finishOrderIndex: -1,
      score: -37
    },
    {
      rank: 2,
      playerId: 0,
      playerName: 'Player0',
      handCount: 2,
      finishOrderIndex: -1,
      score: -92
    },
    {
      rank: 3,
      playerId: 1,
      playerName: 'Player1',
      handCount: 4,
      finishOrderIndex: -1,
      score: -77
    },
    {
      rank: 4,
      playerId: 2,
      playerName: 'Player2',
      handCount: 11,
      finishOrderIndex: -1,
      score: -38
    },
    {
      rank: 5,
      playerId: 4,
      playerName: 'Player4',
      handCount: 12,
      finishOrderIndex: -1,
      score: 72
    },
    {
      rank: 6,
      playerId: 5,
      playerName: 'Player5',
      handCount: 13,
      finishOrderIndex: -1,
      score: 17
    }
  ],
  finishOrder: []
}
[calculateFinalRankings] 应用最终规则前: {
  firstPlayer: { id: 3, name: 'Player3', score: -37, handCount: 0 },
  lastPlayer: { id: 5, name: 'Player5', score: 17, handCount: 13 },
  isSamePlayer: false
}
[calculateFinalRankings] 应用最终规则后: {
  firstPlayer: { id: 3, name: 'Player3', score: -7, adjustment: '+30' },
  lastPlayer: { id: 5, name: 'Player5', score: -13, adjustment: '-30' },
  totalAdjustment: 0
}
[calculateFinalRankings] 排序后的玩家顺序（按手牌数，然后按finishOrder）: {
  rankings: [
    {
      rank: 1,
      playerId: 1,
      playerName: 'Player1',
      handCount: 1,
      finishOrderIndex: -1,
      score: 23
    },
    {
      rank: 2,
      playerId: 3,
      playerName: 'Player3',
      handCount: 3,
      finishOrderIndex: -1,
      score: -36
    },
    {
      rank: 3,
      playerId: 2,
      playerName: 'Player2',
      handCount: 6,
      finishOrderIndex: -1,
      score: 55
    },
    {
      rank: 4,
      playerId: 0,
      playerName: 'Player0',
      handCount: 9,
      finishOrderIndex: -1,
      score: -69
    }
  ],
  finishOrder: []
}
[calculateFinalRankings] 应用最终规则前: {
  firstPlayer: { id: 1, name: 'Player1', score: 23, handCount: 1 },
  lastPlayer: { id: 0, name: 'Player0', score: -69, handCount: 9 },
  isSamePlayer: false
}
[calculateFinalRankings] 应用最终规则后: {
  firstPlayer: { id: 1, name: 'Player1', score: 53, adjustment: '+30' },
  lastPlayer: { id: 0, name: 'Player0', score: -99, adjustment: '-30' },
  totalAdjustment: 0
}
[calculateFinalRankings] 排序后的玩家顺序（按手牌数，然后按finishOrder）: {
  rankings: [
    {
      rank: 1,
      playerId: 1,
      playerName: 'Player1',
      handCount: 1,
      finishOrderIndex: -1,
      score: 23
    },
    {
      rank: 2,
      playerId: 3,
      playerName: 'Player3',
      handCount: 3,
      finishOrderIndex: -1,
      score: -36
    },
    {
      rank: 3,
      playerId: 2,
      playerName: 'Player2',
      handCount: 6,
      finishOrderIndex: -1,
      score: 55
    },
    {
      rank: 4,
      playerId: 0,
      playerName: 'Player0',
      handCount: 9,
      finishOrderIndex: -1,
      score: -69
    }
  ],
  finishOrder: []
}
[calculateFinalRankings] 应用最终规则前: {
  firstPlayer: { id: 1, name: 'Player1', score: 23, handCount: 1 },
  lastPlayer: { id: 0, name: 'Player0', score: -69, handCount: 9 },
  isSamePlayer: false
}
[calculateFinalRankings] 应用最终规则后: {
  firstPlayer: { id: 1, name: 'Player1', score: 53, adjustment: '+30' },
  lastPlayer: { id: 0, name: 'Player0', score: -99, adjustment: '-30' },
  totalAdjustment: 0
}
[calculateFinalRankings] 排序后的玩家顺序（按手牌数，然后按finishOrder）: {
  rankings: [
    {
      rank: 1,
      playerId: 1,
      playerName: 'Player1',
      handCount: 0,
      finishOrderIndex: 0,
      score: 97
    },
    {
      rank: 2,
      playerId: 0,
      playerName: 'Player0',
      handCount: 4,
      finishOrderIndex: -1,
      score: 26
    },
    {
      rank: 3,
      playerId: 3,
      playerName: 'Player3',
      handCount: 6,
      finishOrderIndex: -1,
      score: 59
    },
    {
      rank: 4,
      playerId: 4,
      playerName: 'Player4',
      handCount: 7,
      finishOrderIndex: -1,
      score: 10
    },
    {
      rank: 5,
      playerId: 2,
      playerName: 'Player2',
      handCount: 13,
      finishOrderIndex: -1,
      score: 3
    },
    {
      rank: 6,
      playerId: 5,
      playerName: 'Player5',
      handCount: 13,
      finishOrderIndex: -1,
      score: 9
    }
  ],
  finishOrder: [ 1 ]
}
[calculateFinalRankings] 应用最终规则前: {
  firstPlayer: { id: 1, name: 'Player1', score: 97, handCount: 0 },
  lastPlayer: { id: 5, name: 'Player5', score: 9, handCount: 13 },
  isSamePlayer: false
}
[calculateFinalRankings] 应用最终规则后: {
  firstPlayer: { id: 1, name: 'Player1', score: 127, adjustment: '+30' },
  lastPlayer: { id: 5, name: 'Player5', score: -21, adjustment: '-30' },
  totalAdjustment: 0
}
[calculateFinalRankings] 排序后的玩家顺序（按手牌数，然后按finishOrder）: {
  rankings: [
    {
      rank: 1,
      playerId: 1,
      playerName: 'Player1',
      handCount: 0,
      finishOrderIndex: 0,
      score: 97
    },
    {
      rank: 2,
      playerId: 0,
      playerName: 'Player0',
      handCount: 4,
      finishOrderIndex: -1,
      score: 26
    },
    {
      rank: 3,
      playerId: 3,
      playerName: 'Player3',
      handCount: 6,
      finishOrderIndex: -1,
      score: 59
    },
    {
      rank: 4,
      playerId: 4,
      playerName: 'Player4',
      handCount: 7,
      finishOrderIndex: -1,
      score: 10
    },
    {
      rank: 5,
      playerId: 2,
      playerName: 'Player2',
      handCount: 13,
      finishOrderIndex: -1,
      score: 3
    },
    {
      rank: 6,
      playerId: 5,
      playerName: 'Player5',
      handCount: 13,
      finishOrderIndex: -1,
      score: 9
    }
  ],
  finishOrder: [ 1 ]
}
[calculateFinalRankings] 应用最终规则前: {
  firstPlayer: { id: 1, name: 'Player1', score: 97, handCount: 0 },
  lastPlayer: { id: 5, name: 'Player5', score: 9, handCount: 13 },
  isSamePlayer: false
}
[calculateFinalRankings] 应用最终规则后: {
  firstPlayer: { id: 1, name: 'Player1', score: 127, adjustment: '+30' },
  lastPlayer: { id: 5, name: 'Player5', score: -21, adjustment: '-30' },
  totalAdjustment: 0
}
[calculateFinalRankings] 排序后的玩家顺序（按手牌数，然后按finishOrder）: {
  rankings: [
    {
      rank: 1,
      playerId: 3,
      playerName: 'Player3',
      handCount: 4,
      finishOrderIndex: -1,
      score: -73
    },
    {
      rank: 2,
      playerId: 0,
      playerName: 'Player0',
      handCount: 6,
      finishOrderIndex: -1,
      score: -8
    },
    {
      rank: 3,
      playerId: 2,
      playerName: 'Player2',
      handCount: 7,
      finishOrderIndex: -1,
      score: -65
    },
    {
      rank: 4,
      playerId: 1,
      playerName: 'Player1',
      handCount: 8,
      finishOrderIndex: -1,
      score: 62
    }
  ],
  finishOrder: []
}
[calculateFinalRankings] 应用最终规则前: {
  firstPlayer: { id: 3, name: 'Player3', score: -73, handCount: 4 },
  lastPlayer: { id: 1, name: 'Player1', score: 62, handCount: 8 },
  isSamePlayer: false
}
[calculateFinalRankings] 应用最终规则后: {
  firstPlayer: { id: 3, name: 'Player3', score: -43, adjustment: '+30' },
  lastPlayer: { id: 1, name: 'Player1', score: 32, adjustment: '-30' },
  totalAdjustment: 0
}
[calculateFinalRankings] 排序后的玩家顺序（按手牌数，然后按finishOrder）: {
  rankings: [
    {
      rank: 1,
      playerId: 3,
      playerName: 'Player3',
      handCount: 4,
      finishOrderIndex: -1,
      score: -73
    },
    {
      rank: 2,
      playerId: 0,
      playerName: 'Player0',
      handCount: 6,
      finishOrderIndex: -1,
      score: -8
    },
    {
      rank: 3,
      playerId: 2,
      playerName: 'Player2',
      handCount: 7,
      finishOrderIndex: -1,
      score: -65
    },
    {
      rank: 4,
      playerId: 1,
      playerName: 'Player1',
      handCount: 8,
      finishOrderIndex: -1,
      score: 62
    }
  ],
  finishOrder: []
}
[calculateFinalRankings] 应用最终规则前: {
  firstPlayer: { id: 3, name: 'Player3', score: -73, handCount: 4 },
  lastPlayer: { id: 1, name: 'Player1', score: 62, handCount: 8 },
  isSamePlayer: false
}
[calculateFinalRankings] 应用最终规则后: {
  firstPlayer: { id: 3, name: 'Player3', score: -43, adjustment: '+30' },
  lastPlayer: { id: 1, name: 'Player1', score: 32, adjustment: '-30' },
  totalAdjustment: 0
}
[calculateFinalRankings] 排序后的玩家顺序（按手牌数，然后按finishOrder）: {
  rankings: [
    {
      rank: 1,
      playerId: 3,
      playerName: 'Player3',
      handCount: 1,
      finishOrderIndex: -1,
      score: 71
    },
    {
      rank: 2,
      playerId: 2,
      playerName: 'Player2',
      handCount: 2,
      finishOrderIndex: -1,
      score: -33
    },
    {
      rank: 3,
      playerId: 0,
      playerName: 'Player0',
      handCount: 11,
      finishOrderIndex: -1,
      score: 38
    },
    {
      rank: 4,
      playerId: 1,
      playerName: 'Player1',
      handCount: 13,
      finishOrderIndex: -1,
      score: 42
    }
  ],
  finishOrder: []
}
[calculateFinalRankings] 应用最终规则前: {
  firstPlayer: { id: 3, name: 'Player3', score: 71, handCount: 1 },
  lastPlayer: { id: 1, name: 'Player1', score: 42, handCount: 13 },
  isSamePlayer: false
}
[calculateFinalRankings] 应用最终规则后: {
  firstPlayer: { id: 3, name: 'Player3', score: 101, adjustment: '+30' },
  lastPlayer: { id: 1, name: 'Player1', score: 12, adjustment: '-30' },
  totalAdjustment: 0
}
[calculateFinalRankings] 排序后的玩家顺序（按手牌数，然后按finishOrder）: {
  rankings: [
    {
      rank: 1,
      playerId: 3,
      playerName: 'Player3',
      handCount: 1,
      finishOrderIndex: -1,
      score: 71
    },
    {
      rank: 2,
      playerId: 2,
      playerName: 'Player2',
      handCount: 2,
      finishOrderIndex: -1,
      score: -33
    },
    {
      rank: 3,
      playerId: 0,
      playerName: 'Player0',
      handCount: 11,
      finishOrderIndex: -1,
      score: 38
    },
    {
      rank: 4,
      playerId: 1,
      playerName: 'Player1',
      handCount: 13,
      finishOrderIndex: -1,
      score: 42
    }
  ],
  finishOrder: []
}
[calculateFinalRankings] 应用最终规则前: {
  firstPlayer: { id: 3, name: 'Player3', score: 71, handCount: 1 },
  lastPlayer: { id: 1, name: 'Player1', score: 42, handCount: 13 },
  isSamePlayer: false
}
[calculateFinalRankings] 应用最终规则后: {
  firstPlayer: { id: 3, name: 'Player3', score: 101, adjustment: '+30' },
  lastPlayer: { id: 1, name: 'Player1', score: 12, adjustment: '-30' },
  totalAdjustment: 0
}
[calculateFinalRankings] 排序后的玩家顺序（按手牌数，然后按finishOrder）: {
  rankings: [
    {
      rank: 1,
      playerId: 1,
      playerName: 'Player1',
      handCount: 5,
      finishOrderIndex: -1,
      score: -14
    },
    {
      rank: 2,
      playerId: 2,
      playerName: 'Player2',
      handCount: 5,
      finishOrderIndex: -1,
      score: 96
    },
    {
      rank: 3,
      playerId: 0,
      playerName: 'Player0',
      handCount: 12,
      finishOrderIndex: -1,
      score: -43
    },
    {
      rank: 4,
      playerId: 3,
      playerName: 'Player3',
      handCount: 12,
      finishOrderIndex: -1,
      score: 23
    }
  ],
  finishOrder: []
}
[calculateFinalRankings] 应用最终规则前: {
  firstPlayer: { id: 1, name: 'Player1', score: -14, handCount: 5 },
  lastPlayer: { id: 3, name: 'Player3', score: 23, handCount: 12 },
  isSamePlayer: false
}
[calculateFinalRankings] 应用最终规则后: {
  firstPlayer: { id: 1, name: 'Player1', score: 16, adjustment: '+30' },
  lastPlayer: { id: 3, name: 'Player3', score: -7, adjustment: '-30' },
  totalAdjustment: 0
}
[calculateFinalRankings] 排序后的玩家顺序（按手牌数，然后按finishOrder）: {
  rankings: [
    {
      rank: 1,
      playerId: 1,
      playerName: 'Player1',
      handCount: 5,
      finishOrderIndex: -1,
      score: -14
    },
    {
      rank: 2,
      playerId: 2,
      playerName: 'Player2',
      handCount: 5,
      finishOrderIndex: -1,
      score: 96
    },
    {
      rank: 3,
      playerId: 0,
      playerName: 'Player0',
      handCount: 12,
      finishOrderIndex: -1,
      score: -43
    },
    {
      rank: 4,
      playerId: 3,
      playerName: 'Player3',
      handCount: 12,
      finishOrderIndex: -1,
      score: 23
    }
  ],
  finishOrder: []
}
[calculateFinalRankings] 应用最终规则前: {
  firstPlayer: { id: 1, name: 'Player1', score: -14, handCount: 5 },
  lastPlayer: { id: 3, name: 'Player3', score: 23, handCount: 12 },
  isSamePlayer: false
}
[calculateFinalRankings] 应用最终规则后: {
  firstPlayer: { id: 1, name: 'Player1', score: 16, adjustment: '+30' },
  lastPlayer: { id: 3, name: 'Player3', score: -7, adjustment: '-30' },
  totalAdjustment: 0
}
[calculateFinalRankings] 排序后的玩家顺序（按手牌数，然后按finishOrder）: {
  rankings: [
    {
      rank: 1,
      playerId: 1,
      playerName: 'Player1',
      handCount: 7,
      finishOrderIndex: -1,
      score: -60
    },
    {
      rank: 2,
      playerId: 0,
      playerName: 'Player0',
      handCount: 12,
      finishOrderIndex: -1,
      score: 67
    }
  ],
  finishOrder: []
}
[calculateFinalRankings] 应用最终规则前: {
  firstPlayer: { id: 1, name: 'Player1', score: -60, handCount: 7 },
  lastPlayer: { id: 0, name: 'Player0', score: 67, handCount: 12 },
  isSamePlayer: false
}
[calculateFinalRankings] 应用最终规则后: {
  firstPlayer: { id: 1, name: 'Player1', score: -30, adjustment: '+30' },
  lastPlayer: { id: 0, name: 'Player0', score: 37, adjustment: '-30' },
  totalAdjustment: 0
}
[calculateFinalRankings] 排序后的玩家顺序（按手牌数，然后按finishOrder）: {
  rankings: [
    {
      rank: 1,
      playerId: 1,
      playerName: 'Player1',
      handCount: 7,
      finishOrderIndex: -1,
      score: -60
    },
    {
      rank: 2,
      playerId: 0,
      playerName: 'Player0',
      handCount: 12,
      finishOrderIndex: -1,
      score: 67
    }
  ],
  finishOrder: []
}
[calculateFinalRankings] 应用最终规则前: {
  firstPlayer: { id: 1, name: 'Player1', score: -60, handCount: 7 },
  lastPlayer: { id: 0, name: 'Player0', score: 67, handCount: 12 },
  isSamePlayer: false
}
[calculateFinalRankings] 应用最终规则后: {
  firstPlayer: { id: 1, name: 'Player1', score: -30, adjustment: '+30' },
  lastPlayer: { id: 0, name: 'Player0', score: 37, adjustment: '-30' },
  totalAdjustment: 0
}
[calculateFinalRankings] 排序后的玩家顺序（按手牌数，然后按finishOrder）: {
  rankings: [
    {
      rank: 1,
      playerId: 2,
      playerName: 'Player2',
      handCount: 4,
      finishOrderIndex: -1,
      score: -35
    },
    {
      rank: 2,
      playerId: 0,
      playerName: 'Player0',
      handCount: 6,
      finishOrderIndex: -1,
      score: 3
    },
    {
      rank: 3,
      playerId: 5,
      playerName: 'Player5',
      handCount: 7,
      finishOrderIndex: -1,
      score: -43
    },
    {
      rank: 4,
      playerId: 1,
      playerName: 'Player1',
      handCount: 9,
      finishOrderIndex: -1,
      score: -19
    },
    {
      rank: 5,
      playerId: 4,
      playerName: 'Player4',
      handCount: 12,
      finishOrderIndex: -1,
      score: 3
    },
    {
      rank: 6,
      playerId: 3,
      playerName: 'Player3',
      handCount: 13,
      finishOrderIndex: -1,
      score: 6
    }
  ],
  finishOrder: []
}
[calculateFinalRankings] 应用最终规则前: {
  firstPlayer: { id: 2, name: 'Player2', score: -35, handCount: 4 },
  lastPlayer: { id: 3, name: 'Player3', score: 6, handCount: 13 },
  isSamePlayer: false
}
[calculateFinalRankings] 应用最终规则后: {
  firstPlayer: { id: 2, name: 'Player2', score: -5, adjustment: '+30' },
  lastPlayer: { id: 3, name: 'Player3', score: -24, adjustment: '-30' },
  totalAdjustment: 0
}
[calculateFinalRankings] 排序后的玩家顺序（按手牌数，然后按finishOrder）: {
  rankings: [
    {
      rank: 1,
      playerId: 2,
      playerName: 'Player2',
      handCount: 4,
      finishOrderIndex: -1,
      score: -35
    },
    {
      rank: 2,
      playerId: 0,
      playerName: 'Player0',
      handCount: 6,
      finishOrderIndex: -1,
      score: 3
    },
    {
      rank: 3,
      playerId: 5,
      playerName: 'Player5',
      handCount: 7,
      finishOrderIndex: -1,
      score: -43
    },
    {
      rank: 4,
      playerId: 1,
      playerName: 'Player1',
      handCount: 9,
      finishOrderIndex: -1,
      score: -19
    },
    {
      rank: 5,
      playerId: 4,
      playerName: 'Player4',
      handCount: 12,
      finishOrderIndex: -1,
      score: 3
    },
    {
      rank: 6,
      playerId: 3,
      playerName: 'Player3',
      handCount: 13,
      finishOrderIndex: -1,
      score: 6
    }
  ],
  finishOrder: []
}
[calculateFinalRankings] 应用最终规则前: {
  firstPlayer: { id: 2, name: 'Player2', score: -35, handCount: 4 },
  lastPlayer: { id: 3, name: 'Player3', score: 6, handCount: 13 },
  isSamePlayer: false
}
[calculateFinalRankings] 应用最终规则后: {
  firstPlayer: { id: 2, name: 'Player2', score: -5, adjustment: '+30' },
  lastPlayer: { id: 3, name: 'Player3', score: -24, adjustment: '-30' },
  totalAdjustment: 0
}
[calculateFinalRankings] 排序后的玩家顺序（按手牌数，然后按finishOrder）: {
  rankings: [
    {
      rank: 1,
      playerId: 1,
      playerName: 'Player1',
      handCount: 2,
      finishOrderIndex: -1,
      score: 24
    },
    {
      rank: 2,
      playerId: 3,
      playerName: 'Player3',
      handCount: 8,
      finishOrderIndex: -1,
      score: -8
    },
    {
      rank: 3,
      playerId: 2,
      playerName: 'Player2',
      handCount: 12,
      finishOrderIndex: -1,
      score: 49
    },
    {
      rank: 4,
      playerId: 0,
      playerName: 'Player0',
      handCount: 13,
      finishOrderIndex: -1,
      score: -61
    }
  ],
  finishOrder: []
}
[calculateFinalRankings] 应用最终规则前: {
  firstPlayer: { id: 1, name: 'Player1', score: 24, handCount: 2 },
  lastPlayer: { id: 0, name: 'Player0', score: -61, handCount: 13 },
  isSamePlayer: false
}
[calculateFinalRankings] 应用最终规则后: {
  firstPlayer: { id: 1, name: 'Player1', score: 54, adjustment: '+30' },
  lastPlayer: { id: 0, name: 'Player0', score: -91, adjustment: '-30' },
  totalAdjustment: 0
}
[calculateFinalRankings] 排序后的玩家顺序（按手牌数，然后按finishOrder）: {
  rankings: [
    {
      rank: 1,
      playerId: 1,
      playerName: 'Player1',
      handCount: 2,
      finishOrderIndex: -1,
      score: 24
    },
    {
      rank: 2,
      playerId: 3,
      playerName: 'Player3',
      handCount: 8,
      finishOrderIndex: -1,
      score: -8
    },
    {
      rank: 3,
      playerId: 2,
      playerName: 'Player2',
      handCount: 12,
      finishOrderIndex: -1,
      score: 49
    },
    {
      rank: 4,
      playerId: 0,
      playerName: 'Player0',
      handCount: 13,
      finishOrderIndex: -1,
      score: -61
    }
  ],
  finishOrder: []
}
[calculateFinalRankings] 应用最终规则前: {
  firstPlayer: { id: 1, name: 'Player1', score: 24, handCount: 2 },
  lastPlayer: { id: 0, name: 'Player0', score: -61, handCount: 13 },
  isSamePlayer: false
}
[calculateFinalRankings] 应用最终规则后: {
  firstPlayer: { id: 1, name: 'Player1', score: 54, adjustment: '+30' },
  lastPlayer: { id: 0, name: 'Player0', score: -91, adjustment: '-30' },
  totalAdjustment: 0
}
[calculateFinalRankings] 排序后的玩家顺序（按手牌数，然后按finishOrder）: {
  rankings: [
    {
      rank: 1,
      playerId: 0,
      playerName: 'Player0',
      handCount: 4,
      finishOrderIndex: -1,
      score: 15
    },
    {
      rank: 2,
      playerId: 1,
      playerName: 'Player1',
      handCount: 5,
      finishOrderIndex: -1,
      score: 57
    },
    {
      rank: 3,
      playerId: 3,
      playerName: 'Player3',
      handCount: 5,
      finishOrderIndex: -1,
      score: 45
    },
    {
      rank: 4,
      playerId: 2,
      playerName: 'Player2',
      handCount: 12,
      finishOrderIndex: -1,
      score: -26
    }
  ],
  finishOrder: []
}
[calculateFinalRankings] 应用最终规则前: {
  firstPlayer: { id: 0, name: 'Player0', score: 15, handCount: 4 },
  lastPlayer: { id: 2, name: 'Player2', score: -26, handCount: 12 },
  isSamePlayer: false
}
[calculateFinalRankings] 应用最终规则后: {
  firstPlayer: { id: 0, name: 'Player0', score: 45, adjustment: '+30' },
  lastPlayer: { id: 2, name: 'Player2', score: -56, adjustment: '-30' },
  totalAdjustment: 0
}
[calculateFinalRankings] 排序后的玩家顺序（按手牌数，然后按finishOrder）: {
  rankings: [
    {
      rank: 1,
      playerId: 0,
      playerName: 'Player0',
      handCount: 4,
      finishOrderIndex: -1,
      score: 15
    },
    {
      rank: 2,
      playerId: 1,
      playerName: 'Player1',
      handCount: 5,
      finishOrderIndex: -1,
      score: 57
    },
    {
      rank: 3,
      playerId: 3,
      playerName: 'Player3',
      handCount: 5,
      finishOrderIndex: -1,
      score: 45
    },
    {
      rank: 4,
      playerId: 2,
      playerName: 'Player2',
      handCount: 12,
      finishOrderIndex: -1,
      score: -26
    }
  ],
  finishOrder: []
}
[calculateFinalRankings] 应用最终规则前: {
  firstPlayer: { id: 0, name: 'Player0', score: 15, handCount: 4 },
  lastPlayer: { id: 2, name: 'Player2', score: -26, handCount: 12 },
  isSamePlayer: false
}
[calculateFinalRankings] 应用最终规则后: {
  firstPlayer: { id: 0, name: 'Player0', score: 45, adjustment: '+30' },
  lastPlayer: { id: 2, name: 'Player2', score: -56, adjustment: '-30' },
  totalAdjustment: 0
}
[calculateFinalRankings] 排序后的玩家顺序（按手牌数，然后按finishOrder）: {
  rankings: [
    {
      rank: 1,
      playerId: 0,
      playerName: 'Player0',
      handCount: 7,
      finishOrderIndex: -1,
      score: -48
    },
    {
      rank: 2,
      playerId: 1,
      playerName: 'Player1',
      handCount: 13,
      finishOrderIndex: -1,
      score: 77
    }
  ],
  finishOrder: []
}
[calculateFinalRankings] 应用最终规则前: {
  firstPlayer: { id: 0, name: 'Player0', score: -48, handCount: 7 },
  lastPlayer: { id: 1, name: 'Player1', score: 77, handCount: 13 },
  isSamePlayer: false
}
[calculateFinalRankings] 应用最终规则后: {
  firstPlayer: { id: 0, name: 'Player0', score: -18, adjustment: '+30' },
  lastPlayer: { id: 1, name: 'Player1', score: 47, adjustment: '-30' },
  totalAdjustment: 0
}
[calculateFinalRankings] 排序后的玩家顺序（按手牌数，然后按finishOrder）: {
  rankings: [
    {
      rank: 1,
      playerId: 0,
      playerName: 'Player0',
      handCount: 7,
      finishOrderIndex: -1,
      score: -48
    },
    {
      rank: 2,
      playerId: 1,
      playerName: 'Player1',
      handCount: 13,
      finishOrderIndex: -1,
      score: 77
    }
  ],
  finishOrder: []
}
[calculateFinalRankings] 应用最终规则前: {
  firstPlayer: { id: 0, name: 'Player0', score: -48, handCount: 7 },
  lastPlayer: { id: 1, name: 'Player1', score: 77, handCount: 13 },
  isSamePlayer: false
}
[calculateFinalRankings] 应用最终规则后: {
  firstPlayer: { id: 0, name: 'Player0', score: -18, adjustment: '+30' },
  lastPlayer: { id: 1, name: 'Player1', score: 47, adjustment: '-30' },
  totalAdjustment: 0
}
[calculateFinalRankings] 排序后的玩家顺序（按手牌数，然后按finishOrder）: {
  rankings: [
    {
      rank: 1,
      playerId: 0,
      playerName: 'Player0',
      handCount: 5,
      finishOrderIndex: -1,
      score: -49
    },
    {
      rank: 2,
      playerId: 1,
      playerName: 'Player1',
      handCount: 8,
      finishOrderIndex: -1,
      score: 81
    }
  ],
  finishOrder: []
}
[calculateFinalRankings] 应用最终规则前: {
  firstPlayer: { id: 0, name: 'Player0', score: -49, handCount: 5 },
  lastPlayer: { id: 1, name: 'Player1', score: 81, handCount: 8 },
  isSamePlayer: false
}
[calculateFinalRankings] 应用最终规则后: {
  firstPlayer: { id: 0, name: 'Player0', score: -19, adjustment: '+30' },
  lastPlayer: { id: 1, name: 'Player1', score: 51, adjustment: '-30' },
  totalAdjustment: 0
}
[calculateFinalRankings] 排序后的玩家顺序（按手牌数，然后按finishOrder）: {
  rankings: [
    {
      rank: 1,
      playerId: 0,
      playerName: 'Player0',
      handCount: 5,
      finishOrderIndex: -1,
      score: -49
    },
    {
      rank: 2,
      playerId: 1,
      playerName: 'Player1',
      handCount: 8,
      finishOrderIndex: -1,
      score: 81
    }
  ],
  finishOrder: []
}
[calculateFinalRankings] 应用最终规则前: {
  firstPlayer: { id: 0, name: 'Player0', score: -49, handCount: 5 },
  lastPlayer: { id: 1, name: 'Player1', score: 81, handCount: 8 },
  isSamePlayer: false
}
[calculateFinalRankings] 应用最终规则后: {
  firstPlayer: { id: 0, name: 'Player0', score: -19, adjustment: '+30' },
  lastPlayer: { id: 1, name: 'Player1', score: 51, adjustment: '-30' },
  totalAdjustment: 0
}
[calculateFinalRankings] 排序后的玩家顺序（按手牌数，然后按finishOrder）: {
  rankings: [
    {
      rank: 1,
      playerId: 1,
      playerName: 'Player1',
      handCount: 4,
      finishOrderIndex: -1,
      score: -27
    },
    {
      rank: 2,
      playerId: 0,
      playerName: 'Player0',
      handCount: 11,
      finishOrderIndex: -1,
      score: 52
    }
  ],
  finishOrder: []
}
[calculateFinalRankings] 应用最终规则前: {
  firstPlayer: { id: 1, name: 'Player1', score: -27, handCount: 4 },
  lastPlayer: { id: 0, name: 'Player0', score: 52, handCount: 11 },
  isSamePlayer: false
}
[calculateFinalRankings] 应用最终规则后: {
  firstPlayer: { id: 1, name: 'Player1', score: 3, adjustment: '+30' },
  lastPlayer: { id: 0, name: 'Player0', score: 22, adjustment: '-30' },
  totalAdjustment: 0
}
[calculateFinalRankings] 排序后的玩家顺序（按手牌数，然后按finishOrder）: {
  rankings: [
    {
      rank: 1,
      playerId: 1,
      playerName: 'Player1',
      handCount: 4,
      finishOrderIndex: -1,
      score: -27
    },
    {
      rank: 2,
      playerId: 0,
      playerName: 'Player0',
      handCount: 11,
      finishOrderIndex: -1,
      score: 52
    }
  ],
  finishOrder: []
}
[calculateFinalRankings] 应用最终规则前: {
  firstPlayer: { id: 1, name: 'Player1', score: -27, handCount: 4 },
  lastPlayer: { id: 0, name: 'Player0', score: 52, handCount: 11 },
  isSamePlayer: false
}
[calculateFinalRankings] 应用最终规则后: {
  firstPlayer: { id: 1, name: 'Player1', score: 3, adjustment: '+30' },
  lastPlayer: { id: 0, name: 'Player0', score: 22, adjustment: '-30' },
  totalAdjustment: 0
}
[calculateFinalRankings] 排序后的玩家顺序（按手牌数，然后按finishOrder）: {
  rankings: [
    {
      rank: 1,
      playerId: 0,
      playerName: 'Player0',
      handCount: 5,
      finishOrderIndex: -1,
      score: 47
    },
    {
      rank: 2,
      playerId: 1,
      playerName: 'Player1',
      handCount: 8,
      finishOrderIndex: -1,
      score: 74
    },
    {
      rank: 3,
      playerId: 2,
      playerName: 'Player2',
      handCount: 8,
      finishOrderIndex: -1,
      score: -54
    },
    {
      rank: 4,
      playerId: 3,
      playerName: 'Player3',
      handCount: 10,
      finishOrderIndex: -1,
      score: -14
    },
    {
      rank: 5,
      playerId: 4,
      playerName: 'Player4',
      handCount: 12,
      finishOrderIndex: -1,
      score: -74
    },
    {
      rank: 6,
      playerId: 5,
      playerName: 'Player5',
      handCount: 12,
      finishOrderIndex: -1,
      score: 33
    }
  ],
  finishOrder: []
}
[calculateFinalRankings] 应用最终规则前: {
  firstPlayer: { id: 0, name: 'Player0', score: 47, handCount: 5 },
  lastPlayer: { id: 5, name: 'Player5', score: 33, handCount: 12 },
  isSamePlayer: false
}
[calculateFinalRankings] 应用最终规则后: {
  firstPlayer: { id: 0, name: 'Player0', score: 77, adjustment: '+30' },
  lastPlayer: { id: 5, name: 'Player5', score: 3, adjustment: '-30' },
  totalAdjustment: 0
}
[calculateFinalRankings] 排序后的玩家顺序（按手牌数，然后按finishOrder）: {
  rankings: [
    {
      rank: 1,
      playerId: 0,
      playerName: 'Player0',
      handCount: 5,
      finishOrderIndex: -1,
      score: 47
    },
    {
      rank: 2,
      playerId: 1,
      playerName: 'Player1',
      handCount: 8,
      finishOrderIndex: -1,
      score: 74
    },
    {
      rank: 3,
      playerId: 2,
      playerName: 'Player2',
      handCount: 8,
      finishOrderIndex: -1,
      score: -54
    },
    {
      rank: 4,
      playerId: 3,
      playerName: 'Player3',
      handCount: 10,
      finishOrderIndex: -1,
      score: -14
    },
    {
      rank: 5,
      playerId: 4,
      playerName: 'Player4',
      handCount: 12,
      finishOrderIndex: -1,
      score: -74
    },
    {
      rank: 6,
      playerId: 5,
      playerName: 'Player5',
      handCount: 12,
      finishOrderIndex: -1,
      score: 33
    }
  ],
  finishOrder: []
}
[calculateFinalRankings] 应用最终规则前: {
  firstPlayer: { id: 0, name: 'Player0', score: 47, handCount: 5 },
  lastPlayer: { id: 5, name: 'Player5', score: 33, handCount: 12 },
  isSamePlayer: false
}
[calculateFinalRankings] 应用最终规则后: {
  firstPlayer: { id: 0, name: 'Player0', score: 77, adjustment: '+30' },
  lastPlayer: { id: 5, name: 'Player5', score: 3, adjustment: '-30' },
  totalAdjustment: 0
}
[calculateFinalRankings] 排序后的玩家顺序（按手牌数，然后按finishOrder）: {
  rankings: [
    {
      rank: 1,
      playerId: 1,
      playerName: 'Player1',
      handCount: 0,
      finishOrderIndex: 0,
      score: -91
    },
    {
      rank: 2,
      playerId: 0,
      playerName: 'Player0',
      handCount: 8,
      finishOrderIndex: -1,
      score: -78
    }
  ],
  finishOrder: [ 1 ]
}
[calculateFinalRankings] 应用最终规则前: {
  firstPlayer: { id: 1, name: 'Player1', score: -91, handCount: 0 },
  lastPlayer: { id: 0, name: 'Player0', score: -78, handCount: 8 },
  isSamePlayer: false
}
[calculateFinalRankings] 应用最终规则后: {
  firstPlayer: { id: 1, name: 'Player1', score: -61, adjustment: '+30' },
  lastPlayer: { id: 0, name: 'Player0', score: -108, adjustment: '-30' },
  totalAdjustment: 0
}
[calculateFinalRankings] 排序后的玩家顺序（按手牌数，然后按finishOrder）: {
  rankings: [
    {
      rank: 1,
      playerId: 1,
      playerName: 'Player1',
      handCount: 0,
      finishOrderIndex: 0,
      score: -91
    },
    {
      rank: 2,
      playerId: 0,
      playerName: 'Player0',
      handCount: 8,
      finishOrderIndex: -1,
      score: -78
    }
  ],
  finishOrder: [ 1 ]
}
[calculateFinalRankings] 应用最终规则前: {
  firstPlayer: { id: 1, name: 'Player1', score: -91, handCount: 0 },
  lastPlayer: { id: 0, name: 'Player0', score: -78, handCount: 8 },
  isSamePlayer: false
}
[calculateFinalRankings] 应用最终规则后: {
  firstPlayer: { id: 1, name: 'Player1', score: -61, adjustment: '+30' },
  lastPlayer: { id: 0, name: 'Player0', score: -108, adjustment: '-30' },
  totalAdjustment: 0
}
[calculateFinalRankings] 排序后的玩家顺序（按手牌数，然后按finishOrder）: {
  rankings: [
    {
      rank: 1,
      playerId: 2,
      playerName: 'Player2',
      handCount: 5,
      finishOrderIndex: -1,
      score: -41
    },
    {
      rank: 2,
      playerId: 1,
      playerName: 'Player1',
      handCount: 6,
      finishOrderIndex: -1,
      score: 11
    },
    {
      rank: 3,
      playerId: 0,
      playerName: 'Player0',
      handCount: 8,
      finishOrderIndex: -1,
      score: 49
    },
    {
      rank: 4,
      playerId: 3,
      playerName: 'Player3',
      handCount: 8,
      finishOrderIndex: -1,
      score: 58
    }
  ],
  finishOrder: []
}
[calculateFinalRankings] 应用最终规则前: {
  firstPlayer: { id: 2, name: 'Player2', score: -41, handCount: 5 },
  lastPlayer: { id: 3, name: 'Player3', score: 58, handCount: 8 },
  isSamePlayer: false
}
[calculateFinalRankings] 应用最终规则后: {
  firstPlayer: { id: 2, name: 'Player2', score: -11, adjustment: '+30' },
  lastPlayer: { id: 3, name: 'Player3', score: 28, adjustment: '-30' },
  totalAdjustment: 0
}
[calculateFinalRankings] 排序后的玩家顺序（按手牌数，然后按finishOrder）: {
  rankings: [
    {
      rank: 1,
      playerId: 2,
      playerName: 'Player2',
      handCount: 5,
      finishOrderIndex: -1,
      score: -41
    },
    {
      rank: 2,
      playerId: 1,
      playerName: 'Player1',
      handCount: 6,
      finishOrderIndex: -1,
      score: 11
    },
    {
      rank: 3,
      playerId: 0,
      playerName: 'Player0',
      handCount: 8,
      finishOrderIndex: -1,
      score: 49
    },
    {
      rank: 4,
      playerId: 3,
      playerName: 'Player3',
      handCount: 8,
      finishOrderIndex: -1,
      score: 58
    }
  ],
  finishOrder: []
}
[calculateFinalRankings] 应用最终规则前: {
  firstPlayer: { id: 2, name: 'Player2', score: -41, handCount: 5 },
  lastPlayer: { id: 3, name: 'Player3', score: 58, handCount: 8 },
  isSamePlayer: false
}
[calculateFinalRankings] 应用最终规则后: {
  firstPlayer: { id: 2, name: 'Player2', score: -11, adjustment: '+30' },
  lastPlayer: { id: 3, name: 'Player3', score: 28, adjustment: '-30' },
  totalAdjustment: 0
}
[calculateFinalRankings] 排序后的玩家顺序（按手牌数，然后按finishOrder）: {
  rankings: [
    {
      rank: 1,
      playerId: 0,
      playerName: 'Player0',
      handCount: 5,
      finishOrderIndex: -1,
      score: 29
    },
    {
      rank: 2,
      playerId: 1,
      playerName: 'Player1',
      handCount: 5,
      finishOrderIndex: -1,
      score: -76
    },
    {
      rank: 3,
      playerId: 3,
      playerName: 'Player3',
      handCount: 5,
      finishOrderIndex: -1,
      score: -74
    },
    {
      rank: 4,
      playerId: 2,
      playerName: 'Player2',
      handCount: 9,
      finishOrderIndex: -1,
      score: 43
    }
  ],
  finishOrder: []
}
[calculateFinalRankings] 应用最终规则前: {
  firstPlayer: { id: 0, name: 'Player0', score: 29, handCount: 5 },
  lastPlayer: { id: 2, name: 'Player2', score: 43, handCount: 9 },
  isSamePlayer: false
}
[calculateFinalRankings] 应用最终规则后: {
  firstPlayer: { id: 0, name: 'Player0', score: 59, adjustment: '+30' },
  lastPlayer: { id: 2, name: 'Player2', score: 13, adjustment: '-30' },
  totalAdjustment: 0
}
[calculateFinalRankings] 排序后的玩家顺序（按手牌数，然后按finishOrder）: {
  rankings: [
    {
      rank: 1,
      playerId: 0,
      playerName: 'Player0',
      handCount: 5,
      finishOrderIndex: -1,
      score: 29
    },
    {
      rank: 2,
      playerId: 1,
      playerName: 'Player1',
      handCount: 5,
      finishOrderIndex: -1,
      score: -76
    },
    {
      rank: 3,
      playerId: 3,
      playerName: 'Player3',
      handCount: 5,
      finishOrderIndex: -1,
      score: -74
    },
    {
      rank: 4,
      playerId: 2,
      playerName: 'Player2',
      handCount: 9,
      finishOrderIndex: -1,
      score: 43
    }
  ],
  finishOrder: []
}
[calculateFinalRankings] 应用最终规则前: {
  firstPlayer: { id: 0, name: 'Player0', score: 29, handCount: 5 },
  lastPlayer: { id: 2, name: 'Player2', score: 43, handCount: 9 },
  isSamePlayer: false
}
[calculateFinalRankings] 应用最终规则后: {
  firstPlayer: { id: 0, name: 'Player0', score: 59, adjustment: '+30' },
  lastPlayer: { id: 2, name: 'Player2', score: 13, adjustment: '-30' },
  totalAdjustment: 0
}
[calculateFinalRankings] 排序后的玩家顺序（按手牌数，然后按finishOrder）: {
  rankings: [
    {
      rank: 1,
      playerId: 2,
      playerName: 'Player2',
      handCount: 0,
      finishOrderIndex: 0,
      score: 84
    },
    {
      rank: 2,
      playerId: 4,
      playerName: 'Player4',
      handCount: 2,
      finishOrderIndex: -1,
      score: -40
    },
    {
      rank: 3,
      playerId: 1,
      playerName: 'Player1',
      handCount: 4,
      finishOrderIndex: -1,
      score: -28
    },
    {
      rank: 4,
      playerId: 0,
      playerName: 'Player0',
      handCount: 5,
      finishOrderIndex: -1,
      score: 14
    },
    {
      rank: 5,
      playerId: 5,
      playerName: 'Player5',
      handCount: 8,
      finishOrderIndex: -1,
      score: -49
    },
    {
      rank: 6,
      playerId: 3,
      playerName: 'Player3',
      handCount: 13,
      finishOrderIndex: -1,
      score: 48
    }
  ],
  finishOrder: [ 2 ]
}
[calculateFinalRankings] 应用最终规则前: {
  firstPlayer: { id: 2, name: 'Player2', score: 84, handCount: 0 },
  lastPlayer: { id: 3, name: 'Player3', score: 48, handCount: 13 },
  isSamePlayer: false
}
[calculateFinalRankings] 应用最终规则后: {
  firstPlayer: { id: 2, name: 'Player2', score: 114, adjustment: '+30' },
  lastPlayer: { id: 3, name: 'Player3', score: 18, adjustment: '-30' },
  totalAdjustment: 0
}
[calculateFinalRankings] 排序后的玩家顺序（按手牌数，然后按finishOrder）: {
  rankings: [
    {
      rank: 1,
      playerId: 2,
      playerName: 'Player2',
      handCount: 0,
      finishOrderIndex: 0,
      score: 84
    },
    {
      rank: 2,
      playerId: 4,
      playerName: 'Player4',
      handCount: 2,
      finishOrderIndex: -1,
      score: -40
    },
    {
      rank: 3,
      playerId: 1,
      playerName: 'Player1',
      handCount: 4,
      finishOrderIndex: -1,
      score: -28
    },
    {
      rank: 4,
      playerId: 0,
      playerName: 'Player0',
      handCount: 5,
      finishOrderIndex: -1,
      score: 14
    },
    {
      rank: 5,
      playerId: 5,
      playerName: 'Player5',
      handCount: 8,
      finishOrderIndex: -1,
      score: -49
    },
    {
      rank: 6,
      playerId: 3,
      playerName: 'Player3',
      handCount: 13,
      finishOrderIndex: -1,
      score: 48
    }
  ],
  finishOrder: [ 2 ]
}
[calculateFinalRankings] 应用最终规则前: {
  firstPlayer: { id: 2, name: 'Player2', score: 84, handCount: 0 },
  lastPlayer: { id: 3, name: 'Player3', score: 48, handCount: 13 },
  isSamePlayer: false
}
[calculateFinalRankings] 应用最终规则后: {
  firstPlayer: { id: 2, name: 'Player2', score: 114, adjustment: '+30' },
  lastPlayer: { id: 3, name: 'Player3', score: 18, adjustment: '-30' },
  totalAdjustment: 0
}
[calculateFinalRankings] 排序后的玩家顺序（按手牌数，然后按finishOrder）: {
  rankings: [
    {
      rank: 1,
      playerId: 1,
      playerName: 'Player1',
      handCount: 5,
      finishOrderIndex: -1,
      score: -55
    },
    {
      rank: 2,
      playerId: 0,
      playerName: 'Player0',
      handCount: 7,
      finishOrderIndex: -1,
      score: -53
    }
  ],
  finishOrder: []
}
[calculateFinalRankings] 应用最终规则前: {
  firstPlayer: { id: 1, name: 'Player1', score: -55, handCount: 5 },
  lastPlayer: { id: 0, name: 'Player0', score: -53, handCount: 7 },
  isSamePlayer: false
}
[calculateFinalRankings] 应用最终规则后: {
  firstPlayer: { id: 1, name: 'Player1', score: -25, adjustment: '+30' },
  lastPlayer: { id: 0, name: 'Player0', score: -83, adjustment: '-30' },
  totalAdjustment: 0
}
[calculateFinalRankings] 排序后的玩家顺序（按手牌数，然后按finishOrder）: {
  rankings: [
    {
      rank: 1,
      playerId: 1,
      playerName: 'Player1',
      handCount: 5,
      finishOrderIndex: -1,
      score: -55
    },
    {
      rank: 2,
      playerId: 0,
      playerName: 'Player0',
      handCount: 7,
      finishOrderIndex: -1,
      score: -53
    }
  ],
  finishOrder: []
}
[calculateFinalRankings] 应用最终规则前: {
  firstPlayer: { id: 1, name: 'Player1', score: -55, handCount: 5 },
  lastPlayer: { id: 0, name: 'Player0', score: -53, handCount: 7 },
  isSamePlayer: false
}
[calculateFinalRankings] 应用最终规则后: {
  firstPlayer: { id: 1, name: 'Player1', score: -25, adjustment: '+30' },
  lastPlayer: { id: 0, name: 'Player0', score: -83, adjustment: '-30' },
  totalAdjustment: 0
}
[calculateFinalRankings] 排序后的玩家顺序（按手牌数，然后按finishOrder）: {
  rankings: [
    {
      rank: 1,
      playerId: 2,
      playerName: 'Player2',
      handCount: 2,
      finishOrderIndex: -1,
      score: -92
    },
    {
      rank: 2,
      playerId: 4,
      playerName: 'Player4',
      handCount: 9,
      finishOrderIndex: -1,
      score: -1
    },
    {
      rank: 3,
      playerId: 0,
      playerName: 'Player0',
      handCount: 11,
      finishOrderIndex: -1,
      score: 50
    },
    {
      rank: 4,
      playerId: 3,
      playerName: 'Player3',
      handCount: 11,
      finishOrderIndex: -1,
      score: 50
    },
    {
      rank: 5,
      playerId: 5,
      playerName: 'Player5',
      handCount: 11,
      finishOrderIndex: -1,
      score: -44
    },
    {
      rank: 6,
      playerId: 1,
      playerName: 'Player1',
      handCount: 13,
      finishOrderIndex: -1,
      score: 80
    }
  ],
  finishOrder: []
}
[calculateFinalRankings] 应用最终规则前: {
  firstPlayer: { id: 2, name: 'Player2', score: -92, handCount: 2 },
  lastPlayer: { id: 1, name: 'Player1', score: 80, handCount: 13 },
  isSamePlayer: false
}
[calculateFinalRankings] 应用最终规则后: {
  firstPlayer: { id: 2, name: 'Player2', score: -62, adjustment: '+30' },
  lastPlayer: { id: 1, name: 'Player1', score: 50, adjustment: '-30' },
  totalAdjustment: 0
}
[calculateFinalRankings] 排序后的玩家顺序（按手牌数，然后按finishOrder）: {
  rankings: [
    {
      rank: 1,
      playerId: 2,
      playerName: 'Player2',
      handCount: 2,
      finishOrderIndex: -1,
      score: -92
    },
    {
      rank: 2,
      playerId: 4,
      playerName: 'Player4',
      handCount: 9,
      finishOrderIndex: -1,
      score: -1
    },
    {
      rank: 3,
      playerId: 0,
      playerName: 'Player0',
      handCount: 11,
      finishOrderIndex: -1,
      score: 50
    },
    {
      rank: 4,
      playerId: 3,
      playerName: 'Player3',
      handCount: 11,
      finishOrderIndex: -1,
      score: 50
    },
    {
      rank: 5,
      playerId: 5,
      playerName: 'Player5',
      handCount: 11,
      finishOrderIndex: -1,
      score: -44
    },
    {
      rank: 6,
      playerId: 1,
      playerName: 'Player1',
      handCount: 13,
      finishOrderIndex: -1,
      score: 80
    }
  ],
  finishOrder: []
}
[calculateFinalRankings] 应用最终规则前: {
  firstPlayer: { id: 2, name: 'Player2', score: -92, handCount: 2 },
  lastPlayer: { id: 1, name: 'Player1', score: 80, handCount: 13 },
  isSamePlayer: false
}
[calculateFinalRankings] 应用最终规则后: {
  firstPlayer: { id: 2, name: 'Player2', score: -62, adjustment: '+30' },
  lastPlayer: { id: 1, name: 'Player1', score: 50, adjustment: '-30' },
  totalAdjustment: 0
}
[calculateFinalRankings] 排序后的玩家顺序（按手牌数，然后按finishOrder）: {
  rankings: [
    {
      rank: 1,
      playerId: 2,
      playerName: 'Player2',
      handCount: 0,
      finishOrderIndex: 0,
      score: 29
    },
    {
      rank: 2,
      playerId: 0,
      playerName: 'Player0',
      handCount: 1,
      finishOrderIndex: -1,
      score: -65
    },
    {
      rank: 3,
      playerId: 1,
      playerName: 'Player1',
      handCount: 4,
      finishOrderIndex: -1,
      score: -25
    },
    {
      rank: 4,
      playerId: 3,
      playerName: 'Player3',
      handCount: 5,
      finishOrderIndex: -1,
      score: 72
    },
    {
      rank: 5,
      playerId: 4,
      playerName: 'Player4',
      handCount: 8,
      finishOrderIndex: -1,
      score: -66
    },
    {
      rank: 6,
      playerId: 5,
      playerName: 'Player5',
      handCount: 9,
      finishOrderIndex: -1,
      score: -48
    }
  ],
  finishOrder: [ 2 ]
}
[calculateFinalRankings] 应用最终规则前: {
  firstPlayer: { id: 2, name: 'Player2', score: 29, handCount: 0 },
  lastPlayer: { id: 5, name: 'Player5', score: -48, handCount: 9 },
  isSamePlayer: false
}
[calculateFinalRankings] 应用最终规则后: {
  firstPlayer: { id: 2, name: 'Player2', score: 59, adjustment: '+30' },
  lastPlayer: { id: 5, name: 'Player5', score: -78, adjustment: '-30' },
  totalAdjustment: 0
}
[calculateFinalRankings] 排序后的玩家顺序（按手牌数，然后按finishOrder）: {
  rankings: [
    {
      rank: 1,
      playerId: 2,
      playerName: 'Player2',
      handCount: 0,
      finishOrderIndex: 0,
      score: 29
    },
    {
      rank: 2,
      playerId: 0,
      playerName: 'Player0',
      handCount: 1,
      finishOrderIndex: -1,
      score: -65
    },
    {
      rank: 3,
      playerId: 1,
      playerName: 'Player1',
      handCount: 4,
      finishOrderIndex: -1,
      score: -25
    },
    {
      rank: 4,
      playerId: 3,
      playerName: 'Player3',
      handCount: 5,
      finishOrderIndex: -1,
      score: 72
    },
    {
      rank: 5,
      playerId: 4,
      playerName: 'Player4',
      handCount: 8,
      finishOrderIndex: -1,
      score: -66
    },
    {
      rank: 6,
      playerId: 5,
      playerName: 'Player5',
      handCount: 9,
      finishOrderIndex: -1,
      score: -48
    }
  ],
  finishOrder: [ 2 ]
}
[calculateFinalRankings] 应用最终规则前: {
  firstPlayer: { id: 2, name: 'Player2', score: 29, handCount: 0 },
  lastPlayer: { id: 5, name: 'Player5', score: -48, handCount: 9 },
  isSamePlayer: false
}
[calculateFinalRankings] 应用最终规则后: {
  firstPlayer: { id: 2, name: 'Player2', score: 59, adjustment: '+30' },
  lastPlayer: { id: 5, name: 'Player5', score: -78, adjustment: '-30' },
  totalAdjustment: 0
}
[calculateFinalRankings] 排序后的玩家顺序（按手牌数，然后按finishOrder）: {
  rankings: [
    {
      rank: 1,
      playerId: 5,
      playerName: 'Player5',
      handCount: 2,
      finishOrderIndex: -1,
      score: 18
    },
    {
      rank: 2,
      playerId: 2,
      playerName: 'Player2',
      handCount: 3,
      finishOrderIndex: -1,
      score: -36
    },
    {
      rank: 3,
      playerId: 1,
      playerName: 'Player1',
      handCount: 11,
      finishOrderIndex: -1,
      score: 5
    },
    {
      rank: 4,
      playerId: 0,
      playerName: 'Player0',
      handCount: 12,
      finishOrderIndex: -1,
      score: 61
    },
    {
      rank: 5,
      playerId: 3,
      playerName: 'Player3',
      handCount: 12,
      finishOrderIndex: -1,
      score: 61
    },
    {
      rank: 6,
      playerId: 4,
      playerName: 'Player4',
      handCount: 13,
      finishOrderIndex: -1,
      score: 57
    }
  ],
  finishOrder: []
}
[calculateFinalRankings] 应用最终规则前: {
  firstPlayer: { id: 5, name: 'Player5', score: 18, handCount: 2 },
  lastPlayer: { id: 4, name: 'Player4', score: 57, handCount: 13 },
  isSamePlayer: false
}
[calculateFinalRankings] 应用最终规则后: {
  firstPlayer: { id: 5, name: 'Player5', score: 48, adjustment: '+30' },
  lastPlayer: { id: 4, name: 'Player4', score: 27, adjustment: '-30' },
  totalAdjustment: 0
}
[calculateFinalRankings] 排序后的玩家顺序（按手牌数，然后按finishOrder）: {
  rankings: [
    {
      rank: 1,
      playerId: 5,
      playerName: 'Player5',
      handCount: 2,
      finishOrderIndex: -1,
      score: 18
    },
    {
      rank: 2,
      playerId: 2,
      playerName: 'Player2',
      handCount: 3,
      finishOrderIndex: -1,
      score: -36
    },
    {
      rank: 3,
      playerId: 1,
      playerName: 'Player1',
      handCount: 11,
      finishOrderIndex: -1,
      score: 5
    },
    {
      rank: 4,
      playerId: 0,
      playerName: 'Player0',
      handCount: 12,
      finishOrderIndex: -1,
      score: 61
    },
    {
      rank: 5,
      playerId: 3,
      playerName: 'Player3',
      handCount: 12,
      finishOrderIndex: -1,
      score: 61
    },
    {
      rank: 6,
      playerId: 4,
      playerName: 'Player4',
      handCount: 13,
      finishOrderIndex: -1,
      score: 57
    }
  ],
  finishOrder: []
}
[calculateFinalRankings] 应用最终规则前: {
  firstPlayer: { id: 5, name: 'Player5', score: 18, handCount: 2 },
  lastPlayer: { id: 4, name: 'Player4', score: 57, handCount: 13 },
  isSamePlayer: false
}
[calculateFinalRankings] 应用最终规则后: {
  firstPlayer: { id: 5, name: 'Player5', score: 48, adjustment: '+30' },
  lastPlayer: { id: 4, name: 'Player4', score: 27, adjustment: '-30' },
  totalAdjustment: 0
}
[calculateFinalRankings] 排序后的玩家顺序（按手牌数，然后按finishOrder）: {
  rankings: [
    {
      rank: 1,
      playerId: 2,
      playerName: 'Player2',
      handCount: 1,
      finishOrderIndex: -1,
      score: 71
    },
    {
      rank: 2,
      playerId: 3,
      playerName: 'Player3',
      handCount: 2,
      finishOrderIndex: -1,
      score: 58
    },
    {
      rank: 3,
      playerId: 1,
      playerName: 'Player1',
      handCount: 5,
      finishOrderIndex: -1,
      score: -50
    },
    {
      rank: 4,
      playerId: 0,
      playerName: 'Player0',
      handCount: 12,
      finishOrderIndex: -1,
      score: 48
    }
  ],
  finishOrder: []
}
[calculateFinalRankings] 应用最终规则前: {
  firstPlayer: { id: 2, name: 'Player2', score: 71, handCount: 1 },
  lastPlayer: { id: 0, name: 'Player0', score: 48, handCount: 12 },
  isSamePlayer: false
}
[calculateFinalRankings] 应用最终规则后: {
  firstPlayer: { id: 2, name: 'Player2', score: 101, adjustment: '+30' },
  lastPlayer: { id: 0, name: 'Player0', score: 18, adjustment: '-30' },
  totalAdjustment: 0
}
[calculateFinalRankings] 排序后的玩家顺序（按手牌数，然后按finishOrder）: {
  rankings: [
    {
      rank: 1,
      playerId: 2,
      playerName: 'Player2',
      handCount: 1,
      finishOrderIndex: -1,
      score: 71
    },
    {
      rank: 2,
      playerId: 3,
      playerName: 'Player3',
      handCount: 2,
      finishOrderIndex: -1,
      score: 58
    },
    {
      rank: 3,
      playerId: 1,
      playerName: 'Player1',
      handCount: 5,
      finishOrderIndex: -1,
      score: -50
    },
    {
      rank: 4,
      playerId: 0,
      playerName: 'Player0',
      handCount: 12,
      finishOrderIndex: -1,
      score: 48
    }
  ],
  finishOrder: []
}
[calculateFinalRankings] 应用最终规则前: {
  firstPlayer: { id: 2, name: 'Player2', score: 71, handCount: 1 },
  lastPlayer: { id: 0, name: 'Player0', score: 48, handCount: 12 },
  isSamePlayer: false
}
[calculateFinalRankings] 应用最终规则后: {
  firstPlayer: { id: 2, name: 'Player2', score: 101, adjustment: '+30' },
  lastPlayer: { id: 0, name: 'Player0', score: 18, adjustment: '-30' },
  totalAdjustment: 0
}
[calculateFinalRankings] 排序后的玩家顺序（按手牌数，然后按finishOrder）: {
  rankings: [
    {
      rank: 1,
      playerId: 0,
      playerName: 'Player0',
      handCount: 0,
      finishOrderIndex: -1,
      score: 96
    },
    {
      rank: 2,
      playerId: 1,
      playerName: 'Player1',
      handCount: 3,
      finishOrderIndex: -1,
      score: -61
    }
  ],
  finishOrder: []
}
[calculateFinalRankings] 应用最终规则前: {
  firstPlayer: { id: 0, name: 'Player0', score: 96, handCount: 0 },
  lastPlayer: { id: 1, name: 'Player1', score: -61, handCount: 3 },
  isSamePlayer: false
}
[calculateFinalRankings] 应用最终规则后: {
  firstPlayer: { id: 0, name: 'Player0', score: 126, adjustment: '+30' },
  lastPlayer: { id: 1, name: 'Player1', score: -91, adjustment: '-30' },
  totalAdjustment: 0
}
[calculateFinalRankings] 排序后的玩家顺序（按手牌数，然后按finishOrder）: {
  rankings: [
    {
      rank: 1,
      playerId: 0,
      playerName: 'Player0',
      handCount: 0,
      finishOrderIndex: -1,
      score: 96
    },
    {
      rank: 2,
      playerId: 1,
      playerName: 'Player1',
      handCount: 3,
      finishOrderIndex: -1,
      score: -61
    }
  ],
  finishOrder: []
}
[calculateFinalRankings] 应用最终规则前: {
  firstPlayer: { id: 0, name: 'Player0', score: 96, handCount: 0 },
  lastPlayer: { id: 1, name: 'Player1', score: -61, handCount: 3 },
  isSamePlayer: false
}
[calculateFinalRankings] 应用最终规则后: {
  firstPlayer: { id: 0, name: 'Player0', score: 126, adjustment: '+30' },
  lastPlayer: { id: 1, name: 'Player1', score: -91, adjustment: '-30' },
  totalAdjustment: 0
}
[calculateFinalRankings] 排序后的玩家顺序（按手牌数，然后按finishOrder）: {
  rankings: [
    {
      rank: 1,
      playerId: 3,
      playerName: 'Player3',
      handCount: 0,
      finishOrderIndex: 0,
      score: -13
    },
    {
      rank: 2,
      playerId: 2,
      playerName: 'Player2',
      handCount: 7,
      finishOrderIndex: -1,
      score: -37
    },
    {
      rank: 3,
      playerId: 1,
      playerName: 'Player1',
      handCount: 8,
      finishOrderIndex: -1,
      score: -21
    },
    {
      rank: 4,
      playerId: 0,
      playerName: 'Player0',
      handCount: 11,
      finishOrderIndex: -1,
      score: 42
    }
  ],
  finishOrder: [ 3 ]
}
[calculateFinalRankings] 应用最终规则前: {
  firstPlayer: { id: 3, name: 'Player3', score: -13, handCount: 0 },
  lastPlayer: { id: 0, name: 'Player0', score: 42, handCount: 11 },
  isSamePlayer: false
}
[calculateFinalRankings] 应用最终规则后: {
  firstPlayer: { id: 3, name: 'Player3', score: 17, adjustment: '+30' },
  lastPlayer: { id: 0, name: 'Player0', score: 12, adjustment: '-30' },
  totalAdjustment: 0
}
[calculateFinalRankings] 排序后的玩家顺序（按手牌数，然后按finishOrder）: {
  rankings: [
    {
      rank: 1,
      playerId: 3,
      playerName: 'Player3',
      handCount: 0,
      finishOrderIndex: 0,
      score: -13
    },
    {
      rank: 2,
      playerId: 2,
      playerName: 'Player2',
      handCount: 7,
      finishOrderIndex: -1,
      score: -37
    },
    {
      rank: 3,
      playerId: 1,
      playerName: 'Player1',
      handCount: 8,
      finishOrderIndex: -1,
      score: -21
    },
    {
      rank: 4,
      playerId: 0,
      playerName: 'Player0',
      handCount: 11,
      finishOrderIndex: -1,
      score: 42
    }
  ],
  finishOrder: [ 3 ]
}
[calculateFinalRankings] 应用最终规则前: {
  firstPlayer: { id: 3, name: 'Player3', score: -13, handCount: 0 },
  lastPlayer: { id: 0, name: 'Player0', score: 42, handCount: 11 },
  isSamePlayer: false
}
[calculateFinalRankings] 应用最终规则后: {
  firstPlayer: { id: 3, name: 'Player3', score: 17, adjustment: '+30' },
  lastPlayer: { id: 0, name: 'Player0', score: 12, adjustment: '-30' },
  totalAdjustment: 0
}
[calculateFinalRankings] 排序后的玩家顺序（按手牌数，然后按finishOrder）: {
  rankings: [
    {
      rank: 1,
      playerId: 0,
      playerName: 'Player0',
      handCount: 4,
      finishOrderIndex: -1,
      score: -69
    },
    {
      rank: 2,
      playerId: 1,
      playerName: 'Player1',
      handCount: 5,
      finishOrderIndex: -1,
      score: 68
    },
    {
      rank: 3,
      playerId: 3,
      playerName: 'Player3',
      handCount: 8,
      finishOrderIndex: -1,
      score: -57
    },
    {
      rank: 4,
      playerId: 2,
      playerName: 'Player2',
      handCount: 11,
      finishOrderIndex: -1,
      score: 69
    }
  ],
  finishOrder: []
}
[calculateFinalRankings] 应用最终规则前: {
  firstPlayer: { id: 0, name: 'Player0', score: -69, handCount: 4 },
  lastPlayer: { id: 2, name: 'Player2', score: 69, handCount: 11 },
  isSamePlayer: false
}
[calculateFinalRankings] 应用最终规则后: {
  firstPlayer: { id: 0, name: 'Player0', score: -39, adjustment: '+30' },
  lastPlayer: { id: 2, name: 'Player2', score: 39, adjustment: '-30' },
  totalAdjustment: 0
}
[calculateFinalRankings] 排序后的玩家顺序（按手牌数，然后按finishOrder）: {
  rankings: [
    {
      rank: 1,
      playerId: 0,
      playerName: 'Player0',
      handCount: 4,
      finishOrderIndex: -1,
      score: -69
    },
    {
      rank: 2,
      playerId: 1,
      playerName: 'Player1',
      handCount: 5,
      finishOrderIndex: -1,
      score: 68
    },
    {
      rank: 3,
      playerId: 3,
      playerName: 'Player3',
      handCount: 8,
      finishOrderIndex: -1,
      score: -57
    },
    {
      rank: 4,
      playerId: 2,
      playerName: 'Player2',
      handCount: 11,
      finishOrderIndex: -1,
      score: 69
    }
  ],
  finishOrder: []
}
[calculateFinalRankings] 应用最终规则前: {
  firstPlayer: { id: 0, name: 'Player0', score: -69, handCount: 4 },
  lastPlayer: { id: 2, name: 'Player2', score: 69, handCount: 11 },
  isSamePlayer: false
}
[calculateFinalRankings] 应用最终规则后: {
  firstPlayer: { id: 0, name: 'Player0', score: -39, adjustment: '+30' },
  lastPlayer: { id: 2, name: 'Player2', score: 39, adjustment: '-30' },
  totalAdjustment: 0
}
[calculateFinalRankings] 排序后的玩家顺序（按手牌数，然后按finishOrder）: {
  rankings: [
    {
      rank: 1,
      playerId: 0,
      playerName: 'Player0',
      handCount: 4,
      finishOrderIndex: -1,
      score: -90
    },
    {
      rank: 2,
      playerId: 1,
      playerName: 'Player1',
      handCount: 10,
      finishOrderIndex: -1,
      score: 67
    }
  ],
  finishOrder: []
}
[calculateFinalRankings] 应用最终规则前: {
  firstPlayer: { id: 0, name: 'Player0', score: -90, handCount: 4 },
  lastPlayer: { id: 1, name: 'Player1', score: 67, handCount: 10 },
  isSamePlayer: false
}
[calculateFinalRankings] 应用最终规则后: {
  firstPlayer: { id: 0, name: 'Player0', score: -60, adjustment: '+30' },
  lastPlayer: { id: 1, name: 'Player1', score: 37, adjustment: '-30' },
  totalAdjustment: 0
}
[calculateFinalRankings] 排序后的玩家顺序（按手牌数，然后按finishOrder）: {
  rankings: [
    {
      rank: 1,
      playerId: 0,
      playerName: 'Player0',
      handCount: 4,
      finishOrderIndex: -1,
      score: -90
    },
    {
      rank: 2,
      playerId: 1,
      playerName: 'Player1',
      handCount: 10,
      finishOrderIndex: -1,
      score: 67
    }
  ],
  finishOrder: []
}
[calculateFinalRankings] 应用最终规则前: {
  firstPlayer: { id: 0, name: 'Player0', score: -90, handCount: 4 },
  lastPlayer: { id: 1, name: 'Player1', score: 67, handCount: 10 },
  isSamePlayer: false
}
[calculateFinalRankings] 应用最终规则后: {
  firstPlayer: { id: 0, name: 'Player0', score: -60, adjustment: '+30' },
  lastPlayer: { id: 1, name: 'Player1', score: 37, adjustment: '-30' },
  totalAdjustment: 0
}
[calculateFinalRankings] 排序后的玩家顺序（按手牌数，然后按finishOrder）: {
  rankings: [
    {
      rank: 1,
      playerId: 0,
      playerName: 'Player0',
      handCount: 0,
      finishOrderIndex: 0,
      score: 65
    },
    {
      rank: 2,
      playerId: 2,
      playerName: 'Player2',
      handCount: 3,
      finishOrderIndex: -1,
      score: 93
    },
    {
      rank: 3,
      playerId: 1,
      playerName: 'Player1',
      handCount: 4,
      finishOrderIndex: -1,
      score: 6
    },
    {
      rank: 4,
      playerId: 3,
      playerName: 'Player3',
      handCount: 12,
      finishOrderIndex: -1,
      score: -69
    }
  ],
  finishOrder: [ 0 ]
}
[calculateFinalRankings] 应用最终规则前: {
  firstPlayer: { id: 0, name: 'Player0', score: 65, handCount: 0 },
  lastPlayer: { id: 3, name: 'Player3', score: -69, handCount: 12 },
  isSamePlayer: false
}
[calculateFinalRankings] 应用最终规则后: {
  firstPlayer: { id: 0, name: 'Player0', score: 95, adjustment: '+30' },
  lastPlayer: { id: 3, name: 'Player3', score: -99, adjustment: '-30' },
  totalAdjustment: 0
}
[calculateFinalRankings] 排序后的玩家顺序（按手牌数，然后按finishOrder）: {
  rankings: [
    {
      rank: 1,
      playerId: 0,
      playerName: 'Player0',
      handCount: 0,
      finishOrderIndex: 0,
      score: 65
    },
    {
      rank: 2,
      playerId: 2,
      playerName: 'Player2',
      handCount: 3,
      finishOrderIndex: -1,
      score: 93
    },
    {
      rank: 3,
      playerId: 1,
      playerName: 'Player1',
      handCount: 4,
      finishOrderIndex: -1,
      score: 6
    },
    {
      rank: 4,
      playerId: 3,
      playerName: 'Player3',
      handCount: 12,
      finishOrderIndex: -1,
      score: -69
    }
  ],
  finishOrder: [ 0 ]
}
[calculateFinalRankings] 应用最终规则前: {
  firstPlayer: { id: 0, name: 'Player0', score: 65, handCount: 0 },
  lastPlayer: { id: 3, name: 'Player3', score: -69, handCount: 12 },
  isSamePlayer: false
}
[calculateFinalRankings] 应用最终规则后: {
  firstPlayer: { id: 0, name: 'Player0', score: 95, adjustment: '+30' },
  lastPlayer: { id: 3, name: 'Player3', score: -99, adjustment: '-30' },
  totalAdjustment: 0
}
[calculateFinalRankings] 排序后的玩家顺序（按手牌数，然后按finishOrder）: {
  rankings: [
    {
      rank: 1,
      playerId: 3,
      playerName: 'Player3',
      handCount: 2,
      finishOrderIndex: -1,
      score: -39
    },
    {
      rank: 2,
      playerId: 0,
      playerName: 'Player0',
      handCount: 4,
      finishOrderIndex: -1,
      score: -94
    },
    {
      rank: 3,
      playerId: 1,
      playerName: 'Player1',
      handCount: 7,
      finishOrderIndex: -1,
      score: 96
    },
    {
      rank: 4,
      playerId: 2,
      playerName: 'Player2',
      handCount: 13,
      finishOrderIndex: -1,
      score: 25
    }
  ],
  finishOrder: []
}
[calculateFinalRankings] 应用最终规则前: {
  firstPlayer: { id: 3, name: 'Player3', score: -39, handCount: 2 },
  lastPlayer: { id: 2, name: 'Player2', score: 25, handCount: 13 },
  isSamePlayer: false
}
[calculateFinalRankings] 应用最终规则后: {
  firstPlayer: { id: 3, name: 'Player3', score: -9, adjustment: '+30' },
  lastPlayer: { id: 2, name: 'Player2', score: -5, adjustment: '-30' },
  totalAdjustment: 0
}
[calculateFinalRankings] 排序后的玩家顺序（按手牌数，然后按finishOrder）: {
  rankings: [
    {
      rank: 1,
      playerId: 3,
      playerName: 'Player3',
      handCount: 2,
      finishOrderIndex: -1,
      score: -39
    },
    {
      rank: 2,
      playerId: 0,
      playerName: 'Player0',
      handCount: 4,
      finishOrderIndex: -1,
      score: -94
    },
    {
      rank: 3,
      playerId: 1,
      playerName: 'Player1',
      handCount: 7,
      finishOrderIndex: -1,
      score: 96
    },
    {
      rank: 4,
      playerId: 2,
      playerName: 'Player2',
      handCount: 13,
      finishOrderIndex: -1,
      score: 25
    }
  ],
  finishOrder: []
}
[calculateFinalRankings] 应用最终规则前: {
  firstPlayer: { id: 3, name: 'Player3', score: -39, handCount: 2 },
  lastPlayer: { id: 2, name: 'Player2', score: 25, handCount: 13 },
  isSamePlayer: false
}
[calculateFinalRankings] 应用最终规则后: {
  firstPlayer: { id: 3, name: 'Player3', score: -9, adjustment: '+30' },
  lastPlayer: { id: 2, name: 'Player2', score: -5, adjustment: '-30' },
  totalAdjustment: 0
}
[calculateFinalRankings] 排序后的玩家顺序（按手牌数，然后按finishOrder）: {
  rankings: [
    {
      rank: 1,
      playerId: 1,
      playerName: 'Player1',
      handCount: 8,
      finishOrderIndex: -1,
      score: 65
    },
    {
      rank: 2,
      playerId: 0,
      playerName: 'Player0',
      handCount: 13,
      finishOrderIndex: -1,
      score: -90
    }
  ],
  finishOrder: []
}
[calculateFinalRankings] 应用最终规则前: {
  firstPlayer: { id: 1, name: 'Player1', score: 65, handCount: 8 },
  lastPlayer: { id: 0, name: 'Player0', score: -90, handCount: 13 },
  isSamePlayer: false
}
[calculateFinalRankings] 应用最终规则后: {
  firstPlayer: { id: 1, name: 'Player1', score: 95, adjustment: '+30' },
  lastPlayer: { id: 0, name: 'Player0', score: -120, adjustment: '-30' },
  totalAdjustment: 0
}
[calculateFinalRankings] 排序后的玩家顺序（按手牌数，然后按finishOrder）: {
  rankings: [
    {
      rank: 1,
      playerId: 1,
      playerName: 'Player1',
      handCount: 8,
      finishOrderIndex: -1,
      score: 65
    },
    {
      rank: 2,
      playerId: 0,
      playerName: 'Player0',
      handCount: 13,
      finishOrderIndex: -1,
      score: -90
    }
  ],
  finishOrder: []
}
[calculateFinalRankings] 应用最终规则前: {
  firstPlayer: { id: 1, name: 'Player1', score: 65, handCount: 8 },
  lastPlayer: { id: 0, name: 'Player0', score: -90, handCount: 13 },
  isSamePlayer: false
}
[calculateFinalRankings] 应用最终规则后: {
  firstPlayer: { id: 1, name: 'Player1', score: 95, adjustment: '+30' },
  lastPlayer: { id: 0, name: 'Player0', score: -120, adjustment: '-30' },
  totalAdjustment: 0
}
[calculateFinalRankings] 排序后的玩家顺序（按手牌数，然后按finishOrder）: {
  rankings: [
    {
      rank: 1,
      playerId: 0,
      playerName: 'Player0',
      handCount: 1,
      finishOrderIndex: -1,
      score: -98
    },
    {
      rank: 2,
      playerId: 1,
      playerName: 'Player1',
      handCount: 4,
      finishOrderIndex: -1,
      score: -1
    },
    {
      rank: 3,
      playerId: 3,
      playerName: 'Player3',
      handCount: 9,
      finishOrderIndex: -1,
      score: -63
    },
    {
      rank: 4,
      playerId: 2,
      playerName: 'Player2',
      handCount: 10,
      finishOrderIndex: -1,
      score: -59
    }
  ],
  finishOrder: []
}
[calculateFinalRankings] 应用最终规则前: {
  firstPlayer: { id: 0, name: 'Player0', score: -98, handCount: 1 },
  lastPlayer: { id: 2, name: 'Player2', score: -59, handCount: 10 },
  isSamePlayer: false
}
[calculateFinalRankings] 应用最终规则后: {
  firstPlayer: { id: 0, name: 'Player0', score: -68, adjustment: '+30' },
  lastPlayer: { id: 2, name: 'Player2', score: -89, adjustment: '-30' },
  totalAdjustment: 0
}
[calculateFinalRankings] 排序后的玩家顺序（按手牌数，然后按finishOrder）: {
  rankings: [
    {
      rank: 1,
      playerId: 0,
      playerName: 'Player0',
      handCount: 1,
      finishOrderIndex: -1,
      score: -98
    },
    {
      rank: 2,
      playerId: 1,
      playerName: 'Player1',
      handCount: 4,
      finishOrderIndex: -1,
      score: -1
    },
    {
      rank: 3,
      playerId: 3,
      playerName: 'Player3',
      handCount: 9,
      finishOrderIndex: -1,
      score: -63
    },
    {
      rank: 4,
      playerId: 2,
      playerName: 'Player2',
      handCount: 10,
      finishOrderIndex: -1,
      score: -59
    }
  ],
  finishOrder: []
}
[calculateFinalRankings] 应用最终规则前: {
  firstPlayer: { id: 0, name: 'Player0', score: -98, handCount: 1 },
  lastPlayer: { id: 2, name: 'Player2', score: -59, handCount: 10 },
  isSamePlayer: false
}
[calculateFinalRankings] 应用最终规则后: {
  firstPlayer: { id: 0, name: 'Player0', score: -68, adjustment: '+30' },
  lastPlayer: { id: 2, name: 'Player2', score: -89, adjustment: '-30' },
  totalAdjustment: 0
}
[calculateFinalRankings] 排序后的玩家顺序（按手牌数，然后按finishOrder）: {
  rankings: [
    {
      rank: 1,
      playerId: 3,
      playerName: 'Player3',
      handCount: 3,
      finishOrderIndex: -1,
      score: 87
    },
    {
      rank: 2,
      playerId: 4,
      playerName: 'Player4',
      handCount: 3,
      finishOrderIndex: -1,
      score: -44
    },
    {
      rank: 3,
      playerId: 2,
      playerName: 'Player2',
      handCount: 5,
      finishOrderIndex: -1,
      score: 88
    },
    {
      rank: 4,
      playerId: 0,
      playerName: 'Player0',
      handCount: 9,
      finishOrderIndex: -1,
      score: 15
    },
    {
      rank: 5,
      playerId: 1,
      playerName: 'Player1',
      handCount: 11,
      finishOrderIndex: -1,
      score: 14
    },
    {
      rank: 6,
      playerId: 5,
      playerName: 'Player5',
      handCount: 11,
      finishOrderIndex: -1,
      score: 42
    }
  ],
  finishOrder: []
}
[calculateFinalRankings] 应用最终规则前: {
  firstPlayer: { id: 3, name: 'Player3', score: 87, handCount: 3 },
  lastPlayer: { id: 5, name: 'Player5', score: 42, handCount: 11 },
  isSamePlayer: false
}
[calculateFinalRankings] 应用最终规则后: {
  firstPlayer: { id: 3, name: 'Player3', score: 117, adjustment: '+30' },
  lastPlayer: { id: 5, name: 'Player5', score: 12, adjustment: '-30' },
  totalAdjustment: 0
}
[calculateFinalRankings] 排序后的玩家顺序（按手牌数，然后按finishOrder）: {
  rankings: [
    {
      rank: 1,
      playerId: 3,
      playerName: 'Player3',
      handCount: 3,
      finishOrderIndex: -1,
      score: 87
    },
    {
      rank: 2,
      playerId: 4,
      playerName: 'Player4',
      handCount: 3,
      finishOrderIndex: -1,
      score: -44
    },
    {
      rank: 3,
      playerId: 2,
      playerName: 'Player2',
      handCount: 5,
      finishOrderIndex: -1,
      score: 88
    },
    {
      rank: 4,
      playerId: 0,
      playerName: 'Player0',
      handCount: 9,
      finishOrderIndex: -1,
      score: 15
    },
    {
      rank: 5,
      playerId: 1,
      playerName: 'Player1',
      handCount: 11,
      finishOrderIndex: -1,
      score: 14
    },
    {
      rank: 6,
      playerId: 5,
      playerName: 'Player5',
      handCount: 11,
      finishOrderIndex: -1,
      score: 42
    }
  ],
  finishOrder: []
}
[calculateFinalRankings] 应用最终规则前: {
  firstPlayer: { id: 3, name: 'Player3', score: 87, handCount: 3 },
  lastPlayer: { id: 5, name: 'Player5', score: 42, handCount: 11 },
  isSamePlayer: false
}
[calculateFinalRankings] 应用最终规则后: {
  firstPlayer: { id: 3, name: 'Player3', score: 117, adjustment: '+30' },
  lastPlayer: { id: 5, name: 'Player5', score: 12, adjustment: '-30' },
  totalAdjustment: 0
}
[calculateFinalRankings] 排序后的玩家顺序（按手牌数，然后按finishOrder）: {
  rankings: [
    {
      rank: 1,
      playerId: 0,
      playerName: 'Player0',
      handCount: 3,
      finishOrderIndex: -1,
      score: 81
    },
    {
      rank: 2,
      playerId: 1,
      playerName: 'Player1',
      handCount: 3,
      finishOrderIndex: -1,
      score: 21
    },
    {
      rank: 3,
      playerId: 2,
      playerName: 'Player2',
      handCount: 3,
      finishOrderIndex: -1,
      score: -60
    },
    {
      rank: 4,
      playerId: 3,
      playerName: 'Player3',
      handCount: 3,
      finishOrderIndex: -1,
      score: 88
    }
  ],
  finishOrder: []
}
[calculateFinalRankings] 应用最终规则前: {
  firstPlayer: { id: 0, name: 'Player0', score: 81, handCount: 3 },
  lastPlayer: { id: 3, name: 'Player3', score: 88, handCount: 3 },
  isSamePlayer: false
}
[calculateFinalRankings] 应用最终规则后: {
  firstPlayer: { id: 0, name: 'Player0', score: 111, adjustment: '+30' },
  lastPlayer: { id: 3, name: 'Player3', score: 58, adjustment: '-30' },
  totalAdjustment: 0
}
[calculateFinalRankings] 排序后的玩家顺序（按手牌数，然后按finishOrder）: {
  rankings: [
    {
      rank: 1,
      playerId: 0,
      playerName: 'Player0',
      handCount: 3,
      finishOrderIndex: -1,
      score: 81
    },
    {
      rank: 2,
      playerId: 1,
      playerName: 'Player1',
      handCount: 3,
      finishOrderIndex: -1,
      score: 21
    },
    {
      rank: 3,
      playerId: 2,
      playerName: 'Player2',
      handCount: 3,
      finishOrderIndex: -1,
      score: -60
    },
    {
      rank: 4,
      playerId: 3,
      playerName: 'Player3',
      handCount: 3,
      finishOrderIndex: -1,
      score: 88
    }
  ],
  finishOrder: []
}
[calculateFinalRankings] 应用最终规则前: {
  firstPlayer: { id: 0, name: 'Player0', score: 81, handCount: 3 },
  lastPlayer: { id: 3, name: 'Player3', score: 88, handCount: 3 },
  isSamePlayer: false
}
[calculateFinalRankings] 应用最终规则后: {
  firstPlayer: { id: 0, name: 'Player0', score: 111, adjustment: '+30' },
  lastPlayer: { id: 3, name: 'Player3', score: 58, adjustment: '-30' },
  totalAdjustment: 0
}
[calculateFinalRankings] 排序后的玩家顺序（按手牌数，然后按finishOrder）: {
  rankings: [
    {
      rank: 1,
      playerId: 0,
      playerName: 'Player0',
      handCount: 3,
      finishOrderIndex: -1,
      score: -4
    },
    {
      rank: 2,
      playerId: 1,
      playerName: 'Player1',
      handCount: 3,
      finishOrderIndex: -1,
      score: -69
    }
  ],
  finishOrder: []
}
[calculateFinalRankings] 应用最终规则前: {
  firstPlayer: { id: 0, name: 'Player0', score: -4, handCount: 3 },
  lastPlayer: { id: 1, name: 'Player1', score: -69, handCount: 3 },
  isSamePlayer: false
}
[calculateFinalRankings] 应用最终规则后: {
  firstPlayer: { id: 0, name: 'Player0', score: 26, adjustment: '+30' },
  lastPlayer: { id: 1, name: 'Player1', score: -99, adjustment: '-30' },
  totalAdjustment: 0
}
[calculateFinalRankings] 排序后的玩家顺序（按手牌数，然后按finishOrder）: {
  rankings: [
    {
      rank: 1,
      playerId: 0,
      playerName: 'Player0',
      handCount: 3,
      finishOrderIndex: -1,
      score: -4
    },
    {
      rank: 2,
      playerId: 1,
      playerName: 'Player1',
      handCount: 3,
      finishOrderIndex: -1,
      score: -69
    }
  ],
  finishOrder: []
}
[calculateFinalRankings] 应用最终规则前: {
  firstPlayer: { id: 0, name: 'Player0', score: -4, handCount: 3 },
  lastPlayer: { id: 1, name: 'Player1', score: -69, handCount: 3 },
  isSamePlayer: false
}
[calculateFinalRankings] 应用最终规则后: {
  firstPlayer: { id: 0, name: 'Player0', score: 26, adjustment: '+30' },
  lastPlayer: { id: 1, name: 'Player1', score: -99, adjustment: '-30' },
  totalAdjustment: 0
}
[calculateFinalRankings] 排序后的玩家顺序（按手牌数，然后按finishOrder）: {
  rankings: [
    {
      rank: 1,
      playerId: 2,
      playerName: 'Player2',
      handCount: 0,
      finishOrderIndex: 0,
      score: 28
    },
    {
      rank: 2,
      playerId: 3,
      playerName: 'Player3',
      handCount: 1,
      finishOrderIndex: -1,
      score: 6
    },
    {
      rank: 3,
      playerId: 4,
      playerName: 'Player4',
      handCount: 4,
      finishOrderIndex: -1,
      score: -98
    },
    {
      rank: 4,
      playerId: 1,
      playerName: 'Player1',
      handCount: 9,
      finishOrderIndex: -1,
      score: -99
    },
    {
      rank: 5,
      playerId: 0,
      playerName: 'Player0',
      handCount: 13,
      finishOrderIndex: -1,
      score: -38
    },
    {
      rank: 6,
      playerId: 5,
      playerName: 'Player5',
      handCount: 13,
      finishOrderIndex: -1,
      score: -86
    }
  ],
  finishOrder: [ 2 ]
}
[calculateFinalRankings] 应用最终规则前: {
  firstPlayer: { id: 2, name: 'Player2', score: 28, handCount: 0 },
  lastPlayer: { id: 5, name: 'Player5', score: -86, handCount: 13 },
  isSamePlayer: false
}
[calculateFinalRankings] 应用最终规则后: {
  firstPlayer: { id: 2, name: 'Player2', score: 58, adjustment: '+30' },
  lastPlayer: { id: 5, name: 'Player5', score: -116, adjustment: '-30' },
  totalAdjustment: 0
}
[calculateFinalRankings] 排序后的玩家顺序（按手牌数，然后按finishOrder）: {
  rankings: [
    {
      rank: 1,
      playerId: 2,
      playerName: 'Player2',
      handCount: 0,
      finishOrderIndex: 0,
      score: 28
    },
    {
      rank: 2,
      playerId: 3,
      playerName: 'Player3',
      handCount: 1,
      finishOrderIndex: -1,
      score: 6
    },
    {
      rank: 3,
      playerId: 4,
      playerName: 'Player4',
      handCount: 4,
      finishOrderIndex: -1,
      score: -98
    },
    {
      rank: 4,
      playerId: 1,
      playerName: 'Player1',
      handCount: 9,
      finishOrderIndex: -1,
      score: -99
    },
    {
      rank: 5,
      playerId: 0,
      playerName: 'Player0',
      handCount: 13,
      finishOrderIndex: -1,
      score: -38
    },
    {
      rank: 6,
      playerId: 5,
      playerName: 'Player5',
      handCount: 13,
      finishOrderIndex: -1,
      score: -86
    }
  ],
  finishOrder: [ 2 ]
}
[calculateFinalRankings] 应用最终规则前: {
  firstPlayer: { id: 2, name: 'Player2', score: 28, handCount: 0 },
  lastPlayer: { id: 5, name: 'Player5', score: -86, handCount: 13 },
  isSamePlayer: false
}
[calculateFinalRankings] 应用最终规则后: {
  firstPlayer: { id: 2, name: 'Player2', score: 58, adjustment: '+30' },
  lastPlayer: { id: 5, name: 'Player5', score: -116, adjustment: '-30' },
  totalAdjustment: 0
}
[calculateFinalRankings] 排序后的玩家顺序（按手牌数，然后按finishOrder）: {
  rankings: [
    {
      rank: 1,
      playerId: 1,
      playerName: 'Player1',
      handCount: 0,
      finishOrderIndex: 0,
      score: 54
    },
    {
      rank: 2,
      playerId: 2,
      playerName: 'Player2',
      handCount: 0,
      finishOrderIndex: 1,
      score: -73
    },
    {
      rank: 3,
      playerId: 3,
      playerName: 'Player3',
      handCount: 1,
      finishOrderIndex: -1,
      score: -26
    },
    {
      rank: 4,
      playerId: 0,
      playerName: 'Player0',
      handCount: 12,
      finishOrderIndex: -1,
      score: 68
    }
  ],
  finishOrder: [ 1, 2 ]
}
[calculateFinalRankings] 应用最终规则前: {
  firstPlayer: { id: 1, name: 'Player1', score: 54, handCount: 0 },
  lastPlayer: { id: 0, name: 'Player0', score: 68, handCount: 12 },
  isSamePlayer: false
}
[calculateFinalRankings] 应用最终规则后: {
  firstPlayer: { id: 1, name: 'Player1', score: 84, adjustment: '+30' },
  lastPlayer: { id: 0, name: 'Player0', score: 38, adjustment: '-30' },
  totalAdjustment: 0
}
[calculateFinalRankings] 排序后的玩家顺序（按手牌数，然后按finishOrder）: {
  rankings: [
    {
      rank: 1,
      playerId: 1,
      playerName: 'Player1',
      handCount: 0,
      finishOrderIndex: 0,
      score: 54
    },
    {
      rank: 2,
      playerId: 2,
      playerName: 'Player2',
      handCount: 0,
      finishOrderIndex: 1,
      score: -73
    },
    {
      rank: 3,
      playerId: 3,
      playerName: 'Player3',
      handCount: 1,
      finishOrderIndex: -1,
      score: -26
    },
    {
      rank: 4,
      playerId: 0,
      playerName: 'Player0',
      handCount: 12,
      finishOrderIndex: -1,
      score: 68
    }
  ],
  finishOrder: [ 1, 2 ]
}
[calculateFinalRankings] 应用最终规则前: {
  firstPlayer: { id: 1, name: 'Player1', score: 54, handCount: 0 },
  lastPlayer: { id: 0, name: 'Player0', score: 68, handCount: 12 },
  isSamePlayer: false
}
[calculateFinalRankings] 应用最终规则后: {
  firstPlayer: { id: 1, name: 'Player1', score: 84, adjustment: '+30' },
  lastPlayer: { id: 0, name: 'Player0', score: 38, adjustment: '-30' },
  totalAdjustment: 0
}
[calculateFinalRankings] 排序后的玩家顺序（按手牌数，然后按finishOrder）: {
  rankings: [
    {
      rank: 1,
      playerId: 1,
      playerName: 'Player1',
      handCount: 0,
      finishOrderIndex: 0,
      score: -9
    },
    {
      rank: 2,
      playerId: 0,
      playerName: 'Player0',
      handCount: 8,
      finishOrderIndex: -1,
      score: 3
    }
  ],
  finishOrder: [ 1 ]
}
[calculateFinalRankings] 应用最终规则前: {
  firstPlayer: { id: 1, name: 'Player1', score: -9, handCount: 0 },
  lastPlayer: { id: 0, name: 'Player0', score: 3, handCount: 8 },
  isSamePlayer: false
}
[calculateFinalRankings] 应用最终规则后: {
  firstPlayer: { id: 1, name: 'Player1', score: 21, adjustment: '+30' },
  lastPlayer: { id: 0, name: 'Player0', score: -27, adjustment: '-30' },
  totalAdjustment: 0
}
[calculateFinalRankings] 排序后的玩家顺序（按手牌数，然后按finishOrder）: {
  rankings: [
    {
      rank: 1,
      playerId: 1,
      playerName: 'Player1',
      handCount: 0,
      finishOrderIndex: 0,
      score: -9
    },
    {
      rank: 2,
      playerId: 0,
      playerName: 'Player0',
      handCount: 8,
      finishOrderIndex: -1,
      score: 3
    }
  ],
  finishOrder: [ 1 ]
}
[calculateFinalRankings] 应用最终规则前: {
  firstPlayer: { id: 1, name: 'Player1', score: -9, handCount: 0 },
  lastPlayer: { id: 0, name: 'Player0', score: 3, handCount: 8 },
  isSamePlayer: false
}
[calculateFinalRankings] 应用最终规则后: {
  firstPlayer: { id: 1, name: 'Player1', score: 21, adjustment: '+30' },
  lastPlayer: { id: 0, name: 'Player0', score: -27, adjustment: '-30' },
  totalAdjustment: 0
}
[calculateFinalRankings] 排序后的玩家顺序（按手牌数，然后按finishOrder）: {
  rankings: [
    {
      rank: 1,
      playerId: 2,
      playerName: 'Player2',
      handCount: 2,
      finishOrderIndex: -1,
      score: 61
    },
    {
      rank: 2,
      playerId: 3,
      playerName: 'Player3',
      handCount: 3,
      finishOrderIndex: -1,
      score: 68
    },
    {
      rank: 3,
      playerId: 0,
      playerName: 'Player0',
      handCount: 4,
      finishOrderIndex: -1,
      score: -38
    },
    {
      rank: 4,
      playerId: 1,
      playerName: 'Player1',
      handCount: 11,
      finishOrderIndex: -1,
      score: -18
    }
  ],
  finishOrder: []
}
[calculateFinalRankings] 应用最终规则前: {
  firstPlayer: { id: 2, name: 'Player2', score: 61, handCount: 2 },
  lastPlayer: { id: 1, name: 'Player1', score: -18, handCount: 11 },
  isSamePlayer: false
}
[calculateFinalRankings] 应用最终规则后: {
  firstPlayer: { id: 2, name: 'Player2', score: 91, adjustment: '+30' },
  lastPlayer: { id: 1, name: 'Player1', score: -48, adjustment: '-30' },
  totalAdjustment: 0
}
[calculateFinalRankings] 排序后的玩家顺序（按手牌数，然后按finishOrder）: {
  rankings: [
    {
      rank: 1,
      playerId: 2,
      playerName: 'Player2',
      handCount: 2,
      finishOrderIndex: -1,
      score: 61
    },
    {
      rank: 2,
      playerId: 3,
      playerName: 'Player3',
      handCount: 3,
      finishOrderIndex: -1,
      score: 68
    },
    {
      rank: 3,
      playerId: 0,
      playerName: 'Player0',
      handCount: 4,
      finishOrderIndex: -1,
      score: -38
    },
    {
      rank: 4,
      playerId: 1,
      playerName: 'Player1',
      handCount: 11,
      finishOrderIndex: -1,
      score: -18
    }
  ],
  finishOrder: []
}
[calculateFinalRankings] 应用最终规则前: {
  firstPlayer: { id: 2, name: 'Player2', score: 61, handCount: 2 },
  lastPlayer: { id: 1, name: 'Player1', score: -18, handCount: 11 },
  isSamePlayer: false
}
[calculateFinalRankings] 应用最终规则后: {
  firstPlayer: { id: 2, name: 'Player2', score: 91, adjustment: '+30' },
  lastPlayer: { id: 1, name: 'Player1', score: -48, adjustment: '-30' },
  totalAdjustment: 0
}
[calculateFinalRankings] 排序后的玩家顺序（按手牌数，然后按finishOrder）: {
  rankings: [
    {
      rank: 1,
      playerId: 1,
      playerName: 'Player1',
      handCount: 10,
      finishOrderIndex: -1,
      score: -19
    },
    {
      rank: 2,
      playerId: 0,
      playerName: 'Player0',
      handCount: 13,
      finishOrderIndex: -1,
      score: 44
    }
  ],
  finishOrder: []
}
[calculateFinalRankings] 应用最终规则前: {
  firstPlayer: { id: 1, name: 'Player1', score: -19, handCount: 10 },
  lastPlayer: { id: 0, name: 'Player0', score: 44, handCount: 13 },
  isSamePlayer: false
}
[calculateFinalRankings] 应用最终规则后: {
  firstPlayer: { id: 1, name: 'Player1', score: 11, adjustment: '+30' },
  lastPlayer: { id: 0, name: 'Player0', score: 14, adjustment: '-30' },
  totalAdjustment: 0
}
[calculateFinalRankings] 排序后的玩家顺序（按手牌数，然后按finishOrder）: {
  rankings: [
    {
      rank: 1,
      playerId: 1,
      playerName: 'Player1',
      handCount: 10,
      finishOrderIndex: -1,
      score: -19
    },
    {
      rank: 2,
      playerId: 0,
      playerName: 'Player0',
      handCount: 13,
      finishOrderIndex: -1,
      score: 44
    }
  ],
  finishOrder: []
}
[calculateFinalRankings] 应用最终规则前: {
  firstPlayer: { id: 1, name: 'Player1', score: -19, handCount: 10 },
  lastPlayer: { id: 0, name: 'Player0', score: 44, handCount: 13 },
  isSamePlayer: false
}
[calculateFinalRankings] 应用最终规则后: {
  firstPlayer: { id: 1, name: 'Player1', score: 11, adjustment: '+30' },
  lastPlayer: { id: 0, name: 'Player0', score: 14, adjustment: '-30' },
  totalAdjustment: 0
}
[calculateFinalRankings] 排序后的玩家顺序（按手牌数，然后按finishOrder）: {
  rankings: [
    {
      rank: 1,
      playerId: 0,
      playerName: 'Player0',
      handCount: 9,
      finishOrderIndex: -1,
      score: 53
    },
    {
      rank: 2,
      playerId: 1,
      playerName: 'Player1',
      handCount: 10,
      finishOrderIndex: -1,
      score: -54
    }
  ],
  finishOrder: []
}
[calculateFinalRankings] 应用最终规则前: {
  firstPlayer: { id: 0, name: 'Player0', score: 53, handCount: 9 },
  lastPlayer: { id: 1, name: 'Player1', score: -54, handCount: 10 },
  isSamePlayer: false
}
[calculateFinalRankings] 应用最终规则后: {
  firstPlayer: { id: 0, name: 'Player0', score: 83, adjustment: '+30' },
  lastPlayer: { id: 1, name: 'Player1', score: -84, adjustment: '-30' },
  totalAdjustment: 0
}
[calculateFinalRankings] 排序后的玩家顺序（按手牌数，然后按finishOrder）: {
  rankings: [
    {
      rank: 1,
      playerId: 0,
      playerName: 'Player0',
      handCount: 9,
      finishOrderIndex: -1,
      score: 53
    },
    {
      rank: 2,
      playerId: 1,
      playerName: 'Player1',
      handCount: 10,
      finishOrderIndex: -1,
      score: -54
    }
  ],
  finishOrder: []
}
[calculateFinalRankings] 应用最终规则前: {
  firstPlayer: { id: 0, name: 'Player0', score: 53, handCount: 9 },
  lastPlayer: { id: 1, name: 'Player1', score: -54, handCount: 10 },
  isSamePlayer: false
}
[calculateFinalRankings] 应用最终规则后: {
  firstPlayer: { id: 0, name: 'Player0', score: 83, adjustment: '+30' },
  lastPlayer: { id: 1, name: 'Player1', score: -84, adjustment: '-30' },
  totalAdjustment: 0
}
Match rate: 100% (100/100)

stderr | tests/regression/pure-functions/gameRules.regression.test.ts > gameRules 回归测试 > calculateFinalRankings - 100场景 > 所有场景结果一致
[ScoreValidation] ⚠️ 分数总和不为0！总和=59 {
  totalScore: 59,
  playerCount: 4,
  finishOrderLength: 0,
  finishOrder: [],
  missingInRankings: [],
  missingInFinishOrder: [ 2, 0, 1, 3 ],
  playerDetails: [
    {
      name: 'Player2',
      id: 2,
      initialScore: 0,
      roundsWonCount: 0,
      totalRoundScore: 0,
      scoreBeforeFinalRules: 91,
      finalRuleAdjustment: 0,
      finalScore: 91,
      handCount: 7,
      finishOrder: -1,
      otherScoreSources: 91
    },
    {
      name: 'Player0',
      id: 0,
      initialScore: 0,
      roundsWonCount: 0,
      totalRoundScore: 0,
      scoreBeforeFinalRules: 50,
      finalRuleAdjustment: 0,
      finalScore: 50,
      handCount: 8,
      finishOrder: -1,
      otherScoreSources: 50
    },
    {
      name: 'Player1',
      id: 1,
      initialScore: 0,
      roundsWonCount: 0,
      totalRoundScore: 0,
      scoreBeforeFinalRules: 5,
      finalRuleAdjustment: 30,
      finalScore: 35,
      handCount: 3,
      finishOrder: -1,
      otherScoreSources: 5
    },
    {
      name: 'Player3',
      id: 3,
      initialScore: 0,
      roundsWonCount: 0,
      totalRoundScore: 0,
      scoreBeforeFinalRules: -87,
      finalRuleAdjustment: -30,
      finalScore: -117,
      handCount: 10,
      finishOrder: -1,
      otherScoreSources: -87
    }
  ],
  summary: {
    totalInitialScore: 0,
    totalRoundScore: 0,
    totalFinalRuleAdjustment: 0,
    totalOtherScoreSources: 59,
    totalFinalScore: 59,
    expectedTotal: 0
  },
  allRoundsInfo: [
    { playerName: 'Player2', roundsWon: [] },
    { playerName: 'Player0', roundsWon: [] },
    { playerName: 'Player1', roundsWon: [] },
    { playerName: 'Player3', roundsWon: [] }
  ]
}
[ScoreValidation] ⚠️ 分数总和不为0！总和=59 {
  totalScore: 59,
  playerCount: 4,
  finishOrderLength: 0,
  finishOrder: [],
  missingInRankings: [],
  missingInFinishOrder: [ 2, 0, 1, 3 ],
  playerDetails: [
    {
      name: 'Player2',
      id: 2,
      initialScore: 0,
      roundsWonCount: 0,
      totalRoundScore: 0,
      scoreBeforeFinalRules: 91,
      finalRuleAdjustment: 0,
      finalScore: 91,
      handCount: 7,
      finishOrder: -1,
      otherScoreSources: 91
    },
    {
      name: 'Player0',
      id: 0,
      initialScore: 0,
      roundsWonCount: 0,
      totalRoundScore: 0,
      scoreBeforeFinalRules: 50,
      finalRuleAdjustment: 0,
      finalScore: 50,
      handCount: 8,
      finishOrder: -1,
      otherScoreSources: 50
    },
    {
      name: 'Player1',
      id: 1,
      initialScore: 0,
      roundsWonCount: 0,
      totalRoundScore: 0,
      scoreBeforeFinalRules: 5,
      finalRuleAdjustment: 30,
      finalScore: 35,
      handCount: 3,
      finishOrder: -1,
      otherScoreSources: 5
    },
    {
      name: 'Player3',
      id: 3,
      initialScore: 0,
      roundsWonCount: 0,
      totalRoundScore: 0,
      scoreBeforeFinalRules: -87,
      finalRuleAdjustment: -30,
      finalScore: -117,
      handCount: 10,
      finishOrder: -1,
      otherScoreSources: -87
    }
  ],
  summary: {
    totalInitialScore: 0,
    totalRoundScore: 0,
    totalFinalRuleAdjustment: 0,
    totalOtherScoreSources: 59,
    totalFinalScore: 59,
    expectedTotal: 0
  },
  allRoundsInfo: [
    { playerName: 'Player2', roundsWon: [] },
    { playerName: 'Player0', roundsWon: [] },
    { playerName: 'Player1', roundsWon: [] },
    { playerName: 'Player3', roundsWon: [] }
  ]
}
[ScoreValidation] ⚠️ 分数总和不为0！总和=4 {
  totalScore: 4,
  playerCount: 6,
  finishOrderLength: 1,
  finishOrder: [ 3 ],
  missingInRankings: [],
  missingInFinishOrder: [ 5, 0, 2, 1, 4 ],
  playerDetails: [
    {
      name: 'Player5',
      id: 5,
      initialScore: 0,
      roundsWonCount: 0,
      totalRoundScore: 0,
      scoreBeforeFinalRules: 90,
      finalRuleAdjustment: 0,
      finalScore: 90,
      handCount: 2,
      finishOrder: -1,
      otherScoreSources: 90
    },
    {
      name: 'Player3',
      id: 3,
      initialScore: 0,
      roundsWonCount: 0,
      totalRoundScore: 0,
      scoreBeforeFinalRules: -3,
      finalRuleAdjustment: 30,
      finalScore: 27,
      handCount: 0,
      finishOrder: 0,
      otherScoreSources: -3
    },
    {
      name: 'Player0',
      id: 0,
      initialScore: 0,
      roundsWonCount: 0,
      totalRoundScore: 0,
      scoreBeforeFinalRules: 5,
      finalRuleAdjustment: 0,
      finalScore: 5,
      handCount: 3,
      finishOrder: -1,
      otherScoreSources: 5
    },
    {
      name: 'Player2',
      id: 2,
      initialScore: 0,
      roundsWonCount: 0,
      totalRoundScore: 0,
      scoreBeforeFinalRules: -27,
      finalRuleAdjustment: 0,
      finalScore: -27,
      handCount: 7,
      finishOrder: -1,
      otherScoreSources: -27
    },
    {
      name: 'Player1',
      id: 1,
      initialScore: 0,
      roundsWonCount: 0,
      totalRoundScore: 0,
      scoreBeforeFinalRules: -43,
      finalRuleAdjustment: 0,
      finalScore: -43,
      handCount: 11,
      finishOrder: -1,
      otherScoreSources: -43
    },
    {
      name: 'Player4',
      id: 4,
      initialScore: 0,
      roundsWonCount: 0,
      totalRoundScore: 0,
      scoreBeforeFinalRules: -18,
      finalRuleAdjustment: -30,
      finalScore: -48,
      handCount: 12,
      finishOrder: -1,
      otherScoreSources: -18
    }
  ],
  summary: {
    totalInitialScore: 0,
    totalRoundScore: 0,
    totalFinalRuleAdjustment: 0,
    totalOtherScoreSources: 4,
    totalFinalScore: 4,
    expectedTotal: 0
  },
  allRoundsInfo: [
    { playerName: 'Player5', roundsWon: [] },
    { playerName: 'Player3', roundsWon: [] },
    { playerName: 'Player0', roundsWon: [] },
    { playerName: 'Player2', roundsWon: [] },
    { playerName: 'Player1', roundsWon: [] },
    { playerName: 'Player4', roundsWon: [] }
  ]
}
[ScoreValidation] ⚠️ 分数总和不为0！总和=4 {
  totalScore: 4,
  playerCount: 6,
  finishOrderLength: 1,
  finishOrder: [ 3 ],
  missingInRankings: [],
  missingInFinishOrder: [ 5, 0, 2, 1, 4 ],
  playerDetails: [
    {
      name: 'Player5',
      id: 5,
      initialScore: 0,
      roundsWonCount: 0,
      totalRoundScore: 0,
      scoreBeforeFinalRules: 90,
      finalRuleAdjustment: 0,
      finalScore: 90,
      handCount: 2,
      finishOrder: -1,
      otherScoreSources: 90
    },
    {
      name: 'Player3',
      id: 3,
      initialScore: 0,
      roundsWonCount: 0,
      totalRoundScore: 0,
      scoreBeforeFinalRules: -3,
      finalRuleAdjustment: 30,
      finalScore: 27,
      handCount: 0,
      finishOrder: 0,
      otherScoreSources: -3
    },
    {
      name: 'Player0',
      id: 0,
      initialScore: 0,
      roundsWonCount: 0,
      totalRoundScore: 0,
      scoreBeforeFinalRules: 5,
      finalRuleAdjustment: 0,
      finalScore: 5,
      handCount: 3,
      finishOrder: -1,
      otherScoreSources: 5
    },
    {
      name: 'Player2',
      id: 2,
      initialScore: 0,
      roundsWonCount: 0,
      totalRoundScore: 0,
      scoreBeforeFinalRules: -27,
      finalRuleAdjustment: 0,
      finalScore: -27,
      handCount: 7,
      finishOrder: -1,
      otherScoreSources: -27
    },
    {
      name: 'Player1',
      id: 1,
      initialScore: 0,
      roundsWonCount: 0,
      totalRoundScore: 0,
      scoreBeforeFinalRules: -43,
      finalRuleAdjustment: 0,
      finalScore: -43,
      handCount: 11,
      finishOrder: -1,
      otherScoreSources: -43
    },
    {
      name: 'Player4',
      id: 4,
      initialScore: 0,
      roundsWonCount: 0,
      totalRoundScore: 0,
      scoreBeforeFinalRules: -18,
      finalRuleAdjustment: -30,
      finalScore: -48,
      handCount: 12,
      finishOrder: -1,
      otherScoreSources: -18
    }
  ],
  summary: {
    totalInitialScore: 0,
    totalRoundScore: 0,
    totalFinalRuleAdjustment: 0,
    totalOtherScoreSources: 4,
    totalFinalScore: 4,
    expectedTotal: 0
  },
  allRoundsInfo: [
    { playerName: 'Player5', roundsWon: [] },
    { playerName: 'Player3', roundsWon: [] },
    { playerName: 'Player0', roundsWon: [] },
    { playerName: 'Player2', roundsWon: [] },
    { playerName: 'Player1', roundsWon: [] },
    { playerName: 'Player4', roundsWon: [] }
  ]
}
[ScoreValidation] ⚠️ 分数总和不为0！总和=-21 {
  totalScore: -21,
  playerCount: 6,
  finishOrderLength: 0,
  finishOrder: [],
  missingInRankings: [],
  missingInFinishOrder: [ 1, 3, 5, 0, 2, 4 ],
  playerDetails: [
    {
      name: 'Player1',
      id: 1,
      initialScore: 0,
      roundsWonCount: 0,
      totalRoundScore: 0,
      scoreBeforeFinalRules: 56,
      finalRuleAdjustment: 30,
      finalScore: 86,
      handCount: 4,
      finishOrder: -1,
      otherScoreSources: 56
    },
    {
      name: 'Player3',
      id: 3,
      initialScore: 0,
      roundsWonCount: 0,
      totalRoundScore: 0,
      scoreBeforeFinalRules: 72,
      finalRuleAdjustment: 0,
      finalScore: 72,
      handCount: 5,
      finishOrder: -1,
      otherScoreSources: 72
    },
    {
      name: 'Player5',
      id: 5,
      initialScore: 0,
      roundsWonCount: 0,
      totalRoundScore: 0,
      scoreBeforeFinalRules: 9,
      finalRuleAdjustment: 0,
      finalScore: 9,
      handCount: 5,
      finishOrder: -1,
      otherScoreSources: 9
    },
    {
      name: 'Player0',
      id: 0,
      initialScore: 0,
      roundsWonCount: 0,
      totalRoundScore: 0,
      scoreBeforeFinalRules: 2,
      finalRuleAdjustment: -30,
      finalScore: -28,
      handCount: 10,
      finishOrder: -1,
      otherScoreSources: 2
    },
    {
      name: 'Player2',
      id: 2,
      initialScore: 0,
      roundsWonCount: 0,
      totalRoundScore: 0,
      scoreBeforeFinalRules: -60,
      finalRuleAdjustment: 0,
      finalScore: -60,
      handCount: 5,
      finishOrder: -1,
      otherScoreSources: -60
    },
    {
      name: 'Player4',
      id: 4,
      initialScore: 0,
      roundsWonCount: 0,
      totalRoundScore: 0,
      scoreBeforeFinalRules: -100,
      finalRuleAdjustment: 0,
      finalScore: -100,
      handCount: 8,
      finishOrder: -1,
      otherScoreSources: -100
    }
  ],
  summary: {
    totalInitialScore: 0,
    totalRoundScore: 0,
    totalFinalRuleAdjustment: 0,
    totalOtherScoreSources: -21,
    totalFinalScore: -21,
    expectedTotal: 0
  },
  allRoundsInfo: [
    { playerName: 'Player1', roundsWon: [] },
    { playerName: 'Player3', roundsWon: [] },
    { playerName: 'Player5', roundsWon: [] },
    { playerName: 'Player0', roundsWon: [] },
    { playerName: 'Player2', roundsWon: [] },
    { playerName: 'Player4', roundsWon: [] }
  ]
}
[ScoreValidation] ⚠️ 分数总和不为0！总和=-21 {
  totalScore: -21,
  playerCount: 6,
  finishOrderLength: 0,
  finishOrder: [],
  missingInRankings: [],
  missingInFinishOrder: [ 1, 3, 5, 0, 2, 4 ],
  playerDetails: [
    {
      name: 'Player1',
      id: 1,
      initialScore: 0,
      roundsWonCount: 0,
      totalRoundScore: 0,
      scoreBeforeFinalRules: 56,
      finalRuleAdjustment: 30,
      finalScore: 86,
      handCount: 4,
      finishOrder: -1,
      otherScoreSources: 56
    },
    {
      name: 'Player3',
      id: 3,
      initialScore: 0,
      roundsWonCount: 0,
      totalRoundScore: 0,
      scoreBeforeFinalRules: 72,
      finalRuleAdjustment: 0,
      finalScore: 72,
      handCount: 5,
      finishOrder: -1,
      otherScoreSources: 72
    },
    {
      name: 'Player5',
      id: 5,
      initialScore: 0,
      roundsWonCount: 0,
      totalRoundScore: 0,
      scoreBeforeFinalRules: 9,
      finalRuleAdjustment: 0,
      finalScore: 9,
      handCount: 5,
      finishOrder: -1,
      otherScoreSources: 9
    },
    {
      name: 'Player0',
      id: 0,
      initialScore: 0,
      roundsWonCount: 0,
      totalRoundScore: 0,
      scoreBeforeFinalRules: 2,
      finalRuleAdjustment: -30,
      finalScore: -28,
      handCount: 10,
      finishOrder: -1,
      otherScoreSources: 2
    },
    {
      name: 'Player2',
      id: 2,
      initialScore: 0,
      roundsWonCount: 0,
      totalRoundScore: 0,
      scoreBeforeFinalRules: -60,
      finalRuleAdjustment: 0,
      finalScore: -60,
      handCount: 5,
      finishOrder: -1,
      otherScoreSources: -60
    },
    {
      name: 'Player4',
      id: 4,
      initialScore: 0,
      roundsWonCount: 0,
      totalRoundScore: 0,
      scoreBeforeFinalRules: -100,
      finalRuleAdjustment: 0,
      finalScore: -100,
      handCount: 8,
      finishOrder: -1,
      otherScoreSources: -100
    }
  ],
  summary: {
    totalInitialScore: 0,
    totalRoundScore: 0,
    totalFinalRuleAdjustment: 0,
    totalOtherScoreSources: -21,
    totalFinalScore: -21,
    expectedTotal: 0
  },
  allRoundsInfo: [
    { playerName: 'Player1', roundsWon: [] },
    { playerName: 'Player3', roundsWon: [] },
    { playerName: 'Player5', roundsWon: [] },
    { playerName: 'Player0', roundsWon: [] },
    { playerName: 'Player2', roundsWon: [] },
    { playerName: 'Player4', roundsWon: [] }
  ]
}
[ScoreValidation] ⚠️ 分数总和不为0！总和=114 {
  totalScore: 114,
  playerCount: 6,
  finishOrderLength: 0,
  finishOrder: [],
  missingInRankings: [],
  missingInFinishOrder: [ 1, 4, 0, 3, 2, 5 ],
  playerDetails: [
    {
      name: 'Player1',
      id: 1,
      initialScore: 0,
      roundsWonCount: 0,
      totalRoundScore: 0,
      scoreBeforeFinalRules: 79,
      finalRuleAdjustment: 0,
      finalScore: 79,
      handCount: 2,
      finishOrder: -1,
      otherScoreSources: 79
    },
    {
      name: 'Player4',
      id: 4,
      initialScore: 0,
      roundsWonCount: 0,
      totalRoundScore: 0,
      scoreBeforeFinalRules: 52,
      finalRuleAdjustment: 0,
      finalScore: 52,
      handCount: 6,
      finishOrder: -1,
      otherScoreSources: 52
    },
    {
      name: 'Player0',
      id: 0,
      initialScore: 0,
      roundsWonCount: 0,
      totalRoundScore: 0,
      scoreBeforeFinalRules: 14,
      finalRuleAdjustment: 30,
      finalScore: 44,
      handCount: 1,
      finishOrder: -1,
      otherScoreSources: 14
    },
    {
      name: 'Player3',
      id: 3,
      initialScore: 0,
      roundsWonCount: 0,
      totalRoundScore: 0,
      scoreBeforeFinalRules: 23,
      finalRuleAdjustment: 0,
      finalScore: 23,
      handCount: 3,
      finishOrder: -1,
      otherScoreSources: 23
    },
    {
      name: 'Player2',
      id: 2,
      initialScore: 0,
      roundsWonCount: 0,
      totalRoundScore: 0,
      scoreBeforeFinalRules: 25,
      finalRuleAdjustment: -30,
      finalScore: -5,
      handCount: 12,
      finishOrder: -1,
      otherScoreSources: 25
    },
    {
      name: 'Player5',
      id: 5,
      initialScore: 0,
      roundsWonCount: 0,
      totalRoundScore: 0,
      scoreBeforeFinalRules: -79,
      finalRuleAdjustment: 0,
      finalScore: -79,
      handCount: 8,
      finishOrder: -1,
      otherScoreSources: -79
    }
  ],
  summary: {
    totalInitialScore: 0,
    totalRoundScore: 0,
    totalFinalRuleAdjustment: 0,
    totalOtherScoreSources: 114,
    totalFinalScore: 114,
    expectedTotal: 0
  },
  allRoundsInfo: [
    { playerName: 'Player1', roundsWon: [] },
    { playerName: 'Player4', roundsWon: [] },
    { playerName: 'Player0', roundsWon: [] },
    { playerName: 'Player3', roundsWon: [] },
    { playerName: 'Player2', roundsWon: [] },
    { playerName: 'Player5', roundsWon: [] }
  ]
}
[ScoreValidation] ⚠️ 分数总和不为0！总和=114 {
  totalScore: 114,
  playerCount: 6,
  finishOrderLength: 0,
  finishOrder: [],
  missingInRankings: [],
  missingInFinishOrder: [ 1, 4, 0, 3, 2, 5 ],
  playerDetails: [
    {
      name: 'Player1',
      id: 1,
      initialScore: 0,
      roundsWonCount: 0,
      totalRoundScore: 0,
      scoreBeforeFinalRules: 79,
      finalRuleAdjustment: 0,
      finalScore: 79,
      handCount: 2,
      finishOrder: -1,
      otherScoreSources: 79
    },
    {
      name: 'Player4',
      id: 4,
      initialScore: 0,
      roundsWonCount: 0,
      totalRoundScore: 0,
      scoreBeforeFinalRules: 52,
      finalRuleAdjustment: 0,
      finalScore: 52,
      handCount: 6,
      finishOrder: -1,
      otherScoreSources: 52
    },
    {
      name: 'Player0',
      id: 0,
      initialScore: 0,
      roundsWonCount: 0,
      totalRoundScore: 0,
      scoreBeforeFinalRules: 14,
      finalRuleAdjustment: 30,
      finalScore: 44,
      handCount: 1,
      finishOrder: -1,
      otherScoreSources: 14
    },
    {
      name: 'Player3',
      id: 3,
      initialScore: 0,
      roundsWonCount: 0,
      totalRoundScore: 0,
      scoreBeforeFinalRules: 23,
      finalRuleAdjustment: 0,
      finalScore: 23,
      handCount: 3,
      finishOrder: -1,
      otherScoreSources: 23
    },
    {
      name: 'Player2',
      id: 2,
      initialScore: 0,
      roundsWonCount: 0,
      totalRoundScore: 0,
      scoreBeforeFinalRules: 25,
      finalRuleAdjustment: -30,
      finalScore: -5,
      handCount: 12,
      finishOrder: -1,
      otherScoreSources: 25
    },
    {
      name: 'Player5',
      id: 5,
      initialScore: 0,
      roundsWonCount: 0,
      totalRoundScore: 0,
      scoreBeforeFinalRules: -79,
      finalRuleAdjustment: 0,
      finalScore: -79,
      handCount: 8,
      finishOrder: -1,
      otherScoreSources: -79
    }
  ],
  summary: {
    totalInitialScore: 0,
    totalRoundScore: 0,
    totalFinalRuleAdjustment: 0,
    totalOtherScoreSources: 114,
    totalFinalScore: 114,
    expectedTotal: 0
  },
  allRoundsInfo: [
    { playerName: 'Player1', roundsWon: [] },
    { playerName: 'Player4', roundsWon: [] },
    { playerName: 'Player0', roundsWon: [] },
    { playerName: 'Player3', roundsWon: [] },
    { playerName: 'Player2', roundsWon: [] },
    { playerName: 'Player5', roundsWon: [] }
  ]
}
[ScoreValidation] ⚠️ 分数总和不为0！总和=-15 {
  totalScore: -15,
  playerCount: 2,
  finishOrderLength: 0,
  finishOrder: [],
  missingInRankings: [],
  missingInFinishOrder: [ 1, 0 ],
  playerDetails: [
    {
      name: 'Player1',
      id: 1,
      initialScore: 0,
      roundsWonCount: 0,
      totalRoundScore: 0,
      scoreBeforeFinalRules: -13,
      finalRuleAdjustment: 30,
      finalScore: 17,
      handCount: 1,
      finishOrder: -1,
      otherScoreSources: -13
    },
    {
      name: 'Player0',
      id: 0,
      initialScore: 0,
      roundsWonCount: 0,
      totalRoundScore: 0,
      scoreBeforeFinalRules: -2,
      finalRuleAdjustment: -30,
      finalScore: -32,
      handCount: 5,
      finishOrder: -1,
      otherScoreSources: -2
    }
  ],
  summary: {
    totalInitialScore: 0,
    totalRoundScore: 0,
    totalFinalRuleAdjustment: 0,
    totalOtherScoreSources: -15,
    totalFinalScore: -15,
    expectedTotal: 0
  },
  allRoundsInfo: [
    { playerName: 'Player1', roundsWon: [] },
    { playerName: 'Player0', roundsWon: [] }
  ]
}
[ScoreValidation] ⚠️ 分数总和不为0！总和=-15 {
  totalScore: -15,
  playerCount: 2,
  finishOrderLength: 0,
  finishOrder: [],
  missingInRankings: [],
  missingInFinishOrder: [ 1, 0 ],
  playerDetails: [
    {
      name: 'Player1',
      id: 1,
      initialScore: 0,
      roundsWonCount: 0,
      totalRoundScore: 0,
      scoreBeforeFinalRules: -13,
      finalRuleAdjustment: 30,
      finalScore: 17,
      handCount: 1,
      finishOrder: -1,
      otherScoreSources: -13
    },
    {
      name: 'Player0',
      id: 0,
      initialScore: 0,
      roundsWonCount: 0,
      totalRoundScore: 0,
      scoreBeforeFinalRules: -2,
      finalRuleAdjustment: -30,
      finalScore: -32,
      handCount: 5,
      finishOrder: -1,
      otherScoreSources: -2
    }
  ],
  summary: {
    totalInitialScore: 0,
    totalRoundScore: 0,
    totalFinalRuleAdjustment: 0,
    totalOtherScoreSources: -15,
    totalFinalScore: -15,
    expectedTotal: 0
  },
  allRoundsInfo: [
    { playerName: 'Player1', roundsWon: [] },
    { playerName: 'Player0', roundsWon: [] }
  ]
}
[ScoreValidation] ⚠️ 分数总和不为0！总和=86 {
  totalScore: 86,
  playerCount: 6,
  finishOrderLength: 1,
  finishOrder: [ 3 ],
  missingInRankings: [],
  missingInFinishOrder: [ 2, 4, 1, 5, 0 ],
  playerDetails: [
    {
      name: 'Player3',
      id: 3,
      initialScore: 0,
      roundsWonCount: 0,
      totalRoundScore: 0,
      scoreBeforeFinalRules: 83,
      finalRuleAdjustment: 30,
      finalScore: 113,
      handCount: 0,
      finishOrder: 0,
      otherScoreSources: 83
    },
    {
      name: 'Player2',
      id: 2,
      initialScore: 0,
      roundsWonCount: 0,
      totalRoundScore: 0,
      scoreBeforeFinalRules: 94,
      finalRuleAdjustment: 0,
      finalScore: 94,
      handCount: 8,
      finishOrder: -1,
      otherScoreSources: 94
    },
    {
      name: 'Player4',
      id: 4,
      initialScore: 0,
      roundsWonCount: 0,
      totalRoundScore: 0,
      scoreBeforeFinalRules: 90,
      finalRuleAdjustment: 0,
      finalScore: 90,
      handCount: 4,
      finishOrder: -1,
      otherScoreSources: 90
    },
    {
      name: 'Player1',
      id: 1,
      initialScore: 0,
      roundsWonCount: 0,
      totalRoundScore: 0,
      scoreBeforeFinalRules: -18,
      finalRuleAdjustment: 0,
      finalScore: -18,
      handCount: 6,
      finishOrder: -1,
      otherScoreSources: -18
    },
    {
      name: 'Player5',
      id: 5,
      initialScore: 0,
      roundsWonCount: 0,
      totalRoundScore: 0,
      scoreBeforeFinalRules: -92,
      finalRuleAdjustment: 0,
      finalScore: -92,
      handCount: 2,
      finishOrder: -1,
      otherScoreSources: -92
    },
    {
      name: 'Player0',
      id: 0,
      initialScore: 0,
      roundsWonCount: 0,
      totalRoundScore: 0,
      scoreBeforeFinalRules: -71,
      finalRuleAdjustment: -30,
      finalScore: -101,
      handCount: 12,
      finishOrder: -1,
      otherScoreSources: -71
    }
  ],
  summary: {
    totalInitialScore: 0,
    totalRoundScore: 0,
    totalFinalRuleAdjustment: 0,
    totalOtherScoreSources: 86,
    totalFinalScore: 86,
    expectedTotal: 0
  },
  allRoundsInfo: [
    { playerName: 'Player3', roundsWon: [] },
    { playerName: 'Player2', roundsWon: [] },
    { playerName: 'Player4', roundsWon: [] },
    { playerName: 'Player1', roundsWon: [] },
    { playerName: 'Player5', roundsWon: [] },
    { playerName: 'Player0', roundsWon: [] }
  ]
}
[ScoreValidation] ⚠️ 分数总和不为0！总和=86 {
  totalScore: 86,
  playerCount: 6,
  finishOrderLength: 1,
  finishOrder: [ 3 ],
  missingInRankings: [],
  missingInFinishOrder: [ 2, 4, 1, 5, 0 ],
  playerDetails: [
    {
      name: 'Player3',
      id: 3,
      initialScore: 0,
      roundsWonCount: 0,
      totalRoundScore: 0,
      scoreBeforeFinalRules: 83,
      finalRuleAdjustment: 30,
      finalScore: 113,
      handCount: 0,
      finishOrder: 0,
      otherScoreSources: 83
    },
    {
      name: 'Player2',
      id: 2,
      initialScore: 0,
      roundsWonCount: 0,
      totalRoundScore: 0,
      scoreBeforeFinalRules: 94,
      finalRuleAdjustment: 0,
      finalScore: 94,
      handCount: 8,
      finishOrder: -1,
      otherScoreSources: 94
    },
    {
      name: 'Player4',
      id: 4,
      initialScore: 0,
      roundsWonCount: 0,
      totalRoundScore: 0,
      scoreBeforeFinalRules: 90,
      finalRuleAdjustment: 0,
      finalScore: 90,
      handCount: 4,
      finishOrder: -1,
      otherScoreSources: 90
    },
    {
      name: 'Player1',
      id: 1,
      initialScore: 0,
      roundsWonCount: 0,
      totalRoundScore: 0,
      scoreBeforeFinalRules: -18,
      finalRuleAdjustment: 0,
      finalScore: -18,
      handCount: 6,
      finishOrder: -1,
      otherScoreSources: -18
    },
    {
      name: 'Player5',
      id: 5,
      initialScore: 0,
      roundsWonCount: 0,
      totalRoundScore: 0,
      scoreBeforeFinalRules: -92,
      finalRuleAdjustment: 0,
      finalScore: -92,
      handCount: 2,
      finishOrder: -1,
      otherScoreSources: -92
    },
    {
      name: 'Player0',
      id: 0,
      initialScore: 0,
      roundsWonCount: 0,
      totalRoundScore: 0,
      scoreBeforeFinalRules: -71,
      finalRuleAdjustment: -30,
      finalScore: -101,
      handCount: 12,
      finishOrder: -1,
      otherScoreSources: -71
    }
  ],
  summary: {
    totalInitialScore: 0,
    totalRoundScore: 0,
    totalFinalRuleAdjustment: 0,
    totalOtherScoreSources: 86,
    totalFinalScore: 86,
    expectedTotal: 0
  },
  allRoundsInfo: [
    { playerName: 'Player3', roundsWon: [] },
    { playerName: 'Player2', roundsWon: [] },
    { playerName: 'Player4', roundsWon: [] },
    { playerName: 'Player1', roundsWon: [] },
    { playerName: 'Player5', roundsWon: [] },
    { playerName: 'Player0', roundsWon: [] }
  ]
}
[ScoreValidation] ⚠️ 分数总和不为0！总和=73 {
  totalScore: 73,
  playerCount: 2,
  finishOrderLength: 0,
  finishOrder: [],
  missingInRankings: [],
  missingInFinishOrder: [ 0, 1 ],
  playerDetails: [
    {
      name: 'Player0',
      id: 0,
      initialScore: 0,
      roundsWonCount: 0,
      totalRoundScore: 0,
      scoreBeforeFinalRules: 75,
      finalRuleAdjustment: -30,
      finalScore: 45,
      handCount: 9,
      finishOrder: -1,
      otherScoreSources: 75
    },
    {
      name: 'Player1',
      id: 1,
      initialScore: 0,
      roundsWonCount: 0,
      totalRoundScore: 0,
      scoreBeforeFinalRules: -2,
      finalRuleAdjustment: 30,
      finalScore: 28,
      handCount: 4,
      finishOrder: -1,
      otherScoreSources: -2
    }
  ],
  summary: {
    totalInitialScore: 0,
    totalRoundScore: 0,
    totalFinalRuleAdjustment: 0,
    totalOtherScoreSources: 73,
    totalFinalScore: 73,
    expectedTotal: 0
  },
  allRoundsInfo: [
    { playerName: 'Player0', roundsWon: [] },
    { playerName: 'Player1', roundsWon: [] }
  ]
}
[ScoreValidation] ⚠️ 分数总和不为0！总和=73 {
  totalScore: 73,
  playerCount: 2,
  finishOrderLength: 0,
  finishOrder: [],
  missingInRankings: [],
  missingInFinishOrder: [ 0, 1 ],
  playerDetails: [
    {
      name: 'Player0',
      id: 0,
      initialScore: 0,
      roundsWonCount: 0,
      totalRoundScore: 0,
      scoreBeforeFinalRules: 75,
      finalRuleAdjustment: -30,
      finalScore: 45,
      handCount: 9,
      finishOrder: -1,
      otherScoreSources: 75
    },
    {
      name: 'Player1',
      id: 1,
      initialScore: 0,
      roundsWonCount: 0,
      totalRoundScore: 0,
      scoreBeforeFinalRules: -2,
      finalRuleAdjustment: 30,
      finalScore: 28,
      handCount: 4,
      finishOrder: -1,
      otherScoreSources: -2
    }
  ],
  summary: {
    totalInitialScore: 0,
    totalRoundScore: 0,
    totalFinalRuleAdjustment: 0,
    totalOtherScoreSources: 73,
    totalFinalScore: 73,
    expectedTotal: 0
  },
  allRoundsInfo: [
    { playerName: 'Player0', roundsWon: [] },
    { playerName: 'Player1', roundsWon: [] }
  ]
}
[ScoreValidation] ⚠️ 分数总和不为0！总和=80 {
  totalScore: 80,
  playerCount: 4,
  finishOrderLength: 0,
  finishOrder: [],
  missingInRankings: [],
  missingInFinishOrder: [ 1, 2, 3, 0 ],
  playerDetails: [
    {
      name: 'Player1',
      id: 1,
      initialScore: 0,
      roundsWonCount: 0,
      totalRoundScore: 0,
      scoreBeforeFinalRules: 36,
      finalRuleAdjustment: 30,
      finalScore: 66,
      handCount: 0,
      finishOrder: -1,
      otherScoreSources: 36
    },
    {
      name: 'Player2',
      id: 2,
      initialScore: 0,
      roundsWonCount: 0,
      totalRoundScore: 0,
      scoreBeforeFinalRules: 55,
      finalRuleAdjustment: 0,
      finalScore: 55,
      handCount: 7,
      finishOrder: -1,
      otherScoreSources: 55
    },
    {
      name: 'Player3',
      id: 3,
      initialScore: 0,
      roundsWonCount: 0,
      totalRoundScore: 0,
      scoreBeforeFinalRules: 41,
      finalRuleAdjustment: 0,
      finalScore: 41,
      handCount: 9,
      finishOrder: -1,
      otherScoreSources: 41
    },
    {
      name: 'Player0',
      id: 0,
      initialScore: 0,
      roundsWonCount: 0,
      totalRoundScore: 0,
      scoreBeforeFinalRules: -52,
      finalRuleAdjustment: -30,
      finalScore: -82,
      handCount: 10,
      finishOrder: -1,
      otherScoreSources: -52
    }
  ],
  summary: {
    totalInitialScore: 0,
    totalRoundScore: 0,
    totalFinalRuleAdjustment: 0,
    totalOtherScoreSources: 80,
    totalFinalScore: 80,
    expectedTotal: 0
  },
  allRoundsInfo: [
    { playerName: 'Player1', roundsWon: [] },
    { playerName: 'Player2', roundsWon: [] },
    { playerName: 'Player3', roundsWon: [] },
    { playerName: 'Player0', roundsWon: [] }
  ]
}
[ScoreValidation] ⚠️ 分数总和不为0！总和=80 {
  totalScore: 80,
  playerCount: 4,
  finishOrderLength: 0,
  finishOrder: [],
  missingInRankings: [],
  missingInFinishOrder: [ 1, 2, 3, 0 ],
  playerDetails: [
    {
      name: 'Player1',
      id: 1,
      initialScore: 0,
      roundsWonCount: 0,
      totalRoundScore: 0,
      scoreBeforeFinalRules: 36,
      finalRuleAdjustment: 30,
      finalScore: 66,
      handCount: 0,
      finishOrder: -1,
      otherScoreSources: 36
    },
    {
      name: 'Player2',
      id: 2,
      initialScore: 0,
      roundsWonCount: 0,
      totalRoundScore: 0,
      scoreBeforeFinalRules: 55,
      finalRuleAdjustment: 0,
      finalScore: 55,
      handCount: 7,
      finishOrder: -1,
      otherScoreSources: 55
    },
    {
      name: 'Player3',
      id: 3,
      initialScore: 0,
      roundsWonCount: 0,
      totalRoundScore: 0,
      scoreBeforeFinalRules: 41,
      finalRuleAdjustment: 0,
      finalScore: 41,
      handCount: 9,
      finishOrder: -1,
      otherScoreSources: 41
    },
    {
      name: 'Player0',
      id: 0,
      initialScore: 0,
      roundsWonCount: 0,
      totalRoundScore: 0,
      scoreBeforeFinalRules: -52,
      finalRuleAdjustment: -30,
      finalScore: -82,
      handCount: 10,
      finishOrder: -1,
      otherScoreSources: -52
    }
  ],
  summary: {
    totalInitialScore: 0,
    totalRoundScore: 0,
    totalFinalRuleAdjustment: 0,
    totalOtherScoreSources: 80,
    totalFinalScore: 80,
    expectedTotal: 0
  },
  allRoundsInfo: [
    { playerName: 'Player1', roundsWon: [] },
    { playerName: 'Player2', roundsWon: [] },
    { playerName: 'Player3', roundsWon: [] },
    { playerName: 'Player0', roundsWon: [] }
  ]
}
[ScoreValidation] ⚠️ 分数总和不为0！总和=167 {
  totalScore: 167,
  playerCount: 4,
  finishOrderLength: 0,
  finishOrder: [],
  missingInRankings: [],
  missingInFinishOrder: [ 0, 1, 3, 2 ],
  playerDetails: [
    {
      name: 'Player0',
      id: 0,
      initialScore: 0,
      roundsWonCount: 0,
      totalRoundScore: 0,
      scoreBeforeFinalRules: 65,
      finalRuleAdjustment: 30,
      finalScore: 95,
      handCount: 1,
      finishOrder: -1,
      otherScoreSources: 65
    },
    {
      name: 'Player1',
      id: 1,
      initialScore: 0,
      roundsWonCount: 0,
      totalRoundScore: 0,
      scoreBeforeFinalRules: 83,
      finalRuleAdjustment: 0,
      finalScore: 83,
      handCount: 1,
      finishOrder: -1,
      otherScoreSources: 83
    },
    {
      name: 'Player3',
      id: 3,
      initialScore: 0,
      roundsWonCount: 0,
      totalRoundScore: 0,
      scoreBeforeFinalRules: 51,
      finalRuleAdjustment: -30,
      finalScore: 21,
      handCount: 13,
      finishOrder: -1,
      otherScoreSources: 51
    },
    {
      name: 'Player2',
      id: 2,
      initialScore: 0,
      roundsWonCount: 0,
      totalRoundScore: 0,
      scoreBeforeFinalRules: -32,
      finalRuleAdjustment: 0,
      finalScore: -32,
      handCount: 7,
      finishOrder: -1,
      otherScoreSources: -32
    }
  ],
  summary: {
    totalInitialScore: 0,
    totalRoundScore: 0,
    totalFinalRuleAdjustment: 0,
    totalOtherScoreSources: 167,
    totalFinalScore: 167,
    expectedTotal: 0
  },
  allRoundsInfo: [
    { playerName: 'Player0', roundsWon: [] },
    { playerName: 'Player1', roundsWon: [] },
    { playerName: 'Player3', roundsWon: [] },
    { playerName: 'Player2', roundsWon: [] }
  ]
}
[ScoreValidation] ⚠️ 分数总和不为0！总和=167 {
  totalScore: 167,
  playerCount: 4,
  finishOrderLength: 0,
  finishOrder: [],
  missingInRankings: [],
  missingInFinishOrder: [ 0, 1, 3, 2 ],
  playerDetails: [
    {
      name: 'Player0',
      id: 0,
      initialScore: 0,
      roundsWonCount: 0,
      totalRoundScore: 0,
      scoreBeforeFinalRules: 65,
      finalRuleAdjustment: 30,
      finalScore: 95,
      handCount: 1,
      finishOrder: -1,
      otherScoreSources: 65
    },
    {
      name: 'Player1',
      id: 1,
      initialScore: 0,
      roundsWonCount: 0,
      totalRoundScore: 0,
      scoreBeforeFinalRules: 83,
      finalRuleAdjustment: 0,
      finalScore: 83,
      handCount: 1,
      finishOrder: -1,
      otherScoreSources: 83
    },
    {
      name: 'Player3',
      id: 3,
      initialScore: 0,
      roundsWonCount: 0,
      totalRoundScore: 0,
      scoreBeforeFinalRules: 51,
      finalRuleAdjustment: -30,
      finalScore: 21,
      handCount: 13,
      finishOrder: -1,
      otherScoreSources: 51
    },
    {
      name: 'Player2',
      id: 2,
      initialScore: 0,
      roundsWonCount: 0,
      totalRoundScore: 0,
      scoreBeforeFinalRules: -32,
      finalRuleAdjustment: 0,
      finalScore: -32,
      handCount: 7,
      finishOrder: -1,
      otherScoreSources: -32
    }
  ],
  summary: {
    totalInitialScore: 0,
    totalRoundScore: 0,
    totalFinalRuleAdjustment: 0,
    totalOtherScoreSources: 167,
    totalFinalScore: 167,
    expectedTotal: 0
  },
  allRoundsInfo: [
    { playerName: 'Player0', roundsWon: [] },
    { playerName: 'Player1', roundsWon: [] },
    { playerName: 'Player3', roundsWon: [] },
    { playerName: 'Player2', roundsWon: [] }
  ]
}
[ScoreValidation] ⚠️ 分数总和不为0！总和=79 {
  totalScore: 79,
  playerCount: 2,
  finishOrderLength: 0,
  finishOrder: [],
  missingInRankings: [],
  missingInFinishOrder: [ 0, 1 ],
  playerDetails: [
    {
      name: 'Player0',
      id: 0,
      initialScore: 0,
      roundsWonCount: 0,
      totalRoundScore: 0,
      scoreBeforeFinalRules: 73,
      finalRuleAdjustment: 30,
      finalScore: 103,
      handCount: 13,
      finishOrder: -1,
      otherScoreSources: 73
    },
    {
      name: 'Player1',
      id: 1,
      initialScore: 0,
      roundsWonCount: 0,
      totalRoundScore: 0,
      scoreBeforeFinalRules: 6,
      finalRuleAdjustment: -30,
      finalScore: -24,
      handCount: 13,
      finishOrder: -1,
      otherScoreSources: 6
    }
  ],
  summary: {
    totalInitialScore: 0,
    totalRoundScore: 0,
    totalFinalRuleAdjustment: 0,
    totalOtherScoreSources: 79,
    totalFinalScore: 79,
    expectedTotal: 0
  },
  allRoundsInfo: [
    { playerName: 'Player0', roundsWon: [] },
    { playerName: 'Player1', roundsWon: [] }
  ]
}
[ScoreValidation] ⚠️ 分数总和不为0！总和=79 {
  totalScore: 79,
  playerCount: 2,
  finishOrderLength: 0,
  finishOrder: [],
  missingInRankings: [],
  missingInFinishOrder: [ 0, 1 ],
  playerDetails: [
    {
      name: 'Player0',
      id: 0,
      initialScore: 0,
      roundsWonCount: 0,
      totalRoundScore: 0,
      scoreBeforeFinalRules: 73,
      finalRuleAdjustment: 30,
      finalScore: 103,
      handCount: 13,
      finishOrder: -1,
      otherScoreSources: 73
    },
    {
      name: 'Player1',
      id: 1,
      initialScore: 0,
      roundsWonCount: 0,
      totalRoundScore: 0,
      scoreBeforeFinalRules: 6,
      finalRuleAdjustment: -30,
      finalScore: -24,
      handCount: 13,
      finishOrder: -1,
      otherScoreSources: 6
    }
  ],
  summary: {
    totalInitialScore: 0,
    totalRoundScore: 0,
    totalFinalRuleAdjustment: 0,
    totalOtherScoreSources: 79,
    totalFinalScore: 79,
    expectedTotal: 0
  },
  allRoundsInfo: [
    { playerName: 'Player0', roundsWon: [] },
    { playerName: 'Player1', roundsWon: [] }
  ]
}
[ScoreValidation] ⚠️ 分数总和不为0！总和=51 {
  totalScore: 51,
  playerCount: 6,
  finishOrderLength: 0,
  finishOrder: [],
  missingInRankings: [],
  missingInFinishOrder: [ 5, 2, 0, 1, 3, 4 ],
  playerDetails: [
    {
      name: 'Player5',
      id: 5,
      initialScore: 0,
      roundsWonCount: 0,
      totalRoundScore: 0,
      scoreBeforeFinalRules: 96,
      finalRuleAdjustment: 30,
      finalScore: 126,
      handCount: 3,
      finishOrder: -1,
      otherScoreSources: 96
    },
    {
      name: 'Player2',
      id: 2,
      initialScore: 0,
      roundsWonCount: 0,
      totalRoundScore: 0,
      scoreBeforeFinalRules: 47,
      finalRuleAdjustment: 0,
      finalScore: 47,
      handCount: 10,
      finishOrder: -1,
      otherScoreSources: 47
    },
    {
      name: 'Player0',
      id: 0,
      initialScore: 0,
      roundsWonCount: 0,
      totalRoundScore: 0,
      scoreBeforeFinalRules: 44,
      finalRuleAdjustment: 0,
      finalScore: 44,
      handCount: 11,
      finishOrder: -1,
      otherScoreSources: 44
    },
    {
      name: 'Player1',
      id: 1,
      initialScore: 0,
      roundsWonCount: 0,
      totalRoundScore: 0,
      scoreBeforeFinalRules: 20,
      finalRuleAdjustment: 0,
      finalScore: 20,
      handCount: 5,
      finishOrder: -1,
      otherScoreSources: 20
    },
    {
      name: 'Player3',
      id: 3,
      initialScore: 0,
      roundsWonCount: 0,
      totalRoundScore: 0,
      scoreBeforeFinalRules: -75,
      finalRuleAdjustment: 0,
      finalScore: -75,
      handCount: 11,
      finishOrder: -1,
      otherScoreSources: -75
    },
    {
      name: 'Player4',
      id: 4,
      initialScore: 0,
      roundsWonCount: 0,
      totalRoundScore: 0,
      scoreBeforeFinalRules: -81,
      finalRuleAdjustment: -30,
      finalScore: -111,
      handCount: 12,
      finishOrder: -1,
      otherScoreSources: -81
    }
  ],
  summary: {
    totalInitialScore: 0,
    totalRoundScore: 0,
    totalFinalRuleAdjustment: 0,
    totalOtherScoreSources: 51,
    totalFinalScore: 51,
    expectedTotal: 0
  },
  allRoundsInfo: [
    { playerName: 'Player5', roundsWon: [] },
    { playerName: 'Player2', roundsWon: [] },
    { playerName: 'Player0', roundsWon: [] },
    { playerName: 'Player1', roundsWon: [] },
    { playerName: 'Player3', roundsWon: [] },
    { playerName: 'Player4', roundsWon: [] }
  ]
}
[ScoreValidation] ⚠️ 分数总和不为0！总和=51 {
  totalScore: 51,
  playerCount: 6,
  finishOrderLength: 0,
  finishOrder: [],
  missingInRankings: [],
  missingInFinishOrder: [ 5, 2, 0, 1, 3, 4 ],
  playerDetails: [
    {
      name: 'Player5',
      id: 5,
      initialScore: 0,
      roundsWonCount: 0,
      totalRoundScore: 0,
      scoreBeforeFinalRules: 96,
      finalRuleAdjustment: 30,
      finalScore: 126,
      handCount: 3,
      finishOrder: -1,
      otherScoreSources: 96
    },
    {
      name: 'Player2',
      id: 2,
      initialScore: 0,
      roundsWonCount: 0,
      totalRoundScore: 0,
      scoreBeforeFinalRules: 47,
      finalRuleAdjustment: 0,
      finalScore: 47,
      handCount: 10,
      finishOrder: -1,
      otherScoreSources: 47
    },
    {
      name: 'Player0',
      id: 0,
      initialScore: 0,
      roundsWonCount: 0,
      totalRoundScore: 0,
      scoreBeforeFinalRules: 44,
      finalRuleAdjustment: 0,
      finalScore: 44,
      handCount: 11,
      finishOrder: -1,
      otherScoreSources: 44
    },
    {
      name: 'Player1',
      id: 1,
      initialScore: 0,
      roundsWonCount: 0,
      totalRoundScore: 0,
      scoreBeforeFinalRules: 20,
      finalRuleAdjustment: 0,
      finalScore: 20,
      handCount: 5,
      finishOrder: -1,
      otherScoreSources: 20
    },
    {
      name: 'Player3',
      id: 3,
      initialScore: 0,
      roundsWonCount: 0,
      totalRoundScore: 0,
      scoreBeforeFinalRules: -75,
      finalRuleAdjustment: 0,
      finalScore: -75,
      handCount: 11,
      finishOrder: -1,
      otherScoreSources: -75
    },
    {
      name: 'Player4',
      id: 4,
      initialScore: 0,
      roundsWonCount: 0,
      totalRoundScore: 0,
      scoreBeforeFinalRules: -81,
      finalRuleAdjustment: -30,
      finalScore: -111,
      handCount: 12,
      finishOrder: -1,
      otherScoreSources: -81
    }
  ],
  summary: {
    totalInitialScore: 0,
    totalRoundScore: 0,
    totalFinalRuleAdjustment: 0,
    totalOtherScoreSources: 51,
    totalFinalScore: 51,
    expectedTotal: 0
  },
  allRoundsInfo: [
    { playerName: 'Player5', roundsWon: [] },
    { playerName: 'Player2', roundsWon: [] },
    { playerName: 'Player0', roundsWon: [] },
    { playerName: 'Player1', roundsWon: [] },
    { playerName: 'Player3', roundsWon: [] },
    { playerName: 'Player4', roundsWon: [] }
  ]
}
[ScoreValidation] ⚠️ 分数总和不为0！总和=55 {
  totalScore: 55,
  playerCount: 2,
  finishOrderLength: 0,
  finishOrder: [],
  missingInRankings: [],
  missingInFinishOrder: [ 1, 0 ],
  playerDetails: [
    {
      name: 'Player1',
      id: 1,
      initialScore: 0,
      roundsWonCount: 0,
      totalRoundScore: 0,
      scoreBeforeFinalRules: 50,
      finalRuleAdjustment: 30,
      finalScore: 80,
      handCount: 10,
      finishOrder: -1,
      otherScoreSources: 50
    },
    {
      name: 'Player0',
      id: 0,
      initialScore: 0,
      roundsWonCount: 0,
      totalRoundScore: 0,
      scoreBeforeFinalRules: 5,
      finalRuleAdjustment: -30,
      finalScore: -25,
      handCount: 11,
      finishOrder: -1,
      otherScoreSources: 5
    }
  ],
  summary: {
    totalInitialScore: 0,
    totalRoundScore: 0,
    totalFinalRuleAdjustment: 0,
    totalOtherScoreSources: 55,
    totalFinalScore: 55,
    expectedTotal: 0
  },
  allRoundsInfo: [
    { playerName: 'Player1', roundsWon: [] },
    { playerName: 'Player0', roundsWon: [] }
  ]
}
[ScoreValidation] ⚠️ 分数总和不为0！总和=55 {
  totalScore: 55,
  playerCount: 2,
  finishOrderLength: 0,
  finishOrder: [],
  missingInRankings: [],
  missingInFinishOrder: [ 1, 0 ],
  playerDetails: [
    {
      name: 'Player1',
      id: 1,
      initialScore: 0,
      roundsWonCount: 0,
      totalRoundScore: 0,
      scoreBeforeFinalRules: 50,
      finalRuleAdjustment: 30,
      finalScore: 80,
      handCount: 10,
      finishOrder: -1,
      otherScoreSources: 50
    },
    {
      name: 'Player0',
      id: 0,
      initialScore: 0,
      roundsWonCount: 0,
      totalRoundScore: 0,
      scoreBeforeFinalRules: 5,
      finalRuleAdjustment: -30,
      finalScore: -25,
      handCount: 11,
      finishOrder: -1,
      otherScoreSources: 5
    }
  ],
  summary: {
    totalInitialScore: 0,
    totalRoundScore: 0,
    totalFinalRuleAdjustment: 0,
    totalOtherScoreSources: 55,
    totalFinalScore: 55,
    expectedTotal: 0
  },
  allRoundsInfo: [
    { playerName: 'Player1', roundsWon: [] },
    { playerName: 'Player0', roundsWon: [] }
  ]
}
[ScoreValidation] ⚠️ 分数总和不为0！总和=-189 {
  totalScore: -189,
  playerCount: 6,
  finishOrderLength: 0,
  finishOrder: [],
  missingInRankings: [],
  missingInFinishOrder: [ 4, 5, 3, 0, 1, 2 ],
  playerDetails: [
    {
      name: 'Player4',
      id: 4,
      initialScore: 0,
      roundsWonCount: 0,
      totalRoundScore: 0,
      scoreBeforeFinalRules: 22,
      finalRuleAdjustment: 0,
      finalScore: 22,
      handCount: 3,
      finishOrder: -1,
      otherScoreSources: 22
    },
    {
      name: 'Player5',
      id: 5,
      initialScore: 0,
      roundsWonCount: 0,
      totalRoundScore: 0,
      scoreBeforeFinalRules: -30,
      finalRuleAdjustment: 30,
      finalScore: 0,
      handCount: 1,
      finishOrder: -1,
      otherScoreSources: -30
    },
    {
      name: 'Player3',
      id: 3,
      initialScore: 0,
      roundsWonCount: 0,
      totalRoundScore: 0,
      scoreBeforeFinalRules: -12,
      finalRuleAdjustment: 0,
      finalScore: -12,
      handCount: 2,
      finishOrder: -1,
      otherScoreSources: -12
    },
    {
      name: 'Player0',
      id: 0,
      initialScore: 0,
      roundsWonCount: 0,
      totalRoundScore: 0,
      scoreBeforeFinalRules: -27,
      finalRuleAdjustment: 0,
      finalScore: -27,
      handCount: 4,
      finishOrder: -1,
      otherScoreSources: -27
    },
    {
      name: 'Player1',
      id: 1,
      initialScore: 0,
      roundsWonCount: 0,
      totalRoundScore: 0,
      scoreBeforeFinalRules: -47,
      finalRuleAdjustment: 0,
      finalScore: -47,
      handCount: 2,
      finishOrder: -1,
      otherScoreSources: -47
    },
    {
      name: 'Player2',
      id: 2,
      initialScore: 0,
      roundsWonCount: 0,
      totalRoundScore: 0,
      scoreBeforeFinalRules: -95,
      finalRuleAdjustment: -30,
      finalScore: -125,
      handCount: 5,
      finishOrder: -1,
      otherScoreSources: -95
    }
  ],
  summary: {
    totalInitialScore: 0,
    totalRoundScore: 0,
    totalFinalRuleAdjustment: 0,
    totalOtherScoreSources: -189,
    totalFinalScore: -189,
    expectedTotal: 0
  },
  allRoundsInfo: [
    { playerName: 'Player4', roundsWon: [] },
    { playerName: 'Player5', roundsWon: [] },
    { playerName: 'Player3', roundsWon: [] },
    { playerName: 'Player0', roundsWon: [] },
    { playerName: 'Player1', roundsWon: [] },
    { playerName: 'Player2', roundsWon: [] }
  ]
}
[ScoreValidation] ⚠️ 分数总和不为0！总和=-189 {
  totalScore: -189,
  playerCount: 6,
  finishOrderLength: 0,
  finishOrder: [],
  missingInRankings: [],
  missingInFinishOrder: [ 4, 5, 3, 0, 1, 2 ],
  playerDetails: [
    {
      name: 'Player4',
      id: 4,
      initialScore: 0,
      roundsWonCount: 0,
      totalRoundScore: 0,
      scoreBeforeFinalRules: 22,
      finalRuleAdjustment: 0,
      finalScore: 22,
      handCount: 3,
      finishOrder: -1,
      otherScoreSources: 22
    },
    {
      name: 'Player5',
      id: 5,
      initialScore: 0,
      roundsWonCount: 0,
      totalRoundScore: 0,
      scoreBeforeFinalRules: -30,
      finalRuleAdjustment: 30,
      finalScore: 0,
      handCount: 1,
      finishOrder: -1,
      otherScoreSources: -30
    },
    {
      name: 'Player3',
      id: 3,
      initialScore: 0,
      roundsWonCount: 0,
      totalRoundScore: 0,
      scoreBeforeFinalRules: -12,
      finalRuleAdjustment: 0,
      finalScore: -12,
      handCount: 2,
      finishOrder: -1,
      otherScoreSources: -12
    },
    {
      name: 'Player0',
      id: 0,
      initialScore: 0,
      roundsWonCount: 0,
      totalRoundScore: 0,
      scoreBeforeFinalRules: -27,
      finalRuleAdjustment: 0,
      finalScore: -27,
      handCount: 4,
      finishOrder: -1,
      otherScoreSources: -27
    },
    {
      name: 'Player1',
      id: 1,
      initialScore: 0,
      roundsWonCount: 0,
      totalRoundScore: 0,
      scoreBeforeFinalRules: -47,
      finalRuleAdjustment: 0,
      finalScore: -47,
      handCount: 2,
      finishOrder: -1,
      otherScoreSources: -47
    },
    {
      name: 'Player2',
      id: 2,
      initialScore: 0,
      roundsWonCount: 0,
      totalRoundScore: 0,
      scoreBeforeFinalRules: -95,
      finalRuleAdjustment: -30,
      finalScore: -125,
      handCount: 5,
      finishOrder: -1,
      otherScoreSources: -95
    }
  ],
  summary: {
    totalInitialScore: 0,
    totalRoundScore: 0,
    totalFinalRuleAdjustment: 0,
    totalOtherScoreSources: -189,
    totalFinalScore: -189,
    expectedTotal: 0
  },
  allRoundsInfo: [
    { playerName: 'Player4', roundsWon: [] },
    { playerName: 'Player5', roundsWon: [] },
    { playerName: 'Player3', roundsWon: [] },
    { playerName: 'Player0', roundsWon: [] },
    { playerName: 'Player1', roundsWon: [] },
    { playerName: 'Player2', roundsWon: [] }
  ]
}
[ScoreValidation] ⚠️ 分数总和不为0！总和=34 {
  totalScore: 34,
  playerCount: 2,
  finishOrderLength: 0,
  finishOrder: [],
  missingInRankings: [],
  missingInFinishOrder: [ 1, 0 ],
  playerDetails: [
    {
      name: 'Player1',
      id: 1,
      initialScore: 0,
      roundsWonCount: 0,
      totalRoundScore: 0,
      scoreBeforeFinalRules: 50,
      finalRuleAdjustment: -30,
      finalScore: 20,
      handCount: 13,
      finishOrder: -1,
      otherScoreSources: 50
    },
    {
      name: 'Player0',
      id: 0,
      initialScore: 0,
      roundsWonCount: 0,
      totalRoundScore: 0,
      scoreBeforeFinalRules: -16,
      finalRuleAdjustment: 30,
      finalScore: 14,
      handCount: 7,
      finishOrder: -1,
      otherScoreSources: -16
    }
  ],
  summary: {
    totalInitialScore: 0,
    totalRoundScore: 0,
    totalFinalRuleAdjustment: 0,
    totalOtherScoreSources: 34,
    totalFinalScore: 34,
    expectedTotal: 0
  },
  allRoundsInfo: [
    { playerName: 'Player1', roundsWon: [] },
    { playerName: 'Player0', roundsWon: [] }
  ]
}
[ScoreValidation] ⚠️ 分数总和不为0！总和=34 {
  totalScore: 34,
  playerCount: 2,
  finishOrderLength: 0,
  finishOrder: [],
  missingInRankings: [],
  missingInFinishOrder: [ 1, 0 ],
  playerDetails: [
    {
      name: 'Player1',
      id: 1,
      initialScore: 0,
      roundsWonCount: 0,
      totalRoundScore: 0,
      scoreBeforeFinalRules: 50,
      finalRuleAdjustment: -30,
      finalScore: 20,
      handCount: 13,
      finishOrder: -1,
      otherScoreSources: 50
    },
    {
      name: 'Player0',
      id: 0,
      initialScore: 0,
      roundsWonCount: 0,
      totalRoundScore: 0,
      scoreBeforeFinalRules: -16,
      finalRuleAdjustment: 30,
      finalScore: 14,
      handCount: 7,
      finishOrder: -1,
      otherScoreSources: -16
    }
  ],
  summary: {
    totalInitialScore: 0,
    totalRoundScore: 0,
    totalFinalRuleAdjustment: 0,
    totalOtherScoreSources: 34,
    totalFinalScore: 34,
    expectedTotal: 0
  },
  allRoundsInfo: [
    { playerName: 'Player1', roundsWon: [] },
    { playerName: 'Player0', roundsWon: [] }
  ]
}
[ScoreValidation] ⚠️ 分数总和不为0！总和=290 {
  totalScore: 290,
  playerCount: 4,
  finishOrderLength: 0,
  finishOrder: [],
  missingInRankings: [],
  missingInFinishOrder: [ 3, 1, 2, 0 ],
  playerDetails: [
    {
      name: 'Player3',
      id: 3,
      initialScore: 0,
      roundsWonCount: 0,
      totalRoundScore: 0,
      scoreBeforeFinalRules: 92,
      finalRuleAdjustment: 0,
      finalScore: 92,
      handCount: 2,
      finishOrder: -1,
      otherScoreSources: 92
    },
    {
      name: 'Player1',
      id: 1,
      initialScore: 0,
      roundsWonCount: 0,
      totalRoundScore: 0,
      scoreBeforeFinalRules: 78,
      finalRuleAdjustment: 0,
      finalScore: 78,
      handCount: 6,
      finishOrder: -1,
      otherScoreSources: 78
    },
    {
      name: 'Player2',
      id: 2,
      initialScore: 0,
      roundsWonCount: 0,
      totalRoundScore: 0,
      scoreBeforeFinalRules: 92,
      finalRuleAdjustment: -30,
      finalScore: 62,
      handCount: 12,
      finishOrder: -1,
      otherScoreSources: 92
    },
    {
      name: 'Player0',
      id: 0,
      initialScore: 0,
      roundsWonCount: 0,
      totalRoundScore: 0,
      scoreBeforeFinalRules: 28,
      finalRuleAdjustment: 30,
      finalScore: 58,
      handCount: 2,
      finishOrder: -1,
      otherScoreSources: 28
    }
  ],
  summary: {
    totalInitialScore: 0,
    totalRoundScore: 0,
    totalFinalRuleAdjustment: 0,
    totalOtherScoreSources: 290,
    totalFinalScore: 290,
    expectedTotal: 0
  },
  allRoundsInfo: [
    { playerName: 'Player3', roundsWon: [] },
    { playerName: 'Player1', roundsWon: [] },
    { playerName: 'Player2', roundsWon: [] },
    { playerName: 'Player0', roundsWon: [] }
  ]
}
[ScoreValidation] ⚠️ 分数总和不为0！总和=290 {
  totalScore: 290,
  playerCount: 4,
  finishOrderLength: 0,
  finishOrder: [],
  missingInRankings: [],
  missingInFinishOrder: [ 3, 1, 2, 0 ],
  playerDetails: [
    {
      name: 'Player3',
      id: 3,
      initialScore: 0,
      roundsWonCount: 0,
      totalRoundScore: 0,
      scoreBeforeFinalRules: 92,
      finalRuleAdjustment: 0,
      finalScore: 92,
      handCount: 2,
      finishOrder: -1,
      otherScoreSources: 92
    },
    {
      name: 'Player1',
      id: 1,
      initialScore: 0,
      roundsWonCount: 0,
      totalRoundScore: 0,
      scoreBeforeFinalRules: 78,
      finalRuleAdjustment: 0,
      finalScore: 78,
      handCount: 6,
      finishOrder: -1,
      otherScoreSources: 78
    },
    {
      name: 'Player2',
      id: 2,
      initialScore: 0,
      roundsWonCount: 0,
      totalRoundScore: 0,
      scoreBeforeFinalRules: 92,
      finalRuleAdjustment: -30,
      finalScore: 62,
      handCount: 12,
      finishOrder: -1,
      otherScoreSources: 92
    },
    {
      name: 'Player0',
      id: 0,
      initialScore: 0,
      roundsWonCount: 0,
      totalRoundScore: 0,
      scoreBeforeFinalRules: 28,
      finalRuleAdjustment: 30,
      finalScore: 58,
      handCount: 2,
      finishOrder: -1,
      otherScoreSources: 28
    }
  ],
  summary: {
    totalInitialScore: 0,
    totalRoundScore: 0,
    totalFinalRuleAdjustment: 0,
    totalOtherScoreSources: 290,
    totalFinalScore: 290,
    expectedTotal: 0
  },
  allRoundsInfo: [
    { playerName: 'Player3', roundsWon: [] },
    { playerName: 'Player1', roundsWon: [] },
    { playerName: 'Player2', roundsWon: [] },
    { playerName: 'Player0', roundsWon: [] }
  ]
}
[ScoreValidation] ⚠️ 分数总和不为0！总和=-15 {
  totalScore: -15,
  playerCount: 4,
  finishOrderLength: 0,
  finishOrder: [],
  missingInRankings: [],
  missingInFinishOrder: [ 2, 0, 1, 3 ],
  playerDetails: [
    {
      name: 'Player2',
      id: 2,
      initialScore: 0,
      roundsWonCount: 0,
      totalRoundScore: 0,
      scoreBeforeFinalRules: 17,
      finalRuleAdjustment: 30,
      finalScore: 47,
      handCount: 8,
      finishOrder: -1,
      otherScoreSources: 17
    },
    {
      name: 'Player0',
      id: 0,
      initialScore: 0,
      roundsWonCount: 0,
      totalRoundScore: 0,
      scoreBeforeFinalRules: -8,
      finalRuleAdjustment: 0,
      finalScore: -8,
      handCount: 12,
      finishOrder: -1,
      otherScoreSources: -8
    },
    {
      name: 'Player1',
      id: 1,
      initialScore: 0,
      roundsWonCount: 0,
      totalRoundScore: 0,
      scoreBeforeFinalRules: -21,
      finalRuleAdjustment: 0,
      finalScore: -21,
      handCount: 12,
      finishOrder: -1,
      otherScoreSources: -21
    },
    {
      name: 'Player3',
      id: 3,
      initialScore: 0,
      roundsWonCount: 0,
      totalRoundScore: 0,
      scoreBeforeFinalRules: -3,
      finalRuleAdjustment: -30,
      finalScore: -33,
      handCount: 12,
      finishOrder: -1,
      otherScoreSources: -3
    }
  ],
  summary: {
    totalInitialScore: 0,
    totalRoundScore: 0,
    totalFinalRuleAdjustment: 0,
    totalOtherScoreSources: -15,
    totalFinalScore: -15,
    expectedTotal: 0
  },
  allRoundsInfo: [
    { playerName: 'Player2', roundsWon: [] },
    { playerName: 'Player0', roundsWon: [] },
    { playerName: 'Player1', roundsWon: [] },
    { playerName: 'Player3', roundsWon: [] }
  ]
}
[ScoreValidation] ⚠️ 分数总和不为0！总和=-15 {
  totalScore: -15,
  playerCount: 4,
  finishOrderLength: 0,
  finishOrder: [],
  missingInRankings: [],
  missingInFinishOrder: [ 2, 0, 1, 3 ],
  playerDetails: [
    {
      name: 'Player2',
      id: 2,
      initialScore: 0,
      roundsWonCount: 0,
      totalRoundScore: 0,
      scoreBeforeFinalRules: 17,
      finalRuleAdjustment: 30,
      finalScore: 47,
      handCount: 8,
      finishOrder: -1,
      otherScoreSources: 17
    },
    {
      name: 'Player0',
      id: 0,
      initialScore: 0,
      roundsWonCount: 0,
      totalRoundScore: 0,
      scoreBeforeFinalRules: -8,
      finalRuleAdjustment: 0,
      finalScore: -8,
      handCount: 12,
      finishOrder: -1,
      otherScoreSources: -8
    },
    {
      name: 'Player1',
      id: 1,
      initialScore: 0,
      roundsWonCount: 0,
      totalRoundScore: 0,
      scoreBeforeFinalRules: -21,
      finalRuleAdjustment: 0,
      finalScore: -21,
      handCount: 12,
      finishOrder: -1,
      otherScoreSources: -21
    },
    {
      name: 'Player3',
      id: 3,
      initialScore: 0,
      roundsWonCount: 0,
      totalRoundScore: 0,
      scoreBeforeFinalRules: -3,
      finalRuleAdjustment: -30,
      finalScore: -33,
      handCount: 12,
      finishOrder: -1,
      otherScoreSources: -3
    }
  ],
  summary: {
    totalInitialScore: 0,
    totalRoundScore: 0,
    totalFinalRuleAdjustment: 0,
    totalOtherScoreSources: -15,
    totalFinalScore: -15,
    expectedTotal: 0
  },
  allRoundsInfo: [
    { playerName: 'Player2', roundsWon: [] },
    { playerName: 'Player0', roundsWon: [] },
    { playerName: 'Player1', roundsWon: [] },
    { playerName: 'Player3', roundsWon: [] }
  ]
}
[ScoreValidation] ⚠️ 分数总和不为0！总和=68 {
  totalScore: 68,
  playerCount: 2,
  finishOrderLength: 1,
  finishOrder: [ 1 ],
  missingInRankings: [],
  missingInFinishOrder: [ 0 ],
  playerDetails: [
    {
      name: 'Player1',
      id: 1,
      initialScore: 0,
      roundsWonCount: 0,
      totalRoundScore: 0,
      scoreBeforeFinalRules: 74,
      finalRuleAdjustment: 30,
      finalScore: 104,
      handCount: 0,
      finishOrder: 0,
      otherScoreSources: 74
    },
    {
      name: 'Player0',
      id: 0,
      initialScore: 0,
      roundsWonCount: 0,
      totalRoundScore: 0,
      scoreBeforeFinalRules: -6,
      finalRuleAdjustment: -30,
      finalScore: -36,
      handCount: 12,
      finishOrder: -1,
      otherScoreSources: -6
    }
  ],
  summary: {
    totalInitialScore: 0,
    totalRoundScore: 0,
    totalFinalRuleAdjustment: 0,
    totalOtherScoreSources: 68,
    totalFinalScore: 68,
    expectedTotal: 0
  },
  allRoundsInfo: [
    { playerName: 'Player1', roundsWon: [] },
    { playerName: 'Player0', roundsWon: [] }
  ]
}
[ScoreValidation] ⚠️ 分数总和不为0！总和=68 {
  totalScore: 68,
  playerCount: 2,
  finishOrderLength: 1,
  finishOrder: [ 1 ],
  missingInRankings: [],
  missingInFinishOrder: [ 0 ],
  playerDetails: [
    {
      name: 'Player1',
      id: 1,
      initialScore: 0,
      roundsWonCount: 0,
      totalRoundScore: 0,
      scoreBeforeFinalRules: 74,
      finalRuleAdjustment: 30,
      finalScore: 104,
      handCount: 0,
      finishOrder: 0,
      otherScoreSources: 74
    },
    {
      name: 'Player0',
      id: 0,
      initialScore: 0,
      roundsWonCount: 0,
      totalRoundScore: 0,
      scoreBeforeFinalRules: -6,
      finalRuleAdjustment: -30,
      finalScore: -36,
      handCount: 12,
      finishOrder: -1,
      otherScoreSources: -6
    }
  ],
  summary: {
    totalInitialScore: 0,
    totalRoundScore: 0,
    totalFinalRuleAdjustment: 0,
    totalOtherScoreSources: 68,
    totalFinalScore: 68,
    expectedTotal: 0
  },
  allRoundsInfo: [
    { playerName: 'Player1', roundsWon: [] },
    { playerName: 'Player0', roundsWon: [] }
  ]
}
[ScoreValidation] ⚠️ 分数总和不为0！总和=-108 {
  totalScore: -108,
  playerCount: 6,
  finishOrderLength: 0,
  finishOrder: [],
  missingInRankings: [],
  missingInFinishOrder: [ 4, 0, 2, 1, 5, 3 ],
  playerDetails: [
    {
      name: 'Player4',
      id: 4,
      initialScore: 0,
      roundsWonCount: 0,
      totalRoundScore: 0,
      scoreBeforeFinalRules: 56,
      finalRuleAdjustment: 0,
      finalScore: 56,
      handCount: 7,
      finishOrder: -1,
      otherScoreSources: 56
    },
    {
      name: 'Player0',
      id: 0,
      initialScore: 0,
      roundsWonCount: 0,
      totalRoundScore: 0,
      scoreBeforeFinalRules: -15,
      finalRuleAdjustment: 0,
      finalScore: -15,
      handCount: 5,
      finishOrder: -1,
      otherScoreSources: -15
    },
    {
      name: 'Player2',
      id: 2,
      initialScore: 0,
      roundsWonCount: 0,
      totalRoundScore: 0,
      scoreBeforeFinalRules: -49,
      finalRuleAdjustment: 30,
      finalScore: -19,
      handCount: 1,
      finishOrder: -1,
      otherScoreSources: -49
    },
    {
      name: 'Player1',
      id: 1,
      initialScore: 0,
      roundsWonCount: 0,
      totalRoundScore: 0,
      scoreBeforeFinalRules: -27,
      finalRuleAdjustment: 0,
      finalScore: -27,
      handCount: 9,
      finishOrder: -1,
      otherScoreSources: -27
    },
    {
      name: 'Player5',
      id: 5,
      initialScore: 0,
      roundsWonCount: 0,
      totalRoundScore: 0,
      scoreBeforeFinalRules: -19,
      finalRuleAdjustment: -30,
      finalScore: -49,
      handCount: 10,
      finishOrder: -1,
      otherScoreSources: -19
    },
    {
      name: 'Player3',
      id: 3,
      initialScore: 0,
      roundsWonCount: 0,
      totalRoundScore: 0,
      scoreBeforeFinalRules: -54,
      finalRuleAdjustment: 0,
      finalScore: -54,
      handCount: 7,
      finishOrder: -1,
      otherScoreSources: -54
    }
  ],
  summary: {
    totalInitialScore: 0,
    totalRoundScore: 0,
    totalFinalRuleAdjustment: 0,
    totalOtherScoreSources: -108,
    totalFinalScore: -108,
    expectedTotal: 0
  },
  allRoundsInfo: [
    { playerName: 'Player4', roundsWon: [] },
    { playerName: 'Player0', roundsWon: [] },
    { playerName: 'Player2', roundsWon: [] },
    { playerName: 'Player1', roundsWon: [] },
    { playerName: 'Player5', roundsWon: [] },
    { playerName: 'Player3', roundsWon: [] }
  ]
}
[ScoreValidation] ⚠️ 分数总和不为0！总和=-108 {
  totalScore: -108,
  playerCount: 6,
  finishOrderLength: 0,
  finishOrder: [],
  missingInRankings: [],
  missingInFinishOrder: [ 4, 0, 2, 1, 5, 3 ],
  playerDetails: [
    {
      name: 'Player4',
      id: 4,
      initialScore: 0,
      roundsWonCount: 0,
      totalRoundScore: 0,
      scoreBeforeFinalRules: 56,
      finalRuleAdjustment: 0,
      finalScore: 56,
      handCount: 7,
      finishOrder: -1,
      otherScoreSources: 56
    },
    {
      name: 'Player0',
      id: 0,
      initialScore: 0,
      roundsWonCount: 0,
      totalRoundScore: 0,
      scoreBeforeFinalRules: -15,
      finalRuleAdjustment: 0,
      finalScore: -15,
      handCount: 5,
      finishOrder: -1,
      otherScoreSources: -15
    },
    {
      name: 'Player2',
      id: 2,
      initialScore: 0,
      roundsWonCount: 0,
      totalRoundScore: 0,
      scoreBeforeFinalRules: -49,
      finalRuleAdjustment: 30,
      finalScore: -19,
      handCount: 1,
      finishOrder: -1,
      otherScoreSources: -49
    },
    {
      name: 'Player1',
      id: 1,
      initialScore: 0,
      roundsWonCount: 0,
      totalRoundScore: 0,
      scoreBeforeFinalRules: -27,
      finalRuleAdjustment: 0,
      finalScore: -27,
      handCount: 9,
      finishOrder: -1,
      otherScoreSources: -27
    },
    {
      name: 'Player5',
      id: 5,
      initialScore: 0,
      roundsWonCount: 0,
      totalRoundScore: 0,
      scoreBeforeFinalRules: -19,
      finalRuleAdjustment: -30,
      finalScore: -49,
      handCount: 10,
      finishOrder: -1,
      otherScoreSources: -19
    },
    {
      name: 'Player3',
      id: 3,
      initialScore: 0,
      roundsWonCount: 0,
      totalRoundScore: 0,
      scoreBeforeFinalRules: -54,
      finalRuleAdjustment: 0,
      finalScore: -54,
      handCount: 7,
      finishOrder: -1,
      otherScoreSources: -54
    }
  ],
  summary: {
    totalInitialScore: 0,
    totalRoundScore: 0,
    totalFinalRuleAdjustment: 0,
    totalOtherScoreSources: -108,
    totalFinalScore: -108,
    expectedTotal: 0
  },
  allRoundsInfo: [
    { playerName: 'Player4', roundsWon: [] },
    { playerName: 'Player0', roundsWon: [] },
    { playerName: 'Player2', roundsWon: [] },
    { playerName: 'Player1', roundsWon: [] },
    { playerName: 'Player5', roundsWon: [] },
    { playerName: 'Player3', roundsWon: [] }
  ]
}
[ScoreValidation] ⚠️ 分数总和不为0！总和=-167 {
  totalScore: -167,
  playerCount: 6,
  finishOrderLength: 0,
  finishOrder: [],
  missingInRankings: [],
  missingInFinishOrder: [ 5, 1, 2, 0, 3, 4 ],
  playerDetails: [
    {
      name: 'Player5',
      id: 5,
      initialScore: 0,
      roundsWonCount: 0,
      totalRoundScore: 0,
      scoreBeforeFinalRules: 88,
      finalRuleAdjustment: 0,
      finalScore: 88,
      handCount: 9,
      finishOrder: -1,
      otherScoreSources: 88
    },
    {
      name: 'Player1',
      id: 1,
      initialScore: 0,
      roundsWonCount: 0,
      totalRoundScore: 0,
      scoreBeforeFinalRules: 49,
      finalRuleAdjustment: 0,
      finalScore: 49,
      handCount: 8,
      finishOrder: -1,
      otherScoreSources: 49
    },
    {
      name: 'Player2',
      id: 2,
      initialScore: 0,
      roundsWonCount: 0,
      totalRoundScore: 0,
      scoreBeforeFinalRules: -76,
      finalRuleAdjustment: 30,
      finalScore: -46,
      handCount: 7,
      finishOrder: -1,
      otherScoreSources: -76
    },
    {
      name: 'Player0',
      id: 0,
      initialScore: 0,
      roundsWonCount: 0,
      totalRoundScore: 0,
      scoreBeforeFinalRules: -55,
      finalRuleAdjustment: -30,
      finalScore: -85,
      handCount: 13,
      finishOrder: -1,
      otherScoreSources: -55
    },
    {
      name: 'Player3',
      id: 3,
      initialScore: 0,
      roundsWonCount: 0,
      totalRoundScore: 0,
      scoreBeforeFinalRules: -86,
      finalRuleAdjustment: 0,
      finalScore: -86,
      handCount: 10,
      finishOrder: -1,
      otherScoreSources: -86
    },
    {
      name: 'Player4',
      id: 4,
      initialScore: 0,
      roundsWonCount: 0,
      totalRoundScore: 0,
      scoreBeforeFinalRules: -87,
      finalRuleAdjustment: 0,
      finalScore: -87,
      handCount: 10,
      finishOrder: -1,
      otherScoreSources: -87
    }
  ],
  summary: {
    totalInitialScore: 0,
    totalRoundScore: 0,
    totalFinalRuleAdjustment: 0,
    totalOtherScoreSources: -167,
    totalFinalScore: -167,
    expectedTotal: 0
  },
  allRoundsInfo: [
    { playerName: 'Player5', roundsWon: [] },
    { playerName: 'Player1', roundsWon: [] },
    { playerName: 'Player2', roundsWon: [] },
    { playerName: 'Player0', roundsWon: [] },
    { playerName: 'Player3', roundsWon: [] },
    { playerName: 'Player4', roundsWon: [] }
  ]
}
[ScoreValidation] ⚠️ 分数总和不为0！总和=-167 {
  totalScore: -167,
  playerCount: 6,
  finishOrderLength: 0,
  finishOrder: [],
  missingInRankings: [],
  missingInFinishOrder: [ 5, 1, 2, 0, 3, 4 ],
  playerDetails: [
    {
      name: 'Player5',
      id: 5,
      initialScore: 0,
      roundsWonCount: 0,
      totalRoundScore: 0,
      scoreBeforeFinalRules: 88,
      finalRuleAdjustment: 0,
      finalScore: 88,
      handCount: 9,
      finishOrder: -1,
      otherScoreSources: 88
    },
    {
      name: 'Player1',
      id: 1,
      initialScore: 0,
      roundsWonCount: 0,
      totalRoundScore: 0,
      scoreBeforeFinalRules: 49,
      finalRuleAdjustment: 0,
      finalScore: 49,
      handCount: 8,
      finishOrder: -1,
      otherScoreSources: 49
    },
    {
      name: 'Player2',
      id: 2,
      initialScore: 0,
      roundsWonCount: 0,
      totalRoundScore: 0,
      scoreBeforeFinalRules: -76,
      finalRuleAdjustment: 30,
      finalScore: -46,
      handCount: 7,
      finishOrder: -1,
      otherScoreSources: -76
    },
    {
      name: 'Player0',
      id: 0,
      initialScore: 0,
      roundsWonCount: 0,
      totalRoundScore: 0,
      scoreBeforeFinalRules: -55,
      finalRuleAdjustment: -30,
      finalScore: -85,
      handCount: 13,
      finishOrder: -1,
      otherScoreSources: -55
    },
    {
      name: 'Player3',
      id: 3,
      initialScore: 0,
      roundsWonCount: 0,
      totalRoundScore: 0,
      scoreBeforeFinalRules: -86,
      finalRuleAdjustment: 0,
      finalScore: -86,
      handCount: 10,
      finishOrder: -1,
      otherScoreSources: -86
    },
    {
      name: 'Player4',
      id: 4,
      initialScore: 0,
      roundsWonCount: 0,
      totalRoundScore: 0,
      scoreBeforeFinalRules: -87,
      finalRuleAdjustment: 0,
      finalScore: -87,
      handCount: 10,
      finishOrder: -1,
      otherScoreSources: -87
    }
  ],
  summary: {
    totalInitialScore: 0,
    totalRoundScore: 0,
    totalFinalRuleAdjustment: 0,
    totalOtherScoreSources: -167,
    totalFinalScore: -167,
    expectedTotal: 0
  },
  allRoundsInfo: [
    { playerName: 'Player5', roundsWon: [] },
    { playerName: 'Player1', roundsWon: [] },
    { playerName: 'Player2', roundsWon: [] },
    { playerName: 'Player0', roundsWon: [] },
    { playerName: 'Player3', roundsWon: [] },
    { playerName: 'Player4', roundsWon: [] }
  ]
}
[ScoreValidation] ⚠️ 分数总和不为0！总和=105 {
  totalScore: 105,
  playerCount: 6,
  finishOrderLength: 0,
  finishOrder: [],
  missingInRankings: [],
  missingInFinishOrder: [ 2, 3, 1, 4, 0, 5 ],
  playerDetails: [
    {
      name: 'Player2',
      id: 2,
      initialScore: 0,
      roundsWonCount: 0,
      totalRoundScore: 0,
      scoreBeforeFinalRules: 96,
      finalRuleAdjustment: 0,
      finalScore: 96,
      handCount: 7,
      finishOrder: -1,
      otherScoreSources: 96
    },
    {
      name: 'Player3',
      id: 3,
      initialScore: 0,
      roundsWonCount: 0,
      totalRoundScore: 0,
      scoreBeforeFinalRules: 84,
      finalRuleAdjustment: 0,
      finalScore: 84,
      handCount: 5,
      finishOrder: -1,
      otherScoreSources: 84
    },
    {
      name: 'Player1',
      id: 1,
      initialScore: 0,
      roundsWonCount: 0,
      totalRoundScore: 0,
      scoreBeforeFinalRules: 42,
      finalRuleAdjustment: 30,
      finalScore: 72,
      handCount: 1,
      finishOrder: -1,
      otherScoreSources: 42
    },
    {
      name: 'Player4',
      id: 4,
      initialScore: 0,
      roundsWonCount: 0,
      totalRoundScore: 0,
      scoreBeforeFinalRules: 27,
      finalRuleAdjustment: -30,
      finalScore: -3,
      handCount: 8,
      finishOrder: -1,
      otherScoreSources: 27
    },
    {
      name: 'Player0',
      id: 0,
      initialScore: 0,
      roundsWonCount: 0,
      totalRoundScore: 0,
      scoreBeforeFinalRules: -70,
      finalRuleAdjustment: 0,
      finalScore: -70,
      handCount: 4,
      finishOrder: -1,
      otherScoreSources: -70
    },
    {
      name: 'Player5',
      id: 5,
      initialScore: 0,
      roundsWonCount: 0,
      totalRoundScore: 0,
      scoreBeforeFinalRules: -74,
      finalRuleAdjustment: 0,
      finalScore: -74,
      handCount: 6,
      finishOrder: -1,
      otherScoreSources: -74
    }
  ],
  summary: {
    totalInitialScore: 0,
    totalRoundScore: 0,
    totalFinalRuleAdjustment: 0,
    totalOtherScoreSources: 105,
    totalFinalScore: 105,
    expectedTotal: 0
  },
  allRoundsInfo: [
    { playerName: 'Player2', roundsWon: [] },
    { playerName: 'Player3', roundsWon: [] },
    { playerName: 'Player1', roundsWon: [] },
    { playerName: 'Player4', roundsWon: [] },
    { playerName: 'Player0', roundsWon: [] },
    { playerName: 'Player5', roundsWon: [] }
  ]
}
[ScoreValidation] ⚠️ 分数总和不为0！总和=105 {
  totalScore: 105,
  playerCount: 6,
  finishOrderLength: 0,
  finishOrder: [],
  missingInRankings: [],
  missingInFinishOrder: [ 2, 3, 1, 4, 0, 5 ],
  playerDetails: [
    {
      name: 'Player2',
      id: 2,
      initialScore: 0,
      roundsWonCount: 0,
      totalRoundScore: 0,
      scoreBeforeFinalRules: 96,
      finalRuleAdjustment: 0,
      finalScore: 96,
      handCount: 7,
      finishOrder: -1,
      otherScoreSources: 96
    },
    {
      name: 'Player3',
      id: 3,
      initialScore: 0,
      roundsWonCount: 0,
      totalRoundScore: 0,
      scoreBeforeFinalRules: 84,
      finalRuleAdjustment: 0,
      finalScore: 84,
      handCount: 5,
      finishOrder: -1,
      otherScoreSources: 84
    },
    {
      name: 'Player1',
      id: 1,
      initialScore: 0,
      roundsWonCount: 0,
      totalRoundScore: 0,
      scoreBeforeFinalRules: 42,
      finalRuleAdjustment: 30,
      finalScore: 72,
      handCount: 1,
      finishOrder: -1,
      otherScoreSources: 42
    },
    {
      name: 'Player4',
      id: 4,
      initialScore: 0,
      roundsWonCount: 0,
      totalRoundScore: 0,
      scoreBeforeFinalRules: 27,
      finalRuleAdjustment: -30,
      finalScore: -3,
      handCount: 8,
      finishOrder: -1,
      otherScoreSources: 27
    },
    {
      name: 'Player0',
      id: 0,
      initialScore: 0,
      roundsWonCount: 0,
      totalRoundScore: 0,
      scoreBeforeFinalRules: -70,
      finalRuleAdjustment: 0,
      finalScore: -70,
      handCount: 4,
      finishOrder: -1,
      otherScoreSources: -70
    },
    {
      name: 'Player5',
      id: 5,
      initialScore: 0,
      roundsWonCount: 0,
      totalRoundScore: 0,
      scoreBeforeFinalRules: -74,
      finalRuleAdjustment: 0,
      finalScore: -74,
      handCount: 6,
      finishOrder: -1,
      otherScoreSources: -74
    }
  ],
  summary: {
    totalInitialScore: 0,
    totalRoundScore: 0,
    totalFinalRuleAdjustment: 0,
    totalOtherScoreSources: 105,
    totalFinalScore: 105,
    expectedTotal: 0
  },
  allRoundsInfo: [
    { playerName: 'Player2', roundsWon: [] },
    { playerName: 'Player3', roundsWon: [] },
    { playerName: 'Player1', roundsWon: [] },
    { playerName: 'Player4', roundsWon: [] },
    { playerName: 'Player0', roundsWon: [] },
    { playerName: 'Player5', roundsWon: [] }
  ]
}
[ScoreValidation] ⚠️ 分数总和不为0！总和=-32 {
  totalScore: -32,
  playerCount: 2,
  finishOrderLength: 0,
  finishOrder: [],
  missingInRankings: [],
  missingInFinishOrder: [ 0, 1 ],
  playerDetails: [
    {
      name: 'Player0',
      id: 0,
      initialScore: 0,
      roundsWonCount: 0,
      totalRoundScore: 0,
      scoreBeforeFinalRules: 65,
      finalRuleAdjustment: 30,
      finalScore: 95,
      handCount: 10,
      finishOrder: -1,
      otherScoreSources: 65
    },
    {
      name: 'Player1',
      id: 1,
      initialScore: 0,
      roundsWonCount: 0,
      totalRoundScore: 0,
      scoreBeforeFinalRules: -97,
      finalRuleAdjustment: -30,
      finalScore: -127,
      handCount: 11,
      finishOrder: -1,
      otherScoreSources: -97
    }
  ],
  summary: {
    totalInitialScore: 0,
    totalRoundScore: 0,
    totalFinalRuleAdjustment: 0,
    totalOtherScoreSources: -32,
    totalFinalScore: -32,
    expectedTotal: 0
  },
  allRoundsInfo: [
    { playerName: 'Player0', roundsWon: [] },
    { playerName: 'Player1', roundsWon: [] }
  ]
}
[ScoreValidation] ⚠️ 分数总和不为0！总和=-32 {
  totalScore: -32,
  playerCount: 2,
  finishOrderLength: 0,
  finishOrder: [],
  missingInRankings: [],
  missingInFinishOrder: [ 0, 1 ],
  playerDetails: [
    {
      name: 'Player0',
      id: 0,
      initialScore: 0,
      roundsWonCount: 0,
      totalRoundScore: 0,
      scoreBeforeFinalRules: 65,
      finalRuleAdjustment: 30,
      finalScore: 95,
      handCount: 10,
      finishOrder: -1,
      otherScoreSources: 65
    },
    {
      name: 'Player1',
      id: 1,
      initialScore: 0,
      roundsWonCount: 0,
      totalRoundScore: 0,
      scoreBeforeFinalRules: -97,
      finalRuleAdjustment: -30,
      finalScore: -127,
      handCount: 11,
      finishOrder: -1,
      otherScoreSources: -97
    }
  ],
  summary: {
    totalInitialScore: 0,
    totalRoundScore: 0,
    totalFinalRuleAdjustment: 0,
    totalOtherScoreSources: -32,
    totalFinalScore: -32,
    expectedTotal: 0
  },
  allRoundsInfo: [
    { playerName: 'Player0', roundsWon: [] },
    { playerName: 'Player1', roundsWon: [] }
  ]
}
[ScoreValidation] ⚠️ 分数总和不为0！总和=10 {
  totalScore: 10,
  playerCount: 6,
  finishOrderLength: 1,
  finishOrder: [ 1 ],
  missingInRankings: [],
  missingInFinishOrder: [ 0, 3, 5, 4, 2 ],
  playerDetails: [
    {
      name: 'Player0',
      id: 0,
      initialScore: 0,
      roundsWonCount: 0,
      totalRoundScore: 0,
      scoreBeforeFinalRules: 67,
      finalRuleAdjustment: 0,
      finalScore: 67,
      handCount: 10,
      finishOrder: -1,
      otherScoreSources: 67
    },
    {
      name: 'Player3',
      id: 3,
      initialScore: 0,
      roundsWonCount: 0,
      totalRoundScore: 0,
      scoreBeforeFinalRules: 44,
      finalRuleAdjustment: 0,
      finalScore: 44,
      handCount: 10,
      finishOrder: -1,
      otherScoreSources: 44
    },
    {
      name: 'Player1',
      id: 1,
      initialScore: 0,
      roundsWonCount: 0,
      totalRoundScore: 0,
      scoreBeforeFinalRules: 2,
      finalRuleAdjustment: 30,
      finalScore: 32,
      handCount: 0,
      finishOrder: 0,
      otherScoreSources: 2
    },
    {
      name: 'Player5',
      id: 5,
      initialScore: 0,
      roundsWonCount: 0,
      totalRoundScore: 0,
      scoreBeforeFinalRules: 10,
      finalRuleAdjustment: 0,
      finalScore: 10,
      handCount: 11,
      finishOrder: -1,
      otherScoreSources: 10
    },
    {
      name: 'Player4',
      id: 4,
      initialScore: 0,
      roundsWonCount: 0,
      totalRoundScore: 0,
      scoreBeforeFinalRules: -69,
      finalRuleAdjustment: 0,
      finalScore: -69,
      handCount: 3,
      finishOrder: -1,
      otherScoreSources: -69
    },
    {
      name: 'Player2',
      id: 2,
      initialScore: 0,
      roundsWonCount: 0,
      totalRoundScore: 0,
      scoreBeforeFinalRules: -44,
      finalRuleAdjustment: -30,
      finalScore: -74,
      handCount: 13,
      finishOrder: -1,
      otherScoreSources: -44
    }
  ],
  summary: {
    totalInitialScore: 0,
    totalRoundScore: 0,
    totalFinalRuleAdjustment: 0,
    totalOtherScoreSources: 10,
    totalFinalScore: 10,
    expectedTotal: 0
  },
  allRoundsInfo: [
    { playerName: 'Player0', roundsWon: [] },
    { playerName: 'Player3', roundsWon: [] },
    { playerName: 'Player1', roundsWon: [] },
    { playerName: 'Player5', roundsWon: [] },
    { playerName: 'Player4', roundsWon: [] },
    { playerName: 'Player2', roundsWon: [] }
  ]
}
[ScoreValidation] ⚠️ 分数总和不为0！总和=10 {
  totalScore: 10,
  playerCount: 6,
  finishOrderLength: 1,
  finishOrder: [ 1 ],
  missingInRankings: [],
  missingInFinishOrder: [ 0, 3, 5, 4, 2 ],
  playerDetails: [
    {
      name: 'Player0',
      id: 0,
      initialScore: 0,
      roundsWonCount: 0,
      totalRoundScore: 0,
      scoreBeforeFinalRules: 67,
      finalRuleAdjustment: 0,
      finalScore: 67,
      handCount: 10,
      finishOrder: -1,
      otherScoreSources: 67
    },
    {
      name: 'Player3',
      id: 3,
      initialScore: 0,
      roundsWonCount: 0,
      totalRoundScore: 0,
      scoreBeforeFinalRules: 44,
      finalRuleAdjustment: 0,
      finalScore: 44,
      handCount: 10,
      finishOrder: -1,
      otherScoreSources: 44
    },
    {
      name: 'Player1',
      id: 1,
      initialScore: 0,
      roundsWonCount: 0,
      totalRoundScore: 0,
      scoreBeforeFinalRules: 2,
      finalRuleAdjustment: 30,
      finalScore: 32,
      handCount: 0,
      finishOrder: 0,
      otherScoreSources: 2
    },
    {
      name: 'Player5',
      id: 5,
      initialScore: 0,
      roundsWonCount: 0,
      totalRoundScore: 0,
      scoreBeforeFinalRules: 10,
      finalRuleAdjustment: 0,
      finalScore: 10,
      handCount: 11,
      finishOrder: -1,
      otherScoreSources: 10
    },
    {
      name: 'Player4',
      id: 4,
      initialScore: 0,
      roundsWonCount: 0,
      totalRoundScore: 0,
      scoreBeforeFinalRules: -69,
      finalRuleAdjustment: 0,
      finalScore: -69,
      handCount: 3,
      finishOrder: -1,
      otherScoreSources: -69
    },
    {
      name: 'Player2',
      id: 2,
      initialScore: 0,
      roundsWonCount: 0,
      totalRoundScore: 0,
      scoreBeforeFinalRules: -44,
      finalRuleAdjustment: -30,
      finalScore: -74,
      handCount: 13,
      finishOrder: -1,
      otherScoreSources: -44
    }
  ],
  summary: {
    totalInitialScore: 0,
    totalRoundScore: 0,
    totalFinalRuleAdjustment: 0,
    totalOtherScoreSources: 10,
    totalFinalScore: 10,
    expectedTotal: 0
  },
  allRoundsInfo: [
    { playerName: 'Player0', roundsWon: [] },
    { playerName: 'Player3', roundsWon: [] },
    { playerName: 'Player1', roundsWon: [] },
    { playerName: 'Player5', roundsWon: [] },
    { playerName: 'Player4', roundsWon: [] },
    { playerName: 'Player2', roundsWon: [] }
  ]
}
[ScoreValidation] ⚠️ 分数总和不为0！总和=23 {
  totalScore: 23,
  playerCount: 2,
  finishOrderLength: 0,
  finishOrder: [],
  missingInRankings: [],
  missingInFinishOrder: [ 0, 1 ],
  playerDetails: [
    {
      name: 'Player0',
      id: 0,
      initialScore: 0,
      roundsWonCount: 0,
      totalRoundScore: 0,
      scoreBeforeFinalRules: 66,
      finalRuleAdjustment: 30,
      finalScore: 96,
      handCount: 4,
      finishOrder: -1,
      otherScoreSources: 66
    },
    {
      name: 'Player1',
      id: 1,
      initialScore: 0,
      roundsWonCount: 0,
      totalRoundScore: 0,
      scoreBeforeFinalRules: -43,
      finalRuleAdjustment: -30,
      finalScore: -73,
      handCount: 8,
      finishOrder: -1,
      otherScoreSources: -43
    }
  ],
  summary: {
    totalInitialScore: 0,
    totalRoundScore: 0,
    totalFinalRuleAdjustment: 0,
    totalOtherScoreSources: 23,
    totalFinalScore: 23,
    expectedTotal: 0
  },
  allRoundsInfo: [
    { playerName: 'Player0', roundsWon: [] },
    { playerName: 'Player1', roundsWon: [] }
  ]
}
[ScoreValidation] ⚠️ 分数总和不为0！总和=23 {
  totalScore: 23,
  playerCount: 2,
  finishOrderLength: 0,
  finishOrder: [],
  missingInRankings: [],
  missingInFinishOrder: [ 0, 1 ],
  playerDetails: [
    {
      name: 'Player0',
      id: 0,
      initialScore: 0,
      roundsWonCount: 0,
      totalRoundScore: 0,
      scoreBeforeFinalRules: 66,
      finalRuleAdjustment: 30,
      finalScore: 96,
      handCount: 4,
      finishOrder: -1,
      otherScoreSources: 66
    },
    {
      name: 'Player1',
      id: 1,
      initialScore: 0,
      roundsWonCount: 0,
      totalRoundScore: 0,
      scoreBeforeFinalRules: -43,
      finalRuleAdjustment: -30,
      finalScore: -73,
      handCount: 8,
      finishOrder: -1,
      otherScoreSources: -43
    }
  ],
  summary: {
    totalInitialScore: 0,
    totalRoundScore: 0,
    totalFinalRuleAdjustment: 0,
    totalOtherScoreSources: 23,
    totalFinalScore: 23,
    expectedTotal: 0
  },
  allRoundsInfo: [
    { playerName: 'Player0', roundsWon: [] },
    { playerName: 'Player1', roundsWon: [] }
  ]
}
[ScoreValidation] ⚠️ 分数总和不为0！总和=-48 {
  totalScore: -48,
  playerCount: 2,
  finishOrderLength: 0,
  finishOrder: [],
  missingInRankings: [],
  missingInFinishOrder: [ 0, 1 ],
  playerDetails: [
    {
      name: 'Player0',
      id: 0,
      initialScore: 0,
      roundsWonCount: 0,
      totalRoundScore: 0,
      scoreBeforeFinalRules: 18,
      finalRuleAdjustment: -30,
      finalScore: -12,
      handCount: 6,
      finishOrder: -1,
      otherScoreSources: 18
    },
    {
      name: 'Player1',
      id: 1,
      initialScore: 0,
      roundsWonCount: 0,
      totalRoundScore: 0,
      scoreBeforeFinalRules: -66,
      finalRuleAdjustment: 30,
      finalScore: -36,
      handCount: 3,
      finishOrder: -1,
      otherScoreSources: -66
    }
  ],
  summary: {
    totalInitialScore: 0,
    totalRoundScore: 0,
    totalFinalRuleAdjustment: 0,
    totalOtherScoreSources: -48,
    totalFinalScore: -48,
    expectedTotal: 0
  },
  allRoundsInfo: [
    { playerName: 'Player0', roundsWon: [] },
    { playerName: 'Player1', roundsWon: [] }
  ]
}
[ScoreValidation] ⚠️ 分数总和不为0！总和=-48 {
  totalScore: -48,
  playerCount: 2,
  finishOrderLength: 0,
  finishOrder: [],
  missingInRankings: [],
  missingInFinishOrder: [ 0, 1 ],
  playerDetails: [
    {
      name: 'Player0',
      id: 0,
      initialScore: 0,
      roundsWonCount: 0,
      totalRoundScore: 0,
      scoreBeforeFinalRules: 18,
      finalRuleAdjustment: -30,
      finalScore: -12,
      handCount: 6,
      finishOrder: -1,
      otherScoreSources: 18
    },
    {
      name: 'Player1',
      id: 1,
      initialScore: 0,
      roundsWonCount: 0,
      totalRoundScore: 0,
      scoreBeforeFinalRules: -66,
      finalRuleAdjustment: 30,
      finalScore: -36,
      handCount: 3,
      finishOrder: -1,
      otherScoreSources: -66
    }
  ],
  summary: {
    totalInitialScore: 0,
    totalRoundScore: 0,
    totalFinalRuleAdjustment: 0,
    totalOtherScoreSources: -48,
    totalFinalScore: -48,
    expectedTotal: 0
  },
  allRoundsInfo: [
    { playerName: 'Player0', roundsWon: [] },
    { playerName: 'Player1', roundsWon: [] }
  ]
}
[ScoreValidation] ⚠️ 分数总和不为0！总和=16 {
  totalScore: 16,
  playerCount: 6,
  finishOrderLength: 0,
  finishOrder: [],
  missingInRankings: [],
  missingInFinishOrder: [ 2, 3, 1, 0, 5, 4 ],
  playerDetails: [
    {
      name: 'Player2',
      id: 2,
      initialScore: 0,
      roundsWonCount: 0,
      totalRoundScore: 0,
      scoreBeforeFinalRules: 71,
      finalRuleAdjustment: 0,
      finalScore: 71,
      handCount: 5,
      finishOrder: -1,
      otherScoreSources: 71
    },
    {
      name: 'Player3',
      id: 3,
      initialScore: 0,
      roundsWonCount: 0,
      totalRoundScore: 0,
      scoreBeforeFinalRules: 52,
      finalRuleAdjustment: 0,
      finalScore: 52,
      handCount: 5,
      finishOrder: -1,
      otherScoreSources: 52
    },
    {
      name: 'Player1',
      id: 1,
      initialScore: 0,
      roundsWonCount: 0,
      totalRoundScore: 0,
      scoreBeforeFinalRules: 25,
      finalRuleAdjustment: 0,
      finalScore: 25,
      handCount: 6,
      finishOrder: -1,
      otherScoreSources: 25
    },
    {
      name: 'Player0',
      id: 0,
      initialScore: 0,
      roundsWonCount: 0,
      totalRoundScore: 0,
      scoreBeforeFinalRules: 12,
      finalRuleAdjustment: -30,
      finalScore: -18,
      handCount: 12,
      finishOrder: -1,
      otherScoreSources: 12
    },
    {
      name: 'Player5',
      id: 5,
      initialScore: 0,
      roundsWonCount: 0,
      totalRoundScore: 0,
      scoreBeforeFinalRules: -55,
      finalRuleAdjustment: 0,
      finalScore: -55,
      handCount: 6,
      finishOrder: -1,
      otherScoreSources: -55
    },
    {
      name: 'Player4',
      id: 4,
      initialScore: 0,
      roundsWonCount: 0,
      totalRoundScore: 0,
      scoreBeforeFinalRules: -89,
      finalRuleAdjustment: 30,
      finalScore: -59,
      handCount: 0,
      finishOrder: -1,
      otherScoreSources: -89
    }
  ],
  summary: {
    totalInitialScore: 0,
    totalRoundScore: 0,
    totalFinalRuleAdjustment: 0,
    totalOtherScoreSources: 16,
    totalFinalScore: 16,
    expectedTotal: 0
  },
  allRoundsInfo: [
    { playerName: 'Player2', roundsWon: [] },
    { playerName: 'Player3', roundsWon: [] },
    { playerName: 'Player1', roundsWon: [] },
    { playerName: 'Player0', roundsWon: [] },
    { playerName: 'Player5', roundsWon: [] },
    { playerName: 'Player4', roundsWon: [] }
  ]
}
[ScoreValidation] ⚠️ 分数总和不为0！总和=16 {
  totalScore: 16,
  playerCount: 6,
  finishOrderLength: 0,
  finishOrder: [],
  missingInRankings: [],
  missingInFinishOrder: [ 2, 3, 1, 0, 5, 4 ],
  playerDetails: [
    {
      name: 'Player2',
      id: 2,
      initialScore: 0,
      roundsWonCount: 0,
      totalRoundScore: 0,
      scoreBeforeFinalRules: 71,
      finalRuleAdjustment: 0,
      finalScore: 71,
      handCount: 5,
      finishOrder: -1,
      otherScoreSources: 71
    },
    {
      name: 'Player3',
      id: 3,
      initialScore: 0,
      roundsWonCount: 0,
      totalRoundScore: 0,
      scoreBeforeFinalRules: 52,
      finalRuleAdjustment: 0,
      finalScore: 52,
      handCount: 5,
      finishOrder: -1,
      otherScoreSources: 52
    },
    {
      name: 'Player1',
      id: 1,
      initialScore: 0,
      roundsWonCount: 0,
      totalRoundScore: 0,
      scoreBeforeFinalRules: 25,
      finalRuleAdjustment: 0,
      finalScore: 25,
      handCount: 6,
      finishOrder: -1,
      otherScoreSources: 25
    },
    {
      name: 'Player0',
      id: 0,
      initialScore: 0,
      roundsWonCount: 0,
      totalRoundScore: 0,
      scoreBeforeFinalRules: 12,
      finalRuleAdjustment: -30,
      finalScore: -18,
      handCount: 12,
      finishOrder: -1,
      otherScoreSources: 12
    },
    {
      name: 'Player5',
      id: 5,
      initialScore: 0,
      roundsWonCount: 0,
      totalRoundScore: 0,
      scoreBeforeFinalRules: -55,
      finalRuleAdjustment: 0,
      finalScore: -55,
      handCount: 6,
      finishOrder: -1,
      otherScoreSources: -55
    },
    {
      name: 'Player4',
      id: 4,
      initialScore: 0,
      roundsWonCount: 0,
      totalRoundScore: 0,
      scoreBeforeFinalRules: -89,
      finalRuleAdjustment: 30,
      finalScore: -59,
      handCount: 0,
      finishOrder: -1,
      otherScoreSources: -89
    }
  ],
  summary: {
    totalInitialScore: 0,
    totalRoundScore: 0,
    totalFinalRuleAdjustment: 0,
    totalOtherScoreSources: 16,
    totalFinalScore: 16,
    expectedTotal: 0
  },
  allRoundsInfo: [
    { playerName: 'Player2', roundsWon: [] },
    { playerName: 'Player3', roundsWon: [] },
    { playerName: 'Player1', roundsWon: [] },
    { playerName: 'Player0', roundsWon: [] },
    { playerName: 'Player5', roundsWon: [] },
    { playerName: 'Player4', roundsWon: [] }
  ]
}
[ScoreValidation] ⚠️ 分数总和不为0！总和=-203 {
  totalScore: -203,
  playerCount: 4,
  finishOrderLength: 0,
  finishOrder: [],
  missingInRankings: [],
  missingInFinishOrder: [ 2, 3, 0, 1 ],
  playerDetails: [
    {
      name: 'Player2',
      id: 2,
      initialScore: 0,
      roundsWonCount: 0,
      totalRoundScore: 0,
      scoreBeforeFinalRules: -25,
      finalRuleAdjustment: 30,
      finalScore: 5,
      handCount: 5,
      finishOrder: -1,
      otherScoreSources: -25
    },
    {
      name: 'Player3',
      id: 3,
      initialScore: 0,
      roundsWonCount: 0,
      totalRoundScore: 0,
      scoreBeforeFinalRules: -51,
      finalRuleAdjustment: 0,
      finalScore: -51,
      handCount: 6,
      finishOrder: -1,
      otherScoreSources: -51
    },
    {
      name: 'Player0',
      id: 0,
      initialScore: 0,
      roundsWonCount: 0,
      totalRoundScore: 0,
      scoreBeforeFinalRules: -51,
      finalRuleAdjustment: 0,
      finalScore: -51,
      handCount: 8,
      finishOrder: -1,
      otherScoreSources: -51
    },
    {
      name: 'Player1',
      id: 1,
      initialScore: 0,
      roundsWonCount: 0,
      totalRoundScore: 0,
      scoreBeforeFinalRules: -76,
      finalRuleAdjustment: -30,
      finalScore: -106,
      handCount: 11,
      finishOrder: -1,
      otherScoreSources: -76
    }
  ],
  summary: {
    totalInitialScore: 0,
    totalRoundScore: 0,
    totalFinalRuleAdjustment: 0,
    totalOtherScoreSources: -203,
    totalFinalScore: -203,
    expectedTotal: 0
  },
  allRoundsInfo: [
    { playerName: 'Player2', roundsWon: [] },
    { playerName: 'Player3', roundsWon: [] },
    { playerName: 'Player0', roundsWon: [] },
    { playerName: 'Player1', roundsWon: [] }
  ]
}
[ScoreValidation] ⚠️ 分数总和不为0！总和=-203 {
  totalScore: -203,
  playerCount: 4,
  finishOrderLength: 0,
  finishOrder: [],
  missingInRankings: [],
  missingInFinishOrder: [ 2, 3, 0, 1 ],
  playerDetails: [
    {
      name: 'Player2',
      id: 2,
      initialScore: 0,
      roundsWonCount: 0,
      totalRoundScore: 0,
      scoreBeforeFinalRules: -25,
      finalRuleAdjustment: 30,
      finalScore: 5,
      handCount: 5,
      finishOrder: -1,
      otherScoreSources: -25
    },
    {
      name: 'Player3',
      id: 3,
      initialScore: 0,
      roundsWonCount: 0,
      totalRoundScore: 0,
      scoreBeforeFinalRules: -51,
      finalRuleAdjustment: 0,
      finalScore: -51,
      handCount: 6,
      finishOrder: -1,
      otherScoreSources: -51
    },
    {
      name: 'Player0',
      id: 0,
      initialScore: 0,
      roundsWonCount: 0,
      totalRoundScore: 0,
      scoreBeforeFinalRules: -51,
      finalRuleAdjustment: 0,
      finalScore: -51,
      handCount: 8,
      finishOrder: -1,
      otherScoreSources: -51
    },
    {
      name: 'Player1',
      id: 1,
      initialScore: 0,
      roundsWonCount: 0,
      totalRoundScore: 0,
      scoreBeforeFinalRules: -76,
      finalRuleAdjustment: -30,
      finalScore: -106,
      handCount: 11,
      finishOrder: -1,
      otherScoreSources: -76
    }
  ],
  summary: {
    totalInitialScore: 0,
    totalRoundScore: 0,
    totalFinalRuleAdjustment: 0,
    totalOtherScoreSources: -203,
    totalFinalScore: -203,
    expectedTotal: 0
  },
  allRoundsInfo: [
    { playerName: 'Player2', roundsWon: [] },
    { playerName: 'Player3', roundsWon: [] },
    { playerName: 'Player0', roundsWon: [] },
    { playerName: 'Player1', roundsWon: [] }
  ]
}
[ScoreValidation] ⚠️ 分数总和不为0！总和=60 {
  totalScore: 60,
  playerCount: 6,
  finishOrderLength: 0,
  finishOrder: [],
  missingInRankings: [],
  missingInFinishOrder: [ 2, 3, 1, 5, 0, 4 ],
  playerDetails: [
    {
      name: 'Player2',
      id: 2,
      initialScore: 0,
      roundsWonCount: 0,
      totalRoundScore: 0,
      scoreBeforeFinalRules: 83,
      finalRuleAdjustment: 30,
      finalScore: 113,
      handCount: 2,
      finishOrder: -1,
      otherScoreSources: 83
    },
    {
      name: 'Player3',
      id: 3,
      initialScore: 0,
      roundsWonCount: 0,
      totalRoundScore: 0,
      scoreBeforeFinalRules: 72,
      finalRuleAdjustment: 0,
      finalScore: 72,
      handCount: 4,
      finishOrder: -1,
      otherScoreSources: 72
    },
    {
      name: 'Player1',
      id: 1,
      initialScore: 0,
      roundsWonCount: 0,
      totalRoundScore: 0,
      scoreBeforeFinalRules: 46,
      finalRuleAdjustment: 0,
      finalScore: 46,
      handCount: 9,
      finishOrder: -1,
      otherScoreSources: 46
    },
    {
      name: 'Player5',
      id: 5,
      initialScore: 0,
      roundsWonCount: 0,
      totalRoundScore: 0,
      scoreBeforeFinalRules: 36,
      finalRuleAdjustment: 0,
      finalScore: 36,
      handCount: 10,
      finishOrder: -1,
      otherScoreSources: 36
    },
    {
      name: 'Player0',
      id: 0,
      initialScore: 0,
      roundsWonCount: 0,
      totalRoundScore: 0,
      scoreBeforeFinalRules: -96,
      finalRuleAdjustment: 0,
      finalScore: -96,
      handCount: 7,
      finishOrder: -1,
      otherScoreSources: -96
    },
    {
      name: 'Player4',
      id: 4,
      initialScore: 0,
      roundsWonCount: 0,
      totalRoundScore: 0,
      scoreBeforeFinalRules: -81,
      finalRuleAdjustment: -30,
      finalScore: -111,
      handCount: 11,
      finishOrder: -1,
      otherScoreSources: -81
    }
  ],
  summary: {
    totalInitialScore: 0,
    totalRoundScore: 0,
    totalFinalRuleAdjustment: 0,
    totalOtherScoreSources: 60,
    totalFinalScore: 60,
    expectedTotal: 0
  },
  allRoundsInfo: [
    { playerName: 'Player2', roundsWon: [] },
    { playerName: 'Player3', roundsWon: [] },
    { playerName: 'Player1', roundsWon: [] },
    { playerName: 'Player5', roundsWon: [] },
    { playerName: 'Player0', roundsWon: [] },
    { playerName: 'Player4', roundsWon: [] }
  ]
}
[ScoreValidation] ⚠️ 分数总和不为0！总和=60 {
  totalScore: 60,
  playerCount: 6,
  finishOrderLength: 0,
  finishOrder: [],
  missingInRankings: [],
  missingInFinishOrder: [ 2, 3, 1, 5, 0, 4 ],
  playerDetails: [
    {
      name: 'Player2',
      id: 2,
      initialScore: 0,
      roundsWonCount: 0,
      totalRoundScore: 0,
      scoreBeforeFinalRules: 83,
      finalRuleAdjustment: 30,
      finalScore: 113,
      handCount: 2,
      finishOrder: -1,
      otherScoreSources: 83
    },
    {
      name: 'Player3',
      id: 3,
      initialScore: 0,
      roundsWonCount: 0,
      totalRoundScore: 0,
      scoreBeforeFinalRules: 72,
      finalRuleAdjustment: 0,
      finalScore: 72,
      handCount: 4,
      finishOrder: -1,
      otherScoreSources: 72
    },
    {
      name: 'Player1',
      id: 1,
      initialScore: 0,
      roundsWonCount: 0,
      totalRoundScore: 0,
      scoreBeforeFinalRules: 46,
      finalRuleAdjustment: 0,
      finalScore: 46,
      handCount: 9,
      finishOrder: -1,
      otherScoreSources: 46
    },
    {
      name: 'Player5',
      id: 5,
      initialScore: 0,
      roundsWonCount: 0,
      totalRoundScore: 0,
      scoreBeforeFinalRules: 36,
      finalRuleAdjustment: 0,
      finalScore: 36,
      handCount: 10,
      finishOrder: -1,
      otherScoreSources: 36
    },
    {
      name: 'Player0',
      id: 0,
      initialScore: 0,
      roundsWonCount: 0,
      totalRoundScore: 0,
      scoreBeforeFinalRules: -96,
      finalRuleAdjustment: 0,
      finalScore: -96,
      handCount: 7,
      finishOrder: -1,
      otherScoreSources: -96
    },
    {
      name: 'Player4',
      id: 4,
      initialScore: 0,
      roundsWonCount: 0,
      totalRoundScore: 0,
      scoreBeforeFinalRules: -81,
      finalRuleAdjustment: -30,
      finalScore: -111,
      handCount: 11,
      finishOrder: -1,
      otherScoreSources: -81
    }
  ],
  summary: {
    totalInitialScore: 0,
    totalRoundScore: 0,
    totalFinalRuleAdjustment: 0,
    totalOtherScoreSources: 60,
    totalFinalScore: 60,
    expectedTotal: 0
  },
  allRoundsInfo: [
    { playerName: 'Player2', roundsWon: [] },
    { playerName: 'Player3', roundsWon: [] },
    { playerName: 'Player1', roundsWon: [] },
    { playerName: 'Player5', roundsWon: [] },
    { playerName: 'Player0', roundsWon: [] },
    { playerName: 'Player4', roundsWon: [] }
  ]
}
[ScoreValidation] ⚠️ 分数总和不为0！总和=108 {
  totalScore: 108,
  playerCount: 4,
  finishOrderLength: 1,
  finishOrder: [ 1 ],
  missingInRankings: [],
  missingInFinishOrder: [ 2, 0, 3 ],
  playerDetails: [
    {
      name: 'Player2',
      id: 2,
      initialScore: 0,
      roundsWonCount: 0,
      totalRoundScore: 0,
      scoreBeforeFinalRules: 76,
      finalRuleAdjustment: -30,
      finalScore: 46,
      handCount: 5,
      finishOrder: -1,
      otherScoreSources: 76
    },
    {
      name: 'Player0',
      id: 0,
      initialScore: 0,
      roundsWonCount: 0,
      totalRoundScore: 0,
      scoreBeforeFinalRules: 35,
      finalRuleAdjustment: 0,
      finalScore: 35,
      handCount: 2,
      finishOrder: -1,
      otherScoreSources: 35
    },
    {
      name: 'Player1',
      id: 1,
      initialScore: 0,
      roundsWonCount: 0,
      totalRoundScore: 0,
      scoreBeforeFinalRules: -15,
      finalRuleAdjustment: 30,
      finalScore: 15,
      handCount: 0,
      finishOrder: 0,
      otherScoreSources: -15
    },
    {
      name: 'Player3',
      id: 3,
      initialScore: 0,
      roundsWonCount: 0,
      totalRoundScore: 0,
      scoreBeforeFinalRules: 12,
      finalRuleAdjustment: 0,
      finalScore: 12,
      handCount: 3,
      finishOrder: -1,
      otherScoreSources: 12
    }
  ],
  summary: {
    totalInitialScore: 0,
    totalRoundScore: 0,
    totalFinalRuleAdjustment: 0,
    totalOtherScoreSources: 108,
    totalFinalScore: 108,
    expectedTotal: 0
  },
  allRoundsInfo: [
    { playerName: 'Player2', roundsWon: [] },
    { playerName: 'Player0', roundsWon: [] },
    { playerName: 'Player1', roundsWon: [] },
    { playerName: 'Player3', roundsWon: [] }
  ]
}
[ScoreValidation] ⚠️ 分数总和不为0！总和=108 {
  totalScore: 108,
  playerCount: 4,
  finishOrderLength: 1,
  finishOrder: [ 1 ],
  missingInRankings: [],
  missingInFinishOrder: [ 2, 0, 3 ],
  playerDetails: [
    {
      name: 'Player2',
      id: 2,
      initialScore: 0,
      roundsWonCount: 0,
      totalRoundScore: 0,
      scoreBeforeFinalRules: 76,
      finalRuleAdjustment: -30,
      finalScore: 46,
      handCount: 5,
      finishOrder: -1,
      otherScoreSources: 76
    },
    {
      name: 'Player0',
      id: 0,
      initialScore: 0,
      roundsWonCount: 0,
      totalRoundScore: 0,
      scoreBeforeFinalRules: 35,
      finalRuleAdjustment: 0,
      finalScore: 35,
      handCount: 2,
      finishOrder: -1,
      otherScoreSources: 35
    },
    {
      name: 'Player1',
      id: 1,
      initialScore: 0,
      roundsWonCount: 0,
      totalRoundScore: 0,
      scoreBeforeFinalRules: -15,
      finalRuleAdjustment: 30,
      finalScore: 15,
      handCount: 0,
      finishOrder: 0,
      otherScoreSources: -15
    },
    {
      name: 'Player3',
      id: 3,
      initialScore: 0,
      roundsWonCount: 0,
      totalRoundScore: 0,
      scoreBeforeFinalRules: 12,
      finalRuleAdjustment: 0,
      finalScore: 12,
      handCount: 3,
      finishOrder: -1,
      otherScoreSources: 12
    }
  ],
  summary: {
    totalInitialScore: 0,
    totalRoundScore: 0,
    totalFinalRuleAdjustment: 0,
    totalOtherScoreSources: 108,
    totalFinalScore: 108,
    expectedTotal: 0
  },
  allRoundsInfo: [
    { playerName: 'Player2', roundsWon: [] },
    { playerName: 'Player0', roundsWon: [] },
    { playerName: 'Player1', roundsWon: [] },
    { playerName: 'Player3', roundsWon: [] }
  ]
}
[ScoreValidation] ⚠️ 分数总和不为0！总和=-176 {
  totalScore: -176,
  playerCount: 6,
  finishOrderLength: 0,
  finishOrder: [],
  missingInRankings: [],
  missingInFinishOrder: [ 4, 2, 5, 3, 1, 0 ],
  playerDetails: [
    {
      name: 'Player4',
      id: 4,
      initialScore: 0,
      roundsWonCount: 0,
      totalRoundScore: 0,
      scoreBeforeFinalRules: 42,
      finalRuleAdjustment: 0,
      finalScore: 42,
      handCount: 10,
      finishOrder: -1,
      otherScoreSources: 42
    },
    {
      name: 'Player2',
      id: 2,
      initialScore: 0,
      roundsWonCount: 0,
      totalRoundScore: 0,
      scoreBeforeFinalRules: 39,
      finalRuleAdjustment: 0,
      finalScore: 39,
      handCount: 9,
      finishOrder: -1,
      otherScoreSources: 39
    },
    {
      name: 'Player5',
      id: 5,
      initialScore: 0,
      roundsWonCount: 0,
      totalRoundScore: 0,
      scoreBeforeFinalRules: -51,
      finalRuleAdjustment: 30,
      finalScore: -21,
      handCount: 3,
      finishOrder: -1,
      otherScoreSources: -51
    },
    {
      name: 'Player3',
      id: 3,
      initialScore: 0,
      roundsWonCount: 0,
      totalRoundScore: 0,
      scoreBeforeFinalRules: -43,
      finalRuleAdjustment: 0,
      finalScore: -43,
      handCount: 11,
      finishOrder: -1,
      otherScoreSources: -43
    },
    {
      name: 'Player1',
      id: 1,
      initialScore: 0,
      roundsWonCount: 0,
      totalRoundScore: 0,
      scoreBeforeFinalRules: -65,
      finalRuleAdjustment: -30,
      finalScore: -95,
      handCount: 12,
      finishOrder: -1,
      otherScoreSources: -65
    },
    {
      name: 'Player0',
      id: 0,
      initialScore: 0,
      roundsWonCount: 0,
      totalRoundScore: 0,
      scoreBeforeFinalRules: -98,
      finalRuleAdjustment: 0,
      finalScore: -98,
      handCount: 12,
      finishOrder: -1,
      otherScoreSources: -98
    }
  ],
  summary: {
    totalInitialScore: 0,
    totalRoundScore: 0,
    totalFinalRuleAdjustment: 0,
    totalOtherScoreSources: -176,
    totalFinalScore: -176,
    expectedTotal: 0
  },
  allRoundsInfo: [
    { playerName: 'Player4', roundsWon: [] },
    { playerName: 'Player2', roundsWon: [] },
    { playerName: 'Player5', roundsWon: [] },
    { playerName: 'Player3', roundsWon: [] },
    { playerName: 'Player1', roundsWon: [] },
    { playerName: 'Player0', roundsWon: [] }
  ]
}
[ScoreValidation] ⚠️ 分数总和不为0！总和=-176 {
  totalScore: -176,
  playerCount: 6,
  finishOrderLength: 0,
  finishOrder: [],
  missingInRankings: [],
  missingInFinishOrder: [ 4, 2, 5, 3, 1, 0 ],
  playerDetails: [
    {
      name: 'Player4',
      id: 4,
      initialScore: 0,
      roundsWonCount: 0,
      totalRoundScore: 0,
      scoreBeforeFinalRules: 42,
      finalRuleAdjustment: 0,
      finalScore: 42,
      handCount: 10,
      finishOrder: -1,
      otherScoreSources: 42
    },
    {
      name: 'Player2',
      id: 2,
      initialScore: 0,
      roundsWonCount: 0,
      totalRoundScore: 0,
      scoreBeforeFinalRules: 39,
      finalRuleAdjustment: 0,
      finalScore: 39,
      handCount: 9,
      finishOrder: -1,
      otherScoreSources: 39
    },
    {
      name: 'Player5',
      id: 5,
      initialScore: 0,
      roundsWonCount: 0,
      totalRoundScore: 0,
      scoreBeforeFinalRules: -51,
      finalRuleAdjustment: 30,
      finalScore: -21,
      handCount: 3,
      finishOrder: -1,
      otherScoreSources: -51
    },
    {
      name: 'Player3',
      id: 3,
      initialScore: 0,
      roundsWonCount: 0,
      totalRoundScore: 0,
      scoreBeforeFinalRules: -43,
      finalRuleAdjustment: 0,
      finalScore: -43,
      handCount: 11,
      finishOrder: -1,
      otherScoreSources: -43
    },
    {
      name: 'Player1',
      id: 1,
      initialScore: 0,
      roundsWonCount: 0,
      totalRoundScore: 0,
      scoreBeforeFinalRules: -65,
      finalRuleAdjustment: -30,
      finalScore: -95,
      handCount: 12,
      finishOrder: -1,
      otherScoreSources: -65
    },
    {
      name: 'Player0',
      id: 0,
      initialScore: 0,
      roundsWonCount: 0,
      totalRoundScore: 0,
      scoreBeforeFinalRules: -98,
      finalRuleAdjustment: 0,
      finalScore: -98,
      handCount: 12,
      finishOrder: -1,
      otherScoreSources: -98
    }
  ],
  summary: {
    totalInitialScore: 0,
    totalRoundScore: 0,
    totalFinalRuleAdjustment: 0,
    totalOtherScoreSources: -176,
    totalFinalScore: -176,
    expectedTotal: 0
  },
  allRoundsInfo: [
    { playerName: 'Player4', roundsWon: [] },
    { playerName: 'Player2', roundsWon: [] },
    { playerName: 'Player5', roundsWon: [] },
    { playerName: 'Player3', roundsWon: [] },
    { playerName: 'Player1', roundsWon: [] },
    { playerName: 'Player0', roundsWon: [] }
  ]
}
[ScoreValidation] ⚠️ 分数总和不为0！总和=274 {
  totalScore: 274,
  playerCount: 4,
  finishOrderLength: 0,
  finishOrder: [],
  missingInRankings: [],
  missingInFinishOrder: [ 3, 1, 2, 0 ],
  playerDetails: [
    {
      name: 'Player3',
      id: 3,
      initialScore: 0,
      roundsWonCount: 0,
      totalRoundScore: 0,
      scoreBeforeFinalRules: 46,
      finalRuleAdjustment: 30,
      finalScore: 76,
      handCount: 1,
      finishOrder: -1,
      otherScoreSources: 46
    },
    {
      name: 'Player1',
      id: 1,
      initialScore: 0,
      roundsWonCount: 0,
      totalRoundScore: 0,
      scoreBeforeFinalRules: 75,
      finalRuleAdjustment: 0,
      finalScore: 75,
      handCount: 4,
      finishOrder: -1,
      otherScoreSources: 75
    },
    {
      name: 'Player2',
      id: 2,
      initialScore: 0,
      roundsWonCount: 0,
      totalRoundScore: 0,
      scoreBeforeFinalRules: 74,
      finalRuleAdjustment: 0,
      finalScore: 74,
      handCount: 6,
      finishOrder: -1,
      otherScoreSources: 74
    },
    {
      name: 'Player0',
      id: 0,
      initialScore: 0,
      roundsWonCount: 0,
      totalRoundScore: 0,
      scoreBeforeFinalRules: 79,
      finalRuleAdjustment: -30,
      finalScore: 49,
      handCount: 7,
      finishOrder: -1,
      otherScoreSources: 79
    }
  ],
  summary: {
    totalInitialScore: 0,
    totalRoundScore: 0,
    totalFinalRuleAdjustment: 0,
    totalOtherScoreSources: 274,
    totalFinalScore: 274,
    expectedTotal: 0
  },
  allRoundsInfo: [
    { playerName: 'Player3', roundsWon: [] },
    { playerName: 'Player1', roundsWon: [] },
    { playerName: 'Player2', roundsWon: [] },
    { playerName: 'Player0', roundsWon: [] }
  ]
}
[ScoreValidation] ⚠️ 分数总和不为0！总和=274 {
  totalScore: 274,
  playerCount: 4,
  finishOrderLength: 0,
  finishOrder: [],
  missingInRankings: [],
  missingInFinishOrder: [ 3, 1, 2, 0 ],
  playerDetails: [
    {
      name: 'Player3',
      id: 3,
      initialScore: 0,
      roundsWonCount: 0,
      totalRoundScore: 0,
      scoreBeforeFinalRules: 46,
      finalRuleAdjustment: 30,
      finalScore: 76,
      handCount: 1,
      finishOrder: -1,
      otherScoreSources: 46
    },
    {
      name: 'Player1',
      id: 1,
      initialScore: 0,
      roundsWonCount: 0,
      totalRoundScore: 0,
      scoreBeforeFinalRules: 75,
      finalRuleAdjustment: 0,
      finalScore: 75,
      handCount: 4,
      finishOrder: -1,
      otherScoreSources: 75
    },
    {
      name: 'Player2',
      id: 2,
      initialScore: 0,
      roundsWonCount: 0,
      totalRoundScore: 0,
      scoreBeforeFinalRules: 74,
      finalRuleAdjustment: 0,
      finalScore: 74,
      handCount: 6,
      finishOrder: -1,
      otherScoreSources: 74
    },
    {
      name: 'Player0',
      id: 0,
      initialScore: 0,
      roundsWonCount: 0,
      totalRoundScore: 0,
      scoreBeforeFinalRules: 79,
      finalRuleAdjustment: -30,
      finalScore: 49,
      handCount: 7,
      finishOrder: -1,
      otherScoreSources: 79
    }
  ],
  summary: {
    totalInitialScore: 0,
    totalRoundScore: 0,
    totalFinalRuleAdjustment: 0,
    totalOtherScoreSources: 274,
    totalFinalScore: 274,
    expectedTotal: 0
  },
  allRoundsInfo: [
    { playerName: 'Player3', roundsWon: [] },
    { playerName: 'Player1', roundsWon: [] },
    { playerName: 'Player2', roundsWon: [] },
    { playerName: 'Player0', roundsWon: [] }
  ]
}
[ScoreValidation] ⚠️ 分数总和不为0！总和=-93 {
  totalScore: -93,
  playerCount: 2,
  finishOrderLength: 0,
  finishOrder: [],
  missingInRankings: [],
  missingInFinishOrder: [ 1, 0 ],
  playerDetails: [
    {
      name: 'Player1',
      id: 1,
      initialScore: 0,
      roundsWonCount: 0,
      totalRoundScore: 0,
      scoreBeforeFinalRules: -18,
      finalRuleAdjustment: 30,
      finalScore: 12,
      handCount: 2,
      finishOrder: -1,
      otherScoreSources: -18
    },
    {
      name: 'Player0',
      id: 0,
      initialScore: 0,
      roundsWonCount: 0,
      totalRoundScore: 0,
      scoreBeforeFinalRules: -75,
      finalRuleAdjustment: -30,
      finalScore: -105,
      handCount: 3,
      finishOrder: -1,
      otherScoreSources: -75
    }
  ],
  summary: {
    totalInitialScore: 0,
    totalRoundScore: 0,
    totalFinalRuleAdjustment: 0,
    totalOtherScoreSources: -93,
    totalFinalScore: -93,
    expectedTotal: 0
  },
  allRoundsInfo: [
    { playerName: 'Player1', roundsWon: [] },
    { playerName: 'Player0', roundsWon: [] }
  ]
}
[ScoreValidation] ⚠️ 分数总和不为0！总和=-93 {
  totalScore: -93,
  playerCount: 2,
  finishOrderLength: 0,
  finishOrder: [],
  missingInRankings: [],
  missingInFinishOrder: [ 1, 0 ],
  playerDetails: [
    {
      name: 'Player1',
      id: 1,
      initialScore: 0,
      roundsWonCount: 0,
      totalRoundScore: 0,
      scoreBeforeFinalRules: -18,
      finalRuleAdjustment: 30,
      finalScore: 12,
      handCount: 2,
      finishOrder: -1,
      otherScoreSources: -18
    },
    {
      name: 'Player0',
      id: 0,
      initialScore: 0,
      roundsWonCount: 0,
      totalRoundScore: 0,
      scoreBeforeFinalRules: -75,
      finalRuleAdjustment: -30,
      finalScore: -105,
      handCount: 3,
      finishOrder: -1,
      otherScoreSources: -75
    }
  ],
  summary: {
    totalInitialScore: 0,
    totalRoundScore: 0,
    totalFinalRuleAdjustment: 0,
    totalOtherScoreSources: -93,
    totalFinalScore: -93,
    expectedTotal: 0
  },
  allRoundsInfo: [
    { playerName: 'Player1', roundsWon: [] },
    { playerName: 'Player0', roundsWon: [] }
  ]
}
[ScoreValidation] ⚠️ 分数总和不为0！总和=92 {
  totalScore: 92,
  playerCount: 2,
  finishOrderLength: 0,
  finishOrder: [],
  missingInRankings: [],
  missingInFinishOrder: [ 1, 0 ],
  playerDetails: [
    {
      name: 'Player1',
      id: 1,
      initialScore: 0,
      roundsWonCount: 0,
      totalRoundScore: 0,
      scoreBeforeFinalRules: 87,
      finalRuleAdjustment: 30,
      finalScore: 117,
      handCount: 10,
      finishOrder: -1,
      otherScoreSources: 87
    },
    {
      name: 'Player0',
      id: 0,
      initialScore: 0,
      roundsWonCount: 0,
      totalRoundScore: 0,
      scoreBeforeFinalRules: 5,
      finalRuleAdjustment: -30,
      finalScore: -25,
      handCount: 13,
      finishOrder: -1,
      otherScoreSources: 5
    }
  ],
  summary: {
    totalInitialScore: 0,
    totalRoundScore: 0,
    totalFinalRuleAdjustment: 0,
    totalOtherScoreSources: 92,
    totalFinalScore: 92,
    expectedTotal: 0
  },
  allRoundsInfo: [
    { playerName: 'Player1', roundsWon: [] },
    { playerName: 'Player0', roundsWon: [] }
  ]
}
[ScoreValidation] ⚠️ 分数总和不为0！总和=92 {
  totalScore: 92,
  playerCount: 2,
  finishOrderLength: 0,
  finishOrder: [],
  missingInRankings: [],
  missingInFinishOrder: [ 1, 0 ],
  playerDetails: [
    {
      name: 'Player1',
      id: 1,
      initialScore: 0,
      roundsWonCount: 0,
      totalRoundScore: 0,
      scoreBeforeFinalRules: 87,
      finalRuleAdjustment: 30,
      finalScore: 117,
      handCount: 10,
      finishOrder: -1,
      otherScoreSources: 87
    },
    {
      name: 'Player0',
      id: 0,
      initialScore: 0,
      roundsWonCount: 0,
      totalRoundScore: 0,
      scoreBeforeFinalRules: 5,
      finalRuleAdjustment: -30,
      finalScore: -25,
      handCount: 13,
      finishOrder: -1,
      otherScoreSources: 5
    }
  ],
  summary: {
    totalInitialScore: 0,
    totalRoundScore: 0,
    totalFinalRuleAdjustment: 0,
    totalOtherScoreSources: 92,
    totalFinalScore: 92,
    expectedTotal: 0
  },
  allRoundsInfo: [
    { playerName: 'Player1', roundsWon: [] },
    { playerName: 'Player0', roundsWon: [] }
  ]
}
[ScoreValidation] ⚠️ 分数总和不为0！总和=-82 {
  totalScore: -82,
  playerCount: 4,
  finishOrderLength: 0,
  finishOrder: [],
  missingInRankings: [],
  missingInFinishOrder: [ 0, 2, 3, 1 ],
  playerDetails: [
    {
      name: 'Player0',
      id: 0,
      initialScore: 0,
      roundsWonCount: 0,
      totalRoundScore: 0,
      scoreBeforeFinalRules: 79,
      finalRuleAdjustment: 0,
      finalScore: 79,
      handCount: 6,
      finishOrder: -1,
      otherScoreSources: 79
    },
    {
      name: 'Player2',
      id: 2,
      initialScore: 0,
      roundsWonCount: 0,
      totalRoundScore: 0,
      scoreBeforeFinalRules: 1,
      finalRuleAdjustment: 30,
      finalScore: 31,
      handCount: 4,
      finishOrder: -1,
      otherScoreSources: 1
    },
    {
      name: 'Player3',
      id: 3,
      initialScore: 0,
      roundsWonCount: 0,
      totalRoundScore: 0,
      scoreBeforeFinalRules: -64,
      finalRuleAdjustment: -30,
      finalScore: -94,
      handCount: 12,
      finishOrder: -1,
      otherScoreSources: -64
    },
    {
      name: 'Player1',
      id: 1,
      initialScore: 0,
      roundsWonCount: 0,
      totalRoundScore: 0,
      scoreBeforeFinalRules: -98,
      finalRuleAdjustment: 0,
      finalScore: -98,
      handCount: 8,
      finishOrder: -1,
      otherScoreSources: -98
    }
  ],
  summary: {
    totalInitialScore: 0,
    totalRoundScore: 0,
    totalFinalRuleAdjustment: 0,
    totalOtherScoreSources: -82,
    totalFinalScore: -82,
    expectedTotal: 0
  },
  allRoundsInfo: [
    { playerName: 'Player0', roundsWon: [] },
    { playerName: 'Player2', roundsWon: [] },
    { playerName: 'Player3', roundsWon: [] },
    { playerName: 'Player1', roundsWon: [] }
  ]
}
[ScoreValidation] ⚠️ 分数总和不为0！总和=-82 {
  totalScore: -82,
  playerCount: 4,
  finishOrderLength: 0,
  finishOrder: [],
  missingInRankings: [],
  missingInFinishOrder: [ 0, 2, 3, 1 ],
  playerDetails: [
    {
      name: 'Player0',
      id: 0,
      initialScore: 0,
      roundsWonCount: 0,
      totalRoundScore: 0,
      scoreBeforeFinalRules: 79,
      finalRuleAdjustment: 0,
      finalScore: 79,
      handCount: 6,
      finishOrder: -1,
      otherScoreSources: 79
    },
    {
      name: 'Player2',
      id: 2,
      initialScore: 0,
      roundsWonCount: 0,
      totalRoundScore: 0,
      scoreBeforeFinalRules: 1,
      finalRuleAdjustment: 30,
      finalScore: 31,
      handCount: 4,
      finishOrder: -1,
      otherScoreSources: 1
    },
    {
      name: 'Player3',
      id: 3,
      initialScore: 0,
      roundsWonCount: 0,
      totalRoundScore: 0,
      scoreBeforeFinalRules: -64,
      finalRuleAdjustment: -30,
      finalScore: -94,
      handCount: 12,
      finishOrder: -1,
      otherScoreSources: -64
    },
    {
      name: 'Player1',
      id: 1,
      initialScore: 0,
      roundsWonCount: 0,
      totalRoundScore: 0,
      scoreBeforeFinalRules: -98,
      finalRuleAdjustment: 0,
      finalScore: -98,
      handCount: 8,
      finishOrder: -1,
      otherScoreSources: -98
    }
  ],
  summary: {
    totalInitialScore: 0,
    totalRoundScore: 0,
    totalFinalRuleAdjustment: 0,
    totalOtherScoreSources: -82,
    totalFinalScore: -82,
    expectedTotal: 0
  },
  allRoundsInfo: [
    { playerName: 'Player0', roundsWon: [] },
    { playerName: 'Player2', roundsWon: [] },
    { playerName: 'Player3', roundsWon: [] },
    { playerName: 'Player1', roundsWon: [] }
  ]
}
[ScoreValidation] ⚠️ 分数总和不为0！总和=-209 {
  totalScore: -209,
  playerCount: 6,
  finishOrderLength: 0,
  finishOrder: [],
  missingInRankings: [],
  missingInFinishOrder: [ 5, 2, 4, 3, 1, 0 ],
  playerDetails: [
    {
      name: 'Player5',
      id: 5,
      initialScore: 0,
      roundsWonCount: 0,
      totalRoundScore: 0,
      scoreBeforeFinalRules: 4,
      finalRuleAdjustment: 0,
      finalScore: 4,
      handCount: 3,
      finishOrder: -1,
      otherScoreSources: 4
    },
    {
      name: 'Player2',
      id: 2,
      initialScore: 0,
      roundsWonCount: 0,
      totalRoundScore: 0,
      scoreBeforeFinalRules: -10,
      finalRuleAdjustment: 0,
      finalScore: -10,
      handCount: 4,
      finishOrder: -1,
      otherScoreSources: -10
    },
    {
      name: 'Player4',
      id: 4,
      initialScore: 0,
      roundsWonCount: 0,
      totalRoundScore: 0,
      scoreBeforeFinalRules: -30,
      finalRuleAdjustment: 0,
      finalScore: -30,
      handCount: 13,
      finishOrder: -1,
      otherScoreSources: -30
    },
    {
      name: 'Player3',
      id: 3,
      initialScore: 0,
      roundsWonCount: 0,
      totalRoundScore: 0,
      scoreBeforeFinalRules: -80,
      finalRuleAdjustment: 30,
      finalScore: -50,
      handCount: 1,
      finishOrder: -1,
      otherScoreSources: -80
    },
    {
      name: 'Player1',
      id: 1,
      initialScore: 0,
      roundsWonCount: 0,
      totalRoundScore: 0,
      scoreBeforeFinalRules: -50,
      finalRuleAdjustment: 0,
      finalScore: -50,
      handCount: 3,
      finishOrder: -1,
      otherScoreSources: -50
    },
    {
      name: 'Player0',
      id: 0,
      initialScore: 0,
      roundsWonCount: 0,
      totalRoundScore: 0,
      scoreBeforeFinalRules: -73,
      finalRuleAdjustment: 0,
      finalScore: -73,
      handCount: 2,
      finishOrder: -1,
      otherScoreSources: -73
    }
  ],
  summary: {
    totalInitialScore: 0,
    totalRoundScore: 0,
    totalFinalRuleAdjustment: 30,
    totalOtherScoreSources: -239,
    totalFinalScore: -209,
    expectedTotal: 0
  },
  allRoundsInfo: [
    { playerName: 'Player5', roundsWon: [] },
    { playerName: 'Player2', roundsWon: [] },
    { playerName: 'Player4', roundsWon: [] },
    { playerName: 'Player3', roundsWon: [] },
    { playerName: 'Player1', roundsWon: [] },
    { playerName: 'Player0', roundsWon: [] }
  ]
}
[ScoreValidation] ⚠️ 分数总和不为0！总和=-209 {
  totalScore: -209,
  playerCount: 6,
  finishOrderLength: 0,
  finishOrder: [],
  missingInRankings: [],
  missingInFinishOrder: [ 5, 2, 4, 3, 1, 0 ],
  playerDetails: [
    {
      name: 'Player5',
      id: 5,
      initialScore: 0,
      roundsWonCount: 0,
      totalRoundScore: 0,
      scoreBeforeFinalRules: 4,
      finalRuleAdjustment: 0,
      finalScore: 4,
      handCount: 3,
      finishOrder: -1,
      otherScoreSources: 4
    },
    {
      name: 'Player2',
      id: 2,
      initialScore: 0,
      roundsWonCount: 0,
      totalRoundScore: 0,
      scoreBeforeFinalRules: -10,
      finalRuleAdjustment: 0,
      finalScore: -10,
      handCount: 4,
      finishOrder: -1,
      otherScoreSources: -10
    },
    {
      name: 'Player4',
      id: 4,
      initialScore: 0,
      roundsWonCount: 0,
      totalRoundScore: 0,
      scoreBeforeFinalRules: -30,
      finalRuleAdjustment: 0,
      finalScore: -30,
      handCount: 13,
      finishOrder: -1,
      otherScoreSources: -30
    },
    {
      name: 'Player3',
      id: 3,
      initialScore: 0,
      roundsWonCount: 0,
      totalRoundScore: 0,
      scoreBeforeFinalRules: -80,
      finalRuleAdjustment: 30,
      finalScore: -50,
      handCount: 1,
      finishOrder: -1,
      otherScoreSources: -80
    },
    {
      name: 'Player1',
      id: 1,
      initialScore: 0,
      roundsWonCount: 0,
      totalRoundScore: 0,
      scoreBeforeFinalRules: -50,
      finalRuleAdjustment: 0,
      finalScore: -50,
      handCount: 3,
      finishOrder: -1,
      otherScoreSources: -50
    },
    {
      name: 'Player0',
      id: 0,
      initialScore: 0,
      roundsWonCount: 0,
      totalRoundScore: 0,
      scoreBeforeFinalRules: -73,
      finalRuleAdjustment: 0,
      finalScore: -73,
      handCount: 2,
      finishOrder: -1,
      otherScoreSources: -73
    }
  ],
  summary: {
    totalInitialScore: 0,
    totalRoundScore: 0,
    totalFinalRuleAdjustment: 30,
    totalOtherScoreSources: -239,
    totalFinalScore: -209,
    expectedTotal: 0
  },
  allRoundsInfo: [
    { playerName: 'Player5', roundsWon: [] },
    { playerName: 'Player2', roundsWon: [] },
    { playerName: 'Player4', roundsWon: [] },
    { playerName: 'Player3', roundsWon: [] },
    { playerName: 'Player1', roundsWon: [] },
    { playerName: 'Player0', roundsWon: [] }
  ]
}
[ScoreValidation] ⚠️ 分数总和不为0！总和=-187 {
  totalScore: -187,
  playerCount: 4,
  finishOrderLength: 0,
  finishOrder: [],
  missingInRankings: [],
  missingInFinishOrder: [ 1, 3, 0, 2 ],
  playerDetails: [
    {
      name: 'Player1',
      id: 1,
      initialScore: 0,
      roundsWonCount: 0,
      totalRoundScore: 0,
      scoreBeforeFinalRules: 16,
      finalRuleAdjustment: 30,
      finalScore: 46,
      handCount: 3,
      finishOrder: -1,
      otherScoreSources: 16
    },
    {
      name: 'Player3',
      id: 3,
      initialScore: 0,
      roundsWonCount: 0,
      totalRoundScore: 0,
      scoreBeforeFinalRules: -39,
      finalRuleAdjustment: -30,
      finalScore: -69,
      handCount: 12,
      finishOrder: -1,
      otherScoreSources: -39
    },
    {
      name: 'Player0',
      id: 0,
      initialScore: 0,
      roundsWonCount: 0,
      totalRoundScore: 0,
      scoreBeforeFinalRules: -82,
      finalRuleAdjustment: 0,
      finalScore: -82,
      handCount: 5,
      finishOrder: -1,
      otherScoreSources: -82
    },
    {
      name: 'Player2',
      id: 2,
      initialScore: 0,
      roundsWonCount: 0,
      totalRoundScore: 0,
      scoreBeforeFinalRules: -82,
      finalRuleAdjustment: 0,
      finalScore: -82,
      handCount: 12,
      finishOrder: -1,
      otherScoreSources: -82
    }
  ],
  summary: {
    totalInitialScore: 0,
    totalRoundScore: 0,
    totalFinalRuleAdjustment: 0,
    totalOtherScoreSources: -187,
    totalFinalScore: -187,
    expectedTotal: 0
  },
  allRoundsInfo: [
    { playerName: 'Player1', roundsWon: [] },
    { playerName: 'Player3', roundsWon: [] },
    { playerName: 'Player0', roundsWon: [] },
    { playerName: 'Player2', roundsWon: [] }
  ]
}
[ScoreValidation] ⚠️ 分数总和不为0！总和=-187 {
  totalScore: -187,
  playerCount: 4,
  finishOrderLength: 0,
  finishOrder: [],
  missingInRankings: [],
  missingInFinishOrder: [ 1, 3, 0, 2 ],
  playerDetails: [
    {
      name: 'Player1',
      id: 1,
      initialScore: 0,
      roundsWonCount: 0,
      totalRoundScore: 0,
      scoreBeforeFinalRules: 16,
      finalRuleAdjustment: 30,
      finalScore: 46,
      handCount: 3,
      finishOrder: -1,
      otherScoreSources: 16
    },
    {
      name: 'Player3',
      id: 3,
      initialScore: 0,
      roundsWonCount: 0,
      totalRoundScore: 0,
      scoreBeforeFinalRules: -39,
      finalRuleAdjustment: -30,
      finalScore: -69,
      handCount: 12,
      finishOrder: -1,
      otherScoreSources: -39
    },
    {
      name: 'Player0',
      id: 0,
      initialScore: 0,
      roundsWonCount: 0,
      totalRoundScore: 0,
      scoreBeforeFinalRules: -82,
      finalRuleAdjustment: 0,
      finalScore: -82,
      handCount: 5,
      finishOrder: -1,
      otherScoreSources: -82
    },
    {
      name: 'Player2',
      id: 2,
      initialScore: 0,
      roundsWonCount: 0,
      totalRoundScore: 0,
      scoreBeforeFinalRules: -82,
      finalRuleAdjustment: 0,
      finalScore: -82,
      handCount: 12,
      finishOrder: -1,
      otherScoreSources: -82
    }
  ],
  summary: {
    totalInitialScore: 0,
    totalRoundScore: 0,
    totalFinalRuleAdjustment: 0,
    totalOtherScoreSources: -187,
    totalFinalScore: -187,
    expectedTotal: 0
  },
  allRoundsInfo: [
    { playerName: 'Player1', roundsWon: [] },
    { playerName: 'Player3', roundsWon: [] },
    { playerName: 'Player0', roundsWon: [] },
    { playerName: 'Player2', roundsWon: [] }
  ]
}
[ScoreValidation] ⚠️ 分数总和不为0！总和=68 {
  totalScore: 68,
  playerCount: 4,
  finishOrderLength: 0,
  finishOrder: [],
  missingInRankings: [],
  missingInFinishOrder: [ 3, 2, 0, 1 ],
  playerDetails: [
    {
      name: 'Player3',
      id: 3,
      initialScore: 0,
      roundsWonCount: 0,
      totalRoundScore: 0,
      scoreBeforeFinalRules: 71,
      finalRuleAdjustment: -30,
      finalScore: 41,
      handCount: 12,
      finishOrder: -1,
      otherScoreSources: 71
    },
    {
      name: 'Player2',
      id: 2,
      initialScore: 0,
      roundsWonCount: 0,
      totalRoundScore: 0,
      scoreBeforeFinalRules: 4,
      finalRuleAdjustment: 30,
      finalScore: 34,
      handCount: 3,
      finishOrder: -1,
      otherScoreSources: 4
    },
    {
      name: 'Player0',
      id: 0,
      initialScore: 0,
      roundsWonCount: 0,
      totalRoundScore: 0,
      scoreBeforeFinalRules: 32,
      finalRuleAdjustment: 0,
      finalScore: 32,
      handCount: 7,
      finishOrder: -1,
      otherScoreSources: 32
    },
    {
      name: 'Player1',
      id: 1,
      initialScore: 0,
      roundsWonCount: 0,
      totalRoundScore: 0,
      scoreBeforeFinalRules: -39,
      finalRuleAdjustment: 0,
      finalScore: -39,
      handCount: 7,
      finishOrder: -1,
      otherScoreSources: -39
    }
  ],
  summary: {
    totalInitialScore: 0,
    totalRoundScore: 0,
    totalFinalRuleAdjustment: 0,
    totalOtherScoreSources: 68,
    totalFinalScore: 68,
    expectedTotal: 0
  },
  allRoundsInfo: [
    { playerName: 'Player3', roundsWon: [] },
    { playerName: 'Player2', roundsWon: [] },
    { playerName: 'Player0', roundsWon: [] },
    { playerName: 'Player1', roundsWon: [] }
  ]
}
[ScoreValidation] ⚠️ 分数总和不为0！总和=68 {
  totalScore: 68,
  playerCount: 4,
  finishOrderLength: 0,
  finishOrder: [],
  missingInRankings: [],
  missingInFinishOrder: [ 3, 2, 0, 1 ],
  playerDetails: [
    {
      name: 'Player3',
      id: 3,
      initialScore: 0,
      roundsWonCount: 0,
      totalRoundScore: 0,
      scoreBeforeFinalRules: 71,
      finalRuleAdjustment: -30,
      finalScore: 41,
      handCount: 12,
      finishOrder: -1,
      otherScoreSources: 71
    },
    {
      name: 'Player2',
      id: 2,
      initialScore: 0,
      roundsWonCount: 0,
      totalRoundScore: 0,
      scoreBeforeFinalRules: 4,
      finalRuleAdjustment: 30,
      finalScore: 34,
      handCount: 3,
      finishOrder: -1,
      otherScoreSources: 4
    },
    {
      name: 'Player0',
      id: 0,
      initialScore: 0,
      roundsWonCount: 0,
      totalRoundScore: 0,
      scoreBeforeFinalRules: 32,
      finalRuleAdjustment: 0,
      finalScore: 32,
      handCount: 7,
      finishOrder: -1,
      otherScoreSources: 32
    },
    {
      name: 'Player1',
      id: 1,
      initialScore: 0,
      roundsWonCount: 0,
      totalRoundScore: 0,
      scoreBeforeFinalRules: -39,
      finalRuleAdjustment: 0,
      finalScore: -39,
      handCount: 7,
      finishOrder: -1,
      otherScoreSources: -39
    }
  ],
  summary: {
    totalInitialScore: 0,
    totalRoundScore: 0,
    totalFinalRuleAdjustment: 0,
    totalOtherScoreSources: 68,
    totalFinalScore: 68,
    expectedTotal: 0
  },
  allRoundsInfo: [
    { playerName: 'Player3', roundsWon: [] },
    { playerName: 'Player2', roundsWon: [] },
    { playerName: 'Player0', roundsWon: [] },
    { playerName: 'Player1', roundsWon: [] }
  ]
}
[ScoreValidation] ⚠️ 分数总和不为0！总和=122 {
  totalScore: 122,
  playerCount: 4,
  finishOrderLength: 0,
  finishOrder: [],
  missingInRankings: [],
  missingInFinishOrder: [ 1, 3, 0, 2 ],
  playerDetails: [
    {
      name: 'Player1',
      id: 1,
      initialScore: 0,
      roundsWonCount: 0,
      totalRoundScore: 0,
      scoreBeforeFinalRules: 32,
      finalRuleAdjustment: 30,
      finalScore: 62,
      handCount: 6,
      finishOrder: -1,
      otherScoreSources: 32
    },
    {
      name: 'Player3',
      id: 3,
      initialScore: 0,
      roundsWonCount: 0,
      totalRoundScore: 0,
      scoreBeforeFinalRules: 31,
      finalRuleAdjustment: 0,
      finalScore: 31,
      handCount: 7,
      finishOrder: -1,
      otherScoreSources: 31
    },
    {
      name: 'Player0',
      id: 0,
      initialScore: 0,
      roundsWonCount: 0,
      totalRoundScore: 0,
      scoreBeforeFinalRules: 60,
      finalRuleAdjustment: -30,
      finalScore: 30,
      handCount: 8,
      finishOrder: -1,
      otherScoreSources: 60
    },
    {
      name: 'Player2',
      id: 2,
      initialScore: 0,
      roundsWonCount: 0,
      totalRoundScore: 0,
      scoreBeforeFinalRules: -1,
      finalRuleAdjustment: 0,
      finalScore: -1,
      handCount: 7,
      finishOrder: -1,
      otherScoreSources: -1
    }
  ],
  summary: {
    totalInitialScore: 0,
    totalRoundScore: 0,
    totalFinalRuleAdjustment: 0,
    totalOtherScoreSources: 122,
    totalFinalScore: 122,
    expectedTotal: 0
  },
  allRoundsInfo: [
    { playerName: 'Player1', roundsWon: [] },
    { playerName: 'Player3', roundsWon: [] },
    { playerName: 'Player0', roundsWon: [] },
    { playerName: 'Player2', roundsWon: [] }
  ]
}
[ScoreValidation] ⚠️ 分数总和不为0！总和=122 {
  totalScore: 122,
  playerCount: 4,
  finishOrderLength: 0,
  finishOrder: [],
  missingInRankings: [],
  missingInFinishOrder: [ 1, 3, 0, 2 ],
  playerDetails: [
    {
      name: 'Player1',
      id: 1,
      initialScore: 0,
      roundsWonCount: 0,
      totalRoundScore: 0,
      scoreBeforeFinalRules: 32,
      finalRuleAdjustment: 30,
      finalScore: 62,
      handCount: 6,
      finishOrder: -1,
      otherScoreSources: 32
    },
    {
      name: 'Player3',
      id: 3,
      initialScore: 0,
      roundsWonCount: 0,
      totalRoundScore: 0,
      scoreBeforeFinalRules: 31,
      finalRuleAdjustment: 0,
      finalScore: 31,
      handCount: 7,
      finishOrder: -1,
      otherScoreSources: 31
    },
    {
      name: 'Player0',
      id: 0,
      initialScore: 0,
      roundsWonCount: 0,
      totalRoundScore: 0,
      scoreBeforeFinalRules: 60,
      finalRuleAdjustment: -30,
      finalScore: 30,
      handCount: 8,
      finishOrder: -1,
      otherScoreSources: 60
    },
    {
      name: 'Player2',
      id: 2,
      initialScore: 0,
      roundsWonCount: 0,
      totalRoundScore: 0,
      scoreBeforeFinalRules: -1,
      finalRuleAdjustment: 0,
      finalScore: -1,
      handCount: 7,
      finishOrder: -1,
      otherScoreSources: -1
    }
  ],
  summary: {
    totalInitialScore: 0,
    totalRoundScore: 0,
    totalFinalRuleAdjustment: 0,
    totalOtherScoreSources: 122,
    totalFinalScore: 122,
    expectedTotal: 0
  },
  allRoundsInfo: [
    { playerName: 'Player1', roundsWon: [] },
    { playerName: 'Player3', roundsWon: [] },
    { playerName: 'Player0', roundsWon: [] },
    { playerName: 'Player2', roundsWon: [] }
  ]
}
[ScoreValidation] ⚠️ 分数总和不为0！总和=82 {
  totalScore: 82,
  playerCount: 4,
  finishOrderLength: 0,
  finishOrder: [],
  missingInRankings: [],
  missingInFinishOrder: [ 0, 3, 2, 1 ],
  playerDetails: [
    {
      name: 'Player0',
      id: 0,
      initialScore: 0,
      roundsWonCount: 0,
      totalRoundScore: 0,
      scoreBeforeFinalRules: 50,
      finalRuleAdjustment: 0,
      finalScore: 50,
      handCount: 6,
      finishOrder: -1,
      otherScoreSources: 50
    },
    {
      name: 'Player3',
      id: 3,
      initialScore: 0,
      roundsWonCount: 0,
      totalRoundScore: 0,
      scoreBeforeFinalRules: 68,
      finalRuleAdjustment: -30,
      finalScore: 38,
      handCount: 7,
      finishOrder: -1,
      otherScoreSources: 68
    },
    {
      name: 'Player2',
      id: 2,
      initialScore: 0,
      roundsWonCount: 0,
      totalRoundScore: 0,
      scoreBeforeFinalRules: -3,
      finalRuleAdjustment: 30,
      finalScore: 27,
      handCount: 2,
      finishOrder: -1,
      otherScoreSources: -3
    },
    {
      name: 'Player1',
      id: 1,
      initialScore: 0,
      roundsWonCount: 0,
      totalRoundScore: 0,
      scoreBeforeFinalRules: -33,
      finalRuleAdjustment: 0,
      finalScore: -33,
      handCount: 7,
      finishOrder: -1,
      otherScoreSources: -33
    }
  ],
  summary: {
    totalInitialScore: 0,
    totalRoundScore: 0,
    totalFinalRuleAdjustment: 0,
    totalOtherScoreSources: 82,
    totalFinalScore: 82,
    expectedTotal: 0
  },
  allRoundsInfo: [
    { playerName: 'Player0', roundsWon: [] },
    { playerName: 'Player3', roundsWon: [] },
    { playerName: 'Player2', roundsWon: [] },
    { playerName: 'Player1', roundsWon: [] }
  ]
}
[ScoreValidation] ⚠️ 分数总和不为0！总和=82 {
  totalScore: 82,
  playerCount: 4,
  finishOrderLength: 0,
  finishOrder: [],
  missingInRankings: [],
  missingInFinishOrder: [ 0, 3, 2, 1 ],
  playerDetails: [
    {
      name: 'Player0',
      id: 0,
      initialScore: 0,
      roundsWonCount: 0,
      totalRoundScore: 0,
      scoreBeforeFinalRules: 50,
      finalRuleAdjustment: 0,
      finalScore: 50,
      handCount: 6,
      finishOrder: -1,
      otherScoreSources: 50
    },
    {
      name: 'Player3',
      id: 3,
      initialScore: 0,
      roundsWonCount: 0,
      totalRoundScore: 0,
      scoreBeforeFinalRules: 68,
      finalRuleAdjustment: -30,
      finalScore: 38,
      handCount: 7,
      finishOrder: -1,
      otherScoreSources: 68
    },
    {
      name: 'Player2',
      id: 2,
      initialScore: 0,
      roundsWonCount: 0,
      totalRoundScore: 0,
      scoreBeforeFinalRules: -3,
      finalRuleAdjustment: 30,
      finalScore: 27,
      handCount: 2,
      finishOrder: -1,
      otherScoreSources: -3
    },
    {
      name: 'Player1',
      id: 1,
      initialScore: 0,
      roundsWonCount: 0,
      totalRoundScore: 0,
      scoreBeforeFinalRules: -33,
      finalRuleAdjustment: 0,
      finalScore: -33,
      handCount: 7,
      finishOrder: -1,
      otherScoreSources: -33
    }
  ],
  summary: {
    totalInitialScore: 0,
    totalRoundScore: 0,
    totalFinalRuleAdjustment: 0,
    totalOtherScoreSources: 82,
    totalFinalScore: 82,
    expectedTotal: 0
  },
  allRoundsInfo: [
    { playerName: 'Player0', roundsWon: [] },
    { playerName: 'Player3', roundsWon: [] },
    { playerName: 'Player2', roundsWon: [] },
    { playerName: 'Player1', roundsWon: [] }
  ]
}
[ScoreValidation] ⚠️ 分数总和不为0！总和=-55 {
  totalScore: -55,
  playerCount: 6,
  finishOrderLength: 0,
  finishOrder: [],
  missingInRankings: [],
  missingInFinishOrder: [ 2, 5, 0, 4, 1, 3 ],
  playerDetails: [
    {
      name: 'Player2',
      id: 2,
      initialScore: 0,
      roundsWonCount: 0,
      totalRoundScore: 0,
      scoreBeforeFinalRules: 76,
      finalRuleAdjustment: 0,
      finalScore: 76,
      handCount: 5,
      finishOrder: -1,
      otherScoreSources: 76
    },
    {
      name: 'Player5',
      id: 5,
      initialScore: 0,
      roundsWonCount: 0,
      totalRoundScore: 0,
      scoreBeforeFinalRules: 34,
      finalRuleAdjustment: 0,
      finalScore: 34,
      handCount: 7,
      finishOrder: -1,
      otherScoreSources: 34
    },
    {
      name: 'Player0',
      id: 0,
      initialScore: 0,
      roundsWonCount: 0,
      totalRoundScore: 0,
      scoreBeforeFinalRules: 2,
      finalRuleAdjustment: 30,
      finalScore: 32,
      handCount: 1,
      finishOrder: -1,
      otherScoreSources: 2
    },
    {
      name: 'Player4',
      id: 4,
      initialScore: 0,
      roundsWonCount: 0,
      totalRoundScore: 0,
      scoreBeforeFinalRules: 12,
      finalRuleAdjustment: 0,
      finalScore: 12,
      handCount: 6,
      finishOrder: -1,
      otherScoreSources: 12
    },
    {
      name: 'Player1',
      id: 1,
      initialScore: 0,
      roundsWonCount: 0,
      totalRoundScore: 0,
      scoreBeforeFinalRules: -99,
      finalRuleAdjustment: 0,
      finalScore: -99,
      handCount: 3,
      finishOrder: -1,
      otherScoreSources: -99
    },
    {
      name: 'Player3',
      id: 3,
      initialScore: 0,
      roundsWonCount: 0,
      totalRoundScore: 0,
      scoreBeforeFinalRules: -80,
      finalRuleAdjustment: -30,
      finalScore: -110,
      handCount: 13,
      finishOrder: -1,
      otherScoreSources: -80
    }
  ],
  summary: {
    totalInitialScore: 0,
    totalRoundScore: 0,
    totalFinalRuleAdjustment: 0,
    totalOtherScoreSources: -55,
    totalFinalScore: -55,
    expectedTotal: 0
  },
  allRoundsInfo: [
    { playerName: 'Player2', roundsWon: [] },
    { playerName: 'Player5', roundsWon: [] },
    { playerName: 'Player0', roundsWon: [] },
    { playerName: 'Player4', roundsWon: [] },
    { playerName: 'Player1', roundsWon: [] },
    { playerName: 'Player3', roundsWon: [] }
  ]
}
[ScoreValidation] ⚠️ 分数总和不为0！总和=-55 {
  totalScore: -55,
  playerCount: 6,
  finishOrderLength: 0,
  finishOrder: [],
  missingInRankings: [],
  missingInFinishOrder: [ 2, 5, 0, 4, 1, 3 ],
  playerDetails: [
    {
      name: 'Player2',
      id: 2,
      initialScore: 0,
      roundsWonCount: 0,
      totalRoundScore: 0,
      scoreBeforeFinalRules: 76,
      finalRuleAdjustment: 0,
      finalScore: 76,
      handCount: 5,
      finishOrder: -1,
      otherScoreSources: 76
    },
    {
      name: 'Player5',
      id: 5,
      initialScore: 0,
      roundsWonCount: 0,
      totalRoundScore: 0,
      scoreBeforeFinalRules: 34,
      finalRuleAdjustment: 0,
      finalScore: 34,
      handCount: 7,
      finishOrder: -1,
      otherScoreSources: 34
    },
    {
      name: 'Player0',
      id: 0,
      initialScore: 0,
      roundsWonCount: 0,
      totalRoundScore: 0,
      scoreBeforeFinalRules: 2,
      finalRuleAdjustment: 30,
      finalScore: 32,
      handCount: 1,
      finishOrder: -1,
      otherScoreSources: 2
    },
    {
      name: 'Player4',
      id: 4,
      initialScore: 0,
      roundsWonCount: 0,
      totalRoundScore: 0,
      scoreBeforeFinalRules: 12,
      finalRuleAdjustment: 0,
      finalScore: 12,
      handCount: 6,
      finishOrder: -1,
      otherScoreSources: 12
    },
    {
      name: 'Player1',
      id: 1,
      initialScore: 0,
      roundsWonCount: 0,
      totalRoundScore: 0,
      scoreBeforeFinalRules: -99,
      finalRuleAdjustment: 0,
      finalScore: -99,
      handCount: 3,
      finishOrder: -1,
      otherScoreSources: -99
    },
    {
      name: 'Player3',
      id: 3,
      initialScore: 0,
      roundsWonCount: 0,
      totalRoundScore: 0,
      scoreBeforeFinalRules: -80,
      finalRuleAdjustment: -30,
      finalScore: -110,
      handCount: 13,
      finishOrder: -1,
      otherScoreSources: -80
    }
  ],
  summary: {
    totalInitialScore: 0,
    totalRoundScore: 0,
    totalFinalRuleAdjustment: 0,
    totalOtherScoreSources: -55,
    totalFinalScore: -55,
    expectedTotal: 0
  },
  allRoundsInfo: [
    { playerName: 'Player2', roundsWon: [] },
    { playerName: 'Player5', roundsWon: [] },
    { playerName: 'Player0', roundsWon: [] },
    { playerName: 'Player4', roundsWon: [] },
    { playerName: 'Player1', roundsWon: [] },
    { playerName: 'Player3', roundsWon: [] }
  ]
}
[ScoreValidation] ⚠️ 分数总和不为0！总和=-48 {
  totalScore: -48,
  playerCount: 6,
  finishOrderLength: 0,
  finishOrder: [],
  missingInRankings: [],
  missingInFinishOrder: [ 2, 5, 0, 1, 3, 4 ],
  playerDetails: [
    {
      name: 'Player2',
      id: 2,
      initialScore: 0,
      roundsWonCount: 0,
      totalRoundScore: 0,
      scoreBeforeFinalRules: 68,
      finalRuleAdjustment: 0,
      finalScore: 68,
      handCount: 11,
      finishOrder: -1,
      otherScoreSources: 68
    },
    {
      name: 'Player5',
      id: 5,
      initialScore: 0,
      roundsWonCount: 0,
      totalRoundScore: 0,
      scoreBeforeFinalRules: 18,
      finalRuleAdjustment: -30,
      finalScore: -12,
      handCount: 13,
      finishOrder: -1,
      otherScoreSources: 18
    },
    {
      name: 'Player0',
      id: 0,
      initialScore: 0,
      roundsWonCount: 0,
      totalRoundScore: 0,
      scoreBeforeFinalRules: -44,
      finalRuleAdjustment: 30,
      finalScore: -14,
      handCount: 1,
      finishOrder: -1,
      otherScoreSources: -44
    },
    {
      name: 'Player1',
      id: 1,
      initialScore: 0,
      roundsWonCount: 0,
      totalRoundScore: 0,
      scoreBeforeFinalRules: -17,
      finalRuleAdjustment: 0,
      finalScore: -17,
      handCount: 6,
      finishOrder: -1,
      otherScoreSources: -17
    },
    {
      name: 'Player3',
      id: 3,
      initialScore: 0,
      roundsWonCount: 0,
      totalRoundScore: 0,
      scoreBeforeFinalRules: -30,
      finalRuleAdjustment: 0,
      finalScore: -30,
      handCount: 12,
      finishOrder: -1,
      otherScoreSources: -30
    },
    {
      name: 'Player4',
      id: 4,
      initialScore: 0,
      roundsWonCount: 0,
      totalRoundScore: 0,
      scoreBeforeFinalRules: -43,
      finalRuleAdjustment: 0,
      finalScore: -43,
      handCount: 13,
      finishOrder: -1,
      otherScoreSources: -43
    }
  ],
  summary: {
    totalInitialScore: 0,
    totalRoundScore: 0,
    totalFinalRuleAdjustment: 0,
    totalOtherScoreSources: -48,
    totalFinalScore: -48,
    expectedTotal: 0
  },
  allRoundsInfo: [
    { playerName: 'Player2', roundsWon: [] },
    { playerName: 'Player5', roundsWon: [] },
    { playerName: 'Player0', roundsWon: [] },
    { playerName: 'Player1', roundsWon: [] },
    { playerName: 'Player3', roundsWon: [] },
    { playerName: 'Player4', roundsWon: [] }
  ]
}
[ScoreValidation] ⚠️ 分数总和不为0！总和=-48 {
  totalScore: -48,
  playerCount: 6,
  finishOrderLength: 0,
  finishOrder: [],
  missingInRankings: [],
  missingInFinishOrder: [ 2, 5, 0, 1, 3, 4 ],
  playerDetails: [
    {
      name: 'Player2',
      id: 2,
      initialScore: 0,
      roundsWonCount: 0,
      totalRoundScore: 0,
      scoreBeforeFinalRules: 68,
      finalRuleAdjustment: 0,
      finalScore: 68,
      handCount: 11,
      finishOrder: -1,
      otherScoreSources: 68
    },
    {
      name: 'Player5',
      id: 5,
      initialScore: 0,
      roundsWonCount: 0,
      totalRoundScore: 0,
      scoreBeforeFinalRules: 18,
      finalRuleAdjustment: -30,
      finalScore: -12,
      handCount: 13,
      finishOrder: -1,
      otherScoreSources: 18
    },
    {
      name: 'Player0',
      id: 0,
      initialScore: 0,
      roundsWonCount: 0,
      totalRoundScore: 0,
      scoreBeforeFinalRules: -44,
      finalRuleAdjustment: 30,
      finalScore: -14,
      handCount: 1,
      finishOrder: -1,
      otherScoreSources: -44
    },
    {
      name: 'Player1',
      id: 1,
      initialScore: 0,
      roundsWonCount: 0,
      totalRoundScore: 0,
      scoreBeforeFinalRules: -17,
      finalRuleAdjustment: 0,
      finalScore: -17,
      handCount: 6,
      finishOrder: -1,
      otherScoreSources: -17
    },
    {
      name: 'Player3',
      id: 3,
      initialScore: 0,
      roundsWonCount: 0,
      totalRoundScore: 0,
      scoreBeforeFinalRules: -30,
      finalRuleAdjustment: 0,
      finalScore: -30,
      handCount: 12,
      finishOrder: -1,
      otherScoreSources: -30
    },
    {
      name: 'Player4',
      id: 4,
      initialScore: 0,
      roundsWonCount: 0,
      totalRoundScore: 0,
      scoreBeforeFinalRules: -43,
      finalRuleAdjustment: 0,
      finalScore: -43,
      handCount: 13,
      finishOrder: -1,
      otherScoreSources: -43
    }
  ],
  summary: {
    totalInitialScore: 0,
    totalRoundScore: 0,
    totalFinalRuleAdjustment: 0,
    totalOtherScoreSources: -48,
    totalFinalScore: -48,
    expectedTotal: 0
  },
  allRoundsInfo: [
    { playerName: 'Player2', roundsWon: [] },
    { playerName: 'Player5', roundsWon: [] },
    { playerName: 'Player0', roundsWon: [] },
    { playerName: 'Player1', roundsWon: [] },
    { playerName: 'Player3', roundsWon: [] },
    { playerName: 'Player4', roundsWon: [] }
  ]
}
[ScoreValidation] ⚠️ 分数总和不为0！总和=75 {
  totalScore: 75,
  playerCount: 4,
  finishOrderLength: 0,
  finishOrder: [],
  missingInRankings: [],
  missingInFinishOrder: [ 2, 1, 0, 3 ],
  playerDetails: [
    {
      name: 'Player2',
      id: 2,
      initialScore: 0,
      roundsWonCount: 0,
      totalRoundScore: 0,
      scoreBeforeFinalRules: 66,
      finalRuleAdjustment: 0,
      finalScore: 66,
      handCount: 11,
      finishOrder: -1,
      otherScoreSources: 66
    },
    {
      name: 'Player1',
      id: 1,
      initialScore: 0,
      roundsWonCount: 0,
      totalRoundScore: 0,
      scoreBeforeFinalRules: 87,
      finalRuleAdjustment: -30,
      finalScore: 57,
      handCount: 13,
      finishOrder: -1,
      otherScoreSources: 87
    },
    {
      name: 'Player0',
      id: 0,
      initialScore: 0,
      roundsWonCount: 0,
      totalRoundScore: 0,
      scoreBeforeFinalRules: 21,
      finalRuleAdjustment: 0,
      finalScore: 21,
      handCount: 11,
      finishOrder: -1,
      otherScoreSources: 21
    },
    {
      name: 'Player3',
      id: 3,
      initialScore: 0,
      roundsWonCount: 0,
      totalRoundScore: 0,
      scoreBeforeFinalRules: -99,
      finalRuleAdjustment: 30,
      finalScore: -69,
      handCount: 0,
      finishOrder: -1,
      otherScoreSources: -99
    }
  ],
  summary: {
    totalInitialScore: 0,
    totalRoundScore: 0,
    totalFinalRuleAdjustment: 0,
    totalOtherScoreSources: 75,
    totalFinalScore: 75,
    expectedTotal: 0
  },
  allRoundsInfo: [
    { playerName: 'Player2', roundsWon: [] },
    { playerName: 'Player1', roundsWon: [] },
    { playerName: 'Player0', roundsWon: [] },
    { playerName: 'Player3', roundsWon: [] }
  ]
}
[ScoreValidation] ⚠️ 分数总和不为0！总和=75 {
  totalScore: 75,
  playerCount: 4,
  finishOrderLength: 0,
  finishOrder: [],
  missingInRankings: [],
  missingInFinishOrder: [ 2, 1, 0, 3 ],
  playerDetails: [
    {
      name: 'Player2',
      id: 2,
      initialScore: 0,
      roundsWonCount: 0,
      totalRoundScore: 0,
      scoreBeforeFinalRules: 66,
      finalRuleAdjustment: 0,
      finalScore: 66,
      handCount: 11,
      finishOrder: -1,
      otherScoreSources: 66
    },
    {
      name: 'Player1',
      id: 1,
      initialScore: 0,
      roundsWonCount: 0,
      totalRoundScore: 0,
      scoreBeforeFinalRules: 87,
      finalRuleAdjustment: -30,
      finalScore: 57,
      handCount: 13,
      finishOrder: -1,
      otherScoreSources: 87
    },
    {
      name: 'Player0',
      id: 0,
      initialScore: 0,
      roundsWonCount: 0,
      totalRoundScore: 0,
      scoreBeforeFinalRules: 21,
      finalRuleAdjustment: 0,
      finalScore: 21,
      handCount: 11,
      finishOrder: -1,
      otherScoreSources: 21
    },
    {
      name: 'Player3',
      id: 3,
      initialScore: 0,
      roundsWonCount: 0,
      totalRoundScore: 0,
      scoreBeforeFinalRules: -99,
      finalRuleAdjustment: 30,
      finalScore: -69,
      handCount: 0,
      finishOrder: -1,
      otherScoreSources: -99
    }
  ],
  summary: {
    totalInitialScore: 0,
    totalRoundScore: 0,
    totalFinalRuleAdjustment: 0,
    totalOtherScoreSources: 75,
    totalFinalScore: 75,
    expectedTotal: 0
  },
  allRoundsInfo: [
    { playerName: 'Player2', roundsWon: [] },
    { playerName: 'Player1', roundsWon: [] },
    { playerName: 'Player0', roundsWon: [] },
    { playerName: 'Player3', roundsWon: [] }
  ]
}
[ScoreValidation] ⚠️ 分数总和不为0！总和=94 {
  totalScore: 94,
  playerCount: 4,
  finishOrderLength: 0,
  finishOrder: [],
  missingInRankings: [],
  missingInFinishOrder: [ 3, 0, 1, 2 ],
  playerDetails: [
    {
      name: 'Player3',
      id: 3,
      initialScore: 0,
      roundsWonCount: 0,
      totalRoundScore: 0,
      scoreBeforeFinalRules: 22,
      finalRuleAdjustment: 30,
      finalScore: 52,
      handCount: 3,
      finishOrder: -1,
      otherScoreSources: 22
    },
    {
      name: 'Player0',
      id: 0,
      initialScore: 0,
      roundsWonCount: 0,
      totalRoundScore: 0,
      scoreBeforeFinalRules: 31,
      finalRuleAdjustment: 0,
      finalScore: 31,
      handCount: 11,
      finishOrder: -1,
      otherScoreSources: 31
    },
    {
      name: 'Player1',
      id: 1,
      initialScore: 0,
      roundsWonCount: 0,
      totalRoundScore: 0,
      scoreBeforeFinalRules: 9,
      finalRuleAdjustment: 0,
      finalScore: 9,
      handCount: 5,
      finishOrder: -1,
      otherScoreSources: 9
    },
    {
      name: 'Player2',
      id: 2,
      initialScore: 0,
      roundsWonCount: 0,
      totalRoundScore: 0,
      scoreBeforeFinalRules: 32,
      finalRuleAdjustment: -30,
      finalScore: 2,
      handCount: 12,
      finishOrder: -1,
      otherScoreSources: 32
    }
  ],
  summary: {
    totalInitialScore: 0,
    totalRoundScore: 0,
    totalFinalRuleAdjustment: 0,
    totalOtherScoreSources: 94,
    totalFinalScore: 94,
    expectedTotal: 0
  },
  allRoundsInfo: [
    { playerName: 'Player3', roundsWon: [] },
    { playerName: 'Player0', roundsWon: [] },
    { playerName: 'Player1', roundsWon: [] },
    { playerName: 'Player2', roundsWon: [] }
  ]
}
[ScoreValidation] ⚠️ 分数总和不为0！总和=94 {
  totalScore: 94,
  playerCount: 4,
  finishOrderLength: 0,
  finishOrder: [],
  missingInRankings: [],
  missingInFinishOrder: [ 3, 0, 1, 2 ],
  playerDetails: [
    {
      name: 'Player3',
      id: 3,
      initialScore: 0,
      roundsWonCount: 0,
      totalRoundScore: 0,
      scoreBeforeFinalRules: 22,
      finalRuleAdjustment: 30,
      finalScore: 52,
      handCount: 3,
      finishOrder: -1,
      otherScoreSources: 22
    },
    {
      name: 'Player0',
      id: 0,
      initialScore: 0,
      roundsWonCount: 0,
      totalRoundScore: 0,
      scoreBeforeFinalRules: 31,
      finalRuleAdjustment: 0,
      finalScore: 31,
      handCount: 11,
      finishOrder: -1,
      otherScoreSources: 31
    },
    {
      name: 'Player1',
      id: 1,
      initialScore: 0,
      roundsWonCount: 0,
      totalRoundScore: 0,
      scoreBeforeFinalRules: 9,
      finalRuleAdjustment: 0,
      finalScore: 9,
      handCount: 5,
      finishOrder: -1,
      otherScoreSources: 9
    },
    {
      name: 'Player2',
      id: 2,
      initialScore: 0,
      roundsWonCount: 0,
      totalRoundScore: 0,
      scoreBeforeFinalRules: 32,
      finalRuleAdjustment: -30,
      finalScore: 2,
      handCount: 12,
      finishOrder: -1,
      otherScoreSources: 32
    }
  ],
  summary: {
    totalInitialScore: 0,
    totalRoundScore: 0,
    totalFinalRuleAdjustment: 0,
    totalOtherScoreSources: 94,
    totalFinalScore: 94,
    expectedTotal: 0
  },
  allRoundsInfo: [
    { playerName: 'Player3', roundsWon: [] },
    { playerName: 'Player0', roundsWon: [] },
    { playerName: 'Player1', roundsWon: [] },
    { playerName: 'Player2', roundsWon: [] }
  ]
}
[ScoreValidation] ⚠️ 分数总和不为0！总和=274 {
  totalScore: 274,
  playerCount: 4,
  finishOrderLength: 0,
  finishOrder: [],
  missingInRankings: [],
  missingInFinishOrder: [ 3, 2, 1, 0 ],
  playerDetails: [
    {
      name: 'Player3',
      id: 3,
      initialScore: 0,
      roundsWonCount: 0,
      totalRoundScore: 0,
      scoreBeforeFinalRules: 74,
      finalRuleAdjustment: 30,
      finalScore: 104,
      handCount: 1,
      finishOrder: -1,
      otherScoreSources: 74
    },
    {
      name: 'Player2',
      id: 2,
      initialScore: 0,
      roundsWonCount: 0,
      totalRoundScore: 0,
      scoreBeforeFinalRules: 95,
      finalRuleAdjustment: 0,
      finalScore: 95,
      handCount: 3,
      finishOrder: -1,
      otherScoreSources: 95
    },
    {
      name: 'Player1',
      id: 1,
      initialScore: 0,
      roundsWonCount: 0,
      totalRoundScore: 0,
      scoreBeforeFinalRules: 48,
      finalRuleAdjustment: 0,
      finalScore: 48,
      handCount: 4,
      finishOrder: -1,
      otherScoreSources: 48
    },
    {
      name: 'Player0',
      id: 0,
      initialScore: 0,
      roundsWonCount: 0,
      totalRoundScore: 0,
      scoreBeforeFinalRules: 57,
      finalRuleAdjustment: -30,
      finalScore: 27,
      handCount: 13,
      finishOrder: -1,
      otherScoreSources: 57
    }
  ],
  summary: {
    totalInitialScore: 0,
    totalRoundScore: 0,
    totalFinalRuleAdjustment: 0,
    totalOtherScoreSources: 274,
    totalFinalScore: 274,
    expectedTotal: 0
  },
  allRoundsInfo: [
    { playerName: 'Player3', roundsWon: [] },
    { playerName: 'Player2', roundsWon: [] },
    { playerName: 'Player1', roundsWon: [] },
    { playerName: 'Player0', roundsWon: [] }
  ]
}
[ScoreValidation] ⚠️ 分数总和不为0！总和=274 {
  totalScore: 274,
  playerCount: 4,
  finishOrderLength: 0,
  finishOrder: [],
  missingInRankings: [],
  missingInFinishOrder: [ 3, 2, 1, 0 ],
  playerDetails: [
    {
      name: 'Player3',
      id: 3,
      initialScore: 0,
      roundsWonCount: 0,
      totalRoundScore: 0,
      scoreBeforeFinalRules: 74,
      finalRuleAdjustment: 30,
      finalScore: 104,
      handCount: 1,
      finishOrder: -1,
      otherScoreSources: 74
    },
    {
      name: 'Player2',
      id: 2,
      initialScore: 0,
      roundsWonCount: 0,
      totalRoundScore: 0,
      scoreBeforeFinalRules: 95,
      finalRuleAdjustment: 0,
      finalScore: 95,
      handCount: 3,
      finishOrder: -1,
      otherScoreSources: 95
    },
    {
      name: 'Player1',
      id: 1,
      initialScore: 0,
      roundsWonCount: 0,
      totalRoundScore: 0,
      scoreBeforeFinalRules: 48,
      finalRuleAdjustment: 0,
      finalScore: 48,
      handCount: 4,
      finishOrder: -1,
      otherScoreSources: 48
    },
    {
      name: 'Player0',
      id: 0,
      initialScore: 0,
      roundsWonCount: 0,
      totalRoundScore: 0,
      scoreBeforeFinalRules: 57,
      finalRuleAdjustment: -30,
      finalScore: 27,
      handCount: 13,
      finishOrder: -1,
      otherScoreSources: 57
    }
  ],
  summary: {
    totalInitialScore: 0,
    totalRoundScore: 0,
    totalFinalRuleAdjustment: 0,
    totalOtherScoreSources: 274,
    totalFinalScore: 274,
    expectedTotal: 0
  },
  allRoundsInfo: [
    { playerName: 'Player3', roundsWon: [] },
    { playerName: 'Player2', roundsWon: [] },
    { playerName: 'Player1', roundsWon: [] },
    { playerName: 'Player0', roundsWon: [] }
  ]
}
[ScoreValidation] ⚠️ 分数总和不为0！总和=-2 {
  totalScore: -2,
  playerCount: 4,
  finishOrderLength: 0,
  finishOrder: [],
  missingInRankings: [],
  missingInFinishOrder: [ 2, 1, 0, 3 ],
  playerDetails: [
    {
      name: 'Player2',
      id: 2,
      initialScore: 0,
      roundsWonCount: 0,
      totalRoundScore: 0,
      scoreBeforeFinalRules: 53,
      finalRuleAdjustment: 0,
      finalScore: 53,
      handCount: 9,
      finishOrder: -1,
      otherScoreSources: 53
    },
    {
      name: 'Player1',
      id: 1,
      initialScore: 0,
      roundsWonCount: 0,
      totalRoundScore: 0,
      scoreBeforeFinalRules: -22,
      finalRuleAdjustment: 30,
      finalScore: 8,
      handCount: 8,
      finishOrder: -1,
      otherScoreSources: -22
    },
    {
      name: 'Player0',
      id: 0,
      initialScore: 0,
      roundsWonCount: 0,
      totalRoundScore: 0,
      scoreBeforeFinalRules: -22,
      finalRuleAdjustment: 0,
      finalScore: -22,
      handCount: 13,
      finishOrder: -1,
      otherScoreSources: -22
    },
    {
      name: 'Player3',
      id: 3,
      initialScore: 0,
      roundsWonCount: 0,
      totalRoundScore: 0,
      scoreBeforeFinalRules: -11,
      finalRuleAdjustment: -30,
      finalScore: -41,
      handCount: 13,
      finishOrder: -1,
      otherScoreSources: -11
    }
  ],
  summary: {
    totalInitialScore: 0,
    totalRoundScore: 0,
    totalFinalRuleAdjustment: 0,
    totalOtherScoreSources: -2,
    totalFinalScore: -2,
    expectedTotal: 0
  },
  allRoundsInfo: [
    { playerName: 'Player2', roundsWon: [] },
    { playerName: 'Player1', roundsWon: [] },
    { playerName: 'Player0', roundsWon: [] },
    { playerName: 'Player3', roundsWon: [] }
  ]
}
[ScoreValidation] ⚠️ 分数总和不为0！总和=-2 {
  totalScore: -2,
  playerCount: 4,
  finishOrderLength: 0,
  finishOrder: [],
  missingInRankings: [],
  missingInFinishOrder: [ 2, 1, 0, 3 ],
  playerDetails: [
    {
      name: 'Player2',
      id: 2,
      initialScore: 0,
      roundsWonCount: 0,
      totalRoundScore: 0,
      scoreBeforeFinalRules: 53,
      finalRuleAdjustment: 0,
      finalScore: 53,
      handCount: 9,
      finishOrder: -1,
      otherScoreSources: 53
    },
    {
      name: 'Player1',
      id: 1,
      initialScore: 0,
      roundsWonCount: 0,
      totalRoundScore: 0,
      scoreBeforeFinalRules: -22,
      finalRuleAdjustment: 30,
      finalScore: 8,
      handCount: 8,
      finishOrder: -1,
      otherScoreSources: -22
    },
    {
      name: 'Player0',
      id: 0,
      initialScore: 0,
      roundsWonCount: 0,
      totalRoundScore: 0,
      scoreBeforeFinalRules: -22,
      finalRuleAdjustment: 0,
      finalScore: -22,
      handCount: 13,
      finishOrder: -1,
      otherScoreSources: -22
    },
    {
      name: 'Player3',
      id: 3,
      initialScore: 0,
      roundsWonCount: 0,
      totalRoundScore: 0,
      scoreBeforeFinalRules: -11,
      finalRuleAdjustment: -30,
      finalScore: -41,
      handCount: 13,
      finishOrder: -1,
      otherScoreSources: -11
    }
  ],
  summary: {
    totalInitialScore: 0,
    totalRoundScore: 0,
    totalFinalRuleAdjustment: 0,
    totalOtherScoreSources: -2,
    totalFinalScore: -2,
    expectedTotal: 0
  },
  allRoundsInfo: [
    { playerName: 'Player2', roundsWon: [] },
    { playerName: 'Player1', roundsWon: [] },
    { playerName: 'Player0', roundsWon: [] },
    { playerName: 'Player3', roundsWon: [] }
  ]
}
[ScoreValidation] ⚠️ 分数总和不为0！总和=37 {
  totalScore: 37,
  playerCount: 6,
  finishOrderLength: 1,
  finishOrder: [ 4 ],
  missingInRankings: [],
  missingInFinishOrder: [ 1, 0, 2, 3, 5 ],
  playerDetails: [
    {
      name: 'Player1',
      id: 1,
      initialScore: 0,
      roundsWonCount: 0,
      totalRoundScore: 0,
      scoreBeforeFinalRules: 67,
      finalRuleAdjustment: 0,
      finalScore: 67,
      handCount: 5,
      finishOrder: -1,
      otherScoreSources: 67
    },
    {
      name: 'Player0',
      id: 0,
      initialScore: 0,
      roundsWonCount: 0,
      totalRoundScore: 0,
      scoreBeforeFinalRules: 18,
      finalRuleAdjustment: 0,
      finalScore: 18,
      handCount: 8,
      finishOrder: -1,
      otherScoreSources: 18
    },
    {
      name: 'Player4',
      id: 4,
      initialScore: 0,
      roundsWonCount: 0,
      totalRoundScore: 0,
      scoreBeforeFinalRules: -13,
      finalRuleAdjustment: 30,
      finalScore: 17,
      handCount: 0,
      finishOrder: 0,
      otherScoreSources: -13
    },
    {
      name: 'Player2',
      id: 2,
      initialScore: 0,
      roundsWonCount: 0,
      totalRoundScore: 0,
      scoreBeforeFinalRules: -10,
      finalRuleAdjustment: 0,
      finalScore: -10,
      handCount: 10,
      finishOrder: -1,
      otherScoreSources: -10
    },
    {
      name: 'Player3',
      id: 3,
      initialScore: 0,
      roundsWonCount: 0,
      totalRoundScore: 0,
      scoreBeforeFinalRules: 8,
      finalRuleAdjustment: -30,
      finalScore: -22,
      handCount: 10,
      finishOrder: -1,
      otherScoreSources: 8
    },
    {
      name: 'Player5',
      id: 5,
      initialScore: 0,
      roundsWonCount: 0,
      totalRoundScore: 0,
      scoreBeforeFinalRules: -33,
      finalRuleAdjustment: 0,
      finalScore: -33,
      handCount: 5,
      finishOrder: -1,
      otherScoreSources: -33
    }
  ],
  summary: {
    totalInitialScore: 0,
    totalRoundScore: 0,
    totalFinalRuleAdjustment: 0,
    totalOtherScoreSources: 37,
    totalFinalScore: 37,
    expectedTotal: 0
  },
  allRoundsInfo: [
    { playerName: 'Player1', roundsWon: [] },
    { playerName: 'Player0', roundsWon: [] },
    { playerName: 'Player4', roundsWon: [] },
    { playerName: 'Player2', roundsWon: [] },
    { playerName: 'Player3', roundsWon: [] },
    { playerName: 'Player5', roundsWon: [] }
  ]
}
[ScoreValidation] ⚠️ 分数总和不为0！总和=37 {
  totalScore: 37,
  playerCount: 6,
  finishOrderLength: 1,
  finishOrder: [ 4 ],
  missingInRankings: [],
  missingInFinishOrder: [ 1, 0, 2, 3, 5 ],
  playerDetails: [
    {
      name: 'Player1',
      id: 1,
      initialScore: 0,
      roundsWonCount: 0,
      totalRoundScore: 0,
      scoreBeforeFinalRules: 67,
      finalRuleAdjustment: 0,
      finalScore: 67,
      handCount: 5,
      finishOrder: -1,
      otherScoreSources: 67
    },
    {
      name: 'Player0',
      id: 0,
      initialScore: 0,
      roundsWonCount: 0,
      totalRoundScore: 0,
      scoreBeforeFinalRules: 18,
      finalRuleAdjustment: 0,
      finalScore: 18,
      handCount: 8,
      finishOrder: -1,
      otherScoreSources: 18
    },
    {
      name: 'Player4',
      id: 4,
      initialScore: 0,
      roundsWonCount: 0,
      totalRoundScore: 0,
      scoreBeforeFinalRules: -13,
      finalRuleAdjustment: 30,
      finalScore: 17,
      handCount: 0,
      finishOrder: 0,
      otherScoreSources: -13
    },
    {
      name: 'Player2',
      id: 2,
      initialScore: 0,
      roundsWonCount: 0,
      totalRoundScore: 0,
      scoreBeforeFinalRules: -10,
      finalRuleAdjustment: 0,
      finalScore: -10,
      handCount: 10,
      finishOrder: -1,
      otherScoreSources: -10
    },
    {
      name: 'Player3',
      id: 3,
      initialScore: 0,
      roundsWonCount: 0,
      totalRoundScore: 0,
      scoreBeforeFinalRules: 8,
      finalRuleAdjustment: -30,
      finalScore: -22,
      handCount: 10,
      finishOrder: -1,
      otherScoreSources: 8
    },
    {
      name: 'Player5',
      id: 5,
      initialScore: 0,
      roundsWonCount: 0,
      totalRoundScore: 0,
      scoreBeforeFinalRules: -33,
      finalRuleAdjustment: 0,
      finalScore: -33,
      handCount: 5,
      finishOrder: -1,
      otherScoreSources: -33
    }
  ],
  summary: {
    totalInitialScore: 0,
    totalRoundScore: 0,
    totalFinalRuleAdjustment: 0,
    totalOtherScoreSources: 37,
    totalFinalScore: 37,
    expectedTotal: 0
  },
  allRoundsInfo: [
    { playerName: 'Player1', roundsWon: [] },
    { playerName: 'Player0', roundsWon: [] },
    { playerName: 'Player4', roundsWon: [] },
    { playerName: 'Player2', roundsWon: [] },
    { playerName: 'Player3', roundsWon: [] },
    { playerName: 'Player5', roundsWon: [] }
  ]
}
[ScoreValidation] ⚠️ 分数总和不为0！总和=5 {
  totalScore: 5,
  playerCount: 6,
  finishOrderLength: 0,
  finishOrder: [],
  missingInRankings: [],
  missingInFinishOrder: [ 2, 3, 5, 1, 0, 4 ],
  playerDetails: [
    {
      name: 'Player2',
      id: 2,
      initialScore: 0,
      roundsWonCount: 0,
      totalRoundScore: 0,
      scoreBeforeFinalRules: 83,
      finalRuleAdjustment: 0,
      finalScore: 83,
      handCount: 9,
      finishOrder: -1,
      otherScoreSources: 83
    },
    {
      name: 'Player3',
      id: 3,
      initialScore: 0,
      roundsWonCount: 0,
      totalRoundScore: 0,
      scoreBeforeFinalRules: 16,
      finalRuleAdjustment: 0,
      finalScore: 16,
      handCount: 5,
      finishOrder: -1,
      otherScoreSources: 16
    },
    {
      name: 'Player5',
      id: 5,
      initialScore: 0,
      roundsWonCount: 0,
      totalRoundScore: 0,
      scoreBeforeFinalRules: 14,
      finalRuleAdjustment: 0,
      finalScore: 14,
      handCount: 9,
      finishOrder: -1,
      otherScoreSources: 14
    },
    {
      name: 'Player1',
      id: 1,
      initialScore: 0,
      roundsWonCount: 0,
      totalRoundScore: 0,
      scoreBeforeFinalRules: -51,
      finalRuleAdjustment: 30,
      finalScore: -21,
      handCount: 1,
      finishOrder: -1,
      otherScoreSources: -51
    },
    {
      name: 'Player0',
      id: 0,
      initialScore: 0,
      roundsWonCount: 0,
      totalRoundScore: 0,
      scoreBeforeFinalRules: -38,
      finalRuleAdjustment: 0,
      finalScore: -38,
      handCount: 8,
      finishOrder: -1,
      otherScoreSources: -38
    },
    {
      name: 'Player4',
      id: 4,
      initialScore: 0,
      roundsWonCount: 0,
      totalRoundScore: 0,
      scoreBeforeFinalRules: -19,
      finalRuleAdjustment: -30,
      finalScore: -49,
      handCount: 13,
      finishOrder: -1,
      otherScoreSources: -19
    }
  ],
  summary: {
    totalInitialScore: 0,
    totalRoundScore: 0,
    totalFinalRuleAdjustment: 0,
    totalOtherScoreSources: 5,
    totalFinalScore: 5,
    expectedTotal: 0
  },
  allRoundsInfo: [
    { playerName: 'Player2', roundsWon: [] },
    { playerName: 'Player3', roundsWon: [] },
    { playerName: 'Player5', roundsWon: [] },
    { playerName: 'Player1', roundsWon: [] },
    { playerName: 'Player0', roundsWon: [] },
    { playerName: 'Player4', roundsWon: [] }
  ]
}
[ScoreValidation] ⚠️ 分数总和不为0！总和=5 {
  totalScore: 5,
  playerCount: 6,
  finishOrderLength: 0,
  finishOrder: [],
  missingInRankings: [],
  missingInFinishOrder: [ 2, 3, 5, 1, 0, 4 ],
  playerDetails: [
    {
      name: 'Player2',
      id: 2,
      initialScore: 0,
      roundsWonCount: 0,
      totalRoundScore: 0,
      scoreBeforeFinalRules: 83,
      finalRuleAdjustment: 0,
      finalScore: 83,
      handCount: 9,
      finishOrder: -1,
      otherScoreSources: 83
    },
    {
      name: 'Player3',
      id: 3,
      initialScore: 0,
      roundsWonCount: 0,
      totalRoundScore: 0,
      scoreBeforeFinalRules: 16,
      finalRuleAdjustment: 0,
      finalScore: 16,
      handCount: 5,
      finishOrder: -1,
      otherScoreSources: 16
    },
    {
      name: 'Player5',
      id: 5,
      initialScore: 0,
      roundsWonCount: 0,
      totalRoundScore: 0,
      scoreBeforeFinalRules: 14,
      finalRuleAdjustment: 0,
      finalScore: 14,
      handCount: 9,
      finishOrder: -1,
      otherScoreSources: 14
    },
    {
      name: 'Player1',
      id: 1,
      initialScore: 0,
      roundsWonCount: 0,
      totalRoundScore: 0,
      scoreBeforeFinalRules: -51,
      finalRuleAdjustment: 30,
      finalScore: -21,
      handCount: 1,
      finishOrder: -1,
      otherScoreSources: -51
    },
    {
      name: 'Player0',
      id: 0,
      initialScore: 0,
      roundsWonCount: 0,
      totalRoundScore: 0,
      scoreBeforeFinalRules: -38,
      finalRuleAdjustment: 0,
      finalScore: -38,
      handCount: 8,
      finishOrder: -1,
      otherScoreSources: -38
    },
    {
      name: 'Player4',
      id: 4,
      initialScore: 0,
      roundsWonCount: 0,
      totalRoundScore: 0,
      scoreBeforeFinalRules: -19,
      finalRuleAdjustment: -30,
      finalScore: -49,
      handCount: 13,
      finishOrder: -1,
      otherScoreSources: -19
    }
  ],
  summary: {
    totalInitialScore: 0,
    totalRoundScore: 0,
    totalFinalRuleAdjustment: 0,
    totalOtherScoreSources: 5,
    totalFinalScore: 5,
    expectedTotal: 0
  },
  allRoundsInfo: [
    { playerName: 'Player2', roundsWon: [] },
    { playerName: 'Player3', roundsWon: [] },
    { playerName: 'Player5', roundsWon: [] },
    { playerName: 'Player1', roundsWon: [] },
    { playerName: 'Player0', roundsWon: [] },
    { playerName: 'Player4', roundsWon: [] }
  ]
}
[ScoreValidation] ⚠️ 分数总和不为0！总和=269 {
  totalScore: 269,
  playerCount: 4,
  finishOrderLength: 0,
  finishOrder: [],
  missingInRankings: [],
  missingInFinishOrder: [ 0, 2, 3, 1 ],
  playerDetails: [
    {
      name: 'Player0',
      id: 0,
      initialScore: 0,
      roundsWonCount: 0,
      totalRoundScore: 0,
      scoreBeforeFinalRules: 62,
      finalRuleAdjustment: 30,
      finalScore: 92,
      handCount: 6,
      finishOrder: -1,
      otherScoreSources: 62
    },
    {
      name: 'Player2',
      id: 2,
      initialScore: 0,
      roundsWonCount: 0,
      totalRoundScore: 0,
      scoreBeforeFinalRules: 63,
      finalRuleAdjustment: 0,
      finalScore: 63,
      handCount: 10,
      finishOrder: -1,
      otherScoreSources: 63
    },
    {
      name: 'Player3',
      id: 3,
      initialScore: 0,
      roundsWonCount: 0,
      totalRoundScore: 0,
      scoreBeforeFinalRules: 89,
      finalRuleAdjustment: -30,
      finalScore: 59,
      handCount: 13,
      finishOrder: -1,
      otherScoreSources: 89
    },
    {
      name: 'Player1',
      id: 1,
      initialScore: 0,
      roundsWonCount: 0,
      totalRoundScore: 0,
      scoreBeforeFinalRules: 55,
      finalRuleAdjustment: 0,
      finalScore: 55,
      handCount: 13,
      finishOrder: -1,
      otherScoreSources: 55
    }
  ],
  summary: {
    totalInitialScore: 0,
    totalRoundScore: 0,
    totalFinalRuleAdjustment: 0,
    totalOtherScoreSources: 269,
    totalFinalScore: 269,
    expectedTotal: 0
  },
  allRoundsInfo: [
    { playerName: 'Player0', roundsWon: [] },
    { playerName: 'Player2', roundsWon: [] },
    { playerName: 'Player3', roundsWon: [] },
    { playerName: 'Player1', roundsWon: [] }
  ]
}
[ScoreValidation] ⚠️ 分数总和不为0！总和=269 {
  totalScore: 269,
  playerCount: 4,
  finishOrderLength: 0,
  finishOrder: [],
  missingInRankings: [],
  missingInFinishOrder: [ 0, 2, 3, 1 ],
  playerDetails: [
    {
      name: 'Player0',
      id: 0,
      initialScore: 0,
      roundsWonCount: 0,
      totalRoundScore: 0,
      scoreBeforeFinalRules: 62,
      finalRuleAdjustment: 30,
      finalScore: 92,
      handCount: 6,
      finishOrder: -1,
      otherScoreSources: 62
    },
    {
      name: 'Player2',
      id: 2,
      initialScore: 0,
      roundsWonCount: 0,
      totalRoundScore: 0,
      scoreBeforeFinalRules: 63,
      finalRuleAdjustment: 0,
      finalScore: 63,
      handCount: 10,
      finishOrder: -1,
      otherScoreSources: 63
    },
    {
      name: 'Player3',
      id: 3,
      initialScore: 0,
      roundsWonCount: 0,
      totalRoundScore: 0,
      scoreBeforeFinalRules: 89,
      finalRuleAdjustment: -30,
      finalScore: 59,
      handCount: 13,
      finishOrder: -1,
      otherScoreSources: 89
    },
    {
      name: 'Player1',
      id: 1,
      initialScore: 0,
      roundsWonCount: 0,
      totalRoundScore: 0,
      scoreBeforeFinalRules: 55,
      finalRuleAdjustment: 0,
      finalScore: 55,
      handCount: 13,
      finishOrder: -1,
      otherScoreSources: 55
    }
  ],
  summary: {
    totalInitialScore: 0,
    totalRoundScore: 0,
    totalFinalRuleAdjustment: 0,
    totalOtherScoreSources: 269,
    totalFinalScore: 269,
    expectedTotal: 0
  },
  allRoundsInfo: [
    { playerName: 'Player0', roundsWon: [] },
    { playerName: 'Player2', roundsWon: [] },
    { playerName: 'Player3', roundsWon: [] },
    { playerName: 'Player1', roundsWon: [] }
  ]
}
[ScoreValidation] ⚠️ 分数总和不为0！总和=-126 {
  totalScore: -126,
  playerCount: 2,
  finishOrderLength: 0,
  finishOrder: [],
  missingInRankings: [],
  missingInFinishOrder: [ 0, 1 ],
  playerDetails: [
    {
      name: 'Player0',
      id: 0,
      initialScore: 0,
      roundsWonCount: 0,
      totalRoundScore: 0,
      scoreBeforeFinalRules: -92,
      finalRuleAdjustment: 30,
      finalScore: -62,
      handCount: 3,
      finishOrder: -1,
      otherScoreSources: -92
    },
    {
      name: 'Player1',
      id: 1,
      initialScore: 0,
      roundsWonCount: 0,
      totalRoundScore: 0,
      scoreBeforeFinalRules: -34,
      finalRuleAdjustment: -30,
      finalScore: -64,
      handCount: 12,
      finishOrder: -1,
      otherScoreSources: -34
    }
  ],
  summary: {
    totalInitialScore: 0,
    totalRoundScore: 0,
    totalFinalRuleAdjustment: 0,
    totalOtherScoreSources: -126,
    totalFinalScore: -126,
    expectedTotal: 0
  },
  allRoundsInfo: [
    { playerName: 'Player0', roundsWon: [] },
    { playerName: 'Player1', roundsWon: [] }
  ]
}
[ScoreValidation] ⚠️ 分数总和不为0！总和=-126 {
  totalScore: -126,
  playerCount: 2,
  finishOrderLength: 0,
  finishOrder: [],
  missingInRankings: [],
  missingInFinishOrder: [ 0, 1 ],
  playerDetails: [
    {
      name: 'Player0',
      id: 0,
      initialScore: 0,
      roundsWonCount: 0,
      totalRoundScore: 0,
      scoreBeforeFinalRules: -92,
      finalRuleAdjustment: 30,
      finalScore: -62,
      handCount: 3,
      finishOrder: -1,
      otherScoreSources: -92
    },
    {
      name: 'Player1',
      id: 1,
      initialScore: 0,
      roundsWonCount: 0,
      totalRoundScore: 0,
      scoreBeforeFinalRules: -34,
      finalRuleAdjustment: -30,
      finalScore: -64,
      handCount: 12,
      finishOrder: -1,
      otherScoreSources: -34
    }
  ],
  summary: {
    totalInitialScore: 0,
    totalRoundScore: 0,
    totalFinalRuleAdjustment: 0,
    totalOtherScoreSources: -126,
    totalFinalScore: -126,
    expectedTotal: 0
  },
  allRoundsInfo: [
    { playerName: 'Player0', roundsWon: [] },
    { playerName: 'Player1', roundsWon: [] }
  ]
}
[ScoreValidation] ⚠️ 分数总和不为0！总和=2 {
  totalScore: 2,
  playerCount: 2,
  finishOrderLength: 0,
  finishOrder: [],
  missingInRankings: [],
  missingInFinishOrder: [ 1, 0 ],
  playerDetails: [
    {
      name: 'Player1',
      id: 1,
      initialScore: 0,
      roundsWonCount: 0,
      totalRoundScore: 0,
      scoreBeforeFinalRules: 92,
      finalRuleAdjustment: 30,
      finalScore: 122,
      handCount: 8,
      finishOrder: -1,
      otherScoreSources: 92
    },
    {
      name: 'Player0',
      id: 0,
      initialScore: 0,
      roundsWonCount: 0,
      totalRoundScore: 0,
      scoreBeforeFinalRules: -90,
      finalRuleAdjustment: -30,
      finalScore: -120,
      handCount: 13,
      finishOrder: -1,
      otherScoreSources: -90
    }
  ],
  summary: {
    totalInitialScore: 0,
    totalRoundScore: 0,
    totalFinalRuleAdjustment: 0,
    totalOtherScoreSources: 2,
    totalFinalScore: 2,
    expectedTotal: 0
  },
  allRoundsInfo: [
    { playerName: 'Player1', roundsWon: [] },
    { playerName: 'Player0', roundsWon: [] }
  ]
}
[ScoreValidation] ⚠️ 分数总和不为0！总和=2 {
  totalScore: 2,
  playerCount: 2,
  finishOrderLength: 0,
  finishOrder: [],
  missingInRankings: [],
  missingInFinishOrder: [ 1, 0 ],
  playerDetails: [
    {
      name: 'Player1',
      id: 1,
      initialScore: 0,
      roundsWonCount: 0,
      totalRoundScore: 0,
      scoreBeforeFinalRules: 92,
      finalRuleAdjustment: 30,
      finalScore: 122,
      handCount: 8,
      finishOrder: -1,
      otherScoreSources: 92
    },
    {
      name: 'Player0',
      id: 0,
      initialScore: 0,
      roundsWonCount: 0,
      totalRoundScore: 0,
      scoreBeforeFinalRules: -90,
      finalRuleAdjustment: -30,
      finalScore: -120,
      handCount: 13,
      finishOrder: -1,
      otherScoreSources: -90
    }
  ],
  summary: {
    totalInitialScore: 0,
    totalRoundScore: 0,
    totalFinalRuleAdjustment: 0,
    totalOtherScoreSources: 2,
    totalFinalScore: 2,
    expectedTotal: 0
  },
  allRoundsInfo: [
    { playerName: 'Player1', roundsWon: [] },
    { playerName: 'Player0', roundsWon: [] }
  ]
}
[ScoreValidation] ⚠️ 分数总和不为0！总和=23 {
  totalScore: 23,
  playerCount: 2,
  finishOrderLength: 0,
  finishOrder: [],
  missingInRankings: [],
  missingInFinishOrder: [ 0, 1 ],
  playerDetails: [
    {
      name: 'Player0',
      id: 0,
      initialScore: 0,
      roundsWonCount: 0,
      totalRoundScore: 0,
      scoreBeforeFinalRules: 71,
      finalRuleAdjustment: 30,
      finalScore: 101,
      handCount: 6,
      finishOrder: -1,
      otherScoreSources: 71
    },
    {
      name: 'Player1',
      id: 1,
      initialScore: 0,
      roundsWonCount: 0,
      totalRoundScore: 0,
      scoreBeforeFinalRules: -48,
      finalRuleAdjustment: -30,
      finalScore: -78,
      handCount: 12,
      finishOrder: -1,
      otherScoreSources: -48
    }
  ],
  summary: {
    totalInitialScore: 0,
    totalRoundScore: 0,
    totalFinalRuleAdjustment: 0,
    totalOtherScoreSources: 23,
    totalFinalScore: 23,
    expectedTotal: 0
  },
  allRoundsInfo: [
    { playerName: 'Player0', roundsWon: [] },
    { playerName: 'Player1', roundsWon: [] }
  ]
}
[ScoreValidation] ⚠️ 分数总和不为0！总和=23 {
  totalScore: 23,
  playerCount: 2,
  finishOrderLength: 0,
  finishOrder: [],
  missingInRankings: [],
  missingInFinishOrder: [ 0, 1 ],
  playerDetails: [
    {
      name: 'Player0',
      id: 0,
      initialScore: 0,
      roundsWonCount: 0,
      totalRoundScore: 0,
      scoreBeforeFinalRules: 71,
      finalRuleAdjustment: 30,
      finalScore: 101,
      handCount: 6,
      finishOrder: -1,
      otherScoreSources: 71
    },
    {
      name: 'Player1',
      id: 1,
      initialScore: 0,
      roundsWonCount: 0,
      totalRoundScore: 0,
      scoreBeforeFinalRules: -48,
      finalRuleAdjustment: -30,
      finalScore: -78,
      handCount: 12,
      finishOrder: -1,
      otherScoreSources: -48
    }
  ],
  summary: {
    totalInitialScore: 0,
    totalRoundScore: 0,
    totalFinalRuleAdjustment: 0,
    totalOtherScoreSources: 23,
    totalFinalScore: 23,
    expectedTotal: 0
  },
  allRoundsInfo: [
    { playerName: 'Player0', roundsWon: [] },
    { playerName: 'Player1', roundsWon: [] }
  ]
}
[ScoreValidation] ⚠️ 分数总和不为0！总和=-127 {
  totalScore: -127,
  playerCount: 2,
  finishOrderLength: 0,
  finishOrder: [],
  missingInRankings: [],
  missingInFinishOrder: [ 1, 0 ],
  playerDetails: [
    {
      name: 'Player1',
      id: 1,
      initialScore: 0,
      roundsWonCount: 0,
      totalRoundScore: 0,
      scoreBeforeFinalRules: -68,
      finalRuleAdjustment: 30,
      finalScore: -38,
      handCount: 11,
      finishOrder: -1,
      otherScoreSources: -68
    },
    {
      name: 'Player0',
      id: 0,
      initialScore: 0,
      roundsWonCount: 0,
      totalRoundScore: 0,
      scoreBeforeFinalRules: -59,
      finalRuleAdjustment: -30,
      finalScore: -89,
      handCount: 12,
      finishOrder: -1,
      otherScoreSources: -59
    }
  ],
  summary: {
    totalInitialScore: 0,
    totalRoundScore: 0,
    totalFinalRuleAdjustment: 0,
    totalOtherScoreSources: -127,
    totalFinalScore: -127,
    expectedTotal: 0
  },
  allRoundsInfo: [
    { playerName: 'Player1', roundsWon: [] },
    { playerName: 'Player0', roundsWon: [] }
  ]
}
[ScoreValidation] ⚠️ 分数总和不为0！总和=-127 {
  totalScore: -127,
  playerCount: 2,
  finishOrderLength: 0,
  finishOrder: [],
  missingInRankings: [],
  missingInFinishOrder: [ 1, 0 ],
  playerDetails: [
    {
      name: 'Player1',
      id: 1,
      initialScore: 0,
      roundsWonCount: 0,
      totalRoundScore: 0,
      scoreBeforeFinalRules: -68,
      finalRuleAdjustment: 30,
      finalScore: -38,
      handCount: 11,
      finishOrder: -1,
      otherScoreSources: -68
    },
    {
      name: 'Player0',
      id: 0,
      initialScore: 0,
      roundsWonCount: 0,
      totalRoundScore: 0,
      scoreBeforeFinalRules: -59,
      finalRuleAdjustment: -30,
      finalScore: -89,
      handCount: 12,
      finishOrder: -1,
      otherScoreSources: -59
    }
  ],
  summary: {
    totalInitialScore: 0,
    totalRoundScore: 0,
    totalFinalRuleAdjustment: 0,
    totalOtherScoreSources: -127,
    totalFinalScore: -127,
    expectedTotal: 0
  },
  allRoundsInfo: [
    { playerName: 'Player1', roundsWon: [] },
    { playerName: 'Player0', roundsWon: [] }
  ]
}
[ScoreValidation] ⚠️ 分数总和不为0！总和=24 {
  totalScore: 24,
  playerCount: 4,
  finishOrderLength: 0,
  finishOrder: [],
  missingInRankings: [],
  missingInFinishOrder: [ 1, 2, 3, 0 ],
  playerDetails: [
    {
      name: 'Player1',
      id: 1,
      initialScore: 0,
      roundsWonCount: 0,
      totalRoundScore: 0,
      scoreBeforeFinalRules: 47,
      finalRuleAdjustment: 0,
      finalScore: 47,
      handCount: 5,
      finishOrder: -1,
      otherScoreSources: 47
    },
    {
      name: 'Player2',
      id: 2,
      initialScore: 0,
      roundsWonCount: 0,
      totalRoundScore: 0,
      scoreBeforeFinalRules: 77,
      finalRuleAdjustment: -30,
      finalScore: 47,
      handCount: 12,
      finishOrder: -1,
      otherScoreSources: 77
    },
    {
      name: 'Player3',
      id: 3,
      initialScore: 0,
      roundsWonCount: 0,
      totalRoundScore: 0,
      scoreBeforeFinalRules: -32,
      finalRuleAdjustment: 30,
      finalScore: -2,
      handCount: 4,
      finishOrder: -1,
      otherScoreSources: -32
    },
    {
      name: 'Player0',
      id: 0,
      initialScore: 0,
      roundsWonCount: 0,
      totalRoundScore: 0,
      scoreBeforeFinalRules: -68,
      finalRuleAdjustment: 0,
      finalScore: -68,
      handCount: 10,
      finishOrder: -1,
      otherScoreSources: -68
    }
  ],
  summary: {
    totalInitialScore: 0,
    totalRoundScore: 0,
    totalFinalRuleAdjustment: 0,
    totalOtherScoreSources: 24,
    totalFinalScore: 24,
    expectedTotal: 0
  },
  allRoundsInfo: [
    { playerName: 'Player1', roundsWon: [] },
    { playerName: 'Player2', roundsWon: [] },
    { playerName: 'Player3', roundsWon: [] },
    { playerName: 'Player0', roundsWon: [] }
  ]
}
[ScoreValidation] ⚠️ 分数总和不为0！总和=24 {
  totalScore: 24,
  playerCount: 4,
  finishOrderLength: 0,
  finishOrder: [],
  missingInRankings: [],
  missingInFinishOrder: [ 1, 2, 3, 0 ],
  playerDetails: [
    {
      name: 'Player1',
      id: 1,
      initialScore: 0,
      roundsWonCount: 0,
      totalRoundScore: 0,
      scoreBeforeFinalRules: 47,
      finalRuleAdjustment: 0,
      finalScore: 47,
      handCount: 5,
      finishOrder: -1,
      otherScoreSources: 47
    },
    {
      name: 'Player2',
      id: 2,
      initialScore: 0,
      roundsWonCount: 0,
      totalRoundScore: 0,
      scoreBeforeFinalRules: 77,
      finalRuleAdjustment: -30,
      finalScore: 47,
      handCount: 12,
      finishOrder: -1,
      otherScoreSources: 77
    },
    {
      name: 'Player3',
      id: 3,
      initialScore: 0,
      roundsWonCount: 0,
      totalRoundScore: 0,
      scoreBeforeFinalRules: -32,
      finalRuleAdjustment: 30,
      finalScore: -2,
      handCount: 4,
      finishOrder: -1,
      otherScoreSources: -32
    },
    {
      name: 'Player0',
      id: 0,
      initialScore: 0,
      roundsWonCount: 0,
      totalRoundScore: 0,
      scoreBeforeFinalRules: -68,
      finalRuleAdjustment: 0,
      finalScore: -68,
      handCount: 10,
      finishOrder: -1,
      otherScoreSources: -68
    }
  ],
  summary: {
    totalInitialScore: 0,
    totalRoundScore: 0,
    totalFinalRuleAdjustment: 0,
    totalOtherScoreSources: 24,
    totalFinalScore: 24,
    expectedTotal: 0
  },
  allRoundsInfo: [
    { playerName: 'Player1', roundsWon: [] },
    { playerName: 'Player2', roundsWon: [] },
    { playerName: 'Player3', roundsWon: [] },
    { playerName: 'Player0', roundsWon: [] }
  ]
}
[ScoreValidation] ⚠️ 分数总和不为0！总和=-31 {
  totalScore: -31,
  playerCount: 4,
  finishOrderLength: 0,
  finishOrder: [],
  missingInRankings: [],
  missingInFinishOrder: [ 3, 0, 2, 1 ],
  playerDetails: [
    {
      name: 'Player3',
      id: 3,
      initialScore: 0,
      roundsWonCount: 0,
      totalRoundScore: 0,
      scoreBeforeFinalRules: 51,
      finalRuleAdjustment: 30,
      finalScore: 81,
      handCount: 3,
      finishOrder: -1,
      otherScoreSources: 51
    },
    {
      name: 'Player0',
      id: 0,
      initialScore: 0,
      roundsWonCount: 0,
      totalRoundScore: 0,
      scoreBeforeFinalRules: 39,
      finalRuleAdjustment: -30,
      finalScore: 9,
      handCount: 13,
      finishOrder: -1,
      otherScoreSources: 39
    },
    {
      name: 'Player2',
      id: 2,
      initialScore: 0,
      roundsWonCount: 0,
      totalRoundScore: 0,
      scoreBeforeFinalRules: -60,
      finalRuleAdjustment: 0,
      finalScore: -60,
      handCount: 6,
      finishOrder: -1,
      otherScoreSources: -60
    },
    {
      name: 'Player1',
      id: 1,
      initialScore: 0,
      roundsWonCount: 0,
      totalRoundScore: 0,
      scoreBeforeFinalRules: -61,
      finalRuleAdjustment: 0,
      finalScore: -61,
      handCount: 7,
      finishOrder: -1,
      otherScoreSources: -61
    }
  ],
  summary: {
    totalInitialScore: 0,
    totalRoundScore: 0,
    totalFinalRuleAdjustment: 0,
    totalOtherScoreSources: -31,
    totalFinalScore: -31,
    expectedTotal: 0
  },
  allRoundsInfo: [
    { playerName: 'Player3', roundsWon: [] },
    { playerName: 'Player0', roundsWon: [] },
    { playerName: 'Player2', roundsWon: [] },
    { playerName: 'Player1', roundsWon: [] }
  ]
}
[ScoreValidation] ⚠️ 分数总和不为0！总和=-31 {
  totalScore: -31,
  playerCount: 4,
  finishOrderLength: 0,
  finishOrder: [],
  missingInRankings: [],
  missingInFinishOrder: [ 3, 0, 2, 1 ],
  playerDetails: [
    {
      name: 'Player3',
      id: 3,
      initialScore: 0,
      roundsWonCount: 0,
      totalRoundScore: 0,
      scoreBeforeFinalRules: 51,
      finalRuleAdjustment: 30,
      finalScore: 81,
      handCount: 3,
      finishOrder: -1,
      otherScoreSources: 51
    },
    {
      name: 'Player0',
      id: 0,
      initialScore: 0,
      roundsWonCount: 0,
      totalRoundScore: 0,
      scoreBeforeFinalRules: 39,
      finalRuleAdjustment: -30,
      finalScore: 9,
      handCount: 13,
      finishOrder: -1,
      otherScoreSources: 39
    },
    {
      name: 'Player2',
      id: 2,
      initialScore: 0,
      roundsWonCount: 0,
      totalRoundScore: 0,
      scoreBeforeFinalRules: -60,
      finalRuleAdjustment: 0,
      finalScore: -60,
      handCount: 6,
      finishOrder: -1,
      otherScoreSources: -60
    },
    {
      name: 'Player1',
      id: 1,
      initialScore: 0,
      roundsWonCount: 0,
      totalRoundScore: 0,
      scoreBeforeFinalRules: -61,
      finalRuleAdjustment: 0,
      finalScore: -61,
      handCount: 7,
      finishOrder: -1,
      otherScoreSources: -61
    }
  ],
  summary: {
    totalInitialScore: 0,
    totalRoundScore: 0,
    totalFinalRuleAdjustment: 0,
    totalOtherScoreSources: -31,
    totalFinalScore: -31,
    expectedTotal: 0
  },
  allRoundsInfo: [
    { playerName: 'Player3', roundsWon: [] },
    { playerName: 'Player0', roundsWon: [] },
    { playerName: 'Player2', roundsWon: [] },
    { playerName: 'Player1', roundsWon: [] }
  ]
}
[ScoreValidation] ⚠️ 分数总和不为0！总和=-74 {
  totalScore: -74,
  playerCount: 2,
  finishOrderLength: 0,
  finishOrder: [],
  missingInRankings: [],
  missingInFinishOrder: [ 0, 1 ],
  playerDetails: [
    {
      name: 'Player0',
      id: 0,
      initialScore: 0,
      roundsWonCount: 0,
      totalRoundScore: 0,
      scoreBeforeFinalRules: -14,
      finalRuleAdjustment: 30,
      finalScore: 16,
      handCount: 1,
      finishOrder: -1,
      otherScoreSources: -14
    },
    {
      name: 'Player1',
      id: 1,
      initialScore: 0,
      roundsWonCount: 0,
      totalRoundScore: 0,
      scoreBeforeFinalRules: -60,
      finalRuleAdjustment: -30,
      finalScore: -90,
      handCount: 6,
      finishOrder: -1,
      otherScoreSources: -60
    }
  ],
  summary: {
    totalInitialScore: 0,
    totalRoundScore: 0,
    totalFinalRuleAdjustment: 0,
    totalOtherScoreSources: -74,
    totalFinalScore: -74,
    expectedTotal: 0
  },
  allRoundsInfo: [
    { playerName: 'Player0', roundsWon: [] },
    { playerName: 'Player1', roundsWon: [] }
  ]
}
[ScoreValidation] ⚠️ 分数总和不为0！总和=-74 {
  totalScore: -74,
  playerCount: 2,
  finishOrderLength: 0,
  finishOrder: [],
  missingInRankings: [],
  missingInFinishOrder: [ 0, 1 ],
  playerDetails: [
    {
      name: 'Player0',
      id: 0,
      initialScore: 0,
      roundsWonCount: 0,
      totalRoundScore: 0,
      scoreBeforeFinalRules: -14,
      finalRuleAdjustment: 30,
      finalScore: 16,
      handCount: 1,
      finishOrder: -1,
      otherScoreSources: -14
    },
    {
      name: 'Player1',
      id: 1,
      initialScore: 0,
      roundsWonCount: 0,
      totalRoundScore: 0,
      scoreBeforeFinalRules: -60,
      finalRuleAdjustment: -30,
      finalScore: -90,
      handCount: 6,
      finishOrder: -1,
      otherScoreSources: -60
    }
  ],
  summary: {
    totalInitialScore: 0,
    totalRoundScore: 0,
    totalFinalRuleAdjustment: 0,
    totalOtherScoreSources: -74,
    totalFinalScore: -74,
    expectedTotal: 0
  },
  allRoundsInfo: [
    { playerName: 'Player0', roundsWon: [] },
    { playerName: 'Player1', roundsWon: [] }
  ]
}
[ScoreValidation] ⚠️ 分数总和不为0！总和=114 {
  totalScore: 114,
  playerCount: 2,
  finishOrderLength: 0,
  finishOrder: [],
  missingInRankings: [],
  missingInFinishOrder: [ 0, 1 ],
  playerDetails: [
    {
      name: 'Player0',
      id: 0,
      initialScore: 0,
      roundsWonCount: 0,
      totalRoundScore: 0,
      scoreBeforeFinalRules: 99,
      finalRuleAdjustment: 30,
      finalScore: 129,
      handCount: 6,
      finishOrder: -1,
      otherScoreSources: 99
    },
    {
      name: 'Player1',
      id: 1,
      initialScore: 0,
      roundsWonCount: 0,
      totalRoundScore: 0,
      scoreBeforeFinalRules: 15,
      finalRuleAdjustment: -30,
      finalScore: -15,
      handCount: 10,
      finishOrder: -1,
      otherScoreSources: 15
    }
  ],
  summary: {
    totalInitialScore: 0,
    totalRoundScore: 0,
    totalFinalRuleAdjustment: 0,
    totalOtherScoreSources: 114,
    totalFinalScore: 114,
    expectedTotal: 0
  },
  allRoundsInfo: [
    { playerName: 'Player0', roundsWon: [] },
    { playerName: 'Player1', roundsWon: [] }
  ]
}
[ScoreValidation] ⚠️ 分数总和不为0！总和=114 {
  totalScore: 114,
  playerCount: 2,
  finishOrderLength: 0,
  finishOrder: [],
  missingInRankings: [],
  missingInFinishOrder: [ 0, 1 ],
  playerDetails: [
    {
      name: 'Player0',
      id: 0,
      initialScore: 0,
      roundsWonCount: 0,
      totalRoundScore: 0,
      scoreBeforeFinalRules: 99,
      finalRuleAdjustment: 30,
      finalScore: 129,
      handCount: 6,
      finishOrder: -1,
      otherScoreSources: 99
    },
    {
      name: 'Player1',
      id: 1,
      initialScore: 0,
      roundsWonCount: 0,
      totalRoundScore: 0,
      scoreBeforeFinalRules: 15,
      finalRuleAdjustment: -30,
      finalScore: -15,
      handCount: 10,
      finishOrder: -1,
      otherScoreSources: 15
    }
  ],
  summary: {
    totalInitialScore: 0,
    totalRoundScore: 0,
    totalFinalRuleAdjustment: 0,
    totalOtherScoreSources: 114,
    totalFinalScore: 114,
    expectedTotal: 0
  },
  allRoundsInfo: [
    { playerName: 'Player0', roundsWon: [] },
    { playerName: 'Player1', roundsWon: [] }
  ]
}
[ScoreValidation] ⚠️ 分数总和不为0！总和=93 {
  totalScore: 93,
  playerCount: 6,
  finishOrderLength: 0,
  finishOrder: [],
  missingInRankings: [],
  missingInFinishOrder: [ 4, 5, 3, 2, 1, 0 ],
  playerDetails: [
    {
      name: 'Player4',
      id: 4,
      initialScore: 0,
      roundsWonCount: 0,
      totalRoundScore: 0,
      scoreBeforeFinalRules: 92,
      finalRuleAdjustment: 0,
      finalScore: 92,
      handCount: 5,
      finishOrder: -1,
      otherScoreSources: 92
    },
    {
      name: 'Player5',
      id: 5,
      initialScore: 0,
      roundsWonCount: 0,
      totalRoundScore: 0,
      scoreBeforeFinalRules: 68,
      finalRuleAdjustment: -30,
      finalScore: 38,
      handCount: 13,
      finishOrder: -1,
      otherScoreSources: 68
    },
    {
      name: 'Player3',
      id: 3,
      initialScore: 0,
      roundsWonCount: 0,
      totalRoundScore: 0,
      scoreBeforeFinalRules: 34,
      finalRuleAdjustment: 0,
      finalScore: 34,
      handCount: 7,
      finishOrder: -1,
      otherScoreSources: 34
    },
    {
      name: 'Player2',
      id: 2,
      initialScore: 0,
      roundsWonCount: 0,
      totalRoundScore: 0,
      scoreBeforeFinalRules: 5,
      finalRuleAdjustment: 0,
      finalScore: 5,
      handCount: 3,
      finishOrder: -1,
      otherScoreSources: 5
    },
    {
      name: 'Player1',
      id: 1,
      initialScore: 0,
      roundsWonCount: 0,
      totalRoundScore: 0,
      scoreBeforeFinalRules: -44,
      finalRuleAdjustment: 30,
      finalScore: -14,
      handCount: 0,
      finishOrder: -1,
      otherScoreSources: -44
    },
    {
      name: 'Player0',
      id: 0,
      initialScore: 0,
      roundsWonCount: 0,
      totalRoundScore: 0,
      scoreBeforeFinalRules: -62,
      finalRuleAdjustment: 0,
      finalScore: -62,
      handCount: 3,
      finishOrder: -1,
      otherScoreSources: -62
    }
  ],
  summary: {
    totalInitialScore: 0,
    totalRoundScore: 0,
    totalFinalRuleAdjustment: 0,
    totalOtherScoreSources: 93,
    totalFinalScore: 93,
    expectedTotal: 0
  },
  allRoundsInfo: [
    { playerName: 'Player4', roundsWon: [] },
    { playerName: 'Player5', roundsWon: [] },
    { playerName: 'Player3', roundsWon: [] },
    { playerName: 'Player2', roundsWon: [] },
    { playerName: 'Player1', roundsWon: [] },
    { playerName: 'Player0', roundsWon: [] }
  ]
}
[ScoreValidation] ⚠️ 分数总和不为0！总和=93 {
  totalScore: 93,
  playerCount: 6,
  finishOrderLength: 0,
  finishOrder: [],
  missingInRankings: [],
  missingInFinishOrder: [ 4, 5, 3, 2, 1, 0 ],
  playerDetails: [
    {
      name: 'Player4',
      id: 4,
      initialScore: 0,
      roundsWonCount: 0,
      totalRoundScore: 0,
      scoreBeforeFinalRules: 92,
      finalRuleAdjustment: 0,
      finalScore: 92,
      handCount: 5,
      finishOrder: -1,
      otherScoreSources: 92
    },
    {
      name: 'Player5',
      id: 5,
      initialScore: 0,
      roundsWonCount: 0,
      totalRoundScore: 0,
      scoreBeforeFinalRules: 68,
      finalRuleAdjustment: -30,
      finalScore: 38,
      handCount: 13,
      finishOrder: -1,
      otherScoreSources: 68
    },
    {
      name: 'Player3',
      id: 3,
      initialScore: 0,
      roundsWonCount: 0,
      totalRoundScore: 0,
      scoreBeforeFinalRules: 34,
      finalRuleAdjustment: 0,
      finalScore: 34,
      handCount: 7,
      finishOrder: -1,
      otherScoreSources: 34
    },
    {
      name: 'Player2',
      id: 2,
      initialScore: 0,
      roundsWonCount: 0,
      totalRoundScore: 0,
      scoreBeforeFinalRules: 5,
      finalRuleAdjustment: 0,
      finalScore: 5,
      handCount: 3,
      finishOrder: -1,
      otherScoreSources: 5
    },
    {
      name: 'Player1',
      id: 1,
      initialScore: 0,
      roundsWonCount: 0,
      totalRoundScore: 0,
      scoreBeforeFinalRules: -44,
      finalRuleAdjustment: 30,
      finalScore: -14,
      handCount: 0,
      finishOrder: -1,
      otherScoreSources: -44
    },
    {
      name: 'Player0',
      id: 0,
      initialScore: 0,
      roundsWonCount: 0,
      totalRoundScore: 0,
      scoreBeforeFinalRules: -62,
      finalRuleAdjustment: 0,
      finalScore: -62,
      handCount: 3,
      finishOrder: -1,
      otherScoreSources: -62
    }
  ],
  summary: {
    totalInitialScore: 0,
    totalRoundScore: 0,
    totalFinalRuleAdjustment: 0,
    totalOtherScoreSources: 93,
    totalFinalScore: 93,
    expectedTotal: 0
  },
  allRoundsInfo: [
    { playerName: 'Player4', roundsWon: [] },
    { playerName: 'Player5', roundsWon: [] },
    { playerName: 'Player3', roundsWon: [] },
    { playerName: 'Player2', roundsWon: [] },
    { playerName: 'Player1', roundsWon: [] },
    { playerName: 'Player0', roundsWon: [] }
  ]
}
[ScoreValidation] ⚠️ 分数总和不为0！总和=166 {
  totalScore: 166,
  playerCount: 4,
  finishOrderLength: 0,
  finishOrder: [],
  missingInRankings: [],
  missingInFinishOrder: [ 2, 3, 0, 1 ],
  playerDetails: [
    {
      name: 'Player2',
      id: 2,
      initialScore: 0,
      roundsWonCount: 0,
      totalRoundScore: 0,
      scoreBeforeFinalRules: 86,
      finalRuleAdjustment: 30,
      finalScore: 116,
      handCount: 2,
      finishOrder: -1,
      otherScoreSources: 86
    },
    {
      name: 'Player3',
      id: 3,
      initialScore: 0,
      roundsWonCount: 0,
      totalRoundScore: 0,
      scoreBeforeFinalRules: 70,
      finalRuleAdjustment: 0,
      finalScore: 70,
      handCount: 5,
      finishOrder: -1,
      otherScoreSources: 70
    },
    {
      name: 'Player0',
      id: 0,
      initialScore: 0,
      roundsWonCount: 0,
      totalRoundScore: 0,
      scoreBeforeFinalRules: 60,
      finalRuleAdjustment: 0,
      finalScore: 60,
      handCount: 3,
      finishOrder: -1,
      otherScoreSources: 60
    },
    {
      name: 'Player1',
      id: 1,
      initialScore: 0,
      roundsWonCount: 0,
      totalRoundScore: 0,
      scoreBeforeFinalRules: -50,
      finalRuleAdjustment: -30,
      finalScore: -80,
      handCount: 13,
      finishOrder: -1,
      otherScoreSources: -50
    }
  ],
  summary: {
    totalInitialScore: 0,
    totalRoundScore: 0,
    totalFinalRuleAdjustment: 0,
    totalOtherScoreSources: 166,
    totalFinalScore: 166,
    expectedTotal: 0
  },
  allRoundsInfo: [
    { playerName: 'Player2', roundsWon: [] },
    { playerName: 'Player3', roundsWon: [] },
    { playerName: 'Player0', roundsWon: [] },
    { playerName: 'Player1', roundsWon: [] }
  ]
}
[ScoreValidation] ⚠️ 分数总和不为0！总和=166 {
  totalScore: 166,
  playerCount: 4,
  finishOrderLength: 0,
  finishOrder: [],
  missingInRankings: [],
  missingInFinishOrder: [ 2, 3, 0, 1 ],
  playerDetails: [
    {
      name: 'Player2',
      id: 2,
      initialScore: 0,
      roundsWonCount: 0,
      totalRoundScore: 0,
      scoreBeforeFinalRules: 86,
      finalRuleAdjustment: 30,
      finalScore: 116,
      handCount: 2,
      finishOrder: -1,
      otherScoreSources: 86
    },
    {
      name: 'Player3',
      id: 3,
      initialScore: 0,
      roundsWonCount: 0,
      totalRoundScore: 0,
      scoreBeforeFinalRules: 70,
      finalRuleAdjustment: 0,
      finalScore: 70,
      handCount: 5,
      finishOrder: -1,
      otherScoreSources: 70
    },
    {
      name: 'Player0',
      id: 0,
      initialScore: 0,
      roundsWonCount: 0,
      totalRoundScore: 0,
      scoreBeforeFinalRules: 60,
      finalRuleAdjustment: 0,
      finalScore: 60,
      handCount: 3,
      finishOrder: -1,
      otherScoreSources: 60
    },
    {
      name: 'Player1',
      id: 1,
      initialScore: 0,
      roundsWonCount: 0,
      totalRoundScore: 0,
      scoreBeforeFinalRules: -50,
      finalRuleAdjustment: -30,
      finalScore: -80,
      handCount: 13,
      finishOrder: -1,
      otherScoreSources: -50
    }
  ],
  summary: {
    totalInitialScore: 0,
    totalRoundScore: 0,
    totalFinalRuleAdjustment: 0,
    totalOtherScoreSources: 166,
    totalFinalScore: 166,
    expectedTotal: 0
  },
  allRoundsInfo: [
    { playerName: 'Player2', roundsWon: [] },
    { playerName: 'Player3', roundsWon: [] },
    { playerName: 'Player0', roundsWon: [] },
    { playerName: 'Player1', roundsWon: [] }
  ]
}
[ScoreValidation] ⚠️ 分数总和不为0！总和=22 {
  totalScore: 22,
  playerCount: 2,
  finishOrderLength: 0,
  finishOrder: [],
  missingInRankings: [],
  missingInFinishOrder: [ 1, 0 ],
  playerDetails: [
    {
      name: 'Player1',
      id: 1,
      initialScore: 0,
      roundsWonCount: 0,
      totalRoundScore: 0,
      scoreBeforeFinalRules: 62,
      finalRuleAdjustment: -30,
      finalScore: 32,
      handCount: 6,
      finishOrder: -1,
      otherScoreSources: 62
    },
    {
      name: 'Player0',
      id: 0,
      initialScore: 0,
      roundsWonCount: 0,
      totalRoundScore: 0,
      scoreBeforeFinalRules: -40,
      finalRuleAdjustment: 30,
      finalScore: -10,
      handCount: 3,
      finishOrder: -1,
      otherScoreSources: -40
    }
  ],
  summary: {
    totalInitialScore: 0,
    totalRoundScore: 0,
    totalFinalRuleAdjustment: 0,
    totalOtherScoreSources: 22,
    totalFinalScore: 22,
    expectedTotal: 0
  },
  allRoundsInfo: [
    { playerName: 'Player1', roundsWon: [] },
    { playerName: 'Player0', roundsWon: [] }
  ]
}
[ScoreValidation] ⚠️ 分数总和不为0！总和=22 {
  totalScore: 22,
  playerCount: 2,
  finishOrderLength: 0,
  finishOrder: [],
  missingInRankings: [],
  missingInFinishOrder: [ 1, 0 ],
  playerDetails: [
    {
      name: 'Player1',
      id: 1,
      initialScore: 0,
      roundsWonCount: 0,
      totalRoundScore: 0,
      scoreBeforeFinalRules: 62,
      finalRuleAdjustment: -30,
      finalScore: 32,
      handCount: 6,
      finishOrder: -1,
      otherScoreSources: 62
    },
    {
      name: 'Player0',
      id: 0,
      initialScore: 0,
      roundsWonCount: 0,
      totalRoundScore: 0,
      scoreBeforeFinalRules: -40,
      finalRuleAdjustment: 30,
      finalScore: -10,
      handCount: 3,
      finishOrder: -1,
      otherScoreSources: -40
    }
  ],
  summary: {
    totalInitialScore: 0,
    totalRoundScore: 0,
    totalFinalRuleAdjustment: 0,
    totalOtherScoreSources: 22,
    totalFinalScore: 22,
    expectedTotal: 0
  },
  allRoundsInfo: [
    { playerName: 'Player1', roundsWon: [] },
    { playerName: 'Player0', roundsWon: [] }
  ]
}
[ScoreValidation] ⚠️ 分数总和不为0！总和=13 {
  totalScore: 13,
  playerCount: 2,
  finishOrderLength: 0,
  finishOrder: [],
  missingInRankings: [],
  missingInFinishOrder: [ 0, 1 ],
  playerDetails: [
    {
      name: 'Player0',
      id: 0,
      initialScore: 0,
      roundsWonCount: 0,
      totalRoundScore: 0,
      scoreBeforeFinalRules: 40,
      finalRuleAdjustment: -30,
      finalScore: 10,
      handCount: 13,
      finishOrder: -1,
      otherScoreSources: 40
    },
    {
      name: 'Player1',
      id: 1,
      initialScore: 0,
      roundsWonCount: 0,
      totalRoundScore: 0,
      scoreBeforeFinalRules: -27,
      finalRuleAdjustment: 30,
      finalScore: 3,
      handCount: 12,
      finishOrder: -1,
      otherScoreSources: -27
    }
  ],
  summary: {
    totalInitialScore: 0,
    totalRoundScore: 0,
    totalFinalRuleAdjustment: 0,
    totalOtherScoreSources: 13,
    totalFinalScore: 13,
    expectedTotal: 0
  },
  allRoundsInfo: [
    { playerName: 'Player0', roundsWon: [] },
    { playerName: 'Player1', roundsWon: [] }
  ]
}
[ScoreValidation] ⚠️ 分数总和不为0！总和=13 {
  totalScore: 13,
  playerCount: 2,
  finishOrderLength: 0,
  finishOrder: [],
  missingInRankings: [],
  missingInFinishOrder: [ 0, 1 ],
  playerDetails: [
    {
      name: 'Player0',
      id: 0,
      initialScore: 0,
      roundsWonCount: 0,
      totalRoundScore: 0,
      scoreBeforeFinalRules: 40,
      finalRuleAdjustment: -30,
      finalScore: 10,
      handCount: 13,
      finishOrder: -1,
      otherScoreSources: 40
    },
    {
      name: 'Player1',
      id: 1,
      initialScore: 0,
      roundsWonCount: 0,
      totalRoundScore: 0,
      scoreBeforeFinalRules: -27,
      finalRuleAdjustment: 30,
      finalScore: 3,
      handCount: 12,
      finishOrder: -1,
      otherScoreSources: -27
    }
  ],
  summary: {
    totalInitialScore: 0,
    totalRoundScore: 0,
    totalFinalRuleAdjustment: 0,
    totalOtherScoreSources: 13,
    totalFinalScore: 13,
    expectedTotal: 0
  },
  allRoundsInfo: [
    { playerName: 'Player0', roundsWon: [] },
    { playerName: 'Player1', roundsWon: [] }
  ]
}
[ScoreValidation] ⚠️ 分数总和不为0！总和=51 {
  totalScore: 51,
  playerCount: 4,
  finishOrderLength: 0,
  finishOrder: [],
  missingInRankings: [],
  missingInFinishOrder: [ 0, 3, 1, 2 ],
  playerDetails: [
    {
      name: 'Player0',
      id: 0,
      initialScore: 0,
      roundsWonCount: 0,
      totalRoundScore: 0,
      scoreBeforeFinalRules: 50,
      finalRuleAdjustment: 30,
      finalScore: 80,
      handCount: 1,
      finishOrder: -1,
      otherScoreSources: 50
    },
    {
      name: 'Player3',
      id: 3,
      initialScore: 0,
      roundsWonCount: 0,
      totalRoundScore: 0,
      scoreBeforeFinalRules: 39,
      finalRuleAdjustment: 0,
      finalScore: 39,
      handCount: 4,
      finishOrder: -1,
      otherScoreSources: 39
    },
    {
      name: 'Player1',
      id: 1,
      initialScore: 0,
      roundsWonCount: 0,
      totalRoundScore: 0,
      scoreBeforeFinalRules: 0,
      finalRuleAdjustment: 0,
      finalScore: 0,
      handCount: 10,
      finishOrder: -1,
      otherScoreSources: 0
    },
    {
      name: 'Player2',
      id: 2,
      initialScore: 0,
      roundsWonCount: 0,
      totalRoundScore: 0,
      scoreBeforeFinalRules: -38,
      finalRuleAdjustment: -30,
      finalScore: -68,
      handCount: 10,
      finishOrder: -1,
      otherScoreSources: -38
    }
  ],
  summary: {
    totalInitialScore: 0,
    totalRoundScore: 0,
    totalFinalRuleAdjustment: 0,
    totalOtherScoreSources: 51,
    totalFinalScore: 51,
    expectedTotal: 0
  },
  allRoundsInfo: [
    { playerName: 'Player0', roundsWon: [] },
    { playerName: 'Player3', roundsWon: [] },
    { playerName: 'Player1', roundsWon: [] },
    { playerName: 'Player2', roundsWon: [] }
  ]
}
[ScoreValidation] ⚠️ 分数总和不为0！总和=51 {
  totalScore: 51,
  playerCount: 4,
  finishOrderLength: 0,
  finishOrder: [],
  missingInRankings: [],
  missingInFinishOrder: [ 0, 3, 1, 2 ],
  playerDetails: [
    {
      name: 'Player0',
      id: 0,
      initialScore: 0,
      roundsWonCount: 0,
      totalRoundScore: 0,
      scoreBeforeFinalRules: 50,
      finalRuleAdjustment: 30,
      finalScore: 80,
      handCount: 1,
      finishOrder: -1,
      otherScoreSources: 50
    },
    {
      name: 'Player3',
      id: 3,
      initialScore: 0,
      roundsWonCount: 0,
      totalRoundScore: 0,
      scoreBeforeFinalRules: 39,
      finalRuleAdjustment: 0,
      finalScore: 39,
      handCount: 4,
      finishOrder: -1,
      otherScoreSources: 39
    },
    {
      name: 'Player1',
      id: 1,
      initialScore: 0,
      roundsWonCount: 0,
      totalRoundScore: 0,
      scoreBeforeFinalRules: 0,
      finalRuleAdjustment: 0,
      finalScore: 0,
      handCount: 10,
      finishOrder: -1,
      otherScoreSources: 0
    },
    {
      name: 'Player2',
      id: 2,
      initialScore: 0,
      roundsWonCount: 0,
      totalRoundScore: 0,
      scoreBeforeFinalRules: -38,
      finalRuleAdjustment: -30,
      finalScore: -68,
      handCount: 10,
      finishOrder: -1,
      otherScoreSources: -38
    }
  ],
  summary: {
    totalInitialScore: 0,
    totalRoundScore: 0,
    totalFinalRuleAdjustment: 0,
    totalOtherScoreSources: 51,
    totalFinalScore: 51,
    expectedTotal: 0
  },
  allRoundsInfo: [
    { playerName: 'Player0', roundsWon: [] },
    { playerName: 'Player3', roundsWon: [] },
    { playerName: 'Player1', roundsWon: [] },
    { playerName: 'Player2', roundsWon: [] }
  ]
}
[ScoreValidation] ⚠️ 分数总和不为0！总和=-155 {
  totalScore: -155,
  playerCount: 6,
  finishOrderLength: 0,
  finishOrder: [],
  missingInRankings: [],
  missingInFinishOrder: [ 4, 3, 5, 2, 1, 0 ],
  playerDetails: [
    {
      name: 'Player4',
      id: 4,
      initialScore: 0,
      roundsWonCount: 0,
      totalRoundScore: 0,
      scoreBeforeFinalRules: 72,
      finalRuleAdjustment: 0,
      finalScore: 72,
      handCount: 12,
      finishOrder: -1,
      otherScoreSources: 72
    },
    {
      name: 'Player3',
      id: 3,
      initialScore: 0,
      roundsWonCount: 0,
      totalRoundScore: 0,
      scoreBeforeFinalRules: -37,
      finalRuleAdjustment: 30,
      finalScore: -7,
      handCount: 0,
      finishOrder: -1,
      otherScoreSources: -37
    },
    {
      name: 'Player5',
      id: 5,
      initialScore: 0,
      roundsWonCount: 0,
      totalRoundScore: 0,
      scoreBeforeFinalRules: 17,
      finalRuleAdjustment: -30,
      finalScore: -13,
      handCount: 13,
      finishOrder: -1,
      otherScoreSources: 17
    },
    {
      name: 'Player2',
      id: 2,
      initialScore: 0,
      roundsWonCount: 0,
      totalRoundScore: 0,
      scoreBeforeFinalRules: -38,
      finalRuleAdjustment: 0,
      finalScore: -38,
      handCount: 11,
      finishOrder: -1,
      otherScoreSources: -38
    },
    {
      name: 'Player1',
      id: 1,
      initialScore: 0,
      roundsWonCount: 0,
      totalRoundScore: 0,
      scoreBeforeFinalRules: -77,
      finalRuleAdjustment: 0,
      finalScore: -77,
      handCount: 4,
      finishOrder: -1,
      otherScoreSources: -77
    },
    {
      name: 'Player0',
      id: 0,
      initialScore: 0,
      roundsWonCount: 0,
      totalRoundScore: 0,
      scoreBeforeFinalRules: -92,
      finalRuleAdjustment: 0,
      finalScore: -92,
      handCount: 2,
      finishOrder: -1,
      otherScoreSources: -92
    }
  ],
  summary: {
    totalInitialScore: 0,
    totalRoundScore: 0,
    totalFinalRuleAdjustment: 0,
    totalOtherScoreSources: -155,
    totalFinalScore: -155,
    expectedTotal: 0
  },
  allRoundsInfo: [
    { playerName: 'Player4', roundsWon: [] },
    { playerName: 'Player3', roundsWon: [] },
    { playerName: 'Player5', roundsWon: [] },
    { playerName: 'Player2', roundsWon: [] },
    { playerName: 'Player1', roundsWon: [] },
    { playerName: 'Player0', roundsWon: [] }
  ]
}
[ScoreValidation] ⚠️ 分数总和不为0！总和=-155 {
  totalScore: -155,
  playerCount: 6,
  finishOrderLength: 0,
  finishOrder: [],
  missingInRankings: [],
  missingInFinishOrder: [ 4, 3, 5, 2, 1, 0 ],
  playerDetails: [
    {
      name: 'Player4',
      id: 4,
      initialScore: 0,
      roundsWonCount: 0,
      totalRoundScore: 0,
      scoreBeforeFinalRules: 72,
      finalRuleAdjustment: 0,
      finalScore: 72,
      handCount: 12,
      finishOrder: -1,
      otherScoreSources: 72
    },
    {
      name: 'Player3',
      id: 3,
      initialScore: 0,
      roundsWonCount: 0,
      totalRoundScore: 0,
      scoreBeforeFinalRules: -37,
      finalRuleAdjustment: 30,
      finalScore: -7,
      handCount: 0,
      finishOrder: -1,
      otherScoreSources: -37
    },
    {
      name: 'Player5',
      id: 5,
      initialScore: 0,
      roundsWonCount: 0,
      totalRoundScore: 0,
      scoreBeforeFinalRules: 17,
      finalRuleAdjustment: -30,
      finalScore: -13,
      handCount: 13,
      finishOrder: -1,
      otherScoreSources: 17
    },
    {
      name: 'Player2',
      id: 2,
      initialScore: 0,
      roundsWonCount: 0,
      totalRoundScore: 0,
      scoreBeforeFinalRules: -38,
      finalRuleAdjustment: 0,
      finalScore: -38,
      handCount: 11,
      finishOrder: -1,
      otherScoreSources: -38
    },
    {
      name: 'Player1',
      id: 1,
      initialScore: 0,
      roundsWonCount: 0,
      totalRoundScore: 0,
      scoreBeforeFinalRules: -77,
      finalRuleAdjustment: 0,
      finalScore: -77,
      handCount: 4,
      finishOrder: -1,
      otherScoreSources: -77
    },
    {
      name: 'Player0',
      id: 0,
      initialScore: 0,
      roundsWonCount: 0,
      totalRoundScore: 0,
      scoreBeforeFinalRules: -92,
      finalRuleAdjustment: 0,
      finalScore: -92,
      handCount: 2,
      finishOrder: -1,
      otherScoreSources: -92
    }
  ],
  summary: {
    totalInitialScore: 0,
    totalRoundScore: 0,
    totalFinalRuleAdjustment: 0,
    totalOtherScoreSources: -155,
    totalFinalScore: -155,
    expectedTotal: 0
  },
  allRoundsInfo: [
    { playerName: 'Player4', roundsWon: [] },
    { playerName: 'Player3', roundsWon: [] },
    { playerName: 'Player5', roundsWon: [] },
    { playerName: 'Player2', roundsWon: [] },
    { playerName: 'Player1', roundsWon: [] },
    { playerName: 'Player0', roundsWon: [] }
  ]
}
[ScoreValidation] ⚠️ 分数总和不为0！总和=-27 {
  totalScore: -27,
  playerCount: 4,
  finishOrderLength: 0,
  finishOrder: [],
  missingInRankings: [],
  missingInFinishOrder: [ 2, 1, 3, 0 ],
  playerDetails: [
    {
      name: 'Player2',
      id: 2,
      initialScore: 0,
      roundsWonCount: 0,
      totalRoundScore: 0,
      scoreBeforeFinalRules: 55,
      finalRuleAdjustment: 0,
      finalScore: 55,
      handCount: 6,
      finishOrder: -1,
      otherScoreSources: 55
    },
    {
      name: 'Player1',
      id: 1,
      initialScore: 0,
      roundsWonCount: 0,
      totalRoundScore: 0,
      scoreBeforeFinalRules: 23,
      finalRuleAdjustment: 30,
      finalScore: 53,
      handCount: 1,
      finishOrder: -1,
      otherScoreSources: 23
    },
    {
      name: 'Player3',
      id: 3,
      initialScore: 0,
      roundsWonCount: 0,
      totalRoundScore: 0,
      scoreBeforeFinalRules: -36,
      finalRuleAdjustment: 0,
      finalScore: -36,
      handCount: 3,
      finishOrder: -1,
      otherScoreSources: -36
    },
    {
      name: 'Player0',
      id: 0,
      initialScore: 0,
      roundsWonCount: 0,
      totalRoundScore: 0,
      scoreBeforeFinalRules: -69,
      finalRuleAdjustment: -30,
      finalScore: -99,
      handCount: 9,
      finishOrder: -1,
      otherScoreSources: -69
    }
  ],
  summary: {
    totalInitialScore: 0,
    totalRoundScore: 0,
    totalFinalRuleAdjustment: 0,
    totalOtherScoreSources: -27,
    totalFinalScore: -27,
    expectedTotal: 0
  },
  allRoundsInfo: [
    { playerName: 'Player2', roundsWon: [] },
    { playerName: 'Player1', roundsWon: [] },
    { playerName: 'Player3', roundsWon: [] },
    { playerName: 'Player0', roundsWon: [] }
  ]
}
[ScoreValidation] ⚠️ 分数总和不为0！总和=-27 {
  totalScore: -27,
  playerCount: 4,
  finishOrderLength: 0,
  finishOrder: [],
  missingInRankings: [],
  missingInFinishOrder: [ 2, 1, 3, 0 ],
  playerDetails: [
    {
      name: 'Player2',
      id: 2,
      initialScore: 0,
      roundsWonCount: 0,
      totalRoundScore: 0,
      scoreBeforeFinalRules: 55,
      finalRuleAdjustment: 0,
      finalScore: 55,
      handCount: 6,
      finishOrder: -1,
      otherScoreSources: 55
    },
    {
      name: 'Player1',
      id: 1,
      initialScore: 0,
      roundsWonCount: 0,
      totalRoundScore: 0,
      scoreBeforeFinalRules: 23,
      finalRuleAdjustment: 30,
      finalScore: 53,
      handCount: 1,
      finishOrder: -1,
      otherScoreSources: 23
    },
    {
      name: 'Player3',
      id: 3,
      initialScore: 0,
      roundsWonCount: 0,
      totalRoundScore: 0,
      scoreBeforeFinalRules: -36,
      finalRuleAdjustment: 0,
      finalScore: -36,
      handCount: 3,
      finishOrder: -1,
      otherScoreSources: -36
    },
    {
      name: 'Player0',
      id: 0,
      initialScore: 0,
      roundsWonCount: 0,
      totalRoundScore: 0,
      scoreBeforeFinalRules: -69,
      finalRuleAdjustment: -30,
      finalScore: -99,
      handCount: 9,
      finishOrder: -1,
      otherScoreSources: -69
    }
  ],
  summary: {
    totalInitialScore: 0,
    totalRoundScore: 0,
    totalFinalRuleAdjustment: 0,
    totalOtherScoreSources: -27,
    totalFinalScore: -27,
    expectedTotal: 0
  },
  allRoundsInfo: [
    { playerName: 'Player2', roundsWon: [] },
    { playerName: 'Player1', roundsWon: [] },
    { playerName: 'Player3', roundsWon: [] },
    { playerName: 'Player0', roundsWon: [] }
  ]
}
[ScoreValidation] ⚠️ 分数总和不为0！总和=204 {
  totalScore: 204,
  playerCount: 6,
  finishOrderLength: 1,
  finishOrder: [ 1 ],
  missingInRankings: [],
  missingInFinishOrder: [ 3, 0, 4, 2, 5 ],
  playerDetails: [
    {
      name: 'Player1',
      id: 1,
      initialScore: 0,
      roundsWonCount: 0,
      totalRoundScore: 0,
      scoreBeforeFinalRules: 97,
      finalRuleAdjustment: 30,
      finalScore: 127,
      handCount: 0,
      finishOrder: 0,
      otherScoreSources: 97
    },
    {
      name: 'Player3',
      id: 3,
      initialScore: 0,
      roundsWonCount: 0,
      totalRoundScore: 0,
      scoreBeforeFinalRules: 59,
      finalRuleAdjustment: 0,
      finalScore: 59,
      handCount: 6,
      finishOrder: -1,
      otherScoreSources: 59
    },
    {
      name: 'Player0',
      id: 0,
      initialScore: 0,
      roundsWonCount: 0,
      totalRoundScore: 0,
      scoreBeforeFinalRules: 26,
      finalRuleAdjustment: 0,
      finalScore: 26,
      handCount: 4,
      finishOrder: -1,
      otherScoreSources: 26
    },
    {
      name: 'Player4',
      id: 4,
      initialScore: 0,
      roundsWonCount: 0,
      totalRoundScore: 0,
      scoreBeforeFinalRules: 10,
      finalRuleAdjustment: 0,
      finalScore: 10,
      handCount: 7,
      finishOrder: -1,
      otherScoreSources: 10
    },
    {
      name: 'Player2',
      id: 2,
      initialScore: 0,
      roundsWonCount: 0,
      totalRoundScore: 0,
      scoreBeforeFinalRules: 3,
      finalRuleAdjustment: 0,
      finalScore: 3,
      handCount: 13,
      finishOrder: -1,
      otherScoreSources: 3
    },
    {
      name: 'Player5',
      id: 5,
      initialScore: 0,
      roundsWonCount: 0,
      totalRoundScore: 0,
      scoreBeforeFinalRules: 9,
      finalRuleAdjustment: -30,
      finalScore: -21,
      handCount: 13,
      finishOrder: -1,
      otherScoreSources: 9
    }
  ],
  summary: {
    totalInitialScore: 0,
    totalRoundScore: 0,
    totalFinalRuleAdjustment: 0,
    totalOtherScoreSources: 204,
    totalFinalScore: 204,
    expectedTotal: 0
  },
  allRoundsInfo: [
    { playerName: 'Player1', roundsWon: [] },
    { playerName: 'Player3', roundsWon: [] },
    { playerName: 'Player0', roundsWon: [] },
    { playerName: 'Player4', roundsWon: [] },
    { playerName: 'Player2', roundsWon: [] },
    { playerName: 'Player5', roundsWon: [] }
  ]
}
[ScoreValidation] ⚠️ 分数总和不为0！总和=204 {
  totalScore: 204,
  playerCount: 6,
  finishOrderLength: 1,
  finishOrder: [ 1 ],
  missingInRankings: [],
  missingInFinishOrder: [ 3, 0, 4, 2, 5 ],
  playerDetails: [
    {
      name: 'Player1',
      id: 1,
      initialScore: 0,
      roundsWonCount: 0,
      totalRoundScore: 0,
      scoreBeforeFinalRules: 97,
      finalRuleAdjustment: 30,
      finalScore: 127,
      handCount: 0,
      finishOrder: 0,
      otherScoreSources: 97
    },
    {
      name: 'Player3',
      id: 3,
      initialScore: 0,
      roundsWonCount: 0,
      totalRoundScore: 0,
      scoreBeforeFinalRules: 59,
      finalRuleAdjustment: 0,
      finalScore: 59,
      handCount: 6,
      finishOrder: -1,
      otherScoreSources: 59
    },
    {
      name: 'Player0',
      id: 0,
      initialScore: 0,
      roundsWonCount: 0,
      totalRoundScore: 0,
      scoreBeforeFinalRules: 26,
      finalRuleAdjustment: 0,
      finalScore: 26,
      handCount: 4,
      finishOrder: -1,
      otherScoreSources: 26
    },
    {
      name: 'Player4',
      id: 4,
      initialScore: 0,
      roundsWonCount: 0,
      totalRoundScore: 0,
      scoreBeforeFinalRules: 10,
      finalRuleAdjustment: 0,
      finalScore: 10,
      handCount: 7,
      finishOrder: -1,
      otherScoreSources: 10
    },
    {
      name: 'Player2',
      id: 2,
      initialScore: 0,
      roundsWonCount: 0,
      totalRoundScore: 0,
      scoreBeforeFinalRules: 3,
      finalRuleAdjustment: 0,
      finalScore: 3,
      handCount: 13,
      finishOrder: -1,
      otherScoreSources: 3
    },
    {
      name: 'Player5',
      id: 5,
      initialScore: 0,
      roundsWonCount: 0,
      totalRoundScore: 0,
      scoreBeforeFinalRules: 9,
      finalRuleAdjustment: -30,
      finalScore: -21,
      handCount: 13,
      finishOrder: -1,
      otherScoreSources: 9
    }
  ],
  summary: {
    totalInitialScore: 0,
    totalRoundScore: 0,
    totalFinalRuleAdjustment: 0,
    totalOtherScoreSources: 204,
    totalFinalScore: 204,
    expectedTotal: 0
  },
  allRoundsInfo: [
    { playerName: 'Player1', roundsWon: [] },
    { playerName: 'Player3', roundsWon: [] },
    { playerName: 'Player0', roundsWon: [] },
    { playerName: 'Player4', roundsWon: [] },
    { playerName: 'Player2', roundsWon: [] },
    { playerName: 'Player5', roundsWon: [] }
  ]
}
[ScoreValidation] ⚠️ 分数总和不为0！总和=-84 {
  totalScore: -84,
  playerCount: 4,
  finishOrderLength: 0,
  finishOrder: [],
  missingInRankings: [],
  missingInFinishOrder: [ 1, 0, 3, 2 ],
  playerDetails: [
    {
      name: 'Player1',
      id: 1,
      initialScore: 0,
      roundsWonCount: 0,
      totalRoundScore: 0,
      scoreBeforeFinalRules: 62,
      finalRuleAdjustment: -30,
      finalScore: 32,
      handCount: 8,
      finishOrder: -1,
      otherScoreSources: 62
    },
    {
      name: 'Player0',
      id: 0,
      initialScore: 0,
      roundsWonCount: 0,
      totalRoundScore: 0,
      scoreBeforeFinalRules: -8,
      finalRuleAdjustment: 0,
      finalScore: -8,
      handCount: 6,
      finishOrder: -1,
      otherScoreSources: -8
    },
    {
      name: 'Player3',
      id: 3,
      initialScore: 0,
      roundsWonCount: 0,
      totalRoundScore: 0,
      scoreBeforeFinalRules: -73,
      finalRuleAdjustment: 30,
      finalScore: -43,
      handCount: 4,
      finishOrder: -1,
      otherScoreSources: -73
    },
    {
      name: 'Player2',
      id: 2,
      initialScore: 0,
      roundsWonCount: 0,
      totalRoundScore: 0,
      scoreBeforeFinalRules: -65,
      finalRuleAdjustment: 0,
      finalScore: -65,
      handCount: 7,
      finishOrder: -1,
      otherScoreSources: -65
    }
  ],
  summary: {
    totalInitialScore: 0,
    totalRoundScore: 0,
    totalFinalRuleAdjustment: 0,
    totalOtherScoreSources: -84,
    totalFinalScore: -84,
    expectedTotal: 0
  },
  allRoundsInfo: [
    { playerName: 'Player1', roundsWon: [] },
    { playerName: 'Player0', roundsWon: [] },
    { playerName: 'Player3', roundsWon: [] },
    { playerName: 'Player2', roundsWon: [] }
  ]
}
[ScoreValidation] ⚠️ 分数总和不为0！总和=-84 {
  totalScore: -84,
  playerCount: 4,
  finishOrderLength: 0,
  finishOrder: [],
  missingInRankings: [],
  missingInFinishOrder: [ 1, 0, 3, 2 ],
  playerDetails: [
    {
      name: 'Player1',
      id: 1,
      initialScore: 0,
      roundsWonCount: 0,
      totalRoundScore: 0,
      scoreBeforeFinalRules: 62,
      finalRuleAdjustment: -30,
      finalScore: 32,
      handCount: 8,
      finishOrder: -1,
      otherScoreSources: 62
    },
    {
      name: 'Player0',
      id: 0,
      initialScore: 0,
      roundsWonCount: 0,
      totalRoundScore: 0,
      scoreBeforeFinalRules: -8,
      finalRuleAdjustment: 0,
      finalScore: -8,
      handCount: 6,
      finishOrder: -1,
      otherScoreSources: -8
    },
    {
      name: 'Player3',
      id: 3,
      initialScore: 0,
      roundsWonCount: 0,
      totalRoundScore: 0,
      scoreBeforeFinalRules: -73,
      finalRuleAdjustment: 30,
      finalScore: -43,
      handCount: 4,
      finishOrder: -1,
      otherScoreSources: -73
    },
    {
      name: 'Player2',
      id: 2,
      initialScore: 0,
      roundsWonCount: 0,
      totalRoundScore: 0,
      scoreBeforeFinalRules: -65,
      finalRuleAdjustment: 0,
      finalScore: -65,
      handCount: 7,
      finishOrder: -1,
      otherScoreSources: -65
    }
  ],
  summary: {
    totalInitialScore: 0,
    totalRoundScore: 0,
    totalFinalRuleAdjustment: 0,
    totalOtherScoreSources: -84,
    totalFinalScore: -84,
    expectedTotal: 0
  },
  allRoundsInfo: [
    { playerName: 'Player1', roundsWon: [] },
    { playerName: 'Player0', roundsWon: [] },
    { playerName: 'Player3', roundsWon: [] },
    { playerName: 'Player2', roundsWon: [] }
  ]
}
[ScoreValidation] ⚠️ 分数总和不为0！总和=118 {
  totalScore: 118,
  playerCount: 4,
  finishOrderLength: 0,
  finishOrder: [],
  missingInRankings: [],
  missingInFinishOrder: [ 3, 0, 1, 2 ],
  playerDetails: [
    {
      name: 'Player3',
      id: 3,
      initialScore: 0,
      roundsWonCount: 0,
      totalRoundScore: 0,
      scoreBeforeFinalRules: 71,
      finalRuleAdjustment: 30,
      finalScore: 101,
      handCount: 1,
      finishOrder: -1,
      otherScoreSources: 71
    },
    {
      name: 'Player0',
      id: 0,
      initialScore: 0,
      roundsWonCount: 0,
      totalRoundScore: 0,
      scoreBeforeFinalRules: 38,
      finalRuleAdjustment: 0,
      finalScore: 38,
      handCount: 11,
      finishOrder: -1,
      otherScoreSources: 38
    },
    {
      name: 'Player1',
      id: 1,
      initialScore: 0,
      roundsWonCount: 0,
      totalRoundScore: 0,
      scoreBeforeFinalRules: 42,
      finalRuleAdjustment: -30,
      finalScore: 12,
      handCount: 13,
      finishOrder: -1,
      otherScoreSources: 42
    },
    {
      name: 'Player2',
      id: 2,
      initialScore: 0,
      roundsWonCount: 0,
      totalRoundScore: 0,
      scoreBeforeFinalRules: -33,
      finalRuleAdjustment: 0,
      finalScore: -33,
      handCount: 2,
      finishOrder: -1,
      otherScoreSources: -33
    }
  ],
  summary: {
    totalInitialScore: 0,
    totalRoundScore: 0,
    totalFinalRuleAdjustment: 0,
    totalOtherScoreSources: 118,
    totalFinalScore: 118,
    expectedTotal: 0
  },
  allRoundsInfo: [
    { playerName: 'Player3', roundsWon: [] },
    { playerName: 'Player0', roundsWon: [] },
    { playerName: 'Player1', roundsWon: [] },
    { playerName: 'Player2', roundsWon: [] }
  ]
}
[ScoreValidation] ⚠️ 分数总和不为0！总和=118 {
  totalScore: 118,
  playerCount: 4,
  finishOrderLength: 0,
  finishOrder: [],
  missingInRankings: [],
  missingInFinishOrder: [ 3, 0, 1, 2 ],
  playerDetails: [
    {
      name: 'Player3',
      id: 3,
      initialScore: 0,
      roundsWonCount: 0,
      totalRoundScore: 0,
      scoreBeforeFinalRules: 71,
      finalRuleAdjustment: 30,
      finalScore: 101,
      handCount: 1,
      finishOrder: -1,
      otherScoreSources: 71
    },
    {
      name: 'Player0',
      id: 0,
      initialScore: 0,
      roundsWonCount: 0,
      totalRoundScore: 0,
      scoreBeforeFinalRules: 38,
      finalRuleAdjustment: 0,
      finalScore: 38,
      handCount: 11,
      finishOrder: -1,
      otherScoreSources: 38
    },
    {
      name: 'Player1',
      id: 1,
      initialScore: 0,
      roundsWonCount: 0,
      totalRoundScore: 0,
      scoreBeforeFinalRules: 42,
      finalRuleAdjustment: -30,
      finalScore: 12,
      handCount: 13,
      finishOrder: -1,
      otherScoreSources: 42
    },
    {
      name: 'Player2',
      id: 2,
      initialScore: 0,
      roundsWonCount: 0,
      totalRoundScore: 0,
      scoreBeforeFinalRules: -33,
      finalRuleAdjustment: 0,
      finalScore: -33,
      handCount: 2,
      finishOrder: -1,
      otherScoreSources: -33
    }
  ],
  summary: {
    totalInitialScore: 0,
    totalRoundScore: 0,
    totalFinalRuleAdjustment: 0,
    totalOtherScoreSources: 118,
    totalFinalScore: 118,
    expectedTotal: 0
  },
  allRoundsInfo: [
    { playerName: 'Player3', roundsWon: [] },
    { playerName: 'Player0', roundsWon: [] },
    { playerName: 'Player1', roundsWon: [] },
    { playerName: 'Player2', roundsWon: [] }
  ]
}
[ScoreValidation] ⚠️ 分数总和不为0！总和=62 {
  totalScore: 62,
  playerCount: 4,
  finishOrderLength: 0,
  finishOrder: [],
  missingInRankings: [],
  missingInFinishOrder: [ 2, 1, 3, 0 ],
  playerDetails: [
    {
      name: 'Player2',
      id: 2,
      initialScore: 0,
      roundsWonCount: 0,
      totalRoundScore: 0,
      scoreBeforeFinalRules: 96,
      finalRuleAdjustment: 0,
      finalScore: 96,
      handCount: 5,
      finishOrder: -1,
      otherScoreSources: 96
    },
    {
      name: 'Player1',
      id: 1,
      initialScore: 0,
      roundsWonCount: 0,
      totalRoundScore: 0,
      scoreBeforeFinalRules: -14,
      finalRuleAdjustment: 30,
      finalScore: 16,
      handCount: 5,
      finishOrder: -1,
      otherScoreSources: -14
    },
    {
      name: 'Player3',
      id: 3,
      initialScore: 0,
      roundsWonCount: 0,
      totalRoundScore: 0,
      scoreBeforeFinalRules: 23,
      finalRuleAdjustment: -30,
      finalScore: -7,
      handCount: 12,
      finishOrder: -1,
      otherScoreSources: 23
    },
    {
      name: 'Player0',
      id: 0,
      initialScore: 0,
      roundsWonCount: 0,
      totalRoundScore: 0,
      scoreBeforeFinalRules: -43,
      finalRuleAdjustment: 0,
      finalScore: -43,
      handCount: 12,
      finishOrder: -1,
      otherScoreSources: -43
    }
  ],
  summary: {
    totalInitialScore: 0,
    totalRoundScore: 0,
    totalFinalRuleAdjustment: 0,
    totalOtherScoreSources: 62,
    totalFinalScore: 62,
    expectedTotal: 0
  },
  allRoundsInfo: [
    { playerName: 'Player2', roundsWon: [] },
    { playerName: 'Player1', roundsWon: [] },
    { playerName: 'Player3', roundsWon: [] },
    { playerName: 'Player0', roundsWon: [] }
  ]
}
[ScoreValidation] ⚠️ 分数总和不为0！总和=62 {
  totalScore: 62,
  playerCount: 4,
  finishOrderLength: 0,
  finishOrder: [],
  missingInRankings: [],
  missingInFinishOrder: [ 2, 1, 3, 0 ],
  playerDetails: [
    {
      name: 'Player2',
      id: 2,
      initialScore: 0,
      roundsWonCount: 0,
      totalRoundScore: 0,
      scoreBeforeFinalRules: 96,
      finalRuleAdjustment: 0,
      finalScore: 96,
      handCount: 5,
      finishOrder: -1,
      otherScoreSources: 96
    },
    {
      name: 'Player1',
      id: 1,
      initialScore: 0,
      roundsWonCount: 0,
      totalRoundScore: 0,
      scoreBeforeFinalRules: -14,
      finalRuleAdjustment: 30,
      finalScore: 16,
      handCount: 5,
      finishOrder: -1,
      otherScoreSources: -14
    },
    {
      name: 'Player3',
      id: 3,
      initialScore: 0,
      roundsWonCount: 0,
      totalRoundScore: 0,
      scoreBeforeFinalRules: 23,
      finalRuleAdjustment: -30,
      finalScore: -7,
      handCount: 12,
      finishOrder: -1,
      otherScoreSources: 23
    },
    {
      name: 'Player0',
      id: 0,
      initialScore: 0,
      roundsWonCount: 0,
      totalRoundScore: 0,
      scoreBeforeFinalRules: -43,
      finalRuleAdjustment: 0,
      finalScore: -43,
      handCount: 12,
      finishOrder: -1,
      otherScoreSources: -43
    }
  ],
  summary: {
    totalInitialScore: 0,
    totalRoundScore: 0,
    totalFinalRuleAdjustment: 0,
    totalOtherScoreSources: 62,
    totalFinalScore: 62,
    expectedTotal: 0
  },
  allRoundsInfo: [
    { playerName: 'Player2', roundsWon: [] },
    { playerName: 'Player1', roundsWon: [] },
    { playerName: 'Player3', roundsWon: [] },
    { playerName: 'Player0', roundsWon: [] }
  ]
}
[ScoreValidation] ⚠️ 分数总和不为0！总和=7 {
  totalScore: 7,
  playerCount: 2,
  finishOrderLength: 0,
  finishOrder: [],
  missingInRankings: [],
  missingInFinishOrder: [ 0, 1 ],
  playerDetails: [
    {
      name: 'Player0',
      id: 0,
      initialScore: 0,
      roundsWonCount: 0,
      totalRoundScore: 0,
      scoreBeforeFinalRules: 67,
      finalRuleAdjustment: -30,
      finalScore: 37,
      handCount: 12,
      finishOrder: -1,
      otherScoreSources: 67
    },
    {
      name: 'Player1',
      id: 1,
      initialScore: 0,
      roundsWonCount: 0,
      totalRoundScore: 0,
      scoreBeforeFinalRules: -60,
      finalRuleAdjustment: 30,
      finalScore: -30,
      handCount: 7,
      finishOrder: -1,
      otherScoreSources: -60
    }
  ],
  summary: {
    totalInitialScore: 0,
    totalRoundScore: 0,
    totalFinalRuleAdjustment: 0,
    totalOtherScoreSources: 7,
    totalFinalScore: 7,
    expectedTotal: 0
  },
  allRoundsInfo: [
    { playerName: 'Player0', roundsWon: [] },
    { playerName: 'Player1', roundsWon: [] }
  ]
}
[ScoreValidation] ⚠️ 分数总和不为0！总和=7 {
  totalScore: 7,
  playerCount: 2,
  finishOrderLength: 0,
  finishOrder: [],
  missingInRankings: [],
  missingInFinishOrder: [ 0, 1 ],
  playerDetails: [
    {
      name: 'Player0',
      id: 0,
      initialScore: 0,
      roundsWonCount: 0,
      totalRoundScore: 0,
      scoreBeforeFinalRules: 67,
      finalRuleAdjustment: -30,
      finalScore: 37,
      handCount: 12,
      finishOrder: -1,
      otherScoreSources: 67
    },
    {
      name: 'Player1',
      id: 1,
      initialScore: 0,
      roundsWonCount: 0,
      totalRoundScore: 0,
      scoreBeforeFinalRules: -60,
      finalRuleAdjustment: 30,
      finalScore: -30,
      handCount: 7,
      finishOrder: -1,
      otherScoreSources: -60
    }
  ],
  summary: {
    totalInitialScore: 0,
    totalRoundScore: 0,
    totalFinalRuleAdjustment: 0,
    totalOtherScoreSources: 7,
    totalFinalScore: 7,
    expectedTotal: 0
  },
  allRoundsInfo: [
    { playerName: 'Player0', roundsWon: [] },
    { playerName: 'Player1', roundsWon: [] }
  ]
}
[ScoreValidation] ⚠️ 分数总和不为0！总和=-85 {
  totalScore: -85,
  playerCount: 6,
  finishOrderLength: 0,
  finishOrder: [],
  missingInRankings: [],
  missingInFinishOrder: [ 0, 4, 2, 1, 3, 5 ],
  playerDetails: [
    {
      name: 'Player0',
      id: 0,
      initialScore: 0,
      roundsWonCount: 0,
      totalRoundScore: 0,
      scoreBeforeFinalRules: 3,
      finalRuleAdjustment: 0,
      finalScore: 3,
      handCount: 6,
      finishOrder: -1,
      otherScoreSources: 3
    },
    {
      name: 'Player4',
      id: 4,
      initialScore: 0,
      roundsWonCount: 0,
      totalRoundScore: 0,
      scoreBeforeFinalRules: 3,
      finalRuleAdjustment: 0,
      finalScore: 3,
      handCount: 12,
      finishOrder: -1,
      otherScoreSources: 3
    },
    {
      name: 'Player2',
      id: 2,
      initialScore: 0,
      roundsWonCount: 0,
      totalRoundScore: 0,
      scoreBeforeFinalRules: -35,
      finalRuleAdjustment: 30,
      finalScore: -5,
      handCount: 4,
      finishOrder: -1,
      otherScoreSources: -35
    },
    {
      name: 'Player1',
      id: 1,
      initialScore: 0,
      roundsWonCount: 0,
      totalRoundScore: 0,
      scoreBeforeFinalRules: -19,
      finalRuleAdjustment: 0,
      finalScore: -19,
      handCount: 9,
      finishOrder: -1,
      otherScoreSources: -19
    },
    {
      name: 'Player3',
      id: 3,
      initialScore: 0,
      roundsWonCount: 0,
      totalRoundScore: 0,
      scoreBeforeFinalRules: 6,
      finalRuleAdjustment: -30,
      finalScore: -24,
      handCount: 13,
      finishOrder: -1,
      otherScoreSources: 6
    },
    {
      name: 'Player5',
      id: 5,
      initialScore: 0,
      roundsWonCount: 0,
      totalRoundScore: 0,
      scoreBeforeFinalRules: -43,
      finalRuleAdjustment: 0,
      finalScore: -43,
      handCount: 7,
      finishOrder: -1,
      otherScoreSources: -43
    }
  ],
  summary: {
    totalInitialScore: 0,
    totalRoundScore: 0,
    totalFinalRuleAdjustment: 0,
    totalOtherScoreSources: -85,
    totalFinalScore: -85,
    expectedTotal: 0
  },
  allRoundsInfo: [
    { playerName: 'Player0', roundsWon: [] },
    { playerName: 'Player4', roundsWon: [] },
    { playerName: 'Player2', roundsWon: [] },
    { playerName: 'Player1', roundsWon: [] },
    { playerName: 'Player3', roundsWon: [] },
    { playerName: 'Player5', roundsWon: [] }
  ]
}
[ScoreValidation] ⚠️ 分数总和不为0！总和=-85 {
  totalScore: -85,
  playerCount: 6,
  finishOrderLength: 0,
  finishOrder: [],
  missingInRankings: [],
  missingInFinishOrder: [ 0, 4, 2, 1, 3, 5 ],
  playerDetails: [
    {
      name: 'Player0',
      id: 0,
      initialScore: 0,
      roundsWonCount: 0,
      totalRoundScore: 0,
      scoreBeforeFinalRules: 3,
      finalRuleAdjustment: 0,
      finalScore: 3,
      handCount: 6,
      finishOrder: -1,
      otherScoreSources: 3
    },
    {
      name: 'Player4',
      id: 4,
      initialScore: 0,
      roundsWonCount: 0,
      totalRoundScore: 0,
      scoreBeforeFinalRules: 3,
      finalRuleAdjustment: 0,
      finalScore: 3,
      handCount: 12,
      finishOrder: -1,
      otherScoreSources: 3
    },
    {
      name: 'Player2',
      id: 2,
      initialScore: 0,
      roundsWonCount: 0,
      totalRoundScore: 0,
      scoreBeforeFinalRules: -35,
      finalRuleAdjustment: 30,
      finalScore: -5,
      handCount: 4,
      finishOrder: -1,
      otherScoreSources: -35
    },
    {
      name: 'Player1',
      id: 1,
      initialScore: 0,
      roundsWonCount: 0,
      totalRoundScore: 0,
      scoreBeforeFinalRules: -19,
      finalRuleAdjustment: 0,
      finalScore: -19,
      handCount: 9,
      finishOrder: -1,
      otherScoreSources: -19
    },
    {
      name: 'Player3',
      id: 3,
      initialScore: 0,
      roundsWonCount: 0,
      totalRoundScore: 0,
      scoreBeforeFinalRules: 6,
      finalRuleAdjustment: -30,
      finalScore: -24,
      handCount: 13,
      finishOrder: -1,
      otherScoreSources: 6
    },
    {
      name: 'Player5',
      id: 5,
      initialScore: 0,
      roundsWonCount: 0,
      totalRoundScore: 0,
      scoreBeforeFinalRules: -43,
      finalRuleAdjustment: 0,
      finalScore: -43,
      handCount: 7,
      finishOrder: -1,
      otherScoreSources: -43
    }
  ],
  summary: {
    totalInitialScore: 0,
    totalRoundScore: 0,
    totalFinalRuleAdjustment: 0,
    totalOtherScoreSources: -85,
    totalFinalScore: -85,
    expectedTotal: 0
  },
  allRoundsInfo: [
    { playerName: 'Player0', roundsWon: [] },
    { playerName: 'Player4', roundsWon: [] },
    { playerName: 'Player2', roundsWon: [] },
    { playerName: 'Player1', roundsWon: [] },
    { playerName: 'Player3', roundsWon: [] },
    { playerName: 'Player5', roundsWon: [] }
  ]
}
[ScoreValidation] ⚠️ 分数总和不为0！总和=4 {
  totalScore: 4,
  playerCount: 4,
  finishOrderLength: 0,
  finishOrder: [],
  missingInRankings: [],
  missingInFinishOrder: [ 1, 2, 3, 0 ],
  playerDetails: [
    {
      name: 'Player1',
      id: 1,
      initialScore: 0,
      roundsWonCount: 0,
      totalRoundScore: 0,
      scoreBeforeFinalRules: 24,
      finalRuleAdjustment: 30,
      finalScore: 54,
      handCount: 2,
      finishOrder: -1,
      otherScoreSources: 24
    },
    {
      name: 'Player2',
      id: 2,
      initialScore: 0,
      roundsWonCount: 0,
      totalRoundScore: 0,
      scoreBeforeFinalRules: 49,
      finalRuleAdjustment: 0,
      finalScore: 49,
      handCount: 12,
      finishOrder: -1,
      otherScoreSources: 49
    },
    {
      name: 'Player3',
      id: 3,
      initialScore: 0,
      roundsWonCount: 0,
      totalRoundScore: 0,
      scoreBeforeFinalRules: -8,
      finalRuleAdjustment: 0,
      finalScore: -8,
      handCount: 8,
      finishOrder: -1,
      otherScoreSources: -8
    },
    {
      name: 'Player0',
      id: 0,
      initialScore: 0,
      roundsWonCount: 0,
      totalRoundScore: 0,
      scoreBeforeFinalRules: -61,
      finalRuleAdjustment: -30,
      finalScore: -91,
      handCount: 13,
      finishOrder: -1,
      otherScoreSources: -61
    }
  ],
  summary: {
    totalInitialScore: 0,
    totalRoundScore: 0,
    totalFinalRuleAdjustment: 0,
    totalOtherScoreSources: 4,
    totalFinalScore: 4,
    expectedTotal: 0
  },
  allRoundsInfo: [
    { playerName: 'Player1', roundsWon: [] },
    { playerName: 'Player2', roundsWon: [] },
    { playerName: 'Player3', roundsWon: [] },
    { playerName: 'Player0', roundsWon: [] }
  ]
}
[ScoreValidation] ⚠️ 分数总和不为0！总和=4 {
  totalScore: 4,
  playerCount: 4,
  finishOrderLength: 0,
  finishOrder: [],
  missingInRankings: [],
  missingInFinishOrder: [ 1, 2, 3, 0 ],
  playerDetails: [
    {
      name: 'Player1',
      id: 1,
      initialScore: 0,
      roundsWonCount: 0,
      totalRoundScore: 0,
      scoreBeforeFinalRules: 24,
      finalRuleAdjustment: 30,
      finalScore: 54,
      handCount: 2,
      finishOrder: -1,
      otherScoreSources: 24
    },
    {
      name: 'Player2',
      id: 2,
      initialScore: 0,
      roundsWonCount: 0,
      totalRoundScore: 0,
      scoreBeforeFinalRules: 49,
      finalRuleAdjustment: 0,
      finalScore: 49,
      handCount: 12,
      finishOrder: -1,
      otherScoreSources: 49
    },
    {
      name: 'Player3',
      id: 3,
      initialScore: 0,
      roundsWonCount: 0,
      totalRoundScore: 0,
      scoreBeforeFinalRules: -8,
      finalRuleAdjustment: 0,
      finalScore: -8,
      handCount: 8,
      finishOrder: -1,
      otherScoreSources: -8
    },
    {
      name: 'Player0',
      id: 0,
      initialScore: 0,
      roundsWonCount: 0,
      totalRoundScore: 0,
      scoreBeforeFinalRules: -61,
      finalRuleAdjustment: -30,
      finalScore: -91,
      handCount: 13,
      finishOrder: -1,
      otherScoreSources: -61
    }
  ],
  summary: {
    totalInitialScore: 0,
    totalRoundScore: 0,
    totalFinalRuleAdjustment: 0,
    totalOtherScoreSources: 4,
    totalFinalScore: 4,
    expectedTotal: 0
  },
  allRoundsInfo: [
    { playerName: 'Player1', roundsWon: [] },
    { playerName: 'Player2', roundsWon: [] },
    { playerName: 'Player3', roundsWon: [] },
    { playerName: 'Player0', roundsWon: [] }
  ]
}
[ScoreValidation] ⚠️ 分数总和不为0！总和=91 {
  totalScore: 91,
  playerCount: 4,
  finishOrderLength: 0,
  finishOrder: [],
  missingInRankings: [],
  missingInFinishOrder: [ 1, 0, 3, 2 ],
  playerDetails: [
    {
      name: 'Player1',
      id: 1,
      initialScore: 0,
      roundsWonCount: 0,
      totalRoundScore: 0,
      scoreBeforeFinalRules: 57,
      finalRuleAdjustment: 0,
      finalScore: 57,
      handCount: 5,
      finishOrder: -1,
      otherScoreSources: 57
    },
    {
      name: 'Player0',
      id: 0,
      initialScore: 0,
      roundsWonCount: 0,
      totalRoundScore: 0,
      scoreBeforeFinalRules: 15,
      finalRuleAdjustment: 30,
      finalScore: 45,
      handCount: 4,
      finishOrder: -1,
      otherScoreSources: 15
    },
    {
      name: 'Player3',
      id: 3,
      initialScore: 0,
      roundsWonCount: 0,
      totalRoundScore: 0,
      scoreBeforeFinalRules: 45,
      finalRuleAdjustment: 0,
      finalScore: 45,
      handCount: 5,
      finishOrder: -1,
      otherScoreSources: 45
    },
    {
      name: 'Player2',
      id: 2,
      initialScore: 0,
      roundsWonCount: 0,
      totalRoundScore: 0,
      scoreBeforeFinalRules: -26,
      finalRuleAdjustment: -30,
      finalScore: -56,
      handCount: 12,
      finishOrder: -1,
      otherScoreSources: -26
    }
  ],
  summary: {
    totalInitialScore: 0,
    totalRoundScore: 0,
    totalFinalRuleAdjustment: 0,
    totalOtherScoreSources: 91,
    totalFinalScore: 91,
    expectedTotal: 0
  },
  allRoundsInfo: [
    { playerName: 'Player1', roundsWon: [] },
    { playerName: 'Player0', roundsWon: [] },
    { playerName: 'Player3', roundsWon: [] },
    { playerName: 'Player2', roundsWon: [] }
  ]
}
[ScoreValidation] ⚠️ 分数总和不为0！总和=91 {
  totalScore: 91,
  playerCount: 4,
  finishOrderLength: 0,
  finishOrder: [],
  missingInRankings: [],
  missingInFinishOrder: [ 1, 0, 3, 2 ],
  playerDetails: [
    {
      name: 'Player1',
      id: 1,
      initialScore: 0,
      roundsWonCount: 0,
      totalRoundScore: 0,
      scoreBeforeFinalRules: 57,
      finalRuleAdjustment: 0,
      finalScore: 57,
      handCount: 5,
      finishOrder: -1,
      otherScoreSources: 57
    },
    {
      name: 'Player0',
      id: 0,
      initialScore: 0,
      roundsWonCount: 0,
      totalRoundScore: 0,
      scoreBeforeFinalRules: 15,
      finalRuleAdjustment: 30,
      finalScore: 45,
      handCount: 4,
      finishOrder: -1,
      otherScoreSources: 15
    },
    {
      name: 'Player3',
      id: 3,
      initialScore: 0,
      roundsWonCount: 0,
      totalRoundScore: 0,
      scoreBeforeFinalRules: 45,
      finalRuleAdjustment: 0,
      finalScore: 45,
      handCount: 5,
      finishOrder: -1,
      otherScoreSources: 45
    },
    {
      name: 'Player2',
      id: 2,
      initialScore: 0,
      roundsWonCount: 0,
      totalRoundScore: 0,
      scoreBeforeFinalRules: -26,
      finalRuleAdjustment: -30,
      finalScore: -56,
      handCount: 12,
      finishOrder: -1,
      otherScoreSources: -26
    }
  ],
  summary: {
    totalInitialScore: 0,
    totalRoundScore: 0,
    totalFinalRuleAdjustment: 0,
    totalOtherScoreSources: 91,
    totalFinalScore: 91,
    expectedTotal: 0
  },
  allRoundsInfo: [
    { playerName: 'Player1', roundsWon: [] },
    { playerName: 'Player0', roundsWon: [] },
    { playerName: 'Player3', roundsWon: [] },
    { playerName: 'Player2', roundsWon: [] }
  ]
}
[ScoreValidation] ⚠️ 分数总和不为0！总和=29 {
  totalScore: 29,
  playerCount: 2,
  finishOrderLength: 0,
  finishOrder: [],
  missingInRankings: [],
  missingInFinishOrder: [ 1, 0 ],
  playerDetails: [
    {
      name: 'Player1',
      id: 1,
      initialScore: 0,
      roundsWonCount: 0,
      totalRoundScore: 0,
      scoreBeforeFinalRules: 77,
      finalRuleAdjustment: -30,
      finalScore: 47,
      handCount: 13,
      finishOrder: -1,
      otherScoreSources: 77
    },
    {
      name: 'Player0',
      id: 0,
      initialScore: 0,
      roundsWonCount: 0,
      totalRoundScore: 0,
      scoreBeforeFinalRules: -48,
      finalRuleAdjustment: 30,
      finalScore: -18,
      handCount: 7,
      finishOrder: -1,
      otherScoreSources: -48
    }
  ],
  summary: {
    totalInitialScore: 0,
    totalRoundScore: 0,
    totalFinalRuleAdjustment: 0,
    totalOtherScoreSources: 29,
    totalFinalScore: 29,
    expectedTotal: 0
  },
  allRoundsInfo: [
    { playerName: 'Player1', roundsWon: [] },
    { playerName: 'Player0', roundsWon: [] }
  ]
}
[ScoreValidation] ⚠️ 分数总和不为0！总和=29 {
  totalScore: 29,
  playerCount: 2,
  finishOrderLength: 0,
  finishOrder: [],
  missingInRankings: [],
  missingInFinishOrder: [ 1, 0 ],
  playerDetails: [
    {
      name: 'Player1',
      id: 1,
      initialScore: 0,
      roundsWonCount: 0,
      totalRoundScore: 0,
      scoreBeforeFinalRules: 77,
      finalRuleAdjustment: -30,
      finalScore: 47,
      handCount: 13,
      finishOrder: -1,
      otherScoreSources: 77
    },
    {
      name: 'Player0',
      id: 0,
      initialScore: 0,
      roundsWonCount: 0,
      totalRoundScore: 0,
      scoreBeforeFinalRules: -48,
      finalRuleAdjustment: 30,
      finalScore: -18,
      handCount: 7,
      finishOrder: -1,
      otherScoreSources: -48
    }
  ],
  summary: {
    totalInitialScore: 0,
    totalRoundScore: 0,
    totalFinalRuleAdjustment: 0,
    totalOtherScoreSources: 29,
    totalFinalScore: 29,
    expectedTotal: 0
  },
  allRoundsInfo: [
    { playerName: 'Player1', roundsWon: [] },
    { playerName: 'Player0', roundsWon: [] }
  ]
}
[ScoreValidation] ⚠️ 分数总和不为0！总和=32 {
  totalScore: 32,
  playerCount: 2,
  finishOrderLength: 0,
  finishOrder: [],
  missingInRankings: [],
  missingInFinishOrder: [ 1, 0 ],
  playerDetails: [
    {
      name: 'Player1',
      id: 1,
      initialScore: 0,
      roundsWonCount: 0,
      totalRoundScore: 0,
      scoreBeforeFinalRules: 81,
      finalRuleAdjustment: -30,
      finalScore: 51,
      handCount: 8,
      finishOrder: -1,
      otherScoreSources: 81
    },
    {
      name: 'Player0',
      id: 0,
      initialScore: 0,
      roundsWonCount: 0,
      totalRoundScore: 0,
      scoreBeforeFinalRules: -49,
      finalRuleAdjustment: 30,
      finalScore: -19,
      handCount: 5,
      finishOrder: -1,
      otherScoreSources: -49
    }
  ],
  summary: {
    totalInitialScore: 0,
    totalRoundScore: 0,
    totalFinalRuleAdjustment: 0,
    totalOtherScoreSources: 32,
    totalFinalScore: 32,
    expectedTotal: 0
  },
  allRoundsInfo: [
    { playerName: 'Player1', roundsWon: [] },
    { playerName: 'Player0', roundsWon: [] }
  ]
}
[ScoreValidation] ⚠️ 分数总和不为0！总和=32 {
  totalScore: 32,
  playerCount: 2,
  finishOrderLength: 0,
  finishOrder: [],
  missingInRankings: [],
  missingInFinishOrder: [ 1, 0 ],
  playerDetails: [
    {
      name: 'Player1',
      id: 1,
      initialScore: 0,
      roundsWonCount: 0,
      totalRoundScore: 0,
      scoreBeforeFinalRules: 81,
      finalRuleAdjustment: -30,
      finalScore: 51,
      handCount: 8,
      finishOrder: -1,
      otherScoreSources: 81
    },
    {
      name: 'Player0',
      id: 0,
      initialScore: 0,
      roundsWonCount: 0,
      totalRoundScore: 0,
      scoreBeforeFinalRules: -49,
      finalRuleAdjustment: 30,
      finalScore: -19,
      handCount: 5,
      finishOrder: -1,
      otherScoreSources: -49
    }
  ],
  summary: {
    totalInitialScore: 0,
    totalRoundScore: 0,
    totalFinalRuleAdjustment: 0,
    totalOtherScoreSources: 32,
    totalFinalScore: 32,
    expectedTotal: 0
  },
  allRoundsInfo: [
    { playerName: 'Player1', roundsWon: [] },
    { playerName: 'Player0', roundsWon: [] }
  ]
}
[ScoreValidation] ⚠️ 分数总和不为0！总和=25 {
  totalScore: 25,
  playerCount: 2,
  finishOrderLength: 0,
  finishOrder: [],
  missingInRankings: [],
  missingInFinishOrder: [ 0, 1 ],
  playerDetails: [
    {
      name: 'Player0',
      id: 0,
      initialScore: 0,
      roundsWonCount: 0,
      totalRoundScore: 0,
      scoreBeforeFinalRules: 52,
      finalRuleAdjustment: -30,
      finalScore: 22,
      handCount: 11,
      finishOrder: -1,
      otherScoreSources: 52
    },
    {
      name: 'Player1',
      id: 1,
      initialScore: 0,
      roundsWonCount: 0,
      totalRoundScore: 0,
      scoreBeforeFinalRules: -27,
      finalRuleAdjustment: 30,
      finalScore: 3,
      handCount: 4,
      finishOrder: -1,
      otherScoreSources: -27
    }
  ],
  summary: {
    totalInitialScore: 0,
    totalRoundScore: 0,
    totalFinalRuleAdjustment: 0,
    totalOtherScoreSources: 25,
    totalFinalScore: 25,
    expectedTotal: 0
  },
  allRoundsInfo: [
    { playerName: 'Player0', roundsWon: [] },
    { playerName: 'Player1', roundsWon: [] }
  ]
}
[ScoreValidation] ⚠️ 分数总和不为0！总和=25 {
  totalScore: 25,
  playerCount: 2,
  finishOrderLength: 0,
  finishOrder: [],
  missingInRankings: [],
  missingInFinishOrder: [ 0, 1 ],
  playerDetails: [
    {
      name: 'Player0',
      id: 0,
      initialScore: 0,
      roundsWonCount: 0,
      totalRoundScore: 0,
      scoreBeforeFinalRules: 52,
      finalRuleAdjustment: -30,
      finalScore: 22,
      handCount: 11,
      finishOrder: -1,
      otherScoreSources: 52
    },
    {
      name: 'Player1',
      id: 1,
      initialScore: 0,
      roundsWonCount: 0,
      totalRoundScore: 0,
      scoreBeforeFinalRules: -27,
      finalRuleAdjustment: 30,
      finalScore: 3,
      handCount: 4,
      finishOrder: -1,
      otherScoreSources: -27
    }
  ],
  summary: {
    totalInitialScore: 0,
    totalRoundScore: 0,
    totalFinalRuleAdjustment: 0,
    totalOtherScoreSources: 25,
    totalFinalScore: 25,
    expectedTotal: 0
  },
  allRoundsInfo: [
    { playerName: 'Player0', roundsWon: [] },
    { playerName: 'Player1', roundsWon: [] }
  ]
}
[ScoreValidation] ⚠️ 分数总和不为0！总和=12 {
  totalScore: 12,
  playerCount: 6,
  finishOrderLength: 0,
  finishOrder: [],
  missingInRankings: [],
  missingInFinishOrder: [ 0, 1, 5, 3, 2, 4 ],
  playerDetails: [
    {
      name: 'Player0',
      id: 0,
      initialScore: 0,
      roundsWonCount: 0,
      totalRoundScore: 0,
      scoreBeforeFinalRules: 47,
      finalRuleAdjustment: 30,
      finalScore: 77,
      handCount: 5,
      finishOrder: -1,
      otherScoreSources: 47
    },
    {
      name: 'Player1',
      id: 1,
      initialScore: 0,
      roundsWonCount: 0,
      totalRoundScore: 0,
      scoreBeforeFinalRules: 74,
      finalRuleAdjustment: 0,
      finalScore: 74,
      handCount: 8,
      finishOrder: -1,
      otherScoreSources: 74
    },
    {
      name: 'Player5',
      id: 5,
      initialScore: 0,
      roundsWonCount: 0,
      totalRoundScore: 0,
      scoreBeforeFinalRules: 33,
      finalRuleAdjustment: -30,
      finalScore: 3,
      handCount: 12,
      finishOrder: -1,
      otherScoreSources: 33
    },
    {
      name: 'Player3',
      id: 3,
      initialScore: 0,
      roundsWonCount: 0,
      totalRoundScore: 0,
      scoreBeforeFinalRules: -14,
      finalRuleAdjustment: 0,
      finalScore: -14,
      handCount: 10,
      finishOrder: -1,
      otherScoreSources: -14
    },
    {
      name: 'Player2',
      id: 2,
      initialScore: 0,
      roundsWonCount: 0,
      totalRoundScore: 0,
      scoreBeforeFinalRules: -54,
      finalRuleAdjustment: 0,
      finalScore: -54,
      handCount: 8,
      finishOrder: -1,
      otherScoreSources: -54
    },
    {
      name: 'Player4',
      id: 4,
      initialScore: 0,
      roundsWonCount: 0,
      totalRoundScore: 0,
      scoreBeforeFinalRules: -74,
      finalRuleAdjustment: 0,
      finalScore: -74,
      handCount: 12,
      finishOrder: -1,
      otherScoreSources: -74
    }
  ],
  summary: {
    totalInitialScore: 0,
    totalRoundScore: 0,
    totalFinalRuleAdjustment: 0,
    totalOtherScoreSources: 12,
    totalFinalScore: 12,
    expectedTotal: 0
  },
  allRoundsInfo: [
    { playerName: 'Player0', roundsWon: [] },
    { playerName: 'Player1', roundsWon: [] },
    { playerName: 'Player5', roundsWon: [] },
    { playerName: 'Player3', roundsWon: [] },
    { playerName: 'Player2', roundsWon: [] },
    { playerName: 'Player4', roundsWon: [] }
  ]
}
[ScoreValidation] ⚠️ 分数总和不为0！总和=12 {
  totalScore: 12,
  playerCount: 6,
  finishOrderLength: 0,
  finishOrder: [],
  missingInRankings: [],
  missingInFinishOrder: [ 0, 1, 5, 3, 2, 4 ],
  playerDetails: [
    {
      name: 'Player0',
      id: 0,
      initialScore: 0,
      roundsWonCount: 0,
      totalRoundScore: 0,
      scoreBeforeFinalRules: 47,
      finalRuleAdjustment: 30,
      finalScore: 77,
      handCount: 5,
      finishOrder: -1,
      otherScoreSources: 47
    },
    {
      name: 'Player1',
      id: 1,
      initialScore: 0,
      roundsWonCount: 0,
      totalRoundScore: 0,
      scoreBeforeFinalRules: 74,
      finalRuleAdjustment: 0,
      finalScore: 74,
      handCount: 8,
      finishOrder: -1,
      otherScoreSources: 74
    },
    {
      name: 'Player5',
      id: 5,
      initialScore: 0,
      roundsWonCount: 0,
      totalRoundScore: 0,
      scoreBeforeFinalRules: 33,
      finalRuleAdjustment: -30,
      finalScore: 3,
      handCount: 12,
      finishOrder: -1,
      otherScoreSources: 33
    },
    {
      name: 'Player3',
      id: 3,
      initialScore: 0,
      roundsWonCount: 0,
      totalRoundScore: 0,
      scoreBeforeFinalRules: -14,
      finalRuleAdjustment: 0,
      finalScore: -14,
      handCount: 10,
      finishOrder: -1,
      otherScoreSources: -14
    },
    {
      name: 'Player2',
      id: 2,
      initialScore: 0,
      roundsWonCount: 0,
      totalRoundScore: 0,
      scoreBeforeFinalRules: -54,
      finalRuleAdjustment: 0,
      finalScore: -54,
      handCount: 8,
      finishOrder: -1,
      otherScoreSources: -54
    },
    {
      name: 'Player4',
      id: 4,
      initialScore: 0,
      roundsWonCount: 0,
      totalRoundScore: 0,
      scoreBeforeFinalRules: -74,
      finalRuleAdjustment: 0,
      finalScore: -74,
      handCount: 12,
      finishOrder: -1,
      otherScoreSources: -74
    }
  ],
  summary: {
    totalInitialScore: 0,
    totalRoundScore: 0,
    totalFinalRuleAdjustment: 0,
    totalOtherScoreSources: 12,
    totalFinalScore: 12,
    expectedTotal: 0
  },
  allRoundsInfo: [
    { playerName: 'Player0', roundsWon: [] },
    { playerName: 'Player1', roundsWon: [] },
    { playerName: 'Player5', roundsWon: [] },
    { playerName: 'Player3', roundsWon: [] },
    { playerName: 'Player2', roundsWon: [] },
    { playerName: 'Player4', roundsWon: [] }
  ]
}
[ScoreValidation] ⚠️ 分数总和不为0！总和=-169 {
  totalScore: -169,
  playerCount: 2,
  finishOrderLength: 1,
  finishOrder: [ 1 ],
  missingInRankings: [],
  missingInFinishOrder: [ 0 ],
  playerDetails: [
    {
      name: 'Player1',
      id: 1,
      initialScore: 0,
      roundsWonCount: 0,
      totalRoundScore: 0,
      scoreBeforeFinalRules: -91,
      finalRuleAdjustment: 30,
      finalScore: -61,
      handCount: 0,
      finishOrder: 0,
      otherScoreSources: -91
    },
    {
      name: 'Player0',
      id: 0,
      initialScore: 0,
      roundsWonCount: 0,
      totalRoundScore: 0,
      scoreBeforeFinalRules: -78,
      finalRuleAdjustment: -30,
      finalScore: -108,
      handCount: 8,
      finishOrder: -1,
      otherScoreSources: -78
    }
  ],
  summary: {
    totalInitialScore: 0,
    totalRoundScore: 0,
    totalFinalRuleAdjustment: 0,
    totalOtherScoreSources: -169,
    totalFinalScore: -169,
    expectedTotal: 0
  },
  allRoundsInfo: [
    { playerName: 'Player1', roundsWon: [] },
    { playerName: 'Player0', roundsWon: [] }
  ]
}
[ScoreValidation] ⚠️ 分数总和不为0！总和=-169 {
  totalScore: -169,
  playerCount: 2,
  finishOrderLength: 1,
  finishOrder: [ 1 ],
  missingInRankings: [],
  missingInFinishOrder: [ 0 ],
  playerDetails: [
    {
      name: 'Player1',
      id: 1,
      initialScore: 0,
      roundsWonCount: 0,
      totalRoundScore: 0,
      scoreBeforeFinalRules: -91,
      finalRuleAdjustment: 30,
      finalScore: -61,
      handCount: 0,
      finishOrder: 0,
      otherScoreSources: -91
    },
    {
      name: 'Player0',
      id: 0,
      initialScore: 0,
      roundsWonCount: 0,
      totalRoundScore: 0,
      scoreBeforeFinalRules: -78,
      finalRuleAdjustment: -30,
      finalScore: -108,
      handCount: 8,
      finishOrder: -1,
      otherScoreSources: -78
    }
  ],
  summary: {
    totalInitialScore: 0,
    totalRoundScore: 0,
    totalFinalRuleAdjustment: 0,
    totalOtherScoreSources: -169,
    totalFinalScore: -169,
    expectedTotal: 0
  },
  allRoundsInfo: [
    { playerName: 'Player1', roundsWon: [] },
    { playerName: 'Player0', roundsWon: [] }
  ]
}
[ScoreValidation] ⚠️ 分数总和不为0！总和=77 {
  totalScore: 77,
  playerCount: 4,
  finishOrderLength: 0,
  finishOrder: [],
  missingInRankings: [],
  missingInFinishOrder: [ 0, 3, 1, 2 ],
  playerDetails: [
    {
      name: 'Player0',
      id: 0,
      initialScore: 0,
      roundsWonCount: 0,
      totalRoundScore: 0,
      scoreBeforeFinalRules: 49,
      finalRuleAdjustment: 0,
      finalScore: 49,
      handCount: 8,
      finishOrder: -1,
      otherScoreSources: 49
    },
    {
      name: 'Player3',
      id: 3,
      initialScore: 0,
      roundsWonCount: 0,
      totalRoundScore: 0,
      scoreBeforeFinalRules: 58,
      finalRuleAdjustment: -30,
      finalScore: 28,
      handCount: 8,
      finishOrder: -1,
      otherScoreSources: 58
    },
    {
      name: 'Player1',
      id: 1,
      initialScore: 0,
      roundsWonCount: 0,
      totalRoundScore: 0,
      scoreBeforeFinalRules: 11,
      finalRuleAdjustment: 0,
      finalScore: 11,
      handCount: 6,
      finishOrder: -1,
      otherScoreSources: 11
    },
    {
      name: 'Player2',
      id: 2,
      initialScore: 0,
      roundsWonCount: 0,
      totalRoundScore: 0,
      scoreBeforeFinalRules: -41,
      finalRuleAdjustment: 30,
      finalScore: -11,
      handCount: 5,
      finishOrder: -1,
      otherScoreSources: -41
    }
  ],
  summary: {
    totalInitialScore: 0,
    totalRoundScore: 0,
    totalFinalRuleAdjustment: 0,
    totalOtherScoreSources: 77,
    totalFinalScore: 77,
    expectedTotal: 0
  },
  allRoundsInfo: [
    { playerName: 'Player0', roundsWon: [] },
    { playerName: 'Player3', roundsWon: [] },
    { playerName: 'Player1', roundsWon: [] },
    { playerName: 'Player2', roundsWon: [] }
  ]
}
[ScoreValidation] ⚠️ 分数总和不为0！总和=77 {
  totalScore: 77,
  playerCount: 4,
  finishOrderLength: 0,
  finishOrder: [],
  missingInRankings: [],
  missingInFinishOrder: [ 0, 3, 1, 2 ],
  playerDetails: [
    {
      name: 'Player0',
      id: 0,
      initialScore: 0,
      roundsWonCount: 0,
      totalRoundScore: 0,
      scoreBeforeFinalRules: 49,
      finalRuleAdjustment: 0,
      finalScore: 49,
      handCount: 8,
      finishOrder: -1,
      otherScoreSources: 49
    },
    {
      name: 'Player3',
      id: 3,
      initialScore: 0,
      roundsWonCount: 0,
      totalRoundScore: 0,
      scoreBeforeFinalRules: 58,
      finalRuleAdjustment: -30,
      finalScore: 28,
      handCount: 8,
      finishOrder: -1,
      otherScoreSources: 58
    },
    {
      name: 'Player1',
      id: 1,
      initialScore: 0,
      roundsWonCount: 0,
      totalRoundScore: 0,
      scoreBeforeFinalRules: 11,
      finalRuleAdjustment: 0,
      finalScore: 11,
      handCount: 6,
      finishOrder: -1,
      otherScoreSources: 11
    },
    {
      name: 'Player2',
      id: 2,
      initialScore: 0,
      roundsWonCount: 0,
      totalRoundScore: 0,
      scoreBeforeFinalRules: -41,
      finalRuleAdjustment: 30,
      finalScore: -11,
      handCount: 5,
      finishOrder: -1,
      otherScoreSources: -41
    }
  ],
  summary: {
    totalInitialScore: 0,
    totalRoundScore: 0,
    totalFinalRuleAdjustment: 0,
    totalOtherScoreSources: 77,
    totalFinalScore: 77,
    expectedTotal: 0
  },
  allRoundsInfo: [
    { playerName: 'Player0', roundsWon: [] },
    { playerName: 'Player3', roundsWon: [] },
    { playerName: 'Player1', roundsWon: [] },
    { playerName: 'Player2', roundsWon: [] }
  ]
}
[ScoreValidation] ⚠️ 分数总和不为0！总和=-78 {
  totalScore: -78,
  playerCount: 4,
  finishOrderLength: 0,
  finishOrder: [],
  missingInRankings: [],
  missingInFinishOrder: [ 0, 2, 3, 1 ],
  playerDetails: [
    {
      name: 'Player0',
      id: 0,
      initialScore: 0,
      roundsWonCount: 0,
      totalRoundScore: 0,
      scoreBeforeFinalRules: 29,
      finalRuleAdjustment: 30,
      finalScore: 59,
      handCount: 5,
      finishOrder: -1,
      otherScoreSources: 29
    },
    {
      name: 'Player2',
      id: 2,
      initialScore: 0,
      roundsWonCount: 0,
      totalRoundScore: 0,
      scoreBeforeFinalRules: 43,
      finalRuleAdjustment: -30,
      finalScore: 13,
      handCount: 9,
      finishOrder: -1,
      otherScoreSources: 43
    },
    {
      name: 'Player3',
      id: 3,
      initialScore: 0,
      roundsWonCount: 0,
      totalRoundScore: 0,
      scoreBeforeFinalRules: -74,
      finalRuleAdjustment: 0,
      finalScore: -74,
      handCount: 5,
      finishOrder: -1,
      otherScoreSources: -74
    },
    {
      name: 'Player1',
      id: 1,
      initialScore: 0,
      roundsWonCount: 0,
      totalRoundScore: 0,
      scoreBeforeFinalRules: -76,
      finalRuleAdjustment: 0,
      finalScore: -76,
      handCount: 5,
      finishOrder: -1,
      otherScoreSources: -76
    }
  ],
  summary: {
    totalInitialScore: 0,
    totalRoundScore: 0,
    totalFinalRuleAdjustment: 0,
    totalOtherScoreSources: -78,
    totalFinalScore: -78,
    expectedTotal: 0
  },
  allRoundsInfo: [
    { playerName: 'Player0', roundsWon: [] },
    { playerName: 'Player2', roundsWon: [] },
    { playerName: 'Player3', roundsWon: [] },
    { playerName: 'Player1', roundsWon: [] }
  ]
}
[ScoreValidation] ⚠️ 分数总和不为0！总和=-78 {
  totalScore: -78,
  playerCount: 4,
  finishOrderLength: 0,
  finishOrder: [],
  missingInRankings: [],
  missingInFinishOrder: [ 0, 2, 3, 1 ],
  playerDetails: [
    {
      name: 'Player0',
      id: 0,
      initialScore: 0,
      roundsWonCount: 0,
      totalRoundScore: 0,
      scoreBeforeFinalRules: 29,
      finalRuleAdjustment: 30,
      finalScore: 59,
      handCount: 5,
      finishOrder: -1,
      otherScoreSources: 29
    },
    {
      name: 'Player2',
      id: 2,
      initialScore: 0,
      roundsWonCount: 0,
      totalRoundScore: 0,
      scoreBeforeFinalRules: 43,
      finalRuleAdjustment: -30,
      finalScore: 13,
      handCount: 9,
      finishOrder: -1,
      otherScoreSources: 43
    },
    {
      name: 'Player3',
      id: 3,
      initialScore: 0,
      roundsWonCount: 0,
      totalRoundScore: 0,
      scoreBeforeFinalRules: -74,
      finalRuleAdjustment: 0,
      finalScore: -74,
      handCount: 5,
      finishOrder: -1,
      otherScoreSources: -74
    },
    {
      name: 'Player1',
      id: 1,
      initialScore: 0,
      roundsWonCount: 0,
      totalRoundScore: 0,
      scoreBeforeFinalRules: -76,
      finalRuleAdjustment: 0,
      finalScore: -76,
      handCount: 5,
      finishOrder: -1,
      otherScoreSources: -76
    }
  ],
  summary: {
    totalInitialScore: 0,
    totalRoundScore: 0,
    totalFinalRuleAdjustment: 0,
    totalOtherScoreSources: -78,
    totalFinalScore: -78,
    expectedTotal: 0
  },
  allRoundsInfo: [
    { playerName: 'Player0', roundsWon: [] },
    { playerName: 'Player2', roundsWon: [] },
    { playerName: 'Player3', roundsWon: [] },
    { playerName: 'Player1', roundsWon: [] }
  ]
}
[ScoreValidation] ⚠️ 分数总和不为0！总和=29 {
  totalScore: 29,
  playerCount: 6,
  finishOrderLength: 1,
  finishOrder: [ 2 ],
  missingInRankings: [],
  missingInFinishOrder: [ 3, 0, 1, 4, 5 ],
  playerDetails: [
    {
      name: 'Player2',
      id: 2,
      initialScore: 0,
      roundsWonCount: 0,
      totalRoundScore: 0,
      scoreBeforeFinalRules: 84,
      finalRuleAdjustment: 30,
      finalScore: 114,
      handCount: 0,
      finishOrder: 0,
      otherScoreSources: 84
    },
    {
      name: 'Player3',
      id: 3,
      initialScore: 0,
      roundsWonCount: 0,
      totalRoundScore: 0,
      scoreBeforeFinalRules: 48,
      finalRuleAdjustment: -30,
      finalScore: 18,
      handCount: 13,
      finishOrder: -1,
      otherScoreSources: 48
    },
    {
      name: 'Player0',
      id: 0,
      initialScore: 0,
      roundsWonCount: 0,
      totalRoundScore: 0,
      scoreBeforeFinalRules: 14,
      finalRuleAdjustment: 0,
      finalScore: 14,
      handCount: 5,
      finishOrder: -1,
      otherScoreSources: 14
    },
    {
      name: 'Player1',
      id: 1,
      initialScore: 0,
      roundsWonCount: 0,
      totalRoundScore: 0,
      scoreBeforeFinalRules: -28,
      finalRuleAdjustment: 0,
      finalScore: -28,
      handCount: 4,
      finishOrder: -1,
      otherScoreSources: -28
    },
    {
      name: 'Player4',
      id: 4,
      initialScore: 0,
      roundsWonCount: 0,
      totalRoundScore: 0,
      scoreBeforeFinalRules: -40,
      finalRuleAdjustment: 0,
      finalScore: -40,
      handCount: 2,
      finishOrder: -1,
      otherScoreSources: -40
    },
    {
      name: 'Player5',
      id: 5,
      initialScore: 0,
      roundsWonCount: 0,
      totalRoundScore: 0,
      scoreBeforeFinalRules: -49,
      finalRuleAdjustment: 0,
      finalScore: -49,
      handCount: 8,
      finishOrder: -1,
      otherScoreSources: -49
    }
  ],
  summary: {
    totalInitialScore: 0,
    totalRoundScore: 0,
    totalFinalRuleAdjustment: 0,
    totalOtherScoreSources: 29,
    totalFinalScore: 29,
    expectedTotal: 0
  },
  allRoundsInfo: [
    { playerName: 'Player2', roundsWon: [] },
    { playerName: 'Player3', roundsWon: [] },
    { playerName: 'Player0', roundsWon: [] },
    { playerName: 'Player1', roundsWon: [] },
    { playerName: 'Player4', roundsWon: [] },
    { playerName: 'Player5', roundsWon: [] }
  ]
}
[ScoreValidation] ⚠️ 分数总和不为0！总和=29 {
  totalScore: 29,
  playerCount: 6,
  finishOrderLength: 1,
  finishOrder: [ 2 ],
  missingInRankings: [],
  missingInFinishOrder: [ 3, 0, 1, 4, 5 ],
  playerDetails: [
    {
      name: 'Player2',
      id: 2,
      initialScore: 0,
      roundsWonCount: 0,
      totalRoundScore: 0,
      scoreBeforeFinalRules: 84,
      finalRuleAdjustment: 30,
      finalScore: 114,
      handCount: 0,
      finishOrder: 0,
      otherScoreSources: 84
    },
    {
      name: 'Player3',
      id: 3,
      initialScore: 0,
      roundsWonCount: 0,
      totalRoundScore: 0,
      scoreBeforeFinalRules: 48,
      finalRuleAdjustment: -30,
      finalScore: 18,
      handCount: 13,
      finishOrder: -1,
      otherScoreSources: 48
    },
    {
      name: 'Player0',
      id: 0,
      initialScore: 0,
      roundsWonCount: 0,
      totalRoundScore: 0,
      scoreBeforeFinalRules: 14,
      finalRuleAdjustment: 0,
      finalScore: 14,
      handCount: 5,
      finishOrder: -1,
      otherScoreSources: 14
    },
    {
      name: 'Player1',
      id: 1,
      initialScore: 0,
      roundsWonCount: 0,
      totalRoundScore: 0,
      scoreBeforeFinalRules: -28,
      finalRuleAdjustment: 0,
      finalScore: -28,
      handCount: 4,
      finishOrder: -1,
      otherScoreSources: -28
    },
    {
      name: 'Player4',
      id: 4,
      initialScore: 0,
      roundsWonCount: 0,
      totalRoundScore: 0,
      scoreBeforeFinalRules: -40,
      finalRuleAdjustment: 0,
      finalScore: -40,
      handCount: 2,
      finishOrder: -1,
      otherScoreSources: -40
    },
    {
      name: 'Player5',
      id: 5,
      initialScore: 0,
      roundsWonCount: 0,
      totalRoundScore: 0,
      scoreBeforeFinalRules: -49,
      finalRuleAdjustment: 0,
      finalScore: -49,
      handCount: 8,
      finishOrder: -1,
      otherScoreSources: -49
    }
  ],
  summary: {
    totalInitialScore: 0,
    totalRoundScore: 0,
    totalFinalRuleAdjustment: 0,
    totalOtherScoreSources: 29,
    totalFinalScore: 29,
    expectedTotal: 0
  },
  allRoundsInfo: [
    { playerName: 'Player2', roundsWon: [] },
    { playerName: 'Player3', roundsWon: [] },
    { playerName: 'Player0', roundsWon: [] },
    { playerName: 'Player1', roundsWon: [] },
    { playerName: 'Player4', roundsWon: [] },
    { playerName: 'Player5', roundsWon: [] }
  ]
}
[ScoreValidation] ⚠️ 分数总和不为0！总和=-108 {
  totalScore: -108,
  playerCount: 2,
  finishOrderLength: 0,
  finishOrder: [],
  missingInRankings: [],
  missingInFinishOrder: [ 1, 0 ],
  playerDetails: [
    {
      name: 'Player1',
      id: 1,
      initialScore: 0,
      roundsWonCount: 0,
      totalRoundScore: 0,
      scoreBeforeFinalRules: -55,
      finalRuleAdjustment: 30,
      finalScore: -25,
      handCount: 5,
      finishOrder: -1,
      otherScoreSources: -55
    },
    {
      name: 'Player0',
      id: 0,
      initialScore: 0,
      roundsWonCount: 0,
      totalRoundScore: 0,
      scoreBeforeFinalRules: -53,
      finalRuleAdjustment: -30,
      finalScore: -83,
      handCount: 7,
      finishOrder: -1,
      otherScoreSources: -53
    }
  ],
  summary: {
    totalInitialScore: 0,
    totalRoundScore: 0,
    totalFinalRuleAdjustment: 0,
    totalOtherScoreSources: -108,
    totalFinalScore: -108,
    expectedTotal: 0
  },
  allRoundsInfo: [
    { playerName: 'Player1', roundsWon: [] },
    { playerName: 'Player0', roundsWon: [] }
  ]
}
[ScoreValidation] ⚠️ 分数总和不为0！总和=-108 {
  totalScore: -108,
  playerCount: 2,
  finishOrderLength: 0,
  finishOrder: [],
  missingInRankings: [],
  missingInFinishOrder: [ 1, 0 ],
  playerDetails: [
    {
      name: 'Player1',
      id: 1,
      initialScore: 0,
      roundsWonCount: 0,
      totalRoundScore: 0,
      scoreBeforeFinalRules: -55,
      finalRuleAdjustment: 30,
      finalScore: -25,
      handCount: 5,
      finishOrder: -1,
      otherScoreSources: -55
    },
    {
      name: 'Player0',
      id: 0,
      initialScore: 0,
      roundsWonCount: 0,
      totalRoundScore: 0,
      scoreBeforeFinalRules: -53,
      finalRuleAdjustment: -30,
      finalScore: -83,
      handCount: 7,
      finishOrder: -1,
      otherScoreSources: -53
    }
  ],
  summary: {
    totalInitialScore: 0,
    totalRoundScore: 0,
    totalFinalRuleAdjustment: 0,
    totalOtherScoreSources: -108,
    totalFinalScore: -108,
    expectedTotal: 0
  },
  allRoundsInfo: [
    { playerName: 'Player1', roundsWon: [] },
    { playerName: 'Player0', roundsWon: [] }
  ]
}
[ScoreValidation] ⚠️ 分数总和不为0！总和=43 {
  totalScore: 43,
  playerCount: 6,
  finishOrderLength: 0,
  finishOrder: [],
  missingInRankings: [],
  missingInFinishOrder: [ 0, 3, 1, 4, 5, 2 ],
  playerDetails: [
    {
      name: 'Player0',
      id: 0,
      initialScore: 0,
      roundsWonCount: 0,
      totalRoundScore: 0,
      scoreBeforeFinalRules: 50,
      finalRuleAdjustment: 0,
      finalScore: 50,
      handCount: 11,
      finishOrder: -1,
      otherScoreSources: 50
    },
    {
      name: 'Player3',
      id: 3,
      initialScore: 0,
      roundsWonCount: 0,
      totalRoundScore: 0,
      scoreBeforeFinalRules: 50,
      finalRuleAdjustment: 0,
      finalScore: 50,
      handCount: 11,
      finishOrder: -1,
      otherScoreSources: 50
    },
    {
      name: 'Player1',
      id: 1,
      initialScore: 0,
      roundsWonCount: 0,
      totalRoundScore: 0,
      scoreBeforeFinalRules: 80,
      finalRuleAdjustment: -30,
      finalScore: 50,
      handCount: 13,
      finishOrder: -1,
      otherScoreSources: 80
    },
    {
      name: 'Player4',
      id: 4,
      initialScore: 0,
      roundsWonCount: 0,
      totalRoundScore: 0,
      scoreBeforeFinalRules: -1,
      finalRuleAdjustment: 0,
      finalScore: -1,
      handCount: 9,
      finishOrder: -1,
      otherScoreSources: -1
    },
    {
      name: 'Player5',
      id: 5,
      initialScore: 0,
      roundsWonCount: 0,
      totalRoundScore: 0,
      scoreBeforeFinalRules: -44,
      finalRuleAdjustment: 0,
      finalScore: -44,
      handCount: 11,
      finishOrder: -1,
      otherScoreSources: -44
    },
    {
      name: 'Player2',
      id: 2,
      initialScore: 0,
      roundsWonCount: 0,
      totalRoundScore: 0,
      scoreBeforeFinalRules: -92,
      finalRuleAdjustment: 30,
      finalScore: -62,
      handCount: 2,
      finishOrder: -1,
      otherScoreSources: -92
    }
  ],
  summary: {
    totalInitialScore: 0,
    totalRoundScore: 0,
    totalFinalRuleAdjustment: 0,
    totalOtherScoreSources: 43,
    totalFinalScore: 43,
    expectedTotal: 0
  },
  allRoundsInfo: [
    { playerName: 'Player0', roundsWon: [] },
    { playerName: 'Player3', roundsWon: [] },
    { playerName: 'Player1', roundsWon: [] },
    { playerName: 'Player4', roundsWon: [] },
    { playerName: 'Player5', roundsWon: [] },
    { playerName: 'Player2', roundsWon: [] }
  ]
}
[ScoreValidation] ⚠️ 分数总和不为0！总和=43 {
  totalScore: 43,
  playerCount: 6,
  finishOrderLength: 0,
  finishOrder: [],
  missingInRankings: [],
  missingInFinishOrder: [ 0, 3, 1, 4, 5, 2 ],
  playerDetails: [
    {
      name: 'Player0',
      id: 0,
      initialScore: 0,
      roundsWonCount: 0,
      totalRoundScore: 0,
      scoreBeforeFinalRules: 50,
      finalRuleAdjustment: 0,
      finalScore: 50,
      handCount: 11,
      finishOrder: -1,
      otherScoreSources: 50
    },
    {
      name: 'Player3',
      id: 3,
      initialScore: 0,
      roundsWonCount: 0,
      totalRoundScore: 0,
      scoreBeforeFinalRules: 50,
      finalRuleAdjustment: 0,
      finalScore: 50,
      handCount: 11,
      finishOrder: -1,
      otherScoreSources: 50
    },
    {
      name: 'Player1',
      id: 1,
      initialScore: 0,
      roundsWonCount: 0,
      totalRoundScore: 0,
      scoreBeforeFinalRules: 80,
      finalRuleAdjustment: -30,
      finalScore: 50,
      handCount: 13,
      finishOrder: -1,
      otherScoreSources: 80
    },
    {
      name: 'Player4',
      id: 4,
      initialScore: 0,
      roundsWonCount: 0,
      totalRoundScore: 0,
      scoreBeforeFinalRules: -1,
      finalRuleAdjustment: 0,
      finalScore: -1,
      handCount: 9,
      finishOrder: -1,
      otherScoreSources: -1
    },
    {
      name: 'Player5',
      id: 5,
      initialScore: 0,
      roundsWonCount: 0,
      totalRoundScore: 0,
      scoreBeforeFinalRules: -44,
      finalRuleAdjustment: 0,
      finalScore: -44,
      handCount: 11,
      finishOrder: -1,
      otherScoreSources: -44
    },
    {
      name: 'Player2',
      id: 2,
      initialScore: 0,
      roundsWonCount: 0,
      totalRoundScore: 0,
      scoreBeforeFinalRules: -92,
      finalRuleAdjustment: 30,
      finalScore: -62,
      handCount: 2,
      finishOrder: -1,
      otherScoreSources: -92
    }
  ],
  summary: {
    totalInitialScore: 0,
    totalRoundScore: 0,
    totalFinalRuleAdjustment: 0,
    totalOtherScoreSources: 43,
    totalFinalScore: 43,
    expectedTotal: 0
  },
  allRoundsInfo: [
    { playerName: 'Player0', roundsWon: [] },
    { playerName: 'Player3', roundsWon: [] },
    { playerName: 'Player1', roundsWon: [] },
    { playerName: 'Player4', roundsWon: [] },
    { playerName: 'Player5', roundsWon: [] },
    { playerName: 'Player2', roundsWon: [] }
  ]
}
[ScoreValidation] ⚠️ 分数总和不为0！总和=-103 {
  totalScore: -103,
  playerCount: 6,
  finishOrderLength: 1,
  finishOrder: [ 2 ],
  missingInRankings: [],
  missingInFinishOrder: [ 3, 1, 0, 4, 5 ],
  playerDetails: [
    {
      name: 'Player3',
      id: 3,
      initialScore: 0,
      roundsWonCount: 0,
      totalRoundScore: 0,
      scoreBeforeFinalRules: 72,
      finalRuleAdjustment: 0,
      finalScore: 72,
      handCount: 5,
      finishOrder: -1,
      otherScoreSources: 72
    },
    {
      name: 'Player2',
      id: 2,
      initialScore: 0,
      roundsWonCount: 0,
      totalRoundScore: 0,
      scoreBeforeFinalRules: 29,
      finalRuleAdjustment: 30,
      finalScore: 59,
      handCount: 0,
      finishOrder: 0,
      otherScoreSources: 29
    },
    {
      name: 'Player1',
      id: 1,
      initialScore: 0,
      roundsWonCount: 0,
      totalRoundScore: 0,
      scoreBeforeFinalRules: -25,
      finalRuleAdjustment: 0,
      finalScore: -25,
      handCount: 4,
      finishOrder: -1,
      otherScoreSources: -25
    },
    {
      name: 'Player0',
      id: 0,
      initialScore: 0,
      roundsWonCount: 0,
      totalRoundScore: 0,
      scoreBeforeFinalRules: -65,
      finalRuleAdjustment: 0,
      finalScore: -65,
      handCount: 1,
      finishOrder: -1,
      otherScoreSources: -65
    },
    {
      name: 'Player4',
      id: 4,
      initialScore: 0,
      roundsWonCount: 0,
      totalRoundScore: 0,
      scoreBeforeFinalRules: -66,
      finalRuleAdjustment: 0,
      finalScore: -66,
      handCount: 8,
      finishOrder: -1,
      otherScoreSources: -66
    },
    {
      name: 'Player5',
      id: 5,
      initialScore: 0,
      roundsWonCount: 0,
      totalRoundScore: 0,
      scoreBeforeFinalRules: -48,
      finalRuleAdjustment: -30,
      finalScore: -78,
      handCount: 9,
      finishOrder: -1,
      otherScoreSources: -48
    }
  ],
  summary: {
    totalInitialScore: 0,
    totalRoundScore: 0,
    totalFinalRuleAdjustment: 0,
    totalOtherScoreSources: -103,
    totalFinalScore: -103,
    expectedTotal: 0
  },
  allRoundsInfo: [
    { playerName: 'Player3', roundsWon: [] },
    { playerName: 'Player2', roundsWon: [] },
    { playerName: 'Player1', roundsWon: [] },
    { playerName: 'Player0', roundsWon: [] },
    { playerName: 'Player4', roundsWon: [] },
    { playerName: 'Player5', roundsWon: [] }
  ]
}
[ScoreValidation] ⚠️ 分数总和不为0！总和=-103 {
  totalScore: -103,
  playerCount: 6,
  finishOrderLength: 1,
  finishOrder: [ 2 ],
  missingInRankings: [],
  missingInFinishOrder: [ 3, 1, 0, 4, 5 ],
  playerDetails: [
    {
      name: 'Player3',
      id: 3,
      initialScore: 0,
      roundsWonCount: 0,
      totalRoundScore: 0,
      scoreBeforeFinalRules: 72,
      finalRuleAdjustment: 0,
      finalScore: 72,
      handCount: 5,
      finishOrder: -1,
      otherScoreSources: 72
    },
    {
      name: 'Player2',
      id: 2,
      initialScore: 0,
      roundsWonCount: 0,
      totalRoundScore: 0,
      scoreBeforeFinalRules: 29,
      finalRuleAdjustment: 30,
      finalScore: 59,
      handCount: 0,
      finishOrder: 0,
      otherScoreSources: 29
    },
    {
      name: 'Player1',
      id: 1,
      initialScore: 0,
      roundsWonCount: 0,
      totalRoundScore: 0,
      scoreBeforeFinalRules: -25,
      finalRuleAdjustment: 0,
      finalScore: -25,
      handCount: 4,
      finishOrder: -1,
      otherScoreSources: -25
    },
    {
      name: 'Player0',
      id: 0,
      initialScore: 0,
      roundsWonCount: 0,
      totalRoundScore: 0,
      scoreBeforeFinalRules: -65,
      finalRuleAdjustment: 0,
      finalScore: -65,
      handCount: 1,
      finishOrder: -1,
      otherScoreSources: -65
    },
    {
      name: 'Player4',
      id: 4,
      initialScore: 0,
      roundsWonCount: 0,
      totalRoundScore: 0,
      scoreBeforeFinalRules: -66,
      finalRuleAdjustment: 0,
      finalScore: -66,
      handCount: 8,
      finishOrder: -1,
      otherScoreSources: -66
    },
    {
      name: 'Player5',
      id: 5,
      initialScore: 0,
      roundsWonCount: 0,
      totalRoundScore: 0,
      scoreBeforeFinalRules: -48,
      finalRuleAdjustment: -30,
      finalScore: -78,
      handCount: 9,
      finishOrder: -1,
      otherScoreSources: -48
    }
  ],
  summary: {
    totalInitialScore: 0,
    totalRoundScore: 0,
    totalFinalRuleAdjustment: 0,
    totalOtherScoreSources: -103,
    totalFinalScore: -103,
    expectedTotal: 0
  },
  allRoundsInfo: [
    { playerName: 'Player3', roundsWon: [] },
    { playerName: 'Player2', roundsWon: [] },
    { playerName: 'Player1', roundsWon: [] },
    { playerName: 'Player0', roundsWon: [] },
    { playerName: 'Player4', roundsWon: [] },
    { playerName: 'Player5', roundsWon: [] }
  ]
}
[ScoreValidation] ⚠️ 分数总和不为0！总和=166 {
  totalScore: 166,
  playerCount: 6,
  finishOrderLength: 0,
  finishOrder: [],
  missingInRankings: [],
  missingInFinishOrder: [ 0, 3, 5, 4, 1, 2 ],
  playerDetails: [
    {
      name: 'Player0',
      id: 0,
      initialScore: 0,
      roundsWonCount: 0,
      totalRoundScore: 0,
      scoreBeforeFinalRules: 61,
      finalRuleAdjustment: 0,
      finalScore: 61,
      handCount: 12,
      finishOrder: -1,
      otherScoreSources: 61
    },
    {
      name: 'Player3',
      id: 3,
      initialScore: 0,
      roundsWonCount: 0,
      totalRoundScore: 0,
      scoreBeforeFinalRules: 61,
      finalRuleAdjustment: 0,
      finalScore: 61,
      handCount: 12,
      finishOrder: -1,
      otherScoreSources: 61
    },
    {
      name: 'Player5',
      id: 5,
      initialScore: 0,
      roundsWonCount: 0,
      totalRoundScore: 0,
      scoreBeforeFinalRules: 18,
      finalRuleAdjustment: 30,
      finalScore: 48,
      handCount: 2,
      finishOrder: -1,
      otherScoreSources: 18
    },
    {
      name: 'Player4',
      id: 4,
      initialScore: 0,
      roundsWonCount: 0,
      totalRoundScore: 0,
      scoreBeforeFinalRules: 57,
      finalRuleAdjustment: -30,
      finalScore: 27,
      handCount: 13,
      finishOrder: -1,
      otherScoreSources: 57
    },
    {
      name: 'Player1',
      id: 1,
      initialScore: 0,
      roundsWonCount: 0,
      totalRoundScore: 0,
      scoreBeforeFinalRules: 5,
      finalRuleAdjustment: 0,
      finalScore: 5,
      handCount: 11,
      finishOrder: -1,
      otherScoreSources: 5
    },
    {
      name: 'Player2',
      id: 2,
      initialScore: 0,
      roundsWonCount: 0,
      totalRoundScore: 0,
      scoreBeforeFinalRules: -36,
      finalRuleAdjustment: 0,
      finalScore: -36,
      handCount: 3,
      finishOrder: -1,
      otherScoreSources: -36
    }
  ],
  summary: {
    totalInitialScore: 0,
    totalRoundScore: 0,
    totalFinalRuleAdjustment: 0,
    totalOtherScoreSources: 166,
    totalFinalScore: 166,
    expectedTotal: 0
  },
  allRoundsInfo: [
    { playerName: 'Player0', roundsWon: [] },
    { playerName: 'Player3', roundsWon: [] },
    { playerName: 'Player5', roundsWon: [] },
    { playerName: 'Player4', roundsWon: [] },
    { playerName: 'Player1', roundsWon: [] },
    { playerName: 'Player2', roundsWon: [] }
  ]
}
[ScoreValidation] ⚠️ 分数总和不为0！总和=166 {
  totalScore: 166,
  playerCount: 6,
  finishOrderLength: 0,
  finishOrder: [],
  missingInRankings: [],
  missingInFinishOrder: [ 0, 3, 5, 4, 1, 2 ],
  playerDetails: [
    {
      name: 'Player0',
      id: 0,
      initialScore: 0,
      roundsWonCount: 0,
      totalRoundScore: 0,
      scoreBeforeFinalRules: 61,
      finalRuleAdjustment: 0,
      finalScore: 61,
      handCount: 12,
      finishOrder: -1,
      otherScoreSources: 61
    },
    {
      name: 'Player3',
      id: 3,
      initialScore: 0,
      roundsWonCount: 0,
      totalRoundScore: 0,
      scoreBeforeFinalRules: 61,
      finalRuleAdjustment: 0,
      finalScore: 61,
      handCount: 12,
      finishOrder: -1,
      otherScoreSources: 61
    },
    {
      name: 'Player5',
      id: 5,
      initialScore: 0,
      roundsWonCount: 0,
      totalRoundScore: 0,
      scoreBeforeFinalRules: 18,
      finalRuleAdjustment: 30,
      finalScore: 48,
      handCount: 2,
      finishOrder: -1,
      otherScoreSources: 18
    },
    {
      name: 'Player4',
      id: 4,
      initialScore: 0,
      roundsWonCount: 0,
      totalRoundScore: 0,
      scoreBeforeFinalRules: 57,
      finalRuleAdjustment: -30,
      finalScore: 27,
      handCount: 13,
      finishOrder: -1,
      otherScoreSources: 57
    },
    {
      name: 'Player1',
      id: 1,
      initialScore: 0,
      roundsWonCount: 0,
      totalRoundScore: 0,
      scoreBeforeFinalRules: 5,
      finalRuleAdjustment: 0,
      finalScore: 5,
      handCount: 11,
      finishOrder: -1,
      otherScoreSources: 5
    },
    {
      name: 'Player2',
      id: 2,
      initialScore: 0,
      roundsWonCount: 0,
      totalRoundScore: 0,
      scoreBeforeFinalRules: -36,
      finalRuleAdjustment: 0,
      finalScore: -36,
      handCount: 3,
      finishOrder: -1,
      otherScoreSources: -36
    }
  ],
  summary: {
    totalInitialScore: 0,
    totalRoundScore: 0,
    totalFinalRuleAdjustment: 0,
    totalOtherScoreSources: 166,
    totalFinalScore: 166,
    expectedTotal: 0
  },
  allRoundsInfo: [
    { playerName: 'Player0', roundsWon: [] },
    { playerName: 'Player3', roundsWon: [] },
    { playerName: 'Player5', roundsWon: [] },
    { playerName: 'Player4', roundsWon: [] },
    { playerName: 'Player1', roundsWon: [] },
    { playerName: 'Player2', roundsWon: [] }
  ]
}
[ScoreValidation] ⚠️ 分数总和不为0！总和=127 {
  totalScore: 127,
  playerCount: 4,
  finishOrderLength: 0,
  finishOrder: [],
  missingInRankings: [],
  missingInFinishOrder: [ 2, 3, 0, 1 ],
  playerDetails: [
    {
      name: 'Player2',
      id: 2,
      initialScore: 0,
      roundsWonCount: 0,
      totalRoundScore: 0,
      scoreBeforeFinalRules: 71,
      finalRuleAdjustment: 30,
      finalScore: 101,
      handCount: 1,
      finishOrder: -1,
      otherScoreSources: 71
    },
    {
      name: 'Player3',
      id: 3,
      initialScore: 0,
      roundsWonCount: 0,
      totalRoundScore: 0,
      scoreBeforeFinalRules: 58,
      finalRuleAdjustment: 0,
      finalScore: 58,
      handCount: 2,
      finishOrder: -1,
      otherScoreSources: 58
    },
    {
      name: 'Player0',
      id: 0,
      initialScore: 0,
      roundsWonCount: 0,
      totalRoundScore: 0,
      scoreBeforeFinalRules: 48,
      finalRuleAdjustment: -30,
      finalScore: 18,
      handCount: 12,
      finishOrder: -1,
      otherScoreSources: 48
    },
    {
      name: 'Player1',
      id: 1,
      initialScore: 0,
      roundsWonCount: 0,
      totalRoundScore: 0,
      scoreBeforeFinalRules: -50,
      finalRuleAdjustment: 0,
      finalScore: -50,
      handCount: 5,
      finishOrder: -1,
      otherScoreSources: -50
    }
  ],
  summary: {
    totalInitialScore: 0,
    totalRoundScore: 0,
    totalFinalRuleAdjustment: 0,
    totalOtherScoreSources: 127,
    totalFinalScore: 127,
    expectedTotal: 0
  },
  allRoundsInfo: [
    { playerName: 'Player2', roundsWon: [] },
    { playerName: 'Player3', roundsWon: [] },
    { playerName: 'Player0', roundsWon: [] },
    { playerName: 'Player1', roundsWon: [] }
  ]
}
[ScoreValidation] ⚠️ 分数总和不为0！总和=127 {
  totalScore: 127,
  playerCount: 4,
  finishOrderLength: 0,
  finishOrder: [],
  missingInRankings: [],
  missingInFinishOrder: [ 2, 3, 0, 1 ],
  playerDetails: [
    {
      name: 'Player2',
      id: 2,
      initialScore: 0,
      roundsWonCount: 0,
      totalRoundScore: 0,
      scoreBeforeFinalRules: 71,
      finalRuleAdjustment: 30,
      finalScore: 101,
      handCount: 1,
      finishOrder: -1,
      otherScoreSources: 71
    },
    {
      name: 'Player3',
      id: 3,
      initialScore: 0,
      roundsWonCount: 0,
      totalRoundScore: 0,
      scoreBeforeFinalRules: 58,
      finalRuleAdjustment: 0,
      finalScore: 58,
      handCount: 2,
      finishOrder: -1,
      otherScoreSources: 58
    },
    {
      name: 'Player0',
      id: 0,
      initialScore: 0,
      roundsWonCount: 0,
      totalRoundScore: 0,
      scoreBeforeFinalRules: 48,
      finalRuleAdjustment: -30,
      finalScore: 18,
      handCount: 12,
      finishOrder: -1,
      otherScoreSources: 48
    },
    {
      name: 'Player1',
      id: 1,
      initialScore: 0,
      roundsWonCount: 0,
      totalRoundScore: 0,
      scoreBeforeFinalRules: -50,
      finalRuleAdjustment: 0,
      finalScore: -50,
      handCount: 5,
      finishOrder: -1,
      otherScoreSources: -50
    }
  ],
  summary: {
    totalInitialScore: 0,
    totalRoundScore: 0,
    totalFinalRuleAdjustment: 0,
    totalOtherScoreSources: 127,
    totalFinalScore: 127,
    expectedTotal: 0
  },
  allRoundsInfo: [
    { playerName: 'Player2', roundsWon: [] },
    { playerName: 'Player3', roundsWon: [] },
    { playerName: 'Player0', roundsWon: [] },
    { playerName: 'Player1', roundsWon: [] }
  ]
}
[ScoreValidation] ⚠️ 分数总和不为0！总和=35 {
  totalScore: 35,
  playerCount: 2,
  finishOrderLength: 0,
  finishOrder: [],
  missingInRankings: [],
  missingInFinishOrder: [ 0, 1 ],
  playerDetails: [
    {
      name: 'Player0',
      id: 0,
      initialScore: 0,
      roundsWonCount: 0,
      totalRoundScore: 0,
      scoreBeforeFinalRules: 96,
      finalRuleAdjustment: 30,
      finalScore: 126,
      handCount: 0,
      finishOrder: -1,
      otherScoreSources: 96
    },
    {
      name: 'Player1',
      id: 1,
      initialScore: 0,
      roundsWonCount: 0,
      totalRoundScore: 0,
      scoreBeforeFinalRules: -61,
      finalRuleAdjustment: -30,
      finalScore: -91,
      handCount: 3,
      finishOrder: -1,
      otherScoreSources: -61
    }
  ],
  summary: {
    totalInitialScore: 0,
    totalRoundScore: 0,
    totalFinalRuleAdjustment: 0,
    totalOtherScoreSources: 35,
    totalFinalScore: 35,
    expectedTotal: 0
  },
  allRoundsInfo: [
    { playerName: 'Player0', roundsWon: [] },
    { playerName: 'Player1', roundsWon: [] }
  ]
}
[ScoreValidation] ⚠️ 分数总和不为0！总和=35 {
  totalScore: 35,
  playerCount: 2,
  finishOrderLength: 0,
  finishOrder: [],
  missingInRankings: [],
  missingInFinishOrder: [ 0, 1 ],
  playerDetails: [
    {
      name: 'Player0',
      id: 0,
      initialScore: 0,
      roundsWonCount: 0,
      totalRoundScore: 0,
      scoreBeforeFinalRules: 96,
      finalRuleAdjustment: 30,
      finalScore: 126,
      handCount: 0,
      finishOrder: -1,
      otherScoreSources: 96
    },
    {
      name: 'Player1',
      id: 1,
      initialScore: 0,
      roundsWonCount: 0,
      totalRoundScore: 0,
      scoreBeforeFinalRules: -61,
      finalRuleAdjustment: -30,
      finalScore: -91,
      handCount: 3,
      finishOrder: -1,
      otherScoreSources: -61
    }
  ],
  summary: {
    totalInitialScore: 0,
    totalRoundScore: 0,
    totalFinalRuleAdjustment: 0,
    totalOtherScoreSources: 35,
    totalFinalScore: 35,
    expectedTotal: 0
  },
  allRoundsInfo: [
    { playerName: 'Player0', roundsWon: [] },
    { playerName: 'Player1', roundsWon: [] }
  ]
}
[ScoreValidation] ⚠️ 分数总和不为0！总和=-29 {
  totalScore: -29,
  playerCount: 4,
  finishOrderLength: 1,
  finishOrder: [ 3 ],
  missingInRankings: [],
  missingInFinishOrder: [ 0, 1, 2 ],
  playerDetails: [
    {
      name: 'Player3',
      id: 3,
      initialScore: 0,
      roundsWonCount: 0,
      totalRoundScore: 0,
      scoreBeforeFinalRules: -13,
      finalRuleAdjustment: 30,
      finalScore: 17,
      handCount: 0,
      finishOrder: 0,
      otherScoreSources: -13
    },
    {
      name: 'Player0',
      id: 0,
      initialScore: 0,
      roundsWonCount: 0,
      totalRoundScore: 0,
      scoreBeforeFinalRules: 42,
      finalRuleAdjustment: -30,
      finalScore: 12,
      handCount: 11,
      finishOrder: -1,
      otherScoreSources: 42
    },
    {
      name: 'Player1',
      id: 1,
      initialScore: 0,
      roundsWonCount: 0,
      totalRoundScore: 0,
      scoreBeforeFinalRules: -21,
      finalRuleAdjustment: 0,
      finalScore: -21,
      handCount: 8,
      finishOrder: -1,
      otherScoreSources: -21
    },
    {
      name: 'Player2',
      id: 2,
      initialScore: 0,
      roundsWonCount: 0,
      totalRoundScore: 0,
      scoreBeforeFinalRules: -37,
      finalRuleAdjustment: 0,
      finalScore: -37,
      handCount: 7,
      finishOrder: -1,
      otherScoreSources: -37
    }
  ],
  summary: {
    totalInitialScore: 0,
    totalRoundScore: 0,
    totalFinalRuleAdjustment: 0,
    totalOtherScoreSources: -29,
    totalFinalScore: -29,
    expectedTotal: 0
  },
  allRoundsInfo: [
    { playerName: 'Player3', roundsWon: [] },
    { playerName: 'Player0', roundsWon: [] },
    { playerName: 'Player1', roundsWon: [] },
    { playerName: 'Player2', roundsWon: [] }
  ]
}
[ScoreValidation] ⚠️ 分数总和不为0！总和=-29 {
  totalScore: -29,
  playerCount: 4,
  finishOrderLength: 1,
  finishOrder: [ 3 ],
  missingInRankings: [],
  missingInFinishOrder: [ 0, 1, 2 ],
  playerDetails: [
    {
      name: 'Player3',
      id: 3,
      initialScore: 0,
      roundsWonCount: 0,
      totalRoundScore: 0,
      scoreBeforeFinalRules: -13,
      finalRuleAdjustment: 30,
      finalScore: 17,
      handCount: 0,
      finishOrder: 0,
      otherScoreSources: -13
    },
    {
      name: 'Player0',
      id: 0,
      initialScore: 0,
      roundsWonCount: 0,
      totalRoundScore: 0,
      scoreBeforeFinalRules: 42,
      finalRuleAdjustment: -30,
      finalScore: 12,
      handCount: 11,
      finishOrder: -1,
      otherScoreSources: 42
    },
    {
      name: 'Player1',
      id: 1,
      initialScore: 0,
      roundsWonCount: 0,
      totalRoundScore: 0,
      scoreBeforeFinalRules: -21,
      finalRuleAdjustment: 0,
      finalScore: -21,
      handCount: 8,
      finishOrder: -1,
      otherScoreSources: -21
    },
    {
      name: 'Player2',
      id: 2,
      initialScore: 0,
      roundsWonCount: 0,
      totalRoundScore: 0,
      scoreBeforeFinalRules: -37,
      finalRuleAdjustment: 0,
      finalScore: -37,
      handCount: 7,
      finishOrder: -1,
      otherScoreSources: -37
    }
  ],
  summary: {
    totalInitialScore: 0,
    totalRoundScore: 0,
    totalFinalRuleAdjustment: 0,
    totalOtherScoreSources: -29,
    totalFinalScore: -29,
    expectedTotal: 0
  },
  allRoundsInfo: [
    { playerName: 'Player3', roundsWon: [] },
    { playerName: 'Player0', roundsWon: [] },
    { playerName: 'Player1', roundsWon: [] },
    { playerName: 'Player2', roundsWon: [] }
  ]
}
[ScoreValidation] ⚠️ 分数总和不为0！总和=11 {
  totalScore: 11,
  playerCount: 4,
  finishOrderLength: 0,
  finishOrder: [],
  missingInRankings: [],
  missingInFinishOrder: [ 1, 2, 0, 3 ],
  playerDetails: [
    {
      name: 'Player1',
      id: 1,
      initialScore: 0,
      roundsWonCount: 0,
      totalRoundScore: 0,
      scoreBeforeFinalRules: 68,
      finalRuleAdjustment: 0,
      finalScore: 68,
      handCount: 5,
      finishOrder: -1,
      otherScoreSources: 68
    },
    {
      name: 'Player2',
      id: 2,
      initialScore: 0,
      roundsWonCount: 0,
      totalRoundScore: 0,
      scoreBeforeFinalRules: 69,
      finalRuleAdjustment: -30,
      finalScore: 39,
      handCount: 11,
      finishOrder: -1,
      otherScoreSources: 69
    },
    {
      name: 'Player0',
      id: 0,
      initialScore: 0,
      roundsWonCount: 0,
      totalRoundScore: 0,
      scoreBeforeFinalRules: -69,
      finalRuleAdjustment: 30,
      finalScore: -39,
      handCount: 4,
      finishOrder: -1,
      otherScoreSources: -69
    },
    {
      name: 'Player3',
      id: 3,
      initialScore: 0,
      roundsWonCount: 0,
      totalRoundScore: 0,
      scoreBeforeFinalRules: -57,
      finalRuleAdjustment: 0,
      finalScore: -57,
      handCount: 8,
      finishOrder: -1,
      otherScoreSources: -57
    }
  ],
  summary: {
    totalInitialScore: 0,
    totalRoundScore: 0,
    totalFinalRuleAdjustment: 0,
    totalOtherScoreSources: 11,
    totalFinalScore: 11,
    expectedTotal: 0
  },
  allRoundsInfo: [
    { playerName: 'Player1', roundsWon: [] },
    { playerName: 'Player2', roundsWon: [] },
    { playerName: 'Player0', roundsWon: [] },
    { playerName: 'Player3', roundsWon: [] }
  ]
}
[ScoreValidation] ⚠️ 分数总和不为0！总和=11 {
  totalScore: 11,
  playerCount: 4,
  finishOrderLength: 0,
  finishOrder: [],
  missingInRankings: [],
  missingInFinishOrder: [ 1, 2, 0, 3 ],
  playerDetails: [
    {
      name: 'Player1',
      id: 1,
      initialScore: 0,
      roundsWonCount: 0,
      totalRoundScore: 0,
      scoreBeforeFinalRules: 68,
      finalRuleAdjustment: 0,
      finalScore: 68,
      handCount: 5,
      finishOrder: -1,
      otherScoreSources: 68
    },
    {
      name: 'Player2',
      id: 2,
      initialScore: 0,
      roundsWonCount: 0,
      totalRoundScore: 0,
      scoreBeforeFinalRules: 69,
      finalRuleAdjustment: -30,
      finalScore: 39,
      handCount: 11,
      finishOrder: -1,
      otherScoreSources: 69
    },
    {
      name: 'Player0',
      id: 0,
      initialScore: 0,
      roundsWonCount: 0,
      totalRoundScore: 0,
      scoreBeforeFinalRules: -69,
      finalRuleAdjustment: 30,
      finalScore: -39,
      handCount: 4,
      finishOrder: -1,
      otherScoreSources: -69
    },
    {
      name: 'Player3',
      id: 3,
      initialScore: 0,
      roundsWonCount: 0,
      totalRoundScore: 0,
      scoreBeforeFinalRules: -57,
      finalRuleAdjustment: 0,
      finalScore: -57,
      handCount: 8,
      finishOrder: -1,
      otherScoreSources: -57
    }
  ],
  summary: {
    totalInitialScore: 0,
    totalRoundScore: 0,
    totalFinalRuleAdjustment: 0,
    totalOtherScoreSources: 11,
    totalFinalScore: 11,
    expectedTotal: 0
  },
  allRoundsInfo: [
    { playerName: 'Player1', roundsWon: [] },
    { playerName: 'Player2', roundsWon: [] },
    { playerName: 'Player0', roundsWon: [] },
    { playerName: 'Player3', roundsWon: [] }
  ]
}
[ScoreValidation] ⚠️ 分数总和不为0！总和=-23 {
  totalScore: -23,
  playerCount: 2,
  finishOrderLength: 0,
  finishOrder: [],
  missingInRankings: [],
  missingInFinishOrder: [ 1, 0 ],
  playerDetails: [
    {
      name: 'Player1',
      id: 1,
      initialScore: 0,
      roundsWonCount: 0,
      totalRoundScore: 0,
      scoreBeforeFinalRules: 67,
      finalRuleAdjustment: -30,
      finalScore: 37,
      handCount: 10,
      finishOrder: -1,
      otherScoreSources: 67
    },
    {
      name: 'Player0',
      id: 0,
      initialScore: 0,
      roundsWonCount: 0,
      totalRoundScore: 0,
      scoreBeforeFinalRules: -90,
      finalRuleAdjustment: 30,
      finalScore: -60,
      handCount: 4,
      finishOrder: -1,
      otherScoreSources: -90
    }
  ],
  summary: {
    totalInitialScore: 0,
    totalRoundScore: 0,
    totalFinalRuleAdjustment: 0,
    totalOtherScoreSources: -23,
    totalFinalScore: -23,
    expectedTotal: 0
  },
  allRoundsInfo: [
    { playerName: 'Player1', roundsWon: [] },
    { playerName: 'Player0', roundsWon: [] }
  ]
}
[ScoreValidation] ⚠️ 分数总和不为0！总和=-23 {
  totalScore: -23,
  playerCount: 2,
  finishOrderLength: 0,
  finishOrder: [],
  missingInRankings: [],
  missingInFinishOrder: [ 1, 0 ],
  playerDetails: [
    {
      name: 'Player1',
      id: 1,
      initialScore: 0,
      roundsWonCount: 0,
      totalRoundScore: 0,
      scoreBeforeFinalRules: 67,
      finalRuleAdjustment: -30,
      finalScore: 37,
      handCount: 10,
      finishOrder: -1,
      otherScoreSources: 67
    },
    {
      name: 'Player0',
      id: 0,
      initialScore: 0,
      roundsWonCount: 0,
      totalRoundScore: 0,
      scoreBeforeFinalRules: -90,
      finalRuleAdjustment: 30,
      finalScore: -60,
      handCount: 4,
      finishOrder: -1,
      otherScoreSources: -90
    }
  ],
  summary: {
    totalInitialScore: 0,
    totalRoundScore: 0,
    totalFinalRuleAdjustment: 0,
    totalOtherScoreSources: -23,
    totalFinalScore: -23,
    expectedTotal: 0
  },
  allRoundsInfo: [
    { playerName: 'Player1', roundsWon: [] },
    { playerName: 'Player0', roundsWon: [] }
  ]
}
[ScoreValidation] ⚠️ 分数总和不为0！总和=95 {
  totalScore: 95,
  playerCount: 4,
  finishOrderLength: 1,
  finishOrder: [ 0 ],
  missingInRankings: [],
  missingInFinishOrder: [ 2, 1, 3 ],
  playerDetails: [
    {
      name: 'Player0',
      id: 0,
      initialScore: 0,
      roundsWonCount: 0,
      totalRoundScore: 0,
      scoreBeforeFinalRules: 65,
      finalRuleAdjustment: 30,
      finalScore: 95,
      handCount: 0,
      finishOrder: 0,
      otherScoreSources: 65
    },
    {
      name: 'Player2',
      id: 2,
      initialScore: 0,
      roundsWonCount: 0,
      totalRoundScore: 0,
      scoreBeforeFinalRules: 93,
      finalRuleAdjustment: 0,
      finalScore: 93,
      handCount: 3,
      finishOrder: -1,
      otherScoreSources: 93
    },
    {
      name: 'Player1',
      id: 1,
      initialScore: 0,
      roundsWonCount: 0,
      totalRoundScore: 0,
      scoreBeforeFinalRules: 6,
      finalRuleAdjustment: 0,
      finalScore: 6,
      handCount: 4,
      finishOrder: -1,
      otherScoreSources: 6
    },
    {
      name: 'Player3',
      id: 3,
      initialScore: 0,
      roundsWonCount: 0,
      totalRoundScore: 0,
      scoreBeforeFinalRules: -69,
      finalRuleAdjustment: -30,
      finalScore: -99,
      handCount: 12,
      finishOrder: -1,
      otherScoreSources: -69
    }
  ],
  summary: {
    totalInitialScore: 0,
    totalRoundScore: 0,
    totalFinalRuleAdjustment: 0,
    totalOtherScoreSources: 95,
    totalFinalScore: 95,
    expectedTotal: 0
  },
  allRoundsInfo: [
    { playerName: 'Player0', roundsWon: [] },
    { playerName: 'Player2', roundsWon: [] },
    { playerName: 'Player1', roundsWon: [] },
    { playerName: 'Player3', roundsWon: [] }
  ]
}
[ScoreValidation] ⚠️ 分数总和不为0！总和=95 {
  totalScore: 95,
  playerCount: 4,
  finishOrderLength: 1,
  finishOrder: [ 0 ],
  missingInRankings: [],
  missingInFinishOrder: [ 2, 1, 3 ],
  playerDetails: [
    {
      name: 'Player0',
      id: 0,
      initialScore: 0,
      roundsWonCount: 0,
      totalRoundScore: 0,
      scoreBeforeFinalRules: 65,
      finalRuleAdjustment: 30,
      finalScore: 95,
      handCount: 0,
      finishOrder: 0,
      otherScoreSources: 65
    },
    {
      name: 'Player2',
      id: 2,
      initialScore: 0,
      roundsWonCount: 0,
      totalRoundScore: 0,
      scoreBeforeFinalRules: 93,
      finalRuleAdjustment: 0,
      finalScore: 93,
      handCount: 3,
      finishOrder: -1,
      otherScoreSources: 93
    },
    {
      name: 'Player1',
      id: 1,
      initialScore: 0,
      roundsWonCount: 0,
      totalRoundScore: 0,
      scoreBeforeFinalRules: 6,
      finalRuleAdjustment: 0,
      finalScore: 6,
      handCount: 4,
      finishOrder: -1,
      otherScoreSources: 6
    },
    {
      name: 'Player3',
      id: 3,
      initialScore: 0,
      roundsWonCount: 0,
      totalRoundScore: 0,
      scoreBeforeFinalRules: -69,
      finalRuleAdjustment: -30,
      finalScore: -99,
      handCount: 12,
      finishOrder: -1,
      otherScoreSources: -69
    }
  ],
  summary: {
    totalInitialScore: 0,
    totalRoundScore: 0,
    totalFinalRuleAdjustment: 0,
    totalOtherScoreSources: 95,
    totalFinalScore: 95,
    expectedTotal: 0
  },
  allRoundsInfo: [
    { playerName: 'Player0', roundsWon: [] },
    { playerName: 'Player2', roundsWon: [] },
    { playerName: 'Player1', roundsWon: [] },
    { playerName: 'Player3', roundsWon: [] }
  ]
}
[ScoreValidation] ⚠️ 分数总和不为0！总和=-12 {
  totalScore: -12,
  playerCount: 4,
  finishOrderLength: 0,
  finishOrder: [],
  missingInRankings: [],
  missingInFinishOrder: [ 1, 2, 3, 0 ],
  playerDetails: [
    {
      name: 'Player1',
      id: 1,
      initialScore: 0,
      roundsWonCount: 0,
      totalRoundScore: 0,
      scoreBeforeFinalRules: 96,
      finalRuleAdjustment: 0,
      finalScore: 96,
      handCount: 7,
      finishOrder: -1,
      otherScoreSources: 96
    },
    {
      name: 'Player2',
      id: 2,
      initialScore: 0,
      roundsWonCount: 0,
      totalRoundScore: 0,
      scoreBeforeFinalRules: 25,
      finalRuleAdjustment: -30,
      finalScore: -5,
      handCount: 13,
      finishOrder: -1,
      otherScoreSources: 25
    },
    {
      name: 'Player3',
      id: 3,
      initialScore: 0,
      roundsWonCount: 0,
      totalRoundScore: 0,
      scoreBeforeFinalRules: -39,
      finalRuleAdjustment: 30,
      finalScore: -9,
      handCount: 2,
      finishOrder: -1,
      otherScoreSources: -39
    },
    {
      name: 'Player0',
      id: 0,
      initialScore: 0,
      roundsWonCount: 0,
      totalRoundScore: 0,
      scoreBeforeFinalRules: -94,
      finalRuleAdjustment: 0,
      finalScore: -94,
      handCount: 4,
      finishOrder: -1,
      otherScoreSources: -94
    }
  ],
  summary: {
    totalInitialScore: 0,
    totalRoundScore: 0,
    totalFinalRuleAdjustment: 0,
    totalOtherScoreSources: -12,
    totalFinalScore: -12,
    expectedTotal: 0
  },
  allRoundsInfo: [
    { playerName: 'Player1', roundsWon: [] },
    { playerName: 'Player2', roundsWon: [] },
    { playerName: 'Player3', roundsWon: [] },
    { playerName: 'Player0', roundsWon: [] }
  ]
}
[ScoreValidation] ⚠️ 分数总和不为0！总和=-12 {
  totalScore: -12,
  playerCount: 4,
  finishOrderLength: 0,
  finishOrder: [],
  missingInRankings: [],
  missingInFinishOrder: [ 1, 2, 3, 0 ],
  playerDetails: [
    {
      name: 'Player1',
      id: 1,
      initialScore: 0,
      roundsWonCount: 0,
      totalRoundScore: 0,
      scoreBeforeFinalRules: 96,
      finalRuleAdjustment: 0,
      finalScore: 96,
      handCount: 7,
      finishOrder: -1,
      otherScoreSources: 96
    },
    {
      name: 'Player2',
      id: 2,
      initialScore: 0,
      roundsWonCount: 0,
      totalRoundScore: 0,
      scoreBeforeFinalRules: 25,
      finalRuleAdjustment: -30,
      finalScore: -5,
      handCount: 13,
      finishOrder: -1,
      otherScoreSources: 25
    },
    {
      name: 'Player3',
      id: 3,
      initialScore: 0,
      roundsWonCount: 0,
      totalRoundScore: 0,
      scoreBeforeFinalRules: -39,
      finalRuleAdjustment: 30,
      finalScore: -9,
      handCount: 2,
      finishOrder: -1,
      otherScoreSources: -39
    },
    {
      name: 'Player0',
      id: 0,
      initialScore: 0,
      roundsWonCount: 0,
      totalRoundScore: 0,
      scoreBeforeFinalRules: -94,
      finalRuleAdjustment: 0,
      finalScore: -94,
      handCount: 4,
      finishOrder: -1,
      otherScoreSources: -94
    }
  ],
  summary: {
    totalInitialScore: 0,
    totalRoundScore: 0,
    totalFinalRuleAdjustment: 0,
    totalOtherScoreSources: -12,
    totalFinalScore: -12,
    expectedTotal: 0
  },
  allRoundsInfo: [
    { playerName: 'Player1', roundsWon: [] },
    { playerName: 'Player2', roundsWon: [] },
    { playerName: 'Player3', roundsWon: [] },
    { playerName: 'Player0', roundsWon: [] }
  ]
}
[ScoreValidation] ⚠️ 分数总和不为0！总和=-25 {
  totalScore: -25,
  playerCount: 2,
  finishOrderLength: 0,
  finishOrder: [],
  missingInRankings: [],
  missingInFinishOrder: [ 1, 0 ],
  playerDetails: [
    {
      name: 'Player1',
      id: 1,
      initialScore: 0,
      roundsWonCount: 0,
      totalRoundScore: 0,
      scoreBeforeFinalRules: 65,
      finalRuleAdjustment: 30,
      finalScore: 95,
      handCount: 8,
      finishOrder: -1,
      otherScoreSources: 65
    },
    {
      name: 'Player0',
      id: 0,
      initialScore: 0,
      roundsWonCount: 0,
      totalRoundScore: 0,
      scoreBeforeFinalRules: -90,
      finalRuleAdjustment: -30,
      finalScore: -120,
      handCount: 13,
      finishOrder: -1,
      otherScoreSources: -90
    }
  ],
  summary: {
    totalInitialScore: 0,
    totalRoundScore: 0,
    totalFinalRuleAdjustment: 0,
    totalOtherScoreSources: -25,
    totalFinalScore: -25,
    expectedTotal: 0
  },
  allRoundsInfo: [
    { playerName: 'Player1', roundsWon: [] },
    { playerName: 'Player0', roundsWon: [] }
  ]
}
[ScoreValidation] ⚠️ 分数总和不为0！总和=-25 {
  totalScore: -25,
  playerCount: 2,
  finishOrderLength: 0,
  finishOrder: [],
  missingInRankings: [],
  missingInFinishOrder: [ 1, 0 ],
  playerDetails: [
    {
      name: 'Player1',
      id: 1,
      initialScore: 0,
      roundsWonCount: 0,
      totalRoundScore: 0,
      scoreBeforeFinalRules: 65,
      finalRuleAdjustment: 30,
      finalScore: 95,
      handCount: 8,
      finishOrder: -1,
      otherScoreSources: 65
    },
    {
      name: 'Player0',
      id: 0,
      initialScore: 0,
      roundsWonCount: 0,
      totalRoundScore: 0,
      scoreBeforeFinalRules: -90,
      finalRuleAdjustment: -30,
      finalScore: -120,
      handCount: 13,
      finishOrder: -1,
      otherScoreSources: -90
    }
  ],
  summary: {
    totalInitialScore: 0,
    totalRoundScore: 0,
    totalFinalRuleAdjustment: 0,
    totalOtherScoreSources: -25,
    totalFinalScore: -25,
    expectedTotal: 0
  },
  allRoundsInfo: [
    { playerName: 'Player1', roundsWon: [] },
    { playerName: 'Player0', roundsWon: [] }
  ]
}
[ScoreValidation] ⚠️ 分数总和不为0！总和=-221 {
  totalScore: -221,
  playerCount: 4,
  finishOrderLength: 0,
  finishOrder: [],
  missingInRankings: [],
  missingInFinishOrder: [ 1, 3, 0, 2 ],
  playerDetails: [
    {
      name: 'Player1',
      id: 1,
      initialScore: 0,
      roundsWonCount: 0,
      totalRoundScore: 0,
      scoreBeforeFinalRules: -1,
      finalRuleAdjustment: 0,
      finalScore: -1,
      handCount: 4,
      finishOrder: -1,
      otherScoreSources: -1
    },
    {
      name: 'Player3',
      id: 3,
      initialScore: 0,
      roundsWonCount: 0,
      totalRoundScore: 0,
      scoreBeforeFinalRules: -63,
      finalRuleAdjustment: 0,
      finalScore: -63,
      handCount: 9,
      finishOrder: -1,
      otherScoreSources: -63
    },
    {
      name: 'Player0',
      id: 0,
      initialScore: 0,
      roundsWonCount: 0,
      totalRoundScore: 0,
      scoreBeforeFinalRules: -98,
      finalRuleAdjustment: 30,
      finalScore: -68,
      handCount: 1,
      finishOrder: -1,
      otherScoreSources: -98
    },
    {
      name: 'Player2',
      id: 2,
      initialScore: 0,
      roundsWonCount: 0,
      totalRoundScore: 0,
      scoreBeforeFinalRules: -59,
      finalRuleAdjustment: -30,
      finalScore: -89,
      handCount: 10,
      finishOrder: -1,
      otherScoreSources: -59
    }
  ],
  summary: {
    totalInitialScore: 0,
    totalRoundScore: 0,
    totalFinalRuleAdjustment: 0,
    totalOtherScoreSources: -221,
    totalFinalScore: -221,
    expectedTotal: 0
  },
  allRoundsInfo: [
    { playerName: 'Player1', roundsWon: [] },
    { playerName: 'Player3', roundsWon: [] },
    { playerName: 'Player0', roundsWon: [] },
    { playerName: 'Player2', roundsWon: [] }
  ]
}
[ScoreValidation] ⚠️ 分数总和不为0！总和=-221 {
  totalScore: -221,
  playerCount: 4,
  finishOrderLength: 0,
  finishOrder: [],
  missingInRankings: [],
  missingInFinishOrder: [ 1, 3, 0, 2 ],
  playerDetails: [
    {
      name: 'Player1',
      id: 1,
      initialScore: 0,
      roundsWonCount: 0,
      totalRoundScore: 0,
      scoreBeforeFinalRules: -1,
      finalRuleAdjustment: 0,
      finalScore: -1,
      handCount: 4,
      finishOrder: -1,
      otherScoreSources: -1
    },
    {
      name: 'Player3',
      id: 3,
      initialScore: 0,
      roundsWonCount: 0,
      totalRoundScore: 0,
      scoreBeforeFinalRules: -63,
      finalRuleAdjustment: 0,
      finalScore: -63,
      handCount: 9,
      finishOrder: -1,
      otherScoreSources: -63
    },
    {
      name: 'Player0',
      id: 0,
      initialScore: 0,
      roundsWonCount: 0,
      totalRoundScore: 0,
      scoreBeforeFinalRules: -98,
      finalRuleAdjustment: 30,
      finalScore: -68,
      handCount: 1,
      finishOrder: -1,
      otherScoreSources: -98
    },
    {
      name: 'Player2',
      id: 2,
      initialScore: 0,
      roundsWonCount: 0,
      totalRoundScore: 0,
      scoreBeforeFinalRules: -59,
      finalRuleAdjustment: -30,
      finalScore: -89,
      handCount: 10,
      finishOrder: -1,
      otherScoreSources: -59
    }
  ],
  summary: {
    totalInitialScore: 0,
    totalRoundScore: 0,
    totalFinalRuleAdjustment: 0,
    totalOtherScoreSources: -221,
    totalFinalScore: -221,
    expectedTotal: 0
  },
  allRoundsInfo: [
    { playerName: 'Player1', roundsWon: [] },
    { playerName: 'Player3', roundsWon: [] },
    { playerName: 'Player0', roundsWon: [] },
    { playerName: 'Player2', roundsWon: [] }
  ]
}
[ScoreValidation] ⚠️ 分数总和不为0！总和=202 {
  totalScore: 202,
  playerCount: 6,
  finishOrderLength: 0,
  finishOrder: [],
  missingInRankings: [],
  missingInFinishOrder: [ 3, 2, 0, 1, 5, 4 ],
  playerDetails: [
    {
      name: 'Player3',
      id: 3,
      initialScore: 0,
      roundsWonCount: 0,
      totalRoundScore: 0,
      scoreBeforeFinalRules: 87,
      finalRuleAdjustment: 30,
      finalScore: 117,
      handCount: 3,
      finishOrder: -1,
      otherScoreSources: 87
    },
    {
      name: 'Player2',
      id: 2,
      initialScore: 0,
      roundsWonCount: 0,
      totalRoundScore: 0,
      scoreBeforeFinalRules: 88,
      finalRuleAdjustment: 0,
      finalScore: 88,
      handCount: 5,
      finishOrder: -1,
      otherScoreSources: 88
    },
    {
      name: 'Player0',
      id: 0,
      initialScore: 0,
      roundsWonCount: 0,
      totalRoundScore: 0,
      scoreBeforeFinalRules: 15,
      finalRuleAdjustment: 0,
      finalScore: 15,
      handCount: 9,
      finishOrder: -1,
      otherScoreSources: 15
    },
    {
      name: 'Player1',
      id: 1,
      initialScore: 0,
      roundsWonCount: 0,
      totalRoundScore: 0,
      scoreBeforeFinalRules: 14,
      finalRuleAdjustment: 0,
      finalScore: 14,
      handCount: 11,
      finishOrder: -1,
      otherScoreSources: 14
    },
    {
      name: 'Player5',
      id: 5,
      initialScore: 0,
      roundsWonCount: 0,
      totalRoundScore: 0,
      scoreBeforeFinalRules: 42,
      finalRuleAdjustment: -30,
      finalScore: 12,
      handCount: 11,
      finishOrder: -1,
      otherScoreSources: 42
    },
    {
      name: 'Player4',
      id: 4,
      initialScore: 0,
      roundsWonCount: 0,
      totalRoundScore: 0,
      scoreBeforeFinalRules: -44,
      finalRuleAdjustment: 0,
      finalScore: -44,
      handCount: 3,
      finishOrder: -1,
      otherScoreSources: -44
    }
  ],
  summary: {
    totalInitialScore: 0,
    totalRoundScore: 0,
    totalFinalRuleAdjustment: 0,
    totalOtherScoreSources: 202,
    totalFinalScore: 202,
    expectedTotal: 0
  },
  allRoundsInfo: [
    { playerName: 'Player3', roundsWon: [] },
    { playerName: 'Player2', roundsWon: [] },
    { playerName: 'Player0', roundsWon: [] },
    { playerName: 'Player1', roundsWon: [] },
    { playerName: 'Player5', roundsWon: [] },
    { playerName: 'Player4', roundsWon: [] }
  ]
}
[ScoreValidation] ⚠️ 分数总和不为0！总和=202 {
  totalScore: 202,
  playerCount: 6,
  finishOrderLength: 0,
  finishOrder: [],
  missingInRankings: [],
  missingInFinishOrder: [ 3, 2, 0, 1, 5, 4 ],
  playerDetails: [
    {
      name: 'Player3',
      id: 3,
      initialScore: 0,
      roundsWonCount: 0,
      totalRoundScore: 0,
      scoreBeforeFinalRules: 87,
      finalRuleAdjustment: 30,
      finalScore: 117,
      handCount: 3,
      finishOrder: -1,
      otherScoreSources: 87
    },
    {
      name: 'Player2',
      id: 2,
      initialScore: 0,
      roundsWonCount: 0,
      totalRoundScore: 0,
      scoreBeforeFinalRules: 88,
      finalRuleAdjustment: 0,
      finalScore: 88,
      handCount: 5,
      finishOrder: -1,
      otherScoreSources: 88
    },
    {
      name: 'Player0',
      id: 0,
      initialScore: 0,
      roundsWonCount: 0,
      totalRoundScore: 0,
      scoreBeforeFinalRules: 15,
      finalRuleAdjustment: 0,
      finalScore: 15,
      handCount: 9,
      finishOrder: -1,
      otherScoreSources: 15
    },
    {
      name: 'Player1',
      id: 1,
      initialScore: 0,
      roundsWonCount: 0,
      totalRoundScore: 0,
      scoreBeforeFinalRules: 14,
      finalRuleAdjustment: 0,
      finalScore: 14,
      handCount: 11,
      finishOrder: -1,
      otherScoreSources: 14
    },
    {
      name: 'Player5',
      id: 5,
      initialScore: 0,
      roundsWonCount: 0,
      totalRoundScore: 0,
      scoreBeforeFinalRules: 42,
      finalRuleAdjustment: -30,
      finalScore: 12,
      handCount: 11,
      finishOrder: -1,
      otherScoreSources: 42
    },
    {
      name: 'Player4',
      id: 4,
      initialScore: 0,
      roundsWonCount: 0,
      totalRoundScore: 0,
      scoreBeforeFinalRules: -44,
      finalRuleAdjustment: 0,
      finalScore: -44,
      handCount: 3,
      finishOrder: -1,
      otherScoreSources: -44
    }
  ],
  summary: {
    totalInitialScore: 0,
    totalRoundScore: 0,
    totalFinalRuleAdjustment: 0,
    totalOtherScoreSources: 202,
    totalFinalScore: 202,
    expectedTotal: 0
  },
  allRoundsInfo: [
    { playerName: 'Player3', roundsWon: [] },
    { playerName: 'Player2', roundsWon: [] },
    { playerName: 'Player0', roundsWon: [] },
    { playerName: 'Player1', roundsWon: [] },
    { playerName: 'Player5', roundsWon: [] },
    { playerName: 'Player4', roundsWon: [] }
  ]
}
[ScoreValidation] ⚠️ 分数总和不为0！总和=130 {
  totalScore: 130,
  playerCount: 4,
  finishOrderLength: 0,
  finishOrder: [],
  missingInRankings: [],
  missingInFinishOrder: [ 0, 3, 1, 2 ],
  playerDetails: [
    {
      name: 'Player0',
      id: 0,
      initialScore: 0,
      roundsWonCount: 0,
      totalRoundScore: 0,
      scoreBeforeFinalRules: 81,
      finalRuleAdjustment: 30,
      finalScore: 111,
      handCount: 3,
      finishOrder: -1,
      otherScoreSources: 81
    },
    {
      name: 'Player3',
      id: 3,
      initialScore: 0,
      roundsWonCount: 0,
      totalRoundScore: 0,
      scoreBeforeFinalRules: 88,
      finalRuleAdjustment: -30,
      finalScore: 58,
      handCount: 3,
      finishOrder: -1,
      otherScoreSources: 88
    },
    {
      name: 'Player1',
      id: 1,
      initialScore: 0,
      roundsWonCount: 0,
      totalRoundScore: 0,
      scoreBeforeFinalRules: 21,
      finalRuleAdjustment: 0,
      finalScore: 21,
      handCount: 3,
      finishOrder: -1,
      otherScoreSources: 21
    },
    {
      name: 'Player2',
      id: 2,
      initialScore: 0,
      roundsWonCount: 0,
      totalRoundScore: 0,
      scoreBeforeFinalRules: -60,
      finalRuleAdjustment: 0,
      finalScore: -60,
      handCount: 3,
      finishOrder: -1,
      otherScoreSources: -60
    }
  ],
  summary: {
    totalInitialScore: 0,
    totalRoundScore: 0,
    totalFinalRuleAdjustment: 0,
    totalOtherScoreSources: 130,
    totalFinalScore: 130,
    expectedTotal: 0
  },
  allRoundsInfo: [
    { playerName: 'Player0', roundsWon: [] },
    { playerName: 'Player3', roundsWon: [] },
    { playerName: 'Player1', roundsWon: [] },
    { playerName: 'Player2', roundsWon: [] }
  ]
}
[ScoreValidation] ⚠️ 分数总和不为0！总和=130 {
  totalScore: 130,
  playerCount: 4,
  finishOrderLength: 0,
  finishOrder: [],
  missingInRankings: [],
  missingInFinishOrder: [ 0, 3, 1, 2 ],
  playerDetails: [
    {
      name: 'Player0',
      id: 0,
      initialScore: 0,
      roundsWonCount: 0,
      totalRoundScore: 0,
      scoreBeforeFinalRules: 81,
      finalRuleAdjustment: 30,
      finalScore: 111,
      handCount: 3,
      finishOrder: -1,
      otherScoreSources: 81
    },
    {
      name: 'Player3',
      id: 3,
      initialScore: 0,
      roundsWonCount: 0,
      totalRoundScore: 0,
      scoreBeforeFinalRules: 88,
      finalRuleAdjustment: -30,
      finalScore: 58,
      handCount: 3,
      finishOrder: -1,
      otherScoreSources: 88
    },
    {
      name: 'Player1',
      id: 1,
      initialScore: 0,
      roundsWonCount: 0,
      totalRoundScore: 0,
      scoreBeforeFinalRules: 21,
      finalRuleAdjustment: 0,
      finalScore: 21,
      handCount: 3,
      finishOrder: -1,
      otherScoreSources: 21
    },
    {
      name: 'Player2',
      id: 2,
      initialScore: 0,
      roundsWonCount: 0,
      totalRoundScore: 0,
      scoreBeforeFinalRules: -60,
      finalRuleAdjustment: 0,
      finalScore: -60,
      handCount: 3,
      finishOrder: -1,
      otherScoreSources: -60
    }
  ],
  summary: {
    totalInitialScore: 0,
    totalRoundScore: 0,
    totalFinalRuleAdjustment: 0,
    totalOtherScoreSources: 130,
    totalFinalScore: 130,
    expectedTotal: 0
  },
  allRoundsInfo: [
    { playerName: 'Player0', roundsWon: [] },
    { playerName: 'Player3', roundsWon: [] },
    { playerName: 'Player1', roundsWon: [] },
    { playerName: 'Player2', roundsWon: [] }
  ]
}
[ScoreValidation] ⚠️ 分数总和不为0！总和=-73 {
  totalScore: -73,
  playerCount: 2,
  finishOrderLength: 0,
  finishOrder: [],
  missingInRankings: [],
  missingInFinishOrder: [ 0, 1 ],
  playerDetails: [
    {
      name: 'Player0',
      id: 0,
      initialScore: 0,
      roundsWonCount: 0,
      totalRoundScore: 0,
      scoreBeforeFinalRules: -4,
      finalRuleAdjustment: 30,
      finalScore: 26,
      handCount: 3,
      finishOrder: -1,
      otherScoreSources: -4
    },
    {
      name: 'Player1',
      id: 1,
      initialScore: 0,
      roundsWonCount: 0,
      totalRoundScore: 0,
      scoreBeforeFinalRules: -69,
      finalRuleAdjustment: -30,
      finalScore: -99,
      handCount: 3,
      finishOrder: -1,
      otherScoreSources: -69
    }
  ],
  summary: {
    totalInitialScore: 0,
    totalRoundScore: 0,
    totalFinalRuleAdjustment: 0,
    totalOtherScoreSources: -73,
    totalFinalScore: -73,
    expectedTotal: 0
  },
  allRoundsInfo: [
    { playerName: 'Player0', roundsWon: [] },
    { playerName: 'Player1', roundsWon: [] }
  ]
}
[ScoreValidation] ⚠️ 分数总和不为0！总和=-73 {
  totalScore: -73,
  playerCount: 2,
  finishOrderLength: 0,
  finishOrder: [],
  missingInRankings: [],
  missingInFinishOrder: [ 0, 1 ],
  playerDetails: [
    {
      name: 'Player0',
      id: 0,
      initialScore: 0,
      roundsWonCount: 0,
      totalRoundScore: 0,
      scoreBeforeFinalRules: -4,
      finalRuleAdjustment: 30,
      finalScore: 26,
      handCount: 3,
      finishOrder: -1,
      otherScoreSources: -4
    },
    {
      name: 'Player1',
      id: 1,
      initialScore: 0,
      roundsWonCount: 0,
      totalRoundScore: 0,
      scoreBeforeFinalRules: -69,
      finalRuleAdjustment: -30,
      finalScore: -99,
      handCount: 3,
      finishOrder: -1,
      otherScoreSources: -69
    }
  ],
  summary: {
    totalInitialScore: 0,
    totalRoundScore: 0,
    totalFinalRuleAdjustment: 0,
    totalOtherScoreSources: -73,
    totalFinalScore: -73,
    expectedTotal: 0
  },
  allRoundsInfo: [
    { playerName: 'Player0', roundsWon: [] },
    { playerName: 'Player1', roundsWon: [] }
  ]
}
[ScoreValidation] ⚠️ 分数总和不为0！总和=-287 {
  totalScore: -287,
  playerCount: 6,
  finishOrderLength: 1,
  finishOrder: [ 2 ],
  missingInRankings: [],
  missingInFinishOrder: [ 3, 0, 4, 1, 5 ],
  playerDetails: [
    {
      name: 'Player2',
      id: 2,
      initialScore: 0,
      roundsWonCount: 0,
      totalRoundScore: 0,
      scoreBeforeFinalRules: 28,
      finalRuleAdjustment: 30,
      finalScore: 58,
      handCount: 0,
      finishOrder: 0,
      otherScoreSources: 28
    },
    {
      name: 'Player3',
      id: 3,
      initialScore: 0,
      roundsWonCount: 0,
      totalRoundScore: 0,
      scoreBeforeFinalRules: 6,
      finalRuleAdjustment: 0,
      finalScore: 6,
      handCount: 1,
      finishOrder: -1,
      otherScoreSources: 6
    },
    {
      name: 'Player0',
      id: 0,
      initialScore: 0,
      roundsWonCount: 0,
      totalRoundScore: 0,
      scoreBeforeFinalRules: -38,
      finalRuleAdjustment: 0,
      finalScore: -38,
      handCount: 13,
      finishOrder: -1,
      otherScoreSources: -38
    },
    {
      name: 'Player4',
      id: 4,
      initialScore: 0,
      roundsWonCount: 0,
      totalRoundScore: 0,
      scoreBeforeFinalRules: -98,
      finalRuleAdjustment: 0,
      finalScore: -98,
      handCount: 4,
      finishOrder: -1,
      otherScoreSources: -98
    },
    {
      name: 'Player1',
      id: 1,
      initialScore: 0,
      roundsWonCount: 0,
      totalRoundScore: 0,
      scoreBeforeFinalRules: -99,
      finalRuleAdjustment: 0,
      finalScore: -99,
      handCount: 9,
      finishOrder: -1,
      otherScoreSources: -99
    },
    {
      name: 'Player5',
      id: 5,
      initialScore: 0,
      roundsWonCount: 0,
      totalRoundScore: 0,
      scoreBeforeFinalRules: -86,
      finalRuleAdjustment: -30,
      finalScore: -116,
      handCount: 13,
      finishOrder: -1,
      otherScoreSources: -86
    }
  ],
  summary: {
    totalInitialScore: 0,
    totalRoundScore: 0,
    totalFinalRuleAdjustment: 0,
    totalOtherScoreSources: -287,
    totalFinalScore: -287,
    expectedTotal: 0
  },
  allRoundsInfo: [
    { playerName: 'Player2', roundsWon: [] },
    { playerName: 'Player3', roundsWon: [] },
    { playerName: 'Player0', roundsWon: [] },
    { playerName: 'Player4', roundsWon: [] },
    { playerName: 'Player1', roundsWon: [] },
    { playerName: 'Player5', roundsWon: [] }
  ]
}
[ScoreValidation] ⚠️ 分数总和不为0！总和=-287 {
  totalScore: -287,
  playerCount: 6,
  finishOrderLength: 1,
  finishOrder: [ 2 ],
  missingInRankings: [],
  missingInFinishOrder: [ 3, 0, 4, 1, 5 ],
  playerDetails: [
    {
      name: 'Player2',
      id: 2,
      initialScore: 0,
      roundsWonCount: 0,
      totalRoundScore: 0,
      scoreBeforeFinalRules: 28,
      finalRuleAdjustment: 30,
      finalScore: 58,
      handCount: 0,
      finishOrder: 0,
      otherScoreSources: 28
    },
    {
      name: 'Player3',
      id: 3,
      initialScore: 0,
      roundsWonCount: 0,
      totalRoundScore: 0,
      scoreBeforeFinalRules: 6,
      finalRuleAdjustment: 0,
      finalScore: 6,
      handCount: 1,
      finishOrder: -1,
      otherScoreSources: 6
    },
    {
      name: 'Player0',
      id: 0,
      initialScore: 0,
      roundsWonCount: 0,
      totalRoundScore: 0,
      scoreBeforeFinalRules: -38,
      finalRuleAdjustment: 0,
      finalScore: -38,
      handCount: 13,
      finishOrder: -1,
      otherScoreSources: -38
    },
    {
      name: 'Player4',
      id: 4,
      initialScore: 0,
      roundsWonCount: 0,
      totalRoundScore: 0,
      scoreBeforeFinalRules: -98,
      finalRuleAdjustment: 0,
      finalScore: -98,
      handCount: 4,
      finishOrder: -1,
      otherScoreSources: -98
    },
    {
      name: 'Player1',
      id: 1,
      initialScore: 0,
      roundsWonCount: 0,
      totalRoundScore: 0,
      scoreBeforeFinalRules: -99,
      finalRuleAdjustment: 0,
      finalScore: -99,
      handCount: 9,
      finishOrder: -1,
      otherScoreSources: -99
    },
    {
      name: 'Player5',
      id: 5,
      initialScore: 0,
      roundsWonCount: 0,
      totalRoundScore: 0,
      scoreBeforeFinalRules: -86,
      finalRuleAdjustment: -30,
      finalScore: -116,
      handCount: 13,
      finishOrder: -1,
      otherScoreSources: -86
    }
  ],
  summary: {
    totalInitialScore: 0,
    totalRoundScore: 0,
    totalFinalRuleAdjustment: 0,
    totalOtherScoreSources: -287,
    totalFinalScore: -287,
    expectedTotal: 0
  },
  allRoundsInfo: [
    { playerName: 'Player2', roundsWon: [] },
    { playerName: 'Player3', roundsWon: [] },
    { playerName: 'Player0', roundsWon: [] },
    { playerName: 'Player4', roundsWon: [] },
    { playerName: 'Player1', roundsWon: [] },
    { playerName: 'Player5', roundsWon: [] }
  ]
}
[ScoreValidation] ⚠️ 分数总和不为0！总和=23 {
  totalScore: 23,
  playerCount: 4,
  finishOrderLength: 2,
  finishOrder: [ 1, 2 ],
  missingInRankings: [],
  missingInFinishOrder: [ 0, 3 ],
  playerDetails: [
    {
      name: 'Player1',
      id: 1,
      initialScore: 0,
      roundsWonCount: 0,
      totalRoundScore: 0,
      scoreBeforeFinalRules: 54,
      finalRuleAdjustment: 30,
      finalScore: 84,
      handCount: 0,
      finishOrder: 0,
      otherScoreSources: 54
    },
    {
      name: 'Player0',
      id: 0,
      initialScore: 0,
      roundsWonCount: 0,
      totalRoundScore: 0,
      scoreBeforeFinalRules: 68,
      finalRuleAdjustment: -30,
      finalScore: 38,
      handCount: 12,
      finishOrder: -1,
      otherScoreSources: 68
    },
    {
      name: 'Player3',
      id: 3,
      initialScore: 0,
      roundsWonCount: 0,
      totalRoundScore: 0,
      scoreBeforeFinalRules: -26,
      finalRuleAdjustment: 0,
      finalScore: -26,
      handCount: 1,
      finishOrder: -1,
      otherScoreSources: -26
    },
    {
      name: 'Player2',
      id: 2,
      initialScore: 0,
      roundsWonCount: 0,
      totalRoundScore: 0,
      scoreBeforeFinalRules: -73,
      finalRuleAdjustment: 0,
      finalScore: -73,
      handCount: 0,
      finishOrder: 1,
      otherScoreSources: -73
    }
  ],
  summary: {
    totalInitialScore: 0,
    totalRoundScore: 0,
    totalFinalRuleAdjustment: 0,
    totalOtherScoreSources: 23,
    totalFinalScore: 23,
    expectedTotal: 0
  },
  allRoundsInfo: [
    { playerName: 'Player1', roundsWon: [] },
    { playerName: 'Player0', roundsWon: [] },
    { playerName: 'Player3', roundsWon: [] },
    { playerName: 'Player2', roundsWon: [] }
  ]
}
[ScoreValidation] ⚠️ 分数总和不为0！总和=23 {
  totalScore: 23,
  playerCount: 4,
  finishOrderLength: 2,
  finishOrder: [ 1, 2 ],
  missingInRankings: [],
  missingInFinishOrder: [ 0, 3 ],
  playerDetails: [
    {
      name: 'Player1',
      id: 1,
      initialScore: 0,
      roundsWonCount: 0,
      totalRoundScore: 0,
      scoreBeforeFinalRules: 54,
      finalRuleAdjustment: 30,
      finalScore: 84,
      handCount: 0,
      finishOrder: 0,
      otherScoreSources: 54
    },
    {
      name: 'Player0',
      id: 0,
      initialScore: 0,
      roundsWonCount: 0,
      totalRoundScore: 0,
      scoreBeforeFinalRules: 68,
      finalRuleAdjustment: -30,
      finalScore: 38,
      handCount: 12,
      finishOrder: -1,
      otherScoreSources: 68
    },
    {
      name: 'Player3',
      id: 3,
      initialScore: 0,
      roundsWonCount: 0,
      totalRoundScore: 0,
      scoreBeforeFinalRules: -26,
      finalRuleAdjustment: 0,
      finalScore: -26,
      handCount: 1,
      finishOrder: -1,
      otherScoreSources: -26
    },
    {
      name: 'Player2',
      id: 2,
      initialScore: 0,
      roundsWonCount: 0,
      totalRoundScore: 0,
      scoreBeforeFinalRules: -73,
      finalRuleAdjustment: 0,
      finalScore: -73,
      handCount: 0,
      finishOrder: 1,
      otherScoreSources: -73
    }
  ],
  summary: {
    totalInitialScore: 0,
    totalRoundScore: 0,
    totalFinalRuleAdjustment: 0,
    totalOtherScoreSources: 23,
    totalFinalScore: 23,
    expectedTotal: 0
  },
  allRoundsInfo: [
    { playerName: 'Player1', roundsWon: [] },
    { playerName: 'Player0', roundsWon: [] },
    { playerName: 'Player3', roundsWon: [] },
    { playerName: 'Player2', roundsWon: [] }
  ]
}
[ScoreValidation] ⚠️ 分数总和不为0！总和=-6 {
  totalScore: -6,
  playerCount: 2,
  finishOrderLength: 1,
  finishOrder: [ 1 ],
  missingInRankings: [],
  missingInFinishOrder: [ 0 ],
  playerDetails: [
    {
      name: 'Player1',
      id: 1,
      initialScore: 0,
      roundsWonCount: 0,
      totalRoundScore: 0,
      scoreBeforeFinalRules: -9,
      finalRuleAdjustment: 30,
      finalScore: 21,
      handCount: 0,
      finishOrder: 0,
      otherScoreSources: -9
    },
    {
      name: 'Player0',
      id: 0,
      initialScore: 0,
      roundsWonCount: 0,
      totalRoundScore: 0,
      scoreBeforeFinalRules: 3,
      finalRuleAdjustment: -30,
      finalScore: -27,
      handCount: 8,
      finishOrder: -1,
      otherScoreSources: 3
    }
  ],
  summary: {
    totalInitialScore: 0,
    totalRoundScore: 0,
    totalFinalRuleAdjustment: 0,
    totalOtherScoreSources: -6,
    totalFinalScore: -6,
    expectedTotal: 0
  },
  allRoundsInfo: [
    { playerName: 'Player1', roundsWon: [] },
    { playerName: 'Player0', roundsWon: [] }
  ]
}
[ScoreValidation] ⚠️ 分数总和不为0！总和=-6 {
  totalScore: -6,
  playerCount: 2,
  finishOrderLength: 1,
  finishOrder: [ 1 ],
  missingInRankings: [],
  missingInFinishOrder: [ 0 ],
  playerDetails: [
    {
      name: 'Player1',
      id: 1,
      initialScore: 0,
      roundsWonCount: 0,
      totalRoundScore: 0,
      scoreBeforeFinalRules: -9,
      finalRuleAdjustment: 30,
      finalScore: 21,
      handCount: 0,
      finishOrder: 0,
      otherScoreSources: -9
    },
    {
      name: 'Player0',
      id: 0,
      initialScore: 0,
      roundsWonCount: 0,
      totalRoundScore: 0,
      scoreBeforeFinalRules: 3,
      finalRuleAdjustment: -30,
      finalScore: -27,
      handCount: 8,
      finishOrder: -1,
      otherScoreSources: 3
    }
  ],
  summary: {
    totalInitialScore: 0,
    totalRoundScore: 0,
    totalFinalRuleAdjustment: 0,
    totalOtherScoreSources: -6,
    totalFinalScore: -6,
    expectedTotal: 0
  },
  allRoundsInfo: [
    { playerName: 'Player1', roundsWon: [] },
    { playerName: 'Player0', roundsWon: [] }
  ]
}
[ScoreValidation] ⚠️ 分数总和不为0！总和=73 {
  totalScore: 73,
  playerCount: 4,
  finishOrderLength: 0,
  finishOrder: [],
  missingInRankings: [],
  missingInFinishOrder: [ 2, 3, 0, 1 ],
  playerDetails: [
    {
      name: 'Player2',
      id: 2,
      initialScore: 0,
      roundsWonCount: 0,
      totalRoundScore: 0,
      scoreBeforeFinalRules: 61,
      finalRuleAdjustment: 30,
      finalScore: 91,
      handCount: 2,
      finishOrder: -1,
      otherScoreSources: 61
    },
    {
      name: 'Player3',
      id: 3,
      initialScore: 0,
      roundsWonCount: 0,
      totalRoundScore: 0,
      scoreBeforeFinalRules: 68,
      finalRuleAdjustment: 0,
      finalScore: 68,
      handCount: 3,
      finishOrder: -1,
      otherScoreSources: 68
    },
    {
      name: 'Player0',
      id: 0,
      initialScore: 0,
      roundsWonCount: 0,
      totalRoundScore: 0,
      scoreBeforeFinalRules: -38,
      finalRuleAdjustment: 0,
      finalScore: -38,
      handCount: 4,
      finishOrder: -1,
      otherScoreSources: -38
    },
    {
      name: 'Player1',
      id: 1,
      initialScore: 0,
      roundsWonCount: 0,
      totalRoundScore: 0,
      scoreBeforeFinalRules: -18,
      finalRuleAdjustment: -30,
      finalScore: -48,
      handCount: 11,
      finishOrder: -1,
      otherScoreSources: -18
    }
  ],
  summary: {
    totalInitialScore: 0,
    totalRoundScore: 0,
    totalFinalRuleAdjustment: 0,
    totalOtherScoreSources: 73,
    totalFinalScore: 73,
    expectedTotal: 0
  },
  allRoundsInfo: [
    { playerName: 'Player2', roundsWon: [] },
    { playerName: 'Player3', roundsWon: [] },
    { playerName: 'Player0', roundsWon: [] },
    { playerName: 'Player1', roundsWon: [] }
  ]
}
[ScoreValidation] ⚠️ 分数总和不为0！总和=73 {
  totalScore: 73,
  playerCount: 4,
  finishOrderLength: 0,
  finishOrder: [],
  missingInRankings: [],
  missingInFinishOrder: [ 2, 3, 0, 1 ],
  playerDetails: [
    {
      name: 'Player2',
      id: 2,
      initialScore: 0,
      roundsWonCount: 0,
      totalRoundScore: 0,
      scoreBeforeFinalRules: 61,
      finalRuleAdjustment: 30,
      finalScore: 91,
      handCount: 2,
      finishOrder: -1,
      otherScoreSources: 61
    },
    {
      name: 'Player3',
      id: 3,
      initialScore: 0,
      roundsWonCount: 0,
      totalRoundScore: 0,
      scoreBeforeFinalRules: 68,
      finalRuleAdjustment: 0,
      finalScore: 68,
      handCount: 3,
      finishOrder: -1,
      otherScoreSources: 68
    },
    {
      name: 'Player0',
      id: 0,
      initialScore: 0,
      roundsWonCount: 0,
      totalRoundScore: 0,
      scoreBeforeFinalRules: -38,
      finalRuleAdjustment: 0,
      finalScore: -38,
      handCount: 4,
      finishOrder: -1,
      otherScoreSources: -38
    },
    {
      name: 'Player1',
      id: 1,
      initialScore: 0,
      roundsWonCount: 0,
      totalRoundScore: 0,
      scoreBeforeFinalRules: -18,
      finalRuleAdjustment: -30,
      finalScore: -48,
      handCount: 11,
      finishOrder: -1,
      otherScoreSources: -18
    }
  ],
  summary: {
    totalInitialScore: 0,
    totalRoundScore: 0,
    totalFinalRuleAdjustment: 0,
    totalOtherScoreSources: 73,
    totalFinalScore: 73,
    expectedTotal: 0
  },
  allRoundsInfo: [
    { playerName: 'Player2', roundsWon: [] },
    { playerName: 'Player3', roundsWon: [] },
    { playerName: 'Player0', roundsWon: [] },
    { playerName: 'Player1', roundsWon: [] }
  ]
}
[ScoreValidation] ⚠️ 分数总和不为0！总和=25 {
  totalScore: 25,
  playerCount: 2,
  finishOrderLength: 0,
  finishOrder: [],
  missingInRankings: [],
  missingInFinishOrder: [ 0, 1 ],
  playerDetails: [
    {
      name: 'Player0',
      id: 0,
      initialScore: 0,
      roundsWonCount: 0,
      totalRoundScore: 0,
      scoreBeforeFinalRules: 44,
      finalRuleAdjustment: -30,
      finalScore: 14,
      handCount: 13,
      finishOrder: -1,
      otherScoreSources: 44
    },
    {
      name: 'Player1',
      id: 1,
      initialScore: 0,
      roundsWonCount: 0,
      totalRoundScore: 0,
      scoreBeforeFinalRules: -19,
      finalRuleAdjustment: 30,
      finalScore: 11,
      handCount: 10,
      finishOrder: -1,
      otherScoreSources: -19
    }
  ],
  summary: {
    totalInitialScore: 0,
    totalRoundScore: 0,
    totalFinalRuleAdjustment: 0,
    totalOtherScoreSources: 25,
    totalFinalScore: 25,
    expectedTotal: 0
  },
  allRoundsInfo: [
    { playerName: 'Player0', roundsWon: [] },
    { playerName: 'Player1', roundsWon: [] }
  ]
}
[ScoreValidation] ⚠️ 分数总和不为0！总和=25 {
  totalScore: 25,
  playerCount: 2,
  finishOrderLength: 0,
  finishOrder: [],
  missingInRankings: [],
  missingInFinishOrder: [ 0, 1 ],
  playerDetails: [
    {
      name: 'Player0',
      id: 0,
      initialScore: 0,
      roundsWonCount: 0,
      totalRoundScore: 0,
      scoreBeforeFinalRules: 44,
      finalRuleAdjustment: -30,
      finalScore: 14,
      handCount: 13,
      finishOrder: -1,
      otherScoreSources: 44
    },
    {
      name: 'Player1',
      id: 1,
      initialScore: 0,
      roundsWonCount: 0,
      totalRoundScore: 0,
      scoreBeforeFinalRules: -19,
      finalRuleAdjustment: 30,
      finalScore: 11,
      handCount: 10,
      finishOrder: -1,
      otherScoreSources: -19
    }
  ],
  summary: {
    totalInitialScore: 0,
    totalRoundScore: 0,
    totalFinalRuleAdjustment: 0,
    totalOtherScoreSources: 25,
    totalFinalScore: 25,
    expectedTotal: 0
  },
  allRoundsInfo: [
    { playerName: 'Player0', roundsWon: [] },
    { playerName: 'Player1', roundsWon: [] }
  ]
}
[ScoreValidation] ⚠️ 分数总和不为0！总和=-1 {
  totalScore: -1,
  playerCount: 2,
  finishOrderLength: 0,
  finishOrder: [],
  missingInRankings: [],
  missingInFinishOrder: [ 0, 1 ],
  playerDetails: [
    {
      name: 'Player0',
      id: 0,
      initialScore: 0,
      roundsWonCount: 0,
      totalRoundScore: 0,
      scoreBeforeFinalRules: 53,
      finalRuleAdjustment: 30,
      finalScore: 83,
      handCount: 9,
      finishOrder: -1,
      otherScoreSources: 53
    },
    {
      name: 'Player1',
      id: 1,
      initialScore: 0,
      roundsWonCount: 0,
      totalRoundScore: 0,
      scoreBeforeFinalRules: -54,
      finalRuleAdjustment: -30,
      finalScore: -84,
      handCount: 10,
      finishOrder: -1,
      otherScoreSources: -54
    }
  ],
  summary: {
    totalInitialScore: 0,
    totalRoundScore: 0,
    totalFinalRuleAdjustment: 0,
    totalOtherScoreSources: -1,
    totalFinalScore: -1,
    expectedTotal: 0
  },
  allRoundsInfo: [
    { playerName: 'Player0', roundsWon: [] },
    { playerName: 'Player1', roundsWon: [] }
  ]
}
[ScoreValidation] ⚠️ 分数总和不为0！总和=-1 {
  totalScore: -1,
  playerCount: 2,
  finishOrderLength: 0,
  finishOrder: [],
  missingInRankings: [],
  missingInFinishOrder: [ 0, 1 ],
  playerDetails: [
    {
      name: 'Player0',
      id: 0,
      initialScore: 0,
      roundsWonCount: 0,
      totalRoundScore: 0,
      scoreBeforeFinalRules: 53,
      finalRuleAdjustment: 30,
      finalScore: 83,
      handCount: 9,
      finishOrder: -1,
      otherScoreSources: 53
    },
    {
      name: 'Player1',
      id: 1,
      initialScore: 0,
      roundsWonCount: 0,
      totalRoundScore: 0,
      scoreBeforeFinalRules: -54,
      finalRuleAdjustment: -30,
      finalScore: -84,
      handCount: 10,
      finishOrder: -1,
      otherScoreSources: -54
    }
  ],
  summary: {
    totalInitialScore: 0,
    totalRoundScore: 0,
    totalFinalRuleAdjustment: 0,
    totalOtherScoreSources: -1,
    totalFinalScore: -1,
    expectedTotal: 0
  },
  allRoundsInfo: [
    { playerName: 'Player0', roundsWon: [] },
    { playerName: 'Player1', roundsWon: [] }
  ]
}

stdout | tests/regression/pure-functions/gameRules.regression.test.ts > gameRules 回归测试 > 特定场景测试 > 4人游戏 - 正常结束
[calculateFinalRankings] 排序后的玩家顺序（按手牌数，然后按finishOrder）: {
  rankings: [
    {
      rank: 1,
      playerId: 0,
      playerName: 'Player0',
      handCount: 0,
      finishOrderIndex: 0,
      score: 50
    },
    {
      rank: 2,
      playerId: 2,
      playerName: 'Player2',
      handCount: 1,
      finishOrderIndex: 1,
      score: 30
    },
    {
      rank: 3,
      playerId: 1,
      playerName: 'Player1',
      handCount: 3,
      finishOrderIndex: 2,
      score: 20
    },
    {
      rank: 4,
      playerId: 3,
      playerName: 'Player3',
      handCount: 10,
      finishOrderIndex: -1,
      score: 10
    }
  ],
  finishOrder: [ 0, 2, 1 ]
}
[calculateFinalRankings] 应用最终规则前: {
  firstPlayer: { id: 0, name: 'Player0', score: 50, handCount: 0 },
  lastPlayer: { id: 3, name: 'Player3', score: 10, handCount: 10 },
  isSamePlayer: false
}
[calculateFinalRankings] 应用最终规则后: {
  firstPlayer: { id: 0, name: 'Player0', score: 80, adjustment: '+30' },
  lastPlayer: { id: 3, name: 'Player3', score: -20, adjustment: '-30' },
  totalAdjustment: 0
}
[calculateFinalRankings] 排序后的玩家顺序（按手牌数，然后按finishOrder）: {
  rankings: [
    {
      rank: 1,
      playerId: 0,
      playerName: 'Player0',
      handCount: 0,
      finishOrderIndex: 0,
      score: 50
    },
    {
      rank: 2,
      playerId: 2,
      playerName: 'Player2',
      handCount: 1,
      finishOrderIndex: 1,
      score: 30
    },
    {
      rank: 3,
      playerId: 1,
      playerName: 'Player1',
      handCount: 3,
      finishOrderIndex: 2,
      score: 20
    },
    {
      rank: 4,
      playerId: 3,
      playerName: 'Player3',
      handCount: 10,
      finishOrderIndex: -1,
      score: 10
    }
  ],
  finishOrder: [ 0, 2, 1 ]
}
[calculateFinalRankings] 应用最终规则前: {
  firstPlayer: { id: 0, name: 'Player0', score: 50, handCount: 0 },
  lastPlayer: { id: 3, name: 'Player3', score: 10, handCount: 10 },
  isSamePlayer: false
}
[calculateFinalRankings] 应用最终规则后: {
  firstPlayer: { id: 0, name: 'Player0', score: 80, adjustment: '+30' },
  lastPlayer: { id: 3, name: 'Player3', score: -20, adjustment: '-30' },
  totalAdjustment: 0
}

stderr | tests/regression/pure-functions/gameRules.regression.test.ts > gameRules 回归测试 > 特定场景测试 > 4人游戏 - 正常结束
[ScoreValidation] ⚠️ 分数总和不为0！总和=110 {
  totalScore: 110,
  playerCount: 4,
  finishOrderLength: 3,
  finishOrder: [ 0, 2, 1 ],
  missingInRankings: [],
  missingInFinishOrder: [ 3 ],
  playerDetails: [
    {
      name: 'Player0',
      id: 0,
      initialScore: 0,
      roundsWonCount: 0,
      totalRoundScore: 0,
      scoreBeforeFinalRules: 50,
      finalRuleAdjustment: 30,
      finalScore: 80,
      handCount: 0,
      finishOrder: 0,
      otherScoreSources: 50
    },
    {
      name: 'Player2',
      id: 2,
      initialScore: 0,
      roundsWonCount: 0,
      totalRoundScore: 0,
      scoreBeforeFinalRules: 30,
      finalRuleAdjustment: 0,
      finalScore: 30,
      handCount: 1,
      finishOrder: 1,
      otherScoreSources: 30
    },
    {
      name: 'Player1',
      id: 1,
      initialScore: 0,
      roundsWonCount: 0,
      totalRoundScore: 0,
      scoreBeforeFinalRules: 20,
      finalRuleAdjustment: 0,
      finalScore: 20,
      handCount: 3,
      finishOrder: 2,
      otherScoreSources: 20
    },
    {
      name: 'Player3',
      id: 3,
      initialScore: 0,
      roundsWonCount: 0,
      totalRoundScore: 0,
      scoreBeforeFinalRules: 10,
      finalRuleAdjustment: -30,
      finalScore: -20,
      handCount: 10,
      finishOrder: -1,
      otherScoreSources: 10
    }
  ],
  summary: {
    totalInitialScore: 0,
    totalRoundScore: 0,
    totalFinalRuleAdjustment: 0,
    totalOtherScoreSources: 110,
    totalFinalScore: 110,
    expectedTotal: 0
  },
  allRoundsInfo: [
    { playerName: 'Player0', roundsWon: [] },
    { playerName: 'Player2', roundsWon: [] },
    { playerName: 'Player1', roundsWon: [] },
    { playerName: 'Player3', roundsWon: [] }
  ]
}
[ScoreValidation] ⚠️ 分数总和不为0！总和=110 {
  totalScore: 110,
  playerCount: 4,
  finishOrderLength: 3,
  finishOrder: [ 0, 2, 1 ],
  missingInRankings: [],
  missingInFinishOrder: [ 3 ],
  playerDetails: [
    {
      name: 'Player0',
      id: 0,
      initialScore: 0,
      roundsWonCount: 0,
      totalRoundScore: 0,
      scoreBeforeFinalRules: 50,
      finalRuleAdjustment: 30,
      finalScore: 80,
      handCount: 0,
      finishOrder: 0,
      otherScoreSources: 50
    },
    {
      name: 'Player2',
      id: 2,
      initialScore: 0,
      roundsWonCount: 0,
      totalRoundScore: 0,
      scoreBeforeFinalRules: 30,
      finalRuleAdjustment: 0,
      finalScore: 30,
      handCount: 1,
      finishOrder: 1,
      otherScoreSources: 30
    },
    {
      name: 'Player1',
      id: 1,
      initialScore: 0,
      roundsWonCount: 0,
      totalRoundScore: 0,
      scoreBeforeFinalRules: 20,
      finalRuleAdjustment: 0,
      finalScore: 20,
      handCount: 3,
      finishOrder: 2,
      otherScoreSources: 20
    },
    {
      name: 'Player3',
      id: 3,
      initialScore: 0,
      roundsWonCount: 0,
      totalRoundScore: 0,
      scoreBeforeFinalRules: 10,
      finalRuleAdjustment: -30,
      finalScore: -20,
      handCount: 10,
      finishOrder: -1,
      otherScoreSources: 10
    }
  ],
  summary: {
    totalInitialScore: 0,
    totalRoundScore: 0,
    totalFinalRuleAdjustment: 0,
    totalOtherScoreSources: 110,
    totalFinalScore: 110,
    expectedTotal: 0
  },
  allRoundsInfo: [
    { playerName: 'Player0', roundsWon: [] },
    { playerName: 'Player2', roundsWon: [] },
    { playerName: 'Player1', roundsWon: [] },
    { playerName: 'Player3', roundsWon: [] }
  ]
}

stdout | tests/regression/pure-functions/gameRules.regression.test.ts > gameRules 回归测试 > 特定场景测试 > 2人游戏 - 一方出完
[calculateFinalRankings] 排序后的玩家顺序（按手牌数，然后按finishOrder）: {
  rankings: [
    {
      rank: 1,
      playerId: 0,
      playerName: 'Player0',
      handCount: 0,
      finishOrderIndex: 0,
      score: 100
    },
    {
      rank: 2,
      playerId: 1,
      playerName: 'Player1',
      handCount: 13,
      finishOrderIndex: -1,
      score: -50
    }
  ],
  finishOrder: [ 0 ]
}
[calculateFinalRankings] 应用最终规则前: {
  firstPlayer: { id: 0, name: 'Player0', score: 100, handCount: 0 },
  lastPlayer: { id: 1, name: 'Player1', score: -50, handCount: 13 },
  isSamePlayer: false
}
[calculateFinalRankings] 应用最终规则后: {
  firstPlayer: { id: 0, name: 'Player0', score: 130, adjustment: '+30' },
  lastPlayer: { id: 1, name: 'Player1', score: -80, adjustment: '-30' },
  totalAdjustment: 0
}
[calculateFinalRankings] 排序后的玩家顺序（按手牌数，然后按finishOrder）: {
  rankings: [
    {
      rank: 1,
      playerId: 0,
      playerName: 'Player0',
      handCount: 0,
      finishOrderIndex: 0,
      score: 100
    },
    {
      rank: 2,
      playerId: 1,
      playerName: 'Player1',
      handCount: 13,
      finishOrderIndex: -1,
      score: -50
    }
  ],
  finishOrder: [ 0 ]
}
[calculateFinalRankings] 应用最终规则前: {
  firstPlayer: { id: 0, name: 'Player0', score: 100, handCount: 0 },
  lastPlayer: { id: 1, name: 'Player1', score: -50, handCount: 13 },
  isSamePlayer: false
}
[calculateFinalRankings] 应用最终规则后: {
  firstPlayer: { id: 0, name: 'Player0', score: 130, adjustment: '+30' },
  lastPlayer: { id: 1, name: 'Player1', score: -80, adjustment: '-30' },
  totalAdjustment: 0
}

stderr | tests/regression/pure-functions/gameRules.regression.test.ts > gameRules 回归测试 > 特定场景测试 > 2人游戏 - 一方出完
[ScoreValidation] ⚠️ 分数总和不为0！总和=50 {
  totalScore: 50,
  playerCount: 2,
  finishOrderLength: 1,
  finishOrder: [ 0 ],
  missingInRankings: [],
  missingInFinishOrder: [ 1 ],
  playerDetails: [
    {
      name: 'Player0',
      id: 0,
      initialScore: 0,
      roundsWonCount: 0,
      totalRoundScore: 0,
      scoreBeforeFinalRules: 100,
      finalRuleAdjustment: 30,
      finalScore: 130,
      handCount: 0,
      finishOrder: 0,
      otherScoreSources: 100
    },
    {
      name: 'Player1',
      id: 1,
      initialScore: 0,
      roundsWonCount: 0,
      totalRoundScore: 0,
      scoreBeforeFinalRules: -50,
      finalRuleAdjustment: -30,
      finalScore: -80,
      handCount: 13,
      finishOrder: -1,
      otherScoreSources: -50
    }
  ],
  summary: {
    totalInitialScore: 0,
    totalRoundScore: 0,
    totalFinalRuleAdjustment: 0,
    totalOtherScoreSources: 50,
    totalFinalScore: 50,
    expectedTotal: 0
  },
  allRoundsInfo: [
    { playerName: 'Player0', roundsWon: [] },
    { playerName: 'Player1', roundsWon: [] }
  ]
}
[ScoreValidation] ⚠️ 分数总和不为0！总和=50 {
  totalScore: 50,
  playerCount: 2,
  finishOrderLength: 1,
  finishOrder: [ 0 ],
  missingInRankings: [],
  missingInFinishOrder: [ 1 ],
  playerDetails: [
    {
      name: 'Player0',
      id: 0,
      initialScore: 0,
      roundsWonCount: 0,
      totalRoundScore: 0,
      scoreBeforeFinalRules: 100,
      finalRuleAdjustment: 30,
      finalScore: 130,
      handCount: 0,
      finishOrder: 0,
      otherScoreSources: 100
    },
    {
      name: 'Player1',
      id: 1,
      initialScore: 0,
      roundsWonCount: 0,
      totalRoundScore: 0,
      scoreBeforeFinalRules: -50,
      finalRuleAdjustment: -30,
      finalScore: -80,
      handCount: 13,
      finishOrder: -1,
      otherScoreSources: -50
    }
  ],
  summary: {
    totalInitialScore: 0,
    totalRoundScore: 0,
    totalFinalRuleAdjustment: 0,
    totalOtherScoreSources: 50,
    totalFinalScore: 50,
    expectedTotal: 0
  },
  allRoundsInfo: [
    { playerName: 'Player0', roundsWon: [] },
    { playerName: 'Player1', roundsWon: [] }
  ]
}

stdout | tests/regression/pure-functions/gameRules.regression.test.ts > gameRules 回归测试 > 特定场景测试 > 所有玩家都没出完
[calculateFinalRankings] 排序后的玩家顺序（按手牌数，然后按finishOrder）: {
  rankings: [
    {
      rank: 1,
      playerId: 2,
      playerName: 'Player2',
      handCount: 3,
      finishOrderIndex: -1,
      score: 40
    },
    {
      rank: 2,
      playerId: 0,
      playerName: 'Player0',
      handCount: 5,
      finishOrderIndex: -1,
      score: 30
    },
    {
      rank: 3,
      playerId: 1,
      playerName: 'Player1',
      handCount: 8,
      finishOrderIndex: -1,
      score: 20
    },
    {
      rank: 4,
      playerId: 3,
      playerName: 'Player3',
      handCount: 10,
      finishOrderIndex: -1,
      score: 10
    }
  ],
  finishOrder: []
}
[calculateFinalRankings] 应用最终规则前: {
  firstPlayer: { id: 2, name: 'Player2', score: 40, handCount: 3 },
  lastPlayer: { id: 3, name: 'Player3', score: 10, handCount: 10 },
  isSamePlayer: false
}
[calculateFinalRankings] 应用最终规则后: {
  firstPlayer: { id: 2, name: 'Player2', score: 70, adjustment: '+30' },
  lastPlayer: { id: 3, name: 'Player3', score: -20, adjustment: '-30' },
  totalAdjustment: 0
}
[calculateFinalRankings] 排序后的玩家顺序（按手牌数，然后按finishOrder）: {
  rankings: [
    {
      rank: 1,
      playerId: 2,
      playerName: 'Player2',
      handCount: 3,
      finishOrderIndex: -1,
      score: 40
    },
    {
      rank: 2,
      playerId: 0,
      playerName: 'Player0',
      handCount: 5,
      finishOrderIndex: -1,
      score: 30
    },
    {
      rank: 3,
      playerId: 1,
      playerName: 'Player1',
      handCount: 8,
      finishOrderIndex: -1,
      score: 20
    },
    {
      rank: 4,
      playerId: 3,
      playerName: 'Player3',
      handCount: 10,
      finishOrderIndex: -1,
      score: 10
    }
  ],
  finishOrder: []
}
[calculateFinalRankings] 应用最终规则前: {
  firstPlayer: { id: 2, name: 'Player2', score: 40, handCount: 3 },
  lastPlayer: { id: 3, name: 'Player3', score: 10, handCount: 10 },
  isSamePlayer: false
}
[calculateFinalRankings] 应用最终规则后: {
  firstPlayer: { id: 2, name: 'Player2', score: 70, adjustment: '+30' },
  lastPlayer: { id: 3, name: 'Player3', score: -20, adjustment: '-30' },
  totalAdjustment: 0
}

stderr | tests/regression/pure-functions/gameRules.regression.test.ts > gameRules 回归测试 > 特定场景测试 > 所有玩家都没出完
[ScoreValidation] ⚠️ 分数总和不为0！总和=100 {
  totalScore: 100,
  playerCount: 4,
  finishOrderLength: 0,
  finishOrder: [],
  missingInRankings: [],
  missingInFinishOrder: [ 2, 0, 1, 3 ],
  playerDetails: [
    {
      name: 'Player2',
      id: 2,
      initialScore: 0,
      roundsWonCount: 0,
      totalRoundScore: 0,
      scoreBeforeFinalRules: 40,
      finalRuleAdjustment: 30,
      finalScore: 70,
      handCount: 3,
      finishOrder: -1,
      otherScoreSources: 40
    },
    {
      name: 'Player0',
      id: 0,
      initialScore: 0,
      roundsWonCount: 0,
      totalRoundScore: 0,
      scoreBeforeFinalRules: 30,
      finalRuleAdjustment: 0,
      finalScore: 30,
      handCount: 5,
      finishOrder: -1,
      otherScoreSources: 30
    },
    {
      name: 'Player1',
      id: 1,
      initialScore: 0,
      roundsWonCount: 0,
      totalRoundScore: 0,
      scoreBeforeFinalRules: 20,
      finalRuleAdjustment: 0,
      finalScore: 20,
      handCount: 8,
      finishOrder: -1,
      otherScoreSources: 20
    },
    {
      name: 'Player3',
      id: 3,
      initialScore: 0,
      roundsWonCount: 0,
      totalRoundScore: 0,
      scoreBeforeFinalRules: 10,
      finalRuleAdjustment: -30,
      finalScore: -20,
      handCount: 10,
      finishOrder: -1,
      otherScoreSources: 10
    }
  ],
  summary: {
    totalInitialScore: 0,
    totalRoundScore: 0,
    totalFinalRuleAdjustment: 0,
    totalOtherScoreSources: 100,
    totalFinalScore: 100,
    expectedTotal: 0
  },
  allRoundsInfo: [
    { playerName: 'Player2', roundsWon: [] },
    { playerName: 'Player0', roundsWon: [] },
    { playerName: 'Player1', roundsWon: [] },
    { playerName: 'Player3', roundsWon: [] }
  ]
}
[ScoreValidation] ⚠️ 分数总和不为0！总和=100 {
  totalScore: 100,
  playerCount: 4,
  finishOrderLength: 0,
  finishOrder: [],
  missingInRankings: [],
  missingInFinishOrder: [ 2, 0, 1, 3 ],
  playerDetails: [
    {
      name: 'Player2',
      id: 2,
      initialScore: 0,
      roundsWonCount: 0,
      totalRoundScore: 0,
      scoreBeforeFinalRules: 40,
      finalRuleAdjustment: 30,
      finalScore: 70,
      handCount: 3,
      finishOrder: -1,
      otherScoreSources: 40
    },
    {
      name: 'Player0',
      id: 0,
      initialScore: 0,
      roundsWonCount: 0,
      totalRoundScore: 0,
      scoreBeforeFinalRules: 30,
      finalRuleAdjustment: 0,
      finalScore: 30,
      handCount: 5,
      finishOrder: -1,
      otherScoreSources: 30
    },
    {
      name: 'Player1',
      id: 1,
      initialScore: 0,
      roundsWonCount: 0,
      totalRoundScore: 0,
      scoreBeforeFinalRules: 20,
      finalRuleAdjustment: 0,
      finalScore: 20,
      handCount: 8,
      finishOrder: -1,
      otherScoreSources: 20
    },
    {
      name: 'Player3',
      id: 3,
      initialScore: 0,
      roundsWonCount: 0,
      totalRoundScore: 0,
      scoreBeforeFinalRules: 10,
      finalRuleAdjustment: -30,
      finalScore: -20,
      handCount: 10,
      finishOrder: -1,
      otherScoreSources: 10
    }
  ],
  summary: {
    totalInitialScore: 0,
    totalRoundScore: 0,
    totalFinalRuleAdjustment: 0,
    totalOtherScoreSources: 100,
    totalFinalScore: 100,
    expectedTotal: 0
  },
  allRoundsInfo: [
    { playerName: 'Player2', roundsWon: [] },
    { playerName: 'Player0', roundsWon: [] },
    { playerName: 'Player1', roundsWon: [] },
    { playerName: 'Player3', roundsWon: [] }
  ]
}

 ✓ tests/services/cardPlaying/PlayExecutorService.test.ts > PlayExecutorService > validatePlay > 应该验证合法的出牌
 ✓ tests/services/cardPlaying/PlayExecutorService.test.ts > PlayExecutorService > validatePlay > 应该拒绝不合法的出牌
 ✓ tests/services/cardPlaying/PlayExecutorService.test.ts > PlayExecutorService > validatePlay > 应该验证是否能压过上家
 ✓ tests/services/cardPlaying/PlayExecutorService.test.ts > PlayExecutorService > canBeat > 应该正确判断是否能压过
 ✓ tests/services/cardPlaying/PlayExecutorService.test.ts > PlayExecutorService > hasPlayableCards > 应该检测是否有可出的牌
 ✓ tests/services/cardPlaying/PlayExecutorService.test.ts > PlayExecutorService > hasPlayableCards > 应该检测是否有能压过上家的牌
 ✓ tests/services/cardPlaying/PlayExecutorService.test.ts > PlayExecutorService > hasPlayableCards > 应该检测没有能压过的牌
 ✓ tests/services/cardPlaying/PlayExecutorService.test.ts > PlayExecutorService > executePlay > 应该执行合法的出牌
 ✓ tests/services/cardPlaying/PlayExecutorService.test.ts > PlayExecutorService > executePlay > 应该拒绝不合法的出牌
 ✓ tests/services/cardPlaying/PlayExecutorService.test.ts > PlayExecutorService > executePlay > 应该调用回调函数
 ✓ tests/services/cardPlaying/PlayExecutorService.test.ts > PlayExecutorService > executePlay > 应该在错误时调用错误回调
 ✓ tests/regressionAllFeatures.test.ts > 所有新功能回归测试 > 回归测试：墩的计分规则 > 修复前：7张相同牌应该被识别为墩 - 应该已修复
 ✓ tests/regressionAllFeatures.test.ts > 所有新功能回归测试 > 回归测试：墩的计分规则 > 修复前：墩的计分应该正确 - 应该已修复
 ✓ tests/regressionAllFeatures.test.ts > 所有新功能回归测试 > 回归测试：墩的计分规则 > 修复前：8张应该等于2墩 - 应该已修复
 ✓ tests/regressionAllFeatures.test.ts > 所有新功能回归测试 > 回归测试：玩家出完牌后自动继续 > 修复前：应该跳过已出完的玩家 - 应该已修复
 × tests/regressionAllFeatures.test.ts > 所有新功能回归测试 > 回归测试：语音功能 > 修复前：应该能正确转换牌型为语音文本 - 应该已修复
   → expected '6 5s' to be '6个五' // Object.is equality
 × tests/regressionAllFeatures.test.ts > 所有新功能回归测试 > 回归测试：语音功能 > 修复前：应该能处理所有牌型的语音转换 - 应该已修复
   → expected '5' to be '五' // Object.is equality
 ✓ tests/regressionAllFeatures.test.ts > 所有新功能回归测试 > 回归测试：性能优化 > 修复前：MCTS应该能在合理时间内完成 - 应该已修复
 × tests/regressionAllFeatures.test.ts > 所有新功能回归测试 > 综合回归测试 > 所有功能应该协同工作
   → expected '7 5s' to be '7个五' // Object.is equality
 ✓ tests/dunScoring.test.ts > 墩的计分规则测试 > 计算墩的数量 > 应该正确计算7张=1墩
 ✓ tests/dunScoring.test.ts > 墩的计分规则测试 > 计算墩的数量 > 应该正确计算8张=2墩
 ✓ tests/dunScoring.test.ts > 墩的计分规则测试 > 计算墩的数量 > 应该正确计算9张=4墩
 ✓ tests/dunScoring.test.ts > 墩的计分规则测试 > 计算墩的数量 > 应该正确计算10张=8墩
 ✓ tests/dunScoring.test.ts > 墩的计分规则测试 > 计算墩的数量 > 应该正确计算11张=16墩
 ✓ tests/dunScoring.test.ts > 墩的计分规则测试 > 计算墩的数量 > 应该正确计算12张=32墩
 ✓ tests/dunScoring.test.ts > 墩的计分规则测试 > 计算墩的数量 > 应该正确计算13张=64墩
 ✓ tests/dunScoring.test.ts > 墩的计分规则测试 > 计算墩的数量 > 少于7张应该返回0
 ✓ tests/dunScoring.test.ts > 墩的计分规则测试 > 计算墩的分数 > 4人游戏，1墩：出墩玩家+90分，其他玩家各-30分
 ✓ tests/dunScoring.test.ts > 墩的计分规则测试 > 计算墩的分数 > 4人游戏，2墩：出墩玩家+180分，其他玩家各-60分
 ✓ tests/dunScoring.test.ts > 墩的计分规则测试 > 计算墩的分数 > 4人游戏，4墩：出墩玩家+360分，其他玩家各-120分
 ✓ tests/dunScoring.test.ts > 墩的计分规则测试 > 计算墩的分数 > 5人游戏，1墩：出墩玩家+120分，其他玩家各-30分
 ✓ tests/dunScoring.test.ts > 墩的计分规则测试 > 计算墩的分数 > 5人游戏，2墩：出墩玩家+240分，其他玩家各-60分
 ✓ tests/dunScoring.test.ts > 墩的计分规则测试 > 计算墩的分数 > 8人游戏，1墩：出墩玩家+210分，其他玩家各-30分
 ✓ tests/dunScoring.test.ts > 墩的计分规则测试 > 计算墩的分数 > 0墩应该返回0分
 ✓ tests/dunScoring.test.ts > 墩的计分规则测试 > 完整计分场景测试 > 4人游戏，玩家0出7张墩（1墩）
 ✓ tests/dunScoring.test.ts > 墩的计分规则测试 > 完整计分场景测试 > 4人游戏，玩家0出8张墩（2墩）
 ✓ tests/dunScoring.test.ts > 墩的计分规则测试 > 完整计分场景测试 > 4人游戏，玩家0出9张墩（4墩）
 ✓ tests/dunScoring.test.ts > 墩的计分规则测试 > 完整计分场景测试 > 5人游戏，玩家2出7张墩（1墩）
 ✓ tests/dunScoring.test.ts > 墩的计分规则测试 > 边界情况测试 > 应该处理大量墩的情况（13张=64墩）
 ✓ tests/dunScoring.test.ts > 墩的计分规则测试 > 边界情况测试 > 应该处理2人游戏的情况
stderr | tests/gameMode/TeamModeStrategy.test.ts > TeamModeStrategy > shouldGameEnd > 应该在teamConfig为null时返回false
[团队模式] teamConfig 为 null，无法判断游戏结束

stdout | tests/gameMode/TeamModeStrategy.test.ts > TeamModeStrategy > findNextPlayerForNewRound > 应该在接风玩家还有牌时返回接风玩家
[团队模式] 找下一个玩家（队友优先），winnerIndex: 1
[团队模式] teamConfig: 存在
[团队模式] 获胜者手牌数: 3
[团队模式] 接风玩家还有牌，返回: 1

stdout | tests/gameMode/TeamModeStrategy.test.ts > TeamModeStrategy > findNextPlayerForNewRound > 应该在接风玩家出完后优先找队友接风
[团队模式] 找下一个玩家（队友优先），winnerIndex: 1
[团队模式] teamConfig: 存在
[团队模式] 获胜者手牌数: 0
[团队模式] 接风玩家已出完，寻找队友，teamId: 1
[团队模式] 找到队友接风: 3 玩家4

stdout | tests/gameMode/TeamModeStrategy.test.ts > TeamModeStrategy > findNextPlayerForNewRound > 应该在队友都出完且整个团队都出完时返回null
[团队模式] 找下一个玩家（队友优先），winnerIndex: 1
[团队模式] teamConfig: 存在
[团队模式] 获胜者手牌数: 0
[团队模式] 接风玩家已出完，寻找队友，teamId: 1
[团队模式] 队友都出完了
[团队模式] 整个团队都出完，游戏应该结束，返回 null

 ✓ tests/gameMode/TeamModeStrategy.test.ts > TeamModeStrategy > getModeName > 应该返回正确的模式名称
 ✓ tests/gameMode/TeamModeStrategy.test.ts > TeamModeStrategy > shouldGameEnd > 应该在某个团队全部出完时返回true（关单）
 ✓ tests/gameMode/TeamModeStrategy.test.ts > TeamModeStrategy > shouldGameEnd > 应该在某个团队全部出完时返回true（关双）
 ✓ tests/gameMode/TeamModeStrategy.test.ts > TeamModeStrategy > shouldGameEnd > 应该在两个团队都有人有牌时返回false
 ✓ tests/gameMode/TeamModeStrategy.test.ts > TeamModeStrategy > shouldGameEnd > 应该在teamConfig为null时返回false
 ✓ tests/gameMode/TeamModeStrategy.test.ts > TeamModeStrategy > findNextPlayerForNewRound > 应该在接风玩家还有牌时返回接风玩家
 ✓ tests/gameMode/TeamModeStrategy.test.ts > TeamModeStrategy > findNextPlayerForNewRound > 应该在接风玩家出完后优先找队友接风
 ✓ tests/gameMode/TeamModeStrategy.test.ts > TeamModeStrategy > findNextPlayerForNewRound > 应该在队友都出完且整个团队都出完时返回null
 ✓ tests/gameMode/TeamModeStrategy.test.ts > TeamModeStrategy > findNextPlayerForNewRound > 应该在teamConfig为null时降级为个人模式逻辑
 ✓ tests/gameMode/TeamModeStrategy.test.ts > TeamModeStrategy > getResultScreenType > 应该返回team
stdout | tests/gameMode/TeamModeStrategy.test.ts > TeamModeStrategy > findNextPlayerForNewRound > 应该在teamConfig为null时降级为个人模式逻辑
[团队模式] 找下一个玩家（队友优先），winnerIndex: 1
[团队模式] teamConfig: null

stderr | tests/gameMode/TeamModeStrategy.test.ts > TeamModeStrategy > findNextPlayerForNewRound > 应该在teamConfig为null时降级为个人模式逻辑
[团队模式] teamConfig 为 null，降级为个人模式逻辑

 ✓ tests/system/trackingModule.test.ts > TrackingModule > 模块初始化 > 应该正确初始化追踪模块
 ✓ tests/system/trackingModule.test.ts > TrackingModule > 模块初始化 > 应该能够获取模块状态
 ✓ tests/system/trackingModule.test.ts > TrackingModule > 追踪器操作 > 应该能够初始化追踪器
 ✓ tests/system/trackingModule.test.ts > TrackingModule > 追踪器操作 > 应该能够开始新轮次
 ✓ tests/system/trackingModule.test.ts > TrackingModule > 追踪器操作 > 应该能够记录出牌
 ✓ tests/system/trackingModule.test.ts > TrackingModule > 追踪器操作 > 应该能够结束轮次
 ✓ tests/system/trackingModule.test.ts > TrackingModule > 配置管理 > 应该能够配置追踪模块
 ✓ tests/system/trackingModule.test.ts > TrackingModule > 配置管理 > 应该能够在禁用状态下跳过追踪
 ✓ tests/e2e/performance-benchmark.test.ts > 性能基准测试 > 应该在100ms内初始化游戏
 × tests/e2e/performance-benchmark.test.ts > 性能基准测试 > 应该在10ms内完成一次出牌
   → No handler registered for action type: DEAL_CARDS
 ✓ tests/e2e/performance-benchmark.test.ts > 性能基准测试 > 应该支持1000次连续动作不崩溃
 × tests/e2e/performance-benchmark.test.ts > 性能基准测试 > 应该维持内存稳定 (无明显泄漏)
   → No handler registered for action type: DEAL_CARDS
 × tests/e2e/performance-benchmark.test.ts > 性能基准测试 > 应该支持快照创建和恢复
   → state.snapshot is not a function
stdout | tests/e2e/performance-benchmark.test.ts > 性能基准测试 > 应该在100ms内初始化游戏
[StateManager] Handler registered: INIT_GAME
[StateManager] Action executed: INIT_GAME
游戏初始化耗时: 1.18ms

stdout | tests/e2e/performance-benchmark.test.ts > 性能基准测试 > 应该在10ms内完成一次出牌
[StateManager] Handler registered: INIT_GAME
[StateManager] Action executed: INIT_GAME

stderr | tests/e2e/performance-benchmark.test.ts > 性能基准测试 > 应该在10ms内完成一次出牌
[StateManager] Action failed: DEAL_CARDS Error: No handler registered for action type: DEAL_CARDS
    at StateManager.executeAction (/home/jin/guozha-poker-game/src/game-engine/state/StateManager.ts:131:15)
    at /home/jin/guozha-poker-game/tests/e2e/performance-benchmark.test.ts:73:24
    at runTest (file:///home/jin/guozha-poker-game/node_modules/@vitest/runner/dist/index.js:781:11)
    at runSuite (file:///home/jin/guozha-poker-game/node_modules/@vitest/runner/dist/index.js:909:15)
    at runSuite (file:///home/jin/guozha-poker-game/node_modules/@vitest/runner/dist/index.js:909:15)
    at runFiles (file:///home/jin/guozha-poker-game/node_modules/@vitest/runner/dist/index.js:958:5)
    at startTests (file:///home/jin/guozha-poker-game/node_modules/@vitest/runner/dist/index.js:967:3)
    at file:///home/jin/guozha-poker-game/node_modules/vitest/dist/chunks/runtime-runBaseTests.oAvMKtQC.js:116:7
    at withEnv (file:///home/jin/guozha-poker-game/node_modules/vitest/dist/chunks/runtime-runBaseTests.oAvMKtQC.js:83:5)
    at run (file:///home/jin/guozha-poker-game/node_modules/vitest/dist/chunks/runtime-runBaseTests.oAvMKtQC.js:105:3)

stdout | tests/e2e/performance-benchmark.test.ts > 性能基准测试 > 应该支持1000次连续动作不崩溃
[StateManager] Handler registered: INIT_GAME
[StateManager] Action executed: INIT_GAME
[StateManager] Action executed: INIT_GAME
[StateManager] Action executed: INIT_GAME
[StateManager] Action executed: INIT_GAME
[StateManager] Action executed: INIT_GAME
[StateManager] Action executed: INIT_GAME
[StateManager] Action executed: INIT_GAME
[StateManager] Action executed: INIT_GAME
[StateManager] Action executed: INIT_GAME
[StateManager] Action executed: INIT_GAME
[StateManager] Action executed: INIT_GAME
[StateManager] Action executed: INIT_GAME
[StateManager] Action executed: INIT_GAME
[StateManager] Action executed: INIT_GAME
[StateManager] Action executed: INIT_GAME
[StateManager] Action executed: INIT_GAME
[StateManager] Action executed: INIT_GAME
[StateManager] Action executed: INIT_GAME
[StateManager] Action executed: INIT_GAME
[StateManager] Action executed: INIT_GAME
[StateManager] Action executed: INIT_GAME
[StateManager] Action executed: INIT_GAME
[StateManager] Action executed: INIT_GAME
[StateManager] Action executed: INIT_GAME
[StateManager] Action executed: INIT_GAME
[StateManager] Action executed: INIT_GAME
[StateManager] Action executed: INIT_GAME
[StateManager] Action executed: INIT_GAME
[StateManager] Action executed: INIT_GAME
[StateManager] Action executed: INIT_GAME
[StateManager] Action executed: INIT_GAME
[StateManager] Action executed: INIT_GAME
[StateManager] Action executed: INIT_GAME
[StateManager] Action executed: INIT_GAME
[StateManager] Action executed: INIT_GAME
[StateManager] Action executed: INIT_GAME
[StateManager] Action executed: INIT_GAME
[StateManager] Action executed: INIT_GAME
[StateManager] Action executed: INIT_GAME
[StateManager] Action executed: INIT_GAME
[StateManager] Action executed: INIT_GAME
[StateManager] Action executed: INIT_GAME
[StateManager] Action executed: INIT_GAME
[StateManager] Action executed: INIT_GAME
[StateManager] Action executed: INIT_GAME
[StateManager] Action executed: INIT_GAME
[StateManager] Action executed: INIT_GAME
[StateManager] Action executed: INIT_GAME
[StateManager] Action executed: INIT_GAME
[StateManager] Action executed: INIT_GAME
[StateManager] Action executed: INIT_GAME
[StateManager] Action executed: INIT_GAME
[StateManager] Action executed: INIT_GAME
[StateManager] Action executed: INIT_GAME
[StateManager] Action executed: INIT_GAME
[StateManager] Action executed: INIT_GAME
[StateManager] Action executed: INIT_GAME
[StateManager] Action executed: INIT_GAME
[StateManager] Action executed: INIT_GAME
[StateManager] Action executed: INIT_GAME
[StateManager] Action executed: INIT_GAME
[StateManager] Action executed: INIT_GAME
[StateManager] Action executed: INIT_GAME
[StateManager] Action executed: INIT_GAME
[StateManager] Action executed: INIT_GAME
[StateManager] Action executed: INIT_GAME
[StateManager] Action executed: INIT_GAME
[StateManager] Action executed: INIT_GAME
[StateManager] Action executed: INIT_GAME
[StateManager] Action executed: INIT_GAME
[StateManager] Action executed: INIT_GAME
[StateManager] Action executed: INIT_GAME
[StateManager] Action executed: INIT_GAME
[StateManager] Action executed: INIT_GAME
[StateManager] Action executed: INIT_GAME
[StateManager] Action executed: INIT_GAME
[StateManager] Action executed: INIT_GAME
[StateManager] Action executed: INIT_GAME
[StateManager] Action executed: INIT_GAME
[StateManager] Action executed: INIT_GAME
[StateManager] Action executed: INIT_GAME
[StateManager] Action executed: INIT_GAME
[StateManager] Action executed: INIT_GAME
[StateManager] Action executed: INIT_GAME
[StateManager] Action executed: INIT_GAME
[StateManager] Action executed: INIT_GAME
[StateManager] Action executed: INIT_GAME
[StateManager] Action executed: INIT_GAME
[StateManager] Action executed: INIT_GAME
[StateManager] Action executed: INIT_GAME
[StateManager] Action executed: INIT_GAME
[StateManager] Action executed: INIT_GAME
[StateManager] Action executed: INIT_GAME
[StateManager] Action executed: INIT_GAME
[StateManager] Action executed: INIT_GAME
[StateManager] Action executed: INIT_GAME
[StateManager] Action executed: INIT_GAME
[StateManager] Action executed: INIT_GAME
[StateManager] Action executed: INIT_GAME
[StateManager] Action executed: INIT_GAME
[StateManager] Action executed: INIT_GAME
[StateManager] Action executed: INIT_GAME
[StateManager] Action executed: INIT_GAME
[StateManager] Action executed: INIT_GAME
[StateManager] Action executed: INIT_GAME
[StateManager] Action executed: INIT_GAME
[StateManager] Action executed: INIT_GAME
[StateManager] Action executed: INIT_GAME
[StateManager] Action executed: INIT_GAME
[StateManager] Action executed: INIT_GAME
[StateManager] Action executed: INIT_GAME
[StateManager] Action executed: INIT_GAME
[StateManager] Action executed: INIT_GAME
[StateManager] Action executed: INIT_GAME
[StateManager] Action executed: INIT_GAME
[StateManager] Action executed: INIT_GAME
[StateManager] Action executed: INIT_GAME
[StateManager] Action executed: INIT_GAME
[StateManager] Action executed: INIT_GAME
[StateManager] Action executed: INIT_GAME
[StateManager] Action executed: INIT_GAME
[StateManager] Action executed: INIT_GAME
[StateManager] Action executed: INIT_GAME
[StateManager] Action executed: INIT_GAME
[StateManager] Action executed: INIT_GAME
[StateManager] Action executed: INIT_GAME
[StateManager] Action executed: INIT_GAME
[StateManager] Action executed: INIT_GAME
[StateManager] Action executed: INIT_GAME
[StateManager] Action executed: INIT_GAME
[StateManager] Action executed: INIT_GAME
[StateManager] Action executed: INIT_GAME
[StateManager] Action executed: INIT_GAME
[StateManager] Action executed: INIT_GAME
[StateManager] Action executed: INIT_GAME
[StateManager] Action executed: INIT_GAME
[StateManager] Action executed: INIT_GAME
[StateManager] Action executed: INIT_GAME
[StateManager] Action executed: INIT_GAME
[StateManager] Action executed: INIT_GAME
[StateManager] Action executed: INIT_GAME
[StateManager] Action executed: INIT_GAME
[StateManager] Action executed: INIT_GAME
[StateManager] Action executed: INIT_GAME
[StateManager] Action executed: INIT_GAME
[StateManager] Action executed: INIT_GAME
[StateManager] Action executed: INIT_GAME
[StateManager] Action executed: INIT_GAME
[StateManager] Action executed: INIT_GAME
[StateManager] Action executed: INIT_GAME
[StateManager] Action executed: INIT_GAME
[StateManager] Action executed: INIT_GAME
[StateManager] Action executed: INIT_GAME
[StateManager] Action executed: INIT_GAME
[StateManager] Action executed: INIT_GAME
[StateManager] Action executed: INIT_GAME
[StateManager] Action executed: INIT_GAME
[StateManager] Action executed: INIT_GAME
[StateManager] Action executed: INIT_GAME
[StateManager] Action executed: INIT_GAME
[StateManager] Action executed: INIT_GAME
[StateManager] Action executed: INIT_GAME
[StateManager] Action executed: INIT_GAME
[StateManager] Action executed: INIT_GAME
[StateManager] Action executed: INIT_GAME
[StateManager] Action executed: INIT_GAME
[StateManager] Action executed: INIT_GAME
[StateManager] Action executed: INIT_GAME
[StateManager] Action executed: INIT_GAME
[StateManager] Action executed: INIT_GAME
[StateManager] Action executed: INIT_GAME
[StateManager] Action executed: INIT_GAME
[StateManager] Action executed: INIT_GAME
[StateManager] Action executed: INIT_GAME
[StateManager] Action executed: INIT_GAME
[StateManager] Action executed: INIT_GAME
[StateManager] Action executed: INIT_GAME
[StateManager] Action executed: INIT_GAME
[StateManager] Action executed: INIT_GAME
[StateManager] Action executed: INIT_GAME
[StateManager] Action executed: INIT_GAME
[StateManager] Action executed: INIT_GAME
[StateManager] Action executed: INIT_GAME
[StateManager] Action executed: INIT_GAME
[StateManager] Action executed: INIT_GAME
[StateManager] Action executed: INIT_GAME
[StateManager] Action executed: INIT_GAME
[StateManager] Action executed: INIT_GAME
[StateManager] Action executed: INIT_GAME
[StateManager] Action executed: INIT_GAME
[StateManager] Action executed: INIT_GAME
[StateManager] Action executed: INIT_GAME
[StateManager] Action executed: INIT_GAME
[StateManager] Action executed: INIT_GAME
[StateManager] Action executed: INIT_GAME
[StateManager] Action executed: INIT_GAME
[StateManager] Action executed: INIT_GAME
[StateManager] Action executed: INIT_GAME
[StateManager] Action executed: INIT_GAME
[StateManager] Action executed: INIT_GAME
[StateManager] Action executed: INIT_GAME
[StateManager] Action executed: INIT_GAME
[StateManager] Action executed: INIT_GAME
[StateManager] Action executed: INIT_GAME
[StateManager] Action executed: INIT_GAME
[StateManager] Action executed: INIT_GAME
[StateManager] Action executed: INIT_GAME
[StateManager] Action executed: INIT_GAME
[StateManager] Action executed: INIT_GAME
[StateManager] Action executed: INIT_GAME
[StateManager] Action executed: INIT_GAME
[StateManager] Action executed: INIT_GAME
[StateManager] Action executed: INIT_GAME
[StateManager] Action executed: INIT_GAME
[StateManager] Action executed: INIT_GAME
[StateManager] Action executed: INIT_GAME
[StateManager] Action executed: INIT_GAME
[StateManager] Action executed: INIT_GAME
[StateManager] Action executed: INIT_GAME
[StateManager] Action executed: INIT_GAME
[StateManager] Action executed: INIT_GAME
[StateManager] Action executed: INIT_GAME
[StateManager] Action executed: INIT_GAME
[StateManager] Action executed: INIT_GAME
[StateManager] Action executed: INIT_GAME
[StateManager] Action executed: INIT_GAME
[StateManager] Action executed: INIT_GAME
[StateManager] Action executed: INIT_GAME
[StateManager] Action executed: INIT_GAME
[StateManager] Action executed: INIT_GAME
[StateManager] Action executed: INIT_GAME
[StateManager] Action executed: INIT_GAME
[StateManager] Action executed: INIT_GAME
[StateManager] Action executed: INIT_GAME
[StateManager] Action executed: INIT_GAME
[StateManager] Action executed: INIT_GAME
[StateManager] Action executed: INIT_GAME
[StateManager] Action executed: INIT_GAME
[StateManager] Action executed: INIT_GAME
[StateManager] Action executed: INIT_GAME
[StateManager] Action executed: INIT_GAME
[StateManager] Action executed: INIT_GAME
[StateManager] Action executed: INIT_GAME
[StateManager] Action executed: INIT_GAME
[StateManager] Action executed: INIT_GAME
[StateManager] Action executed: INIT_GAME
[StateManager] Action executed: INIT_GAME
[StateManager] Action executed: INIT_GAME
[StateManager] Action executed: INIT_GAME
[StateManager] Action executed: INIT_GAME
[StateManager] Action executed: INIT_GAME
[StateManager] Action executed: INIT_GAME
[StateManager] Action executed: INIT_GAME
[StateManager] Action executed: INIT_GAME
[StateManager] Action executed: INIT_GAME
[StateManager] Action executed: INIT_GAME
[StateManager] Action executed: INIT_GAME
[StateManager] Action executed: INIT_GAME
[StateManager] Action executed: INIT_GAME
[StateManager] Action executed: INIT_GAME
[StateManager] Action executed: INIT_GAME
[StateManager] Action executed: INIT_GAME
[StateManager] Action executed: INIT_GAME
[StateManager] Action executed: INIT_GAME
[StateManager] Action executed: INIT_GAME
[StateManager] Action executed: INIT_GAME
[StateManager] Action executed: INIT_GAME
[StateManager] Action executed: INIT_GAME
[StateManager] Action executed: INIT_GAME
[StateManager] Action executed: INIT_GAME
[StateManager] Action executed: INIT_GAME
[StateManager] Action executed: INIT_GAME
[StateManager] Action executed: INIT_GAME
[StateManager] Action executed: INIT_GAME
[StateManager] Action executed: INIT_GAME
[StateManager] Action executed: INIT_GAME
[StateManager] Action executed: INIT_GAME
[StateManager] Action executed: INIT_GAME
[StateManager] Action executed: INIT_GAME
[StateManager] Action executed: INIT_GAME
[StateManager] Action executed: INIT_GAME
[StateManager] Action executed: INIT_GAME
[StateManager] Action executed: INIT_GAME
[StateManager] Action executed: INIT_GAME
[StateManager] Action executed: INIT_GAME
[StateManager] Action executed: INIT_GAME
[StateManager] Action executed: INIT_GAME
[StateManager] Action executed: INIT_GAME
[StateManager] Action executed: INIT_GAME
[StateManager] Action executed: INIT_GAME
[StateManager] Action executed: INIT_GAME
[StateManager] Action executed: INIT_GAME
[StateManager] Action executed: INIT_GAME
[StateManager] Action executed: INIT_GAME
[StateManager] Action executed: INIT_GAME
[StateManager] Action executed: INIT_GAME
[StateManager] Action executed: INIT_GAME
[StateManager] Action executed: INIT_GAME
[StateManager] Action executed: INIT_GAME
[StateManager] Action executed: INIT_GAME
[StateManager] Action executed: INIT_GAME
[StateManager] Action executed: INIT_GAME
[StateManager] Action executed: INIT_GAME
[StateManager] Action executed: INIT_GAME
[StateManager] Action executed: INIT_GAME
[StateManager] Action executed: INIT_GAME
[StateManager] Action executed: INIT_GAME
[StateManager] Action executed: INIT_GAME
[StateManager] Action executed: INIT_GAME
[StateManager] Action executed: INIT_GAME
[StateManager] Action executed: INIT_GAME
[StateManager] Action executed: INIT_GAME
[StateManager] Action executed: INIT_GAME
[StateManager] Action executed: INIT_GAME
[StateManager] Action executed: INIT_GAME
[StateManager] Action executed: INIT_GAME
[StateManager] Action executed: INIT_GAME
[StateManager] Action executed: INIT_GAME
[StateManager] Action executed: INIT_GAME
[StateManager] Action executed: INIT_GAME
[StateManager] Action executed: INIT_GAME
[StateManager] Action executed: INIT_GAME
[StateManager] Action executed: INIT_GAME
[StateManager] Action executed: INIT_GAME
[StateManager] Action executed: INIT_GAME
[StateManager] Action executed: INIT_GAME
[StateManager] Action executed: INIT_GAME
[StateManager] Action executed: INIT_GAME
[StateManager] Action executed: INIT_GAME
[StateManager] Action executed: INIT_GAME
[StateManager] Action executed: INIT_GAME
[StateManager] Action executed: INIT_GAME
[StateManager] Action executed: INIT_GAME
[StateManager] Action executed: INIT_GAME
[StateManager] Action executed: INIT_GAME
[StateManager] Action executed: INIT_GAME
[StateManager] Action executed: INIT_GAME
[StateManager] Action executed: INIT_GAME
[StateManager] Action executed: INIT_GAME
[StateManager] Action executed: INIT_GAME
[StateManager] Action executed: INIT_GAME
[StateManager] Action executed: INIT_GAME
[StateManager] Action executed: INIT_GAME
[StateManager] Action executed: INIT_GAME
[StateManager] Action executed: INIT_GAME
[StateManager] Action executed: INIT_GAME
[StateManager] Action executed: INIT_GAME
[StateManager] Action executed: INIT_GAME
[StateManager] Action executed: INIT_GAME
[StateManager] Action executed: INIT_GAME
[StateManager] Action executed: INIT_GAME
[StateManager] Action executed: INIT_GAME
[StateManager] Action executed: INIT_GAME
[StateManager] Action executed: INIT_GAME
[StateManager] Action executed: INIT_GAME
[StateManager] Action executed: INIT_GAME
[StateManager] Action executed: INIT_GAME
[StateManager] Action executed: INIT_GAME
[StateManager] Action executed: INIT_GAME
[StateManager] Action executed: INIT_GAME
[StateManager] Action executed: INIT_GAME
[StateManager] Action executed: INIT_GAME
[StateManager] Action executed: INIT_GAME
[StateManager] Action executed: INIT_GAME
[StateManager] Action executed: INIT_GAME
[StateManager] Action executed: INIT_GAME
[StateManager] Action executed: INIT_GAME
[StateManager] Action executed: INIT_GAME
[StateManager] Action executed: INIT_GAME
[StateManager] Action executed: INIT_GAME
[StateManager] Action executed: INIT_GAME
[StateManager] Action executed: INIT_GAME
[StateManager] Action executed: INIT_GAME
[StateManager] Action executed: INIT_GAME
[StateManager] Action executed: INIT_GAME
[StateManager] Action executed: INIT_GAME
[StateManager] Action executed: INIT_GAME
[StateManager] Action executed: INIT_GAME
[StateManager] Action executed: INIT_GAME
[StateManager] Action executed: INIT_GAME
[StateManager] Action executed: INIT_GAME
[StateManager] Action executed: INIT_GAME
[StateManager] Action executed: INIT_GAME
[StateManager] Action executed: INIT_GAME
[StateManager] Action executed: INIT_GAME
[StateManager] Action executed: INIT_GAME
[StateManager] Action executed: INIT_GAME
[StateManager] Action executed: INIT_GAME
[StateManager] Action executed: INIT_GAME
[StateManager] Action executed: INIT_GAME
[StateManager] Action executed: INIT_GAME
[StateManager] Action executed: INIT_GAME
[StateManager] Action executed: INIT_GAME
[StateManager] Action executed: INIT_GAME
[StateManager] Action executed: INIT_GAME
[StateManager] Action executed: INIT_GAME
[StateManager] Action executed: INIT_GAME
[StateManager] Action executed: INIT_GAME
[StateManager] Action executed: INIT_GAME
[StateManager] Action executed: INIT_GAME
[StateManager] Action executed: INIT_GAME
[StateManager] Action executed: INIT_GAME
[StateManager] Action executed: INIT_GAME
[StateManager] Action executed: INIT_GAME
[StateManager] Action executed: INIT_GAME
[StateManager] Action executed: INIT_GAME
[StateManager] Action executed: INIT_GAME
[StateManager] Action executed: INIT_GAME
[StateManager] Action executed: INIT_GAME
[StateManager] Action executed: INIT_GAME
[StateManager] Action executed: INIT_GAME
[StateManager] Action executed: INIT_GAME
[StateManager] Action executed: INIT_GAME
[StateManager] Action executed: INIT_GAME
[StateManager] Action executed: INIT_GAME
[StateManager] Action executed: INIT_GAME
[StateManager] Action executed: INIT_GAME
[StateManager] Action executed: INIT_GAME
[StateManager] Action executed: INIT_GAME
[StateManager] Action executed: INIT_GAME
[StateManager] Action executed: INIT_GAME
[StateManager] Action executed: INIT_GAME
[StateManager] Action executed: INIT_GAME
[StateManager] Action executed: INIT_GAME
[StateManager] Action executed: INIT_GAME
[StateManager] Action executed: INIT_GAME
[StateManager] Action executed: INIT_GAME
[StateManager] Action executed: INIT_GAME
[StateManager] Action executed: INIT_GAME
[StateManager] Action executed: INIT_GAME
[StateManager] Action executed: INIT_GAME
[StateManager] Action executed: INIT_GAME
[StateManager] Action executed: INIT_GAME
[StateManager] Action executed: INIT_GAME
[StateManager] Action executed: INIT_GAME
[StateManager] Action executed: INIT_GAME
[StateManager] Action executed: INIT_GAME
[StateManager] Action executed: INIT_GAME
[StateManager] Action executed: INIT_GAME
[StateManager] Action executed: INIT_GAME
[StateManager] Action executed: INIT_GAME
[StateManager] Action executed: INIT_GAME
[StateManager] Action executed: INIT_GAME
[StateManager] Action executed: INIT_GAME
[StateManager] Action executed: INIT_GAME
[StateManager] Action executed: INIT_GAME
[StateManager] Action executed: INIT_GAME
[StateManager] Action executed: INIT_GAME
[StateManager] Action executed: INIT_GAME
[StateManager] Action executed: INIT_GAME
[StateManager] Action executed: INIT_GAME
[StateManager] Action executed: INIT_GAME
[StateManager] Action executed: INIT_GAME
[StateManager] Action executed: INIT_GAME
[StateManager] Action executed: INIT_GAME
[StateManager] Action executed: INIT_GAME
[StateManager] Action executed: INIT_GAME
[StateManager] Action executed: INIT_GAME
[StateManager] Action executed: INIT_GAME
[StateManager] Action executed: INIT_GAME
[StateManager] Action executed: INIT_GAME
[StateManager] Action executed: INIT_GAME
[StateManager] Action executed: INIT_GAME
[StateManager] Action executed: INIT_GAME
[StateManager] Action executed: INIT_GAME
[StateManager] Action executed: INIT_GAME
[StateManager] Action executed: INIT_GAME
[StateManager] Action executed: INIT_GAME
[StateManager] Action executed: INIT_GAME
[StateManager] Action executed: INIT_GAME
[StateManager] Action executed: INIT_GAME
[StateManager] Action executed: INIT_GAME
[StateManager] Action executed: INIT_GAME
[StateManager] Action executed: INIT_GAME
[StateManager] Action executed: INIT_GAME
[StateManager] Action executed: INIT_GAME
[StateManager] Action executed: INIT_GAME
[StateManager] Action executed: INIT_GAME
[StateManager] Action executed: INIT_GAME
[StateManager] Action executed: INIT_GAME
[StateManager] Action executed: INIT_GAME
[StateManager] Action executed: INIT_GAME
[StateManager] Action executed: INIT_GAME
[StateManager] Action executed: INIT_GAME
[StateManager] Action executed: INIT_GAME
[StateManager] Action executed: INIT_GAME
[StateManager] Action executed: INIT_GAME
[StateManager] Action executed: INIT_GAME
[StateManager] Action executed: INIT_GAME
[StateManager] Action executed: INIT_GAME
[StateManager] Action executed: INIT_GAME
[StateManager] Action executed: INIT_GAME
[StateManager] Action executed: INIT_GAME
[StateManager] Action executed: INIT_GAME
[StateManager] Action executed: INIT_GAME
[StateManager] Action executed: INIT_GAME
[StateManager] Action executed: INIT_GAME
[StateManager] Action executed: INIT_GAME
[StateManager] Action executed: INIT_GAME
[StateManager] Action executed: INIT_GAME
[StateManager] Action executed: INIT_GAME
[StateManager] Action executed: INIT_GAME
[StateManager] Action executed: INIT_GAME
[StateManager] Action executed: INIT_GAME
[StateManager] Action executed: INIT_GAME
[StateManager] Action executed: INIT_GAME
[StateManager] Action executed: INIT_GAME
[StateManager] Action executed: INIT_GAME
[StateManager] Action executed: INIT_GAME
[StateManager] Action executed: INIT_GAME
[StateManager] Action executed: INIT_GAME
[StateManager] Action executed: INIT_GAME
[StateManager] Action executed: INIT_GAME
[StateManager] Action executed: INIT_GAME
[StateManager] Action executed: INIT_GAME
[StateManager] Action executed: INIT_GAME
[StateManager] Action executed: INIT_GAME
[StateManager] Action executed: INIT_GAME
[StateManager] Action executed: INIT_GAME
[StateManager] Action executed: INIT_GAME
[StateManager] Action executed: INIT_GAME
[StateManager] Action executed: INIT_GAME
[StateManager] Action executed: INIT_GAME
[StateManager] Action executed: INIT_GAME
[StateManager] Action executed: INIT_GAME
[StateManager] Action executed: INIT_GAME
[StateManager] Action executed: INIT_GAME
[StateManager] Action executed: INIT_GAME
[StateManager] Action executed: INIT_GAME
[StateManager] Action executed: INIT_GAME
[StateManager] Action executed: INIT_GAME
[StateManager] Action executed: INIT_GAME
[StateManager] Action executed: INIT_GAME
[StateManager] Action executed: INIT_GAME
[StateManager] Action executed: INIT_GAME
[StateManager] Action executed: INIT_GAME
[StateManager] Action executed: INIT_GAME
[StateManager] Action executed: INIT_GAME
[StateManager] Action executed: INIT_GAME
[StateManager] Action executed: INIT_GAME
[StateManager] Action executed: INIT_GAME
[StateManager] Action executed: INIT_GAME
[StateManager] Action executed: INIT_GAME
[StateManager] Action executed: INIT_GAME
[StateManager] Action executed: INIT_GAME
[StateManager] Action executed: INIT_GAME
[StateManager] Action executed: INIT_GAME
[StateManager] Action executed: INIT_GAME
[StateManager] Action executed: INIT_GAME
[StateManager] Action executed: INIT_GAME
[StateManager] Action executed: INIT_GAME
[StateManager] Action executed: INIT_GAME
[StateManager] Action executed: INIT_GAME
[StateManager] Action executed: INIT_GAME
[StateManager] Action executed: INIT_GAME
[StateManager] Action executed: INIT_GAME
[StateManager] Action executed: INIT_GAME
[StateManager] Action executed: INIT_GAME
[StateManager] Action executed: INIT_GAME
[StateManager] Action executed: INIT_GAME
[StateManager] Action executed: INIT_GAME
[StateManager] Action executed: INIT_GAME
[StateManager] Action executed: INIT_GAME
[StateManager] Action executed: INIT_GAME
[StateManager] Action executed: INIT_GAME
[StateManager] Action executed: INIT_GAME
[StateManager] Action executed: INIT_GAME
[StateManager] Action executed: INIT_GAME
[StateManager] Action executed: INIT_GAME
[StateManager] Action executed: INIT_GAME
[StateManager] Action executed: INIT_GAME
[StateManager] Action executed: INIT_GAME
[StateManager] Action executed: INIT_GAME
[StateManager] Action executed: INIT_GAME
[StateManager] Action executed: INIT_GAME
[StateManager] Action executed: INIT_GAME
[StateManager] Action executed: INIT_GAME
[StateManager] Action executed: INIT_GAME
[StateManager] Action executed: INIT_GAME
[StateManager] Action executed: INIT_GAME
[StateManager] Action executed: INIT_GAME
[StateManager] Action executed: INIT_GAME
[StateManager] Action executed: INIT_GAME
[StateManager] Action executed: INIT_GAME
[StateManager] Action executed: INIT_GAME
[StateManager] Action executed: INIT_GAME
[StateManager] Action executed: INIT_GAME
[StateManager] Action executed: INIT_GAME
[StateManager] Action executed: INIT_GAME
[StateManager] Action executed: INIT_GAME
[StateManager] Action executed: INIT_GAME
[StateManager] Action executed: INIT_GAME
[StateManager] Action executed: INIT_GAME
[StateManager] Action executed: INIT_GAME
[StateManager] Action executed: INIT_GAME
[StateManager] Action executed: INIT_GAME
[StateManager] Action executed: INIT_GAME
[StateManager] Action executed: INIT_GAME
[StateManager] Action executed: INIT_GAME
[StateManager] Action executed: INIT_GAME
[StateManager] Action executed: INIT_GAME
[StateManager] Action executed: INIT_GAME
[StateManager] Action executed: INIT_GAME
[StateManager] Action executed: INIT_GAME
[StateManager] Action executed: INIT_GAME
[StateManager] Action executed: INIT_GAME
[StateManager] Action executed: INIT_GAME
[StateManager] Action executed: INIT_GAME
[StateManager] Action executed: INIT_GAME
[StateManager] Action executed: INIT_GAME
[StateManager] Action executed: INIT_GAME
[StateManager] Action executed: INIT_GAME
[StateManager] Action executed: INIT_GAME
[StateManager] Action executed: INIT_GAME
[StateManager] Action executed: INIT_GAME
[StateManager] Action executed: INIT_GAME
[StateManager] Action executed: INIT_GAME
[StateManager] Action executed: INIT_GAME
[StateManager] Action executed: INIT_GAME
[StateManager] Action executed: INIT_GAME
[StateManager] Action executed: INIT_GAME
[StateManager] Action executed: INIT_GAME
[StateManager] Action executed: INIT_GAME
[StateManager] Action executed: INIT_GAME
[StateManager] Action executed: INIT_GAME
[StateManager] Action executed: INIT_GAME
[StateManager] Action executed: INIT_GAME
[StateManager] Action executed: INIT_GAME
[StateManager] Action executed: INIT_GAME
[StateManager] Action executed: INIT_GAME
[StateManager] Action executed: INIT_GAME
[StateManager] Action executed: INIT_GAME
[StateManager] Action executed: INIT_GAME
[StateManager] Action executed: INIT_GAME
[StateManager] Action executed: INIT_GAME
[StateManager] Action executed: INIT_GAME
[StateManager] Action executed: INIT_GAME
[StateManager] Action executed: INIT_GAME
[StateManager] Action executed: INIT_GAME
[StateManager] Action executed: INIT_GAME
[StateManager] Action executed: INIT_GAME
[StateManager] Action executed: INIT_GAME
[StateManager] Action executed: INIT_GAME
[StateManager] Action executed: INIT_GAME
[StateManager] Action executed: INIT_GAME
[StateManager] Action executed: INIT_GAME
[StateManager] Action executed: INIT_GAME
[StateManager] Action executed: INIT_GAME
[StateManager] Action executed: INIT_GAME
[StateManager] Action executed: INIT_GAME
[StateManager] Action executed: INIT_GAME
[StateManager] Action executed: INIT_GAME
[StateManager] Action executed: INIT_GAME
[StateManager] Action executed: INIT_GAME
[StateManager] Action executed: INIT_GAME
[StateManager] Action executed: INIT_GAME
[StateManager] Action executed: INIT_GAME
[StateManager] Action executed: INIT_GAME
[StateManager] Action executed: INIT_GAME
[StateManager] Action executed: INIT_GAME
[StateManager] Action executed: INIT_GAME
[StateManager] Action executed: INIT_GAME
[StateManager] Action executed: INIT_GAME
[StateManager] Action executed: INIT_GAME
[StateManager] Action executed: INIT_GAME
[StateManager] Action executed: INIT_GAME
[StateManager] Action executed: INIT_GAME
[StateManager] Action executed: INIT_GAME
[StateManager] Action executed: INIT_GAME
[StateManager] Action executed: INIT_GAME
[StateManager] Action executed: INIT_GAME
[StateManager] Action executed: INIT_GAME
[StateManager] Action executed: INIT_GAME
[StateManager] Action executed: INIT_GAME
[StateManager] Action executed: INIT_GAME
[StateManager] Action executed: INIT_GAME
[StateManager] Action executed: INIT_GAME
[StateManager] Action executed: INIT_GAME
[StateManager] Action executed: INIT_GAME
[StateManager] Action executed: INIT_GAME
[StateManager] Action executed: INIT_GAME
[StateManager] Action executed: INIT_GAME
[StateManager] Action executed: INIT_GAME
[StateManager] Action executed: INIT_GAME
[StateManager] Action executed: INIT_GAME
[StateManager] Action executed: INIT_GAME
[StateManager] Action executed: INIT_GAME
[StateManager] Action executed: INIT_GAME
[StateManager] Action executed: INIT_GAME
[StateManager] Action executed: INIT_GAME
[StateManager] Action executed: INIT_GAME
[StateManager] Action executed: INIT_GAME
[StateManager] Action executed: INIT_GAME
[StateManager] Action executed: INIT_GAME
[StateManager] Action executed: INIT_GAME
[StateManager] Action executed: INIT_GAME
[StateManager] Action executed: INIT_GAME
[StateManager] Action executed: INIT_GAME
[StateManager] Action executed: INIT_GAME
[StateManager] Action executed: INIT_GAME
[StateManager] Action executed: INIT_GAME
[StateManager] Action executed: INIT_GAME
[StateManager] Action executed: INIT_GAME
[StateManager] Action executed: INIT_GAME
[StateManager] Action executed: INIT_GAME
[StateManager] Action executed: INIT_GAME
[StateManager] Action executed: INIT_GAME
[StateManager] Action executed: INIT_GAME
[StateManager] Action executed: INIT_GAME
[StateManager] Action executed: INIT_GAME
[StateManager] Action executed: INIT_GAME
[StateManager] Action executed: INIT_GAME
[StateManager] Action executed: INIT_GAME
[StateManager] Action executed: INIT_GAME
[StateManager] Action executed: INIT_GAME
[StateManager] Action executed: INIT_GAME
[StateManager] Action executed: INIT_GAME
[StateManager] Action executed: INIT_GAME
[StateManager] Action executed: INIT_GAME
[StateManager] Action executed: INIT_GAME
[StateManager] Action executed: INIT_GAME
[StateManager] Action executed: INIT_GAME
[StateManager] Action executed: INIT_GAME
[StateManager] Action executed: INIT_GAME
[StateManager] Action executed: INIT_GAME
[StateManager] Action executed: INIT_GAME
[StateManager] Action executed: INIT_GAME
[StateManager] Action executed: INIT_GAME
[StateManager] Action executed: INIT_GAME
[StateManager] Action executed: INIT_GAME
[StateManager] Action executed: INIT_GAME
[StateManager] Action executed: INIT_GAME
[StateManager] Action executed: INIT_GAME
[StateManager] Action executed: INIT_GAME
[StateManager] Action executed: INIT_GAME
[StateManager] Action executed: INIT_GAME
[StateManager] Action executed: INIT_GAME
[StateManager] Action executed: INIT_GAME
[StateManager] Action executed: INIT_GAME
[StateManager] Action executed: INIT_GAME
[StateManager] Action executed: INIT_GAME
[StateManager] Action executed: INIT_GAME
[StateManager] Action executed: INIT_GAME
[StateManager] Action executed: INIT_GAME
[StateManager] Action executed: INIT_GAME
[StateManager] Action executed: INIT_GAME
[StateManager] Action executed: INIT_GAME
[StateManager] Action executed: INIT_GAME
[StateManager] Action executed: INIT_GAME
[StateManager] Action executed: INIT_GAME
[StateManager] Action executed: INIT_GAME
[StateManager] Action executed: INIT_GAME
[StateManager] Action executed: INIT_GAME
[StateManager] Action executed: INIT_GAME
[StateManager] Action executed: INIT_GAME
[StateManager] Action executed: INIT_GAME
[StateManager] Action executed: INIT_GAME
[StateManager] Action executed: INIT_GAME
[StateManager] Action executed: INIT_GAME
[StateManager] Action executed: INIT_GAME
[StateManager] Action executed: INIT_GAME
[StateManager] Action executed: INIT_GAME
[StateManager] Action executed: INIT_GAME
[StateManager] Action executed: INIT_GAME
[StateManager] Action executed: INIT_GAME
[StateManager] Action executed: INIT_GAME
[StateManager] Action executed: INIT_GAME
[StateManager] Action executed: INIT_GAME
[StateManager] Action executed: INIT_GAME
[StateManager] Action executed: INIT_GAME
[StateManager] Action executed: INIT_GAME
[StateManager] Action executed: INIT_GAME
[StateManager] Action executed: INIT_GAME
[StateManager] Action executed: INIT_GAME
[StateManager] Action executed: INIT_GAME
[StateManager] Action executed: INIT_GAME
[StateManager] Action executed: INIT_GAME
[StateManager] Action executed: INIT_GAME
[StateManager] Action executed: INIT_GAME
[StateManager] Action executed: INIT_GAME
[StateManager] Action executed: INIT_GAME
[StateManager] Action executed: INIT_GAME
[StateManager] Action executed: INIT_GAME
[StateManager] Action executed: INIT_GAME
[StateManager] Action executed: INIT_GAME
[StateManager] Action executed: INIT_GAME
[StateManager] Action executed: INIT_GAME
[StateManager] Action executed: INIT_GAME
[StateManager] Action executed: INIT_GAME
[StateManager] Action executed: INIT_GAME
[StateManager] Action executed: INIT_GAME
[StateManager] Action executed: INIT_GAME
[StateManager] Action executed: INIT_GAME
[StateManager] Action executed: INIT_GAME
[StateManager] Action executed: INIT_GAME
[StateManager] Action executed: INIT_GAME
[StateManager] Action executed: INIT_GAME
[StateManager] Action executed: INIT_GAME
[StateManager] Action executed: INIT_GAME
[StateManager] Action executed: INIT_GAME
[StateManager] Action executed: INIT_GAME
[StateManager] Action executed: INIT_GAME
[StateManager] Action executed: INIT_GAME
[StateManager] Action executed: INIT_GAME
[StateManager] Action executed: INIT_GAME
[StateManager] Action executed: INIT_GAME
[StateManager] Action executed: INIT_GAME
[StateManager] Action executed: INIT_GAME
[StateManager] Action executed: INIT_GAME
[StateManager] Action executed: INIT_GAME
[StateManager] Action executed: INIT_GAME
[StateManager] Action executed: INIT_GAME
[StateManager] Action executed: INIT_GAME
[StateManager] Action executed: INIT_GAME
[StateManager] Action executed: INIT_GAME
[StateManager] Action executed: INIT_GAME
[StateManager] Action executed: INIT_GAME
[StateManager] Action executed: INIT_GAME
[StateManager] Action executed: INIT_GAME
[StateManager] Action executed: INIT_GAME
[StateManager] Action executed: INIT_GAME
[StateManager] Action executed: INIT_GAME
[StateManager] Action executed: INIT_GAME
[StateManager] Action executed: INIT_GAME
[StateManager] Action executed: INIT_GAME
[StateManager] Action executed: INIT_GAME
[StateManager] Action executed: INIT_GAME
[StateManager] Action executed: INIT_GAME
[StateManager] Action executed: INIT_GAME
[StateManager] Action executed: INIT_GAME
[StateManager] Action executed: INIT_GAME
[StateManager] Action executed: INIT_GAME
[StateManager] Action executed: INIT_GAME
[StateManager] Action executed: INIT_GAME
[StateManager] Action executed: INIT_GAME
[StateManager] Action executed: INIT_GAME
[StateManager] Action executed: INIT_GAME
[StateManager] Action executed: INIT_GAME
[StateManager] Action executed: INIT_GAME
[StateManager] Action executed: INIT_GAME
[StateManager] Action executed: INIT_GAME
[StateManager] Action executed: INIT_GAME
[StateManager] Action executed: INIT_GAME
[StateManager] Action executed: INIT_GAME
[StateManager] Action executed: INIT_GAME
[StateManager] Action executed: INIT_GAME
[StateManager] Action executed: INIT_GAME
[StateManager] Action executed: INIT_GAME
[StateManager] Action executed: INIT_GAME
[StateManager] Action executed: INIT_GAME
[StateManager] Action executed: INIT_GAME
[StateManager] Action executed: INIT_GAME
[StateManager] Action executed: INIT_GAME
[StateManager] Action executed: INIT_GAME
[StateManager] Action executed: INIT_GAME
[StateManager] Action executed: INIT_GAME
[StateManager] Action executed: INIT_GAME
[StateManager] Action executed: INIT_GAME
[StateManager] Action executed: INIT_GAME
[StateManager] Action executed: INIT_GAME
[StateManager] Action executed: INIT_GAME
[StateManager] Action executed: INIT_GAME
[StateManager] Action executed: INIT_GAME
[StateManager] Action executed: INIT_GAME
[StateManager] Action executed: INIT_GAME
[StateManager] Action executed: INIT_GAME
[StateManager] Action executed: INIT_GAME
[StateManager] Action executed: INIT_GAME
[StateManager] Action executed: INIT_GAME
[StateManager] Action executed: INIT_GAME
[StateManager] Action executed: INIT_GAME
[StateManager] Action executed: INIT_GAME
[StateManager] Action executed: INIT_GAME
[StateManager] Action executed: INIT_GAME
[StateManager] Action executed: INIT_GAME
[StateManager] Action executed: INIT_GAME
[StateManager] Action executed: INIT_GAME
[StateManager] Action executed: INIT_GAME
[StateManager] Action executed: INIT_GAME
[StateManager] Action executed: INIT_GAME
[StateManager] Action executed: INIT_GAME
[StateManager] Action executed: INIT_GAME
[StateManager] Action executed: INIT_GAME
[StateManager] Action executed: INIT_GAME
[StateManager] Action executed: INIT_GAME
[StateManager] Action executed: INIT_GAME
[StateManager] Action executed: INIT_GAME
[StateManager] Action executed: INIT_GAME
[StateManager] Action executed: INIT_GAME
[StateManager] Action executed: INIT_GAME
[StateManager] Action executed: INIT_GAME
[StateManager] Action executed: INIT_GAME
[StateManager] Action executed: INIT_GAME
[StateManager] Action executed: INIT_GAME
[StateManager] Action executed: INIT_GAME
[StateManager] Action executed: INIT_GAME
[StateManager] Action executed: INIT_GAME
[StateManager] Action executed: INIT_GAME
[StateManager] Action executed: INIT_GAME
[StateManager] Action executed: INIT_GAME
[StateManager] Action executed: INIT_GAME
[StateManager] Action executed: INIT_GAME
[StateManager] Action executed: INIT_GAME
[StateManager] Action executed: INIT_GAME
[StateManager] Action executed: INIT_GAME
[StateManager] Action executed: INIT_GAME
[StateManager] Action executed: INIT_GAME
[StateManager] Action executed: INIT_GAME
[StateManager] Action executed: INIT_GAME
[StateManager] Action executed: INIT_GAME
[StateManager] Action executed: INIT_GAME
[StateManager] Action executed: INIT_GAME
[StateManager] Action executed: INIT_GAME
[StateManager] Action executed: INIT_GAME
[StateManager] Action executed: INIT_GAME
[StateManager] Action executed: INIT_GAME
[StateManager] Action executed: INIT_GAME
[StateManager] Action executed: INIT_GAME
[StateManager] Action executed: INIT_GAME
[StateManager] Action executed: INIT_GAME
[StateManager] Action executed: INIT_GAME
[StateManager] Action executed: INIT_GAME
[StateManager] Action executed: INIT_GAME
[StateManager] Action executed: INIT_GAME
[StateManager] Action executed: INIT_GAME
[StateManager] Action executed: INIT_GAME
[StateManager] Action executed: INIT_GAME
[StateManager] Action executed: INIT_GAME
[StateManager] Action executed: INIT_GAME
[StateManager] Action executed: INIT_GAME
[StateManager] Action executed: INIT_GAME
[StateManager] Action executed: INIT_GAME
[StateManager] Action executed: INIT_GAME
[StateManager] Action executed: INIT_GAME
[StateManager] Action executed: INIT_GAME
[StateManager] Action executed: INIT_GAME
[StateManager] Action executed: INIT_GAME
[StateManager] Action executed: INIT_GAME
[StateManager] Action executed: INIT_GAME
[StateManager] Action executed: INIT_GAME
[StateManager] Action executed: INIT_GAME
[StateManager] Action executed: INIT_GAME
[StateManager] Action executed: INIT_GAME
[StateManager] Action executed: INIT_GAME
[StateManager] Action executed: INIT_GAME
[StateManager] Action executed: INIT_GAME
[StateManager] Action executed: INIT_GAME
[StateManager] Action executed: INIT_GAME
[StateManager] Action executed: INIT_GAME
[StateManager] Action executed: INIT_GAME
[StateManager] Action executed: INIT_GAME
[StateManager] Action executed: INIT_GAME
[StateManager] Action executed: INIT_GAME
[StateManager] Action executed: INIT_GAME
[StateManager] Action executed: INIT_GAME
[StateManager] Action executed: INIT_GAME
[StateManager] Action executed: INIT_GAME
[StateManager] Action executed: INIT_GAME
[StateManager] Action executed: INIT_GAME
[StateManager] Action executed: INIT_GAME
[StateManager] Action executed: INIT_GAME
[StateManager] Action executed: INIT_GAME
[StateManager] Action executed: INIT_GAME
[StateManager] Action executed: INIT_GAME
[StateManager] Action executed: INIT_GAME
[StateManager] Action executed: INIT_GAME
[StateManager] Action executed: INIT_GAME
[StateManager] Action executed: INIT_GAME
[StateManager] Action executed: INIT_GAME
[StateManager] Action executed: INIT_GAME
[StateManager] Action executed: INIT_GAME
[StateManager] Action executed: INIT_GAME
[StateManager] Action executed: INIT_GAME
[StateManager] Action executed: INIT_GAME
[StateManager] Action executed: INIT_GAME
[StateManager] Action executed: INIT_GAME
[StateManager] Action executed: INIT_GAME
[StateManager] Action executed: INIT_GAME
[StateManager] Action executed: INIT_GAME
[StateManager] Action executed: INIT_GAME
[StateManager] Action executed: INIT_GAME
[StateManager] Action executed: INIT_GAME
[StateManager] Action executed: INIT_GAME
[StateManager] Action executed: INIT_GAME
[StateManager] Action executed: INIT_GAME
[StateManager] Action executed: INIT_GAME
[StateManager] Action executed: INIT_GAME
[StateManager] Action executed: INIT_GAME
[StateManager] Action executed: INIT_GAME
[StateManager] Action executed: INIT_GAME
[StateManager] Action executed: INIT_GAME
[StateManager] Action executed: INIT_GAME
[StateManager] Action executed: INIT_GAME
[StateManager] Action executed: INIT_GAME
[StateManager] Action executed: INIT_GAME
[StateManager] Action executed: INIT_GAME
[StateManager] Action executed: INIT_GAME
[StateManager] Action executed: INIT_GAME
[StateManager] Action executed: INIT_GAME
[StateManager] Action executed: INIT_GAME
1000次初始化平均耗时: 0.02ms

stdout | tests/e2e/performance-benchmark.test.ts > 性能基准测试 > 应该维持内存稳定 (无明显泄漏)
[StateManager] Handler registered: INIT_GAME
[StateManager] Action executed: INIT_GAME

stderr | tests/e2e/performance-benchmark.test.ts > 性能基准测试 > 应该维持内存稳定 (无明显泄漏)
[StateManager] Action failed: DEAL_CARDS Error: No handler registered for action type: DEAL_CARDS
    at StateManager.executeAction (/home/jin/guozha-poker-game/src/game-engine/state/StateManager.ts:131:15)
    at /home/jin/guozha-poker-game/tests/e2e/performance-benchmark.test.ts:172:26
    at runTest (file:///home/jin/guozha-poker-game/node_modules/@vitest/runner/dist/index.js:781:11)
    at runSuite (file:///home/jin/guozha-poker-game/node_modules/@vitest/runner/dist/index.js:909:15)
    at runSuite (file:///home/jin/guozha-poker-game/node_modules/@vitest/runner/dist/index.js:909:15)
    at runFiles (file:///home/jin/guozha-poker-game/node_modules/@vitest/runner/dist/index.js:958:5)
    at startTests (file:///home/jin/guozha-poker-game/node_modules/@vitest/runner/dist/index.js:967:3)
    at file:///home/jin/guozha-poker-game/node_modules/vitest/dist/chunks/runtime-runBaseTests.oAvMKtQC.js:116:7
    at withEnv (file:///home/jin/guozha-poker-game/node_modules/vitest/dist/chunks/runtime-runBaseTests.oAvMKtQC.js:83:5)
    at run (file:///home/jin/guozha-poker-game/node_modules/vitest/dist/chunks/runtime-runBaseTests.oAvMKtQC.js:105:3)

stdout | tests/e2e/performance-benchmark.test.ts > 性能基准测试 > 应该支持快照创建和恢复
[StateManager] Handler registered: INIT_GAME
[StateManager] Action executed: INIT_GAME

 × tests/chatAndVoiceRegression.test.ts > 聊天和语音系统回归测试 > 集成回归 > 应该能够处理多个玩家的聊天 5004ms
   → Test timed out in 5000ms.
If this is a long-running test, pass a timeout value as the last argument or configure it globally with "testTimeout".
 × tests/e2e/stress-test.test.ts > 压力测试 > 应该支持连续100局游戏无崩溃 307ms
   → expected 0 to be greater than or equal to 90
 ✓ tests/e2e/stress-test.test.ts > 压力测试 > 应该支持快速连续操作
 ✓ tests/e2e/stress-test.test.ts > 压力测试 > 应该在边界条件下稳定运行
 ✓ tests/e2e/stress-test.test.ts > 压力测试 > 应该正确处理并发操作
 ✓ tests/e2e/stress-test.test.ts > 压力测试 > 应该验证历史记录限制
stdout | tests/e2e/stress-test.test.ts > 压力测试 > 应该支持连续100局游戏无崩溃
[StateManager] Handler registered: INIT_GAME
[StateManager] Action executed: INIT_GAME
[StateManager] Action executed: INIT_GAME
[StateManager] Action executed: INIT_GAME
[StateManager] Action executed: INIT_GAME
[StateManager] Action executed: INIT_GAME
[StateManager] Action executed: INIT_GAME
[StateManager] Action executed: INIT_GAME
[StateManager] Action executed: INIT_GAME
[StateManager] Action executed: INIT_GAME
[StateManager] Action executed: INIT_GAME
[StateManager] Action executed: INIT_GAME
[StateManager] Action executed: INIT_GAME
[StateManager] Action executed: INIT_GAME
[StateManager] Action executed: INIT_GAME
[StateManager] Action executed: INIT_GAME
[StateManager] Action executed: INIT_GAME
[StateManager] Action executed: INIT_GAME
[StateManager] Action executed: INIT_GAME
[StateManager] Action executed: INIT_GAME
[StateManager] Action executed: INIT_GAME
[StateManager] Action executed: INIT_GAME
[StateManager] Action executed: INIT_GAME
[StateManager] Action executed: INIT_GAME
[StateManager] Action executed: INIT_GAME
[StateManager] Action executed: INIT_GAME
[StateManager] Action executed: INIT_GAME
[StateManager] Action executed: INIT_GAME
[StateManager] Action executed: INIT_GAME
[StateManager] Action executed: INIT_GAME
[StateManager] Action executed: INIT_GAME
[StateManager] Action executed: INIT_GAME
[StateManager] Action executed: INIT_GAME
[StateManager] Action executed: INIT_GAME
[StateManager] Action executed: INIT_GAME
[StateManager] Action executed: INIT_GAME
[StateManager] Action executed: INIT_GAME
[StateManager] Action executed: INIT_GAME
[StateManager] Action executed: INIT_GAME
[StateManager] Action executed: INIT_GAME
[StateManager] Action executed: INIT_GAME
[StateManager] Action executed: INIT_GAME
[StateManager] Action executed: INIT_GAME
[StateManager] Action executed: INIT_GAME
[StateManager] Action executed: INIT_GAME
[StateManager] Action executed: INIT_GAME
[StateManager] Action executed: INIT_GAME
[StateManager] Action executed: INIT_GAME
[StateManager] Action executed: INIT_GAME
[StateManager] Action executed: INIT_GAME
[StateManager] Action executed: INIT_GAME
[StateManager] Action executed: INIT_GAME
[StateManager] Action executed: INIT_GAME
[StateManager] Action executed: INIT_GAME
[StateManager] Action executed: INIT_GAME
[StateManager] Action executed: INIT_GAME
[StateManager] Action executed: INIT_GAME
[StateManager] Action executed: INIT_GAME
[StateManager] Action executed: INIT_GAME
[StateManager] Action executed: INIT_GAME
[StateManager] Action executed: INIT_GAME
[StateManager] Action executed: INIT_GAME
[StateManager] Action executed: INIT_GAME
[StateManager] Action executed: INIT_GAME
[StateManager] Action executed: INIT_GAME
[StateManager] Action executed: INIT_GAME
[StateManager] Action executed: INIT_GAME
[StateManager] Action executed: INIT_GAME
[StateManager] Action executed: INIT_GAME
[StateManager] Action executed: INIT_GAME
[StateManager] Action executed: INIT_GAME
[StateManager] Action executed: INIT_GAME
[StateManager] Action executed: INIT_GAME
[StateManager] Action executed: INIT_GAME
[StateManager] Action executed: INIT_GAME
[StateManager] Action executed: INIT_GAME
[StateManager] Action executed: INIT_GAME
[StateManager] Action executed: INIT_GAME
[StateManager] Action executed: INIT_GAME
[StateManager] Action executed: INIT_GAME
[StateManager] Action executed: INIT_GAME
[StateManager] Action executed: INIT_GAME
[StateManager] Action executed: INIT_GAME
[StateManager] Action executed: INIT_GAME
[StateManager] Action executed: INIT_GAME
[StateManager] Action executed: INIT_GAME
[StateManager] Action executed: INIT_GAME
[StateManager] Action executed: INIT_GAME
[StateManager] Action executed: INIT_GAME
[StateManager] Action executed: INIT_GAME
[StateManager] Action executed: INIT_GAME
[StateManager] Action executed: INIT_GAME
[StateManager] Action executed: INIT_GAME
[StateManager] Action executed: INIT_GAME
[StateManager] Action executed: INIT_GAME
[StateManager] Action executed: INIT_GAME
[StateManager] Action executed: INIT_GAME
[StateManager] Action executed: INIT_GAME
[StateManager] Action executed: INIT_GAME
[StateManager] Action executed: INIT_GAME
[StateManager] Action executed: INIT_GAME

stderr | tests/e2e/stress-test.test.ts > 压力测试 > 应该支持连续100局游戏无崩溃
[StateManager] Action failed: DEAL_CARDS Error: No handler registered for action type: DEAL_CARDS
    at StateManager.executeAction (/home/jin/guozha-poker-game/src/game-engine/state/StateManager.ts:131:15)
    at /home/jin/guozha-poker-game/tests/e2e/stress-test.test.ts:45:28
    at runTest (file:///home/jin/guozha-poker-game/node_modules/@vitest/runner/dist/index.js:781:11)
    at runSuite (file:///home/jin/guozha-poker-game/node_modules/@vitest/runner/dist/index.js:909:15)
    at runSuite (file:///home/jin/guozha-poker-game/node_modules/@vitest/runner/dist/index.js:909:15)
    at runFiles (file:///home/jin/guozha-poker-game/node_modules/@vitest/runner/dist/index.js:958:5)
    at startTests (file:///home/jin/guozha-poker-game/node_modules/@vitest/runner/dist/index.js:967:3)
    at file:///home/jin/guozha-poker-game/node_modules/vitest/dist/chunks/runtime-runBaseTests.oAvMKtQC.js:116:7
    at withEnv (file:///home/jin/guozha-poker-game/node_modules/vitest/dist/chunks/runtime-runBaseTests.oAvMKtQC.js:83:5)
    at run (file:///home/jin/guozha-poker-game/node_modules/vitest/dist/chunks/runtime-runBaseTests.oAvMKtQC.js:105:3)
游戏 1 失败: Error: No handler registered for action type: DEAL_CARDS
    at StateManager.executeAction (/home/jin/guozha-poker-game/src/game-engine/state/StateManager.ts:131:15)
    at /home/jin/guozha-poker-game/tests/e2e/stress-test.test.ts:45:28
    at runTest (file:///home/jin/guozha-poker-game/node_modules/@vitest/runner/dist/index.js:781:11)
    at runSuite (file:///home/jin/guozha-poker-game/node_modules/@vitest/runner/dist/index.js:909:15)
    at runSuite (file:///home/jin/guozha-poker-game/node_modules/@vitest/runner/dist/index.js:909:15)
    at runFiles (file:///home/jin/guozha-poker-game/node_modules/@vitest/runner/dist/index.js:958:5)
    at startTests (file:///home/jin/guozha-poker-game/node_modules/@vitest/runner/dist/index.js:967:3)
    at file:///home/jin/guozha-poker-game/node_modules/vitest/dist/chunks/runtime-runBaseTests.oAvMKtQC.js:116:7
    at withEnv (file:///home/jin/guozha-poker-game/node_modules/vitest/dist/chunks/runtime-runBaseTests.oAvMKtQC.js:83:5)
    at run (file:///home/jin/guozha-poker-game/node_modules/vitest/dist/chunks/runtime-runBaseTests.oAvMKtQC.js:105:3)
[StateManager] Action failed: DEAL_CARDS Error: No handler registered for action type: DEAL_CARDS
    at StateManager.executeAction (/home/jin/guozha-poker-game/src/game-engine/state/StateManager.ts:131:15)
    at /home/jin/guozha-poker-game/tests/e2e/stress-test.test.ts:45:28
    at runTest (file:///home/jin/guozha-poker-game/node_modules/@vitest/runner/dist/index.js:781:11)
    at runSuite (file:///home/jin/guozha-poker-game/node_modules/@vitest/runner/dist/index.js:909:15)
    at runSuite (file:///home/jin/guozha-poker-game/node_modules/@vitest/runner/dist/index.js:909:15)
    at runFiles (file:///home/jin/guozha-poker-game/node_modules/@vitest/runner/dist/index.js:958:5)
    at startTests (file:///home/jin/guozha-poker-game/node_modules/@vitest/runner/dist/index.js:967:3)
    at file:///home/jin/guozha-poker-game/node_modules/vitest/dist/chunks/runtime-runBaseTests.oAvMKtQC.js:116:7
    at withEnv (file:///home/jin/guozha-poker-game/node_modules/vitest/dist/chunks/runtime-runBaseTests.oAvMKtQC.js:83:5)
    at run (file:///home/jin/guozha-poker-game/node_modules/vitest/dist/chunks/runtime-runBaseTests.oAvMKtQC.js:105:3)
游戏 2 失败: Error: No handler registered for action type: DEAL_CARDS
    at StateManager.executeAction (/home/jin/guozha-poker-game/src/game-engine/state/StateManager.ts:131:15)
    at /home/jin/guozha-poker-game/tests/e2e/stress-test.test.ts:45:28
    at runTest (file:///home/jin/guozha-poker-game/node_modules/@vitest/runner/dist/index.js:781:11)
    at runSuite (file:///home/jin/guozha-poker-game/node_modules/@vitest/runner/dist/index.js:909:15)
    at runSuite (file:///home/jin/guozha-poker-game/node_modules/@vitest/runner/dist/index.js:909:15)
    at runFiles (file:///home/jin/guozha-poker-game/node_modules/@vitest/runner/dist/index.js:958:5)
    at startTests (file:///home/jin/guozha-poker-game/node_modules/@vitest/runner/dist/index.js:967:3)
    at file:///home/jin/guozha-poker-game/node_modules/vitest/dist/chunks/runtime-runBaseTests.oAvMKtQC.js:116:7
    at withEnv (file:///home/jin/guozha-poker-game/node_modules/vitest/dist/chunks/runtime-runBaseTests.oAvMKtQC.js:83:5)
    at run (file:///home/jin/guozha-poker-game/node_modules/vitest/dist/chunks/runtime-runBaseTests.oAvMKtQC.js:105:3)
[StateManager] Action failed: DEAL_CARDS Error: No handler registered for action type: DEAL_CARDS
    at StateManager.executeAction (/home/jin/guozha-poker-game/src/game-engine/state/StateManager.ts:131:15)
    at /home/jin/guozha-poker-game/tests/e2e/stress-test.test.ts:45:28
    at runTest (file:///home/jin/guozha-poker-game/node_modules/@vitest/runner/dist/index.js:781:11)
    at runSuite (file:///home/jin/guozha-poker-game/node_modules/@vitest/runner/dist/index.js:909:15)
    at runSuite (file:///home/jin/guozha-poker-game/node_modules/@vitest/runner/dist/index.js:909:15)
    at runFiles (file:///home/jin/guozha-poker-game/node_modules/@vitest/runner/dist/index.js:958:5)
    at startTests (file:///home/jin/guozha-poker-game/node_modules/@vitest/runner/dist/index.js:967:3)
    at file:///home/jin/guozha-poker-game/node_modules/vitest/dist/chunks/runtime-runBaseTests.oAvMKtQC.js:116:7
    at withEnv (file:///home/jin/guozha-poker-game/node_modules/vitest/dist/chunks/runtime-runBaseTests.oAvMKtQC.js:83:5)
    at run (file:///home/jin/guozha-poker-game/node_modules/vitest/dist/chunks/runtime-runBaseTests.oAvMKtQC.js:105:3)
游戏 3 失败: Error: No handler registered for action type: DEAL_CARDS
    at StateManager.executeAction (/home/jin/guozha-poker-game/src/game-engine/state/StateManager.ts:131:15)
    at /home/jin/guozha-poker-game/tests/e2e/stress-test.test.ts:45:28
    at runTest (file:///home/jin/guozha-poker-game/node_modules/@vitest/runner/dist/index.js:781:11)
    at runSuite (file:///home/jin/guozha-poker-game/node_modules/@vitest/runner/dist/index.js:909:15)
    at runSuite (file:///home/jin/guozha-poker-game/node_modules/@vitest/runner/dist/index.js:909:15)
    at runFiles (file:///home/jin/guozha-poker-game/node_modules/@vitest/runner/dist/index.js:958:5)
    at startTests (file:///home/jin/guozha-poker-game/node_modules/@vitest/runner/dist/index.js:967:3)
    at file:///home/jin/guozha-poker-game/node_modules/vitest/dist/chunks/runtime-runBaseTests.oAvMKtQC.js:116:7
    at withEnv (file:///home/jin/guozha-poker-game/node_modules/vitest/dist/chunks/runtime-runBaseTests.oAvMKtQC.js:83:5)
    at run (file:///home/jin/guozha-poker-game/node_modules/vitest/dist/chunks/runtime-runBaseTests.oAvMKtQC.js:105:3)
[StateManager] Action failed: DEAL_CARDS Error: No handler registered for action type: DEAL_CARDS
    at StateManager.executeAction (/home/jin/guozha-poker-game/src/game-engine/state/StateManager.ts:131:15)
    at /home/jin/guozha-poker-game/tests/e2e/stress-test.test.ts:45:28
    at runTest (file:///home/jin/guozha-poker-game/node_modules/@vitest/runner/dist/index.js:781:11)
    at runSuite (file:///home/jin/guozha-poker-game/node_modules/@vitest/runner/dist/index.js:909:15)
    at runSuite (file:///home/jin/guozha-poker-game/node_modules/@vitest/runner/dist/index.js:909:15)
    at runFiles (file:///home/jin/guozha-poker-game/node_modules/@vitest/runner/dist/index.js:958:5)
    at startTests (file:///home/jin/guozha-poker-game/node_modules/@vitest/runner/dist/index.js:967:3)
    at file:///home/jin/guozha-poker-game/node_modules/vitest/dist/chunks/runtime-runBaseTests.oAvMKtQC.js:116:7
    at withEnv (file:///home/jin/guozha-poker-game/node_modules/vitest/dist/chunks/runtime-runBaseTests.oAvMKtQC.js:83:5)
    at run (file:///home/jin/guozha-poker-game/node_modules/vitest/dist/chunks/runtime-runBaseTests.oAvMKtQC.js:105:3)
游戏 4 失败: Error: No handler registered for action type: DEAL_CARDS
    at StateManager.executeAction (/home/jin/guozha-poker-game/src/game-engine/state/StateManager.ts:131:15)
    at /home/jin/guozha-poker-game/tests/e2e/stress-test.test.ts:45:28
    at runTest (file:///home/jin/guozha-poker-game/node_modules/@vitest/runner/dist/index.js:781:11)
    at runSuite (file:///home/jin/guozha-poker-game/node_modules/@vitest/runner/dist/index.js:909:15)
    at runSuite (file:///home/jin/guozha-poker-game/node_modules/@vitest/runner/dist/index.js:909:15)
    at runFiles (file:///home/jin/guozha-poker-game/node_modules/@vitest/runner/dist/index.js:958:5)
    at startTests (file:///home/jin/guozha-poker-game/node_modules/@vitest/runner/dist/index.js:967:3)
    at file:///home/jin/guozha-poker-game/node_modules/vitest/dist/chunks/runtime-runBaseTests.oAvMKtQC.js:116:7
    at withEnv (file:///home/jin/guozha-poker-game/node_modules/vitest/dist/chunks/runtime-runBaseTests.oAvMKtQC.js:83:5)
    at run (file:///home/jin/guozha-poker-game/node_modules/vitest/dist/chunks/runtime-runBaseTests.oAvMKtQC.js:105:3)
[StateManager] Action failed: DEAL_CARDS Error: No handler registered for action type: DEAL_CARDS
    at StateManager.executeAction (/home/jin/guozha-poker-game/src/game-engine/state/StateManager.ts:131:15)
    at /home/jin/guozha-poker-game/tests/e2e/stress-test.test.ts:45:28
    at runTest (file:///home/jin/guozha-poker-game/node_modules/@vitest/runner/dist/index.js:781:11)
    at runSuite (file:///home/jin/guozha-poker-game/node_modules/@vitest/runner/dist/index.js:909:15)
    at runSuite (file:///home/jin/guozha-poker-game/node_modules/@vitest/runner/dist/index.js:909:15)
    at runFiles (file:///home/jin/guozha-poker-game/node_modules/@vitest/runner/dist/index.js:958:5)
    at startTests (file:///home/jin/guozha-poker-game/node_modules/@vitest/runner/dist/index.js:967:3)
    at file:///home/jin/guozha-poker-game/node_modules/vitest/dist/chunks/runtime-runBaseTests.oAvMKtQC.js:116:7
    at withEnv (file:///home/jin/guozha-poker-game/node_modules/vitest/dist/chunks/runtime-runBaseTests.oAvMKtQC.js:83:5)
    at run (file:///home/jin/guozha-poker-game/node_modules/vitest/dist/chunks/runtime-runBaseTests.oAvMKtQC.js:105:3)
游戏 5 失败: Error: No handler registered for action type: DEAL_CARDS
    at StateManager.executeAction (/home/jin/guozha-poker-game/src/game-engine/state/StateManager.ts:131:15)
    at /home/jin/guozha-poker-game/tests/e2e/stress-test.test.ts:45:28
    at runTest (file:///home/jin/guozha-poker-game/node_modules/@vitest/runner/dist/index.js:781:11)
    at runSuite (file:///home/jin/guozha-poker-game/node_modules/@vitest/runner/dist/index.js:909:15)
    at runSuite (file:///home/jin/guozha-poker-game/node_modules/@vitest/runner/dist/index.js:909:15)
    at runFiles (file:///home/jin/guozha-poker-game/node_modules/@vitest/runner/dist/index.js:958:5)
    at startTests (file:///home/jin/guozha-poker-game/node_modules/@vitest/runner/dist/index.js:967:3)
    at file:///home/jin/guozha-poker-game/node_modules/vitest/dist/chunks/runtime-runBaseTests.oAvMKtQC.js:116:7
    at withEnv (file:///home/jin/guozha-poker-game/node_modules/vitest/dist/chunks/runtime-runBaseTests.oAvMKtQC.js:83:5)
    at run (file:///home/jin/guozha-poker-game/node_modules/vitest/dist/chunks/runtime-runBaseTests.oAvMKtQC.js:105:3)
[StateManager] Action failed: DEAL_CARDS Error: No handler registered for action type: DEAL_CARDS
    at StateManager.executeAction (/home/jin/guozha-poker-game/src/game-engine/state/StateManager.ts:131:15)
    at /home/jin/guozha-poker-game/tests/e2e/stress-test.test.ts:45:28
    at runTest (file:///home/jin/guozha-poker-game/node_modules/@vitest/runner/dist/index.js:781:11)
    at runSuite (file:///home/jin/guozha-poker-game/node_modules/@vitest/runner/dist/index.js:909:15)
    at runSuite (file:///home/jin/guozha-poker-game/node_modules/@vitest/runner/dist/index.js:909:15)
    at runFiles (file:///home/jin/guozha-poker-game/node_modules/@vitest/runner/dist/index.js:958:5)
    at startTests (file:///home/jin/guozha-poker-game/node_modules/@vitest/runner/dist/index.js:967:3)
    at file:///home/jin/guozha-poker-game/node_modules/vitest/dist/chunks/runtime-runBaseTests.oAvMKtQC.js:116:7
    at withEnv (file:///home/jin/guozha-poker-game/node_modules/vitest/dist/chunks/runtime-runBaseTests.oAvMKtQC.js:83:5)
    at run (file:///home/jin/guozha-poker-game/node_modules/vitest/dist/chunks/runtime-runBaseTests.oAvMKtQC.js:105:3)
游戏 6 失败: Error: No handler registered for action type: DEAL_CARDS
    at StateManager.executeAction (/home/jin/guozha-poker-game/src/game-engine/state/StateManager.ts:131:15)
    at /home/jin/guozha-poker-game/tests/e2e/stress-test.test.ts:45:28
    at runTest (file:///home/jin/guozha-poker-game/node_modules/@vitest/runner/dist/index.js:781:11)
    at runSuite (file:///home/jin/guozha-poker-game/node_modules/@vitest/runner/dist/index.js:909:15)
    at runSuite (file:///home/jin/guozha-poker-game/node_modules/@vitest/runner/dist/index.js:909:15)
    at runFiles (file:///home/jin/guozha-poker-game/node_modules/@vitest/runner/dist/index.js:958:5)
    at startTests (file:///home/jin/guozha-poker-game/node_modules/@vitest/runner/dist/index.js:967:3)
    at file:///home/jin/guozha-poker-game/node_modules/vitest/dist/chunks/runtime-runBaseTests.oAvMKtQC.js:116:7
    at withEnv (file:///home/jin/guozha-poker-game/node_modules/vitest/dist/chunks/runtime-runBaseTests.oAvMKtQC.js:83:5)
    at run (file:///home/jin/guozha-poker-game/node_modules/vitest/dist/chunks/runtime-runBaseTests.oAvMKtQC.js:105:3)
[StateManager] Action failed: DEAL_CARDS Error: No handler registered for action type: DEAL_CARDS
    at StateManager.executeAction (/home/jin/guozha-poker-game/src/game-engine/state/StateManager.ts:131:15)
    at /home/jin/guozha-poker-game/tests/e2e/stress-test.test.ts:45:28
    at runTest (file:///home/jin/guozha-poker-game/node_modules/@vitest/runner/dist/index.js:781:11)
    at runSuite (file:///home/jin/guozha-poker-game/node_modules/@vitest/runner/dist/index.js:909:15)
    at runSuite (file:///home/jin/guozha-poker-game/node_modules/@vitest/runner/dist/index.js:909:15)
    at runFiles (file:///home/jin/guozha-poker-game/node_modules/@vitest/runner/dist/index.js:958:5)
    at startTests (file:///home/jin/guozha-poker-game/node_modules/@vitest/runner/dist/index.js:967:3)
    at file:///home/jin/guozha-poker-game/node_modules/vitest/dist/chunks/runtime-runBaseTests.oAvMKtQC.js:116:7
    at withEnv (file:///home/jin/guozha-poker-game/node_modules/vitest/dist/chunks/runtime-runBaseTests.oAvMKtQC.js:83:5)
    at run (file:///home/jin/guozha-poker-game/node_modules/vitest/dist/chunks/runtime-runBaseTests.oAvMKtQC.js:105:3)
游戏 7 失败: Error: No handler registered for action type: DEAL_CARDS
    at StateManager.executeAction (/home/jin/guozha-poker-game/src/game-engine/state/StateManager.ts:131:15)
    at /home/jin/guozha-poker-game/tests/e2e/stress-test.test.ts:45:28
    at runTest (file:///home/jin/guozha-poker-game/node_modules/@vitest/runner/dist/index.js:781:11)
    at runSuite (file:///home/jin/guozha-poker-game/node_modules/@vitest/runner/dist/index.js:909:15)
    at runSuite (file:///home/jin/guozha-poker-game/node_modules/@vitest/runner/dist/index.js:909:15)
    at runFiles (file:///home/jin/guozha-poker-game/node_modules/@vitest/runner/dist/index.js:958:5)
    at startTests (file:///home/jin/guozha-poker-game/node_modules/@vitest/runner/dist/index.js:967:3)
    at file:///home/jin/guozha-poker-game/node_modules/vitest/dist/chunks/runtime-runBaseTests.oAvMKtQC.js:116:7
    at withEnv (file:///home/jin/guozha-poker-game/node_modules/vitest/dist/chunks/runtime-runBaseTests.oAvMKtQC.js:83:5)
    at run (file:///home/jin/guozha-poker-game/node_modules/vitest/dist/chunks/runtime-runBaseTests.oAvMKtQC.js:105:3)
[StateManager] Action failed: DEAL_CARDS Error: No handler registered for action type: DEAL_CARDS
    at StateManager.executeAction (/home/jin/guozha-poker-game/src/game-engine/state/StateManager.ts:131:15)
    at /home/jin/guozha-poker-game/tests/e2e/stress-test.test.ts:45:28
    at runTest (file:///home/jin/guozha-poker-game/node_modules/@vitest/runner/dist/index.js:781:11)
    at runSuite (file:///home/jin/guozha-poker-game/node_modules/@vitest/runner/dist/index.js:909:15)
    at runSuite (file:///home/jin/guozha-poker-game/node_modules/@vitest/runner/dist/index.js:909:15)
    at runFiles (file:///home/jin/guozha-poker-game/node_modules/@vitest/runner/dist/index.js:958:5)
    at startTests (file:///home/jin/guozha-poker-game/node_modules/@vitest/runner/dist/index.js:967:3)
    at file:///home/jin/guozha-poker-game/node_modules/vitest/dist/chunks/runtime-runBaseTests.oAvMKtQC.js:116:7
    at withEnv (file:///home/jin/guozha-poker-game/node_modules/vitest/dist/chunks/runtime-runBaseTests.oAvMKtQC.js:83:5)
    at run (file:///home/jin/guozha-poker-game/node_modules/vitest/dist/chunks/runtime-runBaseTests.oAvMKtQC.js:105:3)
游戏 8 失败: Error: No handler registered for action type: DEAL_CARDS
    at StateManager.executeAction (/home/jin/guozha-poker-game/src/game-engine/state/StateManager.ts:131:15)
    at /home/jin/guozha-poker-game/tests/e2e/stress-test.test.ts:45:28
    at runTest (file:///home/jin/guozha-poker-game/node_modules/@vitest/runner/dist/index.js:781:11)
    at runSuite (file:///home/jin/guozha-poker-game/node_modules/@vitest/runner/dist/index.js:909:15)
    at runSuite (file:///home/jin/guozha-poker-game/node_modules/@vitest/runner/dist/index.js:909:15)
    at runFiles (file:///home/jin/guozha-poker-game/node_modules/@vitest/runner/dist/index.js:958:5)
    at startTests (file:///home/jin/guozha-poker-game/node_modules/@vitest/runner/dist/index.js:967:3)
    at file:///home/jin/guozha-poker-game/node_modules/vitest/dist/chunks/runtime-runBaseTests.oAvMKtQC.js:116:7
    at withEnv (file:///home/jin/guozha-poker-game/node_modules/vitest/dist/chunks/runtime-runBaseTests.oAvMKtQC.js:83:5)
    at run (file:///home/jin/guozha-poker-game/node_modules/vitest/dist/chunks/runtime-runBaseTests.oAvMKtQC.js:105:3)
[StateManager] Action failed: DEAL_CARDS Error: No handler registered for action type: DEAL_CARDS
    at StateManager.executeAction (/home/jin/guozha-poker-game/src/game-engine/state/StateManager.ts:131:15)
    at /home/jin/guozha-poker-game/tests/e2e/stress-test.test.ts:45:28
    at runTest (file:///home/jin/guozha-poker-game/node_modules/@vitest/runner/dist/index.js:781:11)
    at runSuite (file:///home/jin/guozha-poker-game/node_modules/@vitest/runner/dist/index.js:909:15)
    at runSuite (file:///home/jin/guozha-poker-game/node_modules/@vitest/runner/dist/index.js:909:15)
    at runFiles (file:///home/jin/guozha-poker-game/node_modules/@vitest/runner/dist/index.js:958:5)
    at startTests (file:///home/jin/guozha-poker-game/node_modules/@vitest/runner/dist/index.js:967:3)
    at file:///home/jin/guozha-poker-game/node_modules/vitest/dist/chunks/runtime-runBaseTests.oAvMKtQC.js:116:7
    at withEnv (file:///home/jin/guozha-poker-game/node_modules/vitest/dist/chunks/runtime-runBaseTests.oAvMKtQC.js:83:5)
    at run (file:///home/jin/guozha-poker-game/node_modules/vitest/dist/chunks/runtime-runBaseTests.oAvMKtQC.js:105:3)
游戏 9 失败: Error: No handler registered for action type: DEAL_CARDS
    at StateManager.executeAction (/home/jin/guozha-poker-game/src/game-engine/state/StateManager.ts:131:15)
    at /home/jin/guozha-poker-game/tests/e2e/stress-test.test.ts:45:28
    at runTest (file:///home/jin/guozha-poker-game/node_modules/@vitest/runner/dist/index.js:781:11)
    at runSuite (file:///home/jin/guozha-poker-game/node_modules/@vitest/runner/dist/index.js:909:15)
    at runSuite (file:///home/jin/guozha-poker-game/node_modules/@vitest/runner/dist/index.js:909:15)
    at runFiles (file:///home/jin/guozha-poker-game/node_modules/@vitest/runner/dist/index.js:958:5)
    at startTests (file:///home/jin/guozha-poker-game/node_modules/@vitest/runner/dist/index.js:967:3)
    at file:///home/jin/guozha-poker-game/node_modules/vitest/dist/chunks/runtime-runBaseTests.oAvMKtQC.js:116:7
    at withEnv (file:///home/jin/guozha-poker-game/node_modules/vitest/dist/chunks/runtime-runBaseTests.oAvMKtQC.js:83:5)
    at run (file:///home/jin/guozha-poker-game/node_modules/vitest/dist/chunks/runtime-runBaseTests.oAvMKtQC.js:105:3)
[StateManager] Action failed: DEAL_CARDS Error: No handler registered for action type: DEAL_CARDS
    at StateManager.executeAction (/home/jin/guozha-poker-game/src/game-engine/state/StateManager.ts:131:15)
    at /home/jin/guozha-poker-game/tests/e2e/stress-test.test.ts:45:28
    at runTest (file:///home/jin/guozha-poker-game/node_modules/@vitest/runner/dist/index.js:781:11)
    at runSuite (file:///home/jin/guozha-poker-game/node_modules/@vitest/runner/dist/index.js:909:15)
    at runSuite (file:///home/jin/guozha-poker-game/node_modules/@vitest/runner/dist/index.js:909:15)
    at runFiles (file:///home/jin/guozha-poker-game/node_modules/@vitest/runner/dist/index.js:958:5)
    at startTests (file:///home/jin/guozha-poker-game/node_modules/@vitest/runner/dist/index.js:967:3)
    at file:///home/jin/guozha-poker-game/node_modules/vitest/dist/chunks/runtime-runBaseTests.oAvMKtQC.js:116:7
    at withEnv (file:///home/jin/guozha-poker-game/node_modules/vitest/dist/chunks/runtime-runBaseTests.oAvMKtQC.js:83:5)
    at run (file:///home/jin/guozha-poker-game/node_modules/vitest/dist/chunks/runtime-runBaseTests.oAvMKtQC.js:105:3)
游戏 10 失败: Error: No handler registered for action type: DEAL_CARDS
    at StateManager.executeAction (/home/jin/guozha-poker-game/src/game-engine/state/StateManager.ts:131:15)
    at /home/jin/guozha-poker-game/tests/e2e/stress-test.test.ts:45:28
    at runTest (file:///home/jin/guozha-poker-game/node_modules/@vitest/runner/dist/index.js:781:11)
    at runSuite (file:///home/jin/guozha-poker-game/node_modules/@vitest/runner/dist/index.js:909:15)
    at runSuite (file:///home/jin/guozha-poker-game/node_modules/@vitest/runner/dist/index.js:909:15)
    at runFiles (file:///home/jin/guozha-poker-game/node_modules/@vitest/runner/dist/index.js:958:5)
    at startTests (file:///home/jin/guozha-poker-game/node_modules/@vitest/runner/dist/index.js:967:3)
    at file:///home/jin/guozha-poker-game/node_modules/vitest/dist/chunks/runtime-runBaseTests.oAvMKtQC.js:116:7
    at withEnv (file:///home/jin/guozha-poker-game/node_modules/vitest/dist/chunks/runtime-runBaseTests.oAvMKtQC.js:83:5)
    at run (file:///home/jin/guozha-poker-game/node_modules/vitest/dist/chunks/runtime-runBaseTests.oAvMKtQC.js:105:3)
[StateManager] Action failed: DEAL_CARDS Error: No handler registered for action type: DEAL_CARDS
    at StateManager.executeAction (/home/jin/guozha-poker-game/src/game-engine/state/StateManager.ts:131:15)
    at /home/jin/guozha-poker-game/tests/e2e/stress-test.test.ts:45:28
    at runTest (file:///home/jin/guozha-poker-game/node_modules/@vitest/runner/dist/index.js:781:11)
    at runSuite (file:///home/jin/guozha-poker-game/node_modules/@vitest/runner/dist/index.js:909:15)
    at runSuite (file:///home/jin/guozha-poker-game/node_modules/@vitest/runner/dist/index.js:909:15)
    at runFiles (file:///home/jin/guozha-poker-game/node_modules/@vitest/runner/dist/index.js:958:5)
    at startTests (file:///home/jin/guozha-poker-game/node_modules/@vitest/runner/dist/index.js:967:3)
    at file:///home/jin/guozha-poker-game/node_modules/vitest/dist/chunks/runtime-runBaseTests.oAvMKtQC.js:116:7
    at withEnv (file:///home/jin/guozha-poker-game/node_modules/vitest/dist/chunks/runtime-runBaseTests.oAvMKtQC.js:83:5)
    at run (file:///home/jin/guozha-poker-game/node_modules/vitest/dist/chunks/runtime-runBaseTests.oAvMKtQC.js:105:3)
游戏 11 失败: Error: No handler registered for action type: DEAL_CARDS
    at StateManager.executeAction (/home/jin/guozha-poker-game/src/game-engine/state/StateManager.ts:131:15)
    at /home/jin/guozha-poker-game/tests/e2e/stress-test.test.ts:45:28
    at runTest (file:///home/jin/guozha-poker-game/node_modules/@vitest/runner/dist/index.js:781:11)
    at runSuite (file:///home/jin/guozha-poker-game/node_modules/@vitest/runner/dist/index.js:909:15)
    at runSuite (file:///home/jin/guozha-poker-game/node_modules/@vitest/runner/dist/index.js:909:15)
    at runFiles (file:///home/jin/guozha-poker-game/node_modules/@vitest/runner/dist/index.js:958:5)
    at startTests (file:///home/jin/guozha-poker-game/node_modules/@vitest/runner/dist/index.js:967:3)
    at file:///home/jin/guozha-poker-game/node_modules/vitest/dist/chunks/runtime-runBaseTests.oAvMKtQC.js:116:7
    at withEnv (file:///home/jin/guozha-poker-game/node_modules/vitest/dist/chunks/runtime-runBaseTests.oAvMKtQC.js:83:5)
    at run (file:///home/jin/guozha-poker-game/node_modules/vitest/dist/chunks/runtime-runBaseTests.oAvMKtQC.js:105:3)
[StateManager] Action failed: DEAL_CARDS Error: No handler registered for action type: DEAL_CARDS
    at StateManager.executeAction (/home/jin/guozha-poker-game/src/game-engine/state/StateManager.ts:131:15)
    at /home/jin/guozha-poker-game/tests/e2e/stress-test.test.ts:45:28
    at runTest (file:///home/jin/guozha-poker-game/node_modules/@vitest/runner/dist/index.js:781:11)
    at runSuite (file:///home/jin/guozha-poker-game/node_modules/@vitest/runner/dist/index.js:909:15)
    at runSuite (file:///home/jin/guozha-poker-game/node_modules/@vitest/runner/dist/index.js:909:15)
    at runFiles (file:///home/jin/guozha-poker-game/node_modules/@vitest/runner/dist/index.js:958:5)
    at startTests (file:///home/jin/guozha-poker-game/node_modules/@vitest/runner/dist/index.js:967:3)
    at file:///home/jin/guozha-poker-game/node_modules/vitest/dist/chunks/runtime-runBaseTests.oAvMKtQC.js:116:7
    at withEnv (file:///home/jin/guozha-poker-game/node_modules/vitest/dist/chunks/runtime-runBaseTests.oAvMKtQC.js:83:5)
    at run (file:///home/jin/guozha-poker-game/node_modules/vitest/dist/chunks/runtime-runBaseTests.oAvMKtQC.js:105:3)
游戏 12 失败: Error: No handler registered for action type: DEAL_CARDS
    at StateManager.executeAction (/home/jin/guozha-poker-game/src/game-engine/state/StateManager.ts:131:15)
    at /home/jin/guozha-poker-game/tests/e2e/stress-test.test.ts:45:28
    at runTest (file:///home/jin/guozha-poker-game/node_modules/@vitest/runner/dist/index.js:781:11)
    at runSuite (file:///home/jin/guozha-poker-game/node_modules/@vitest/runner/dist/index.js:909:15)
    at runSuite (file:///home/jin/guozha-poker-game/node_modules/@vitest/runner/dist/index.js:909:15)
    at runFiles (file:///home/jin/guozha-poker-game/node_modules/@vitest/runner/dist/index.js:958:5)
    at startTests (file:///home/jin/guozha-poker-game/node_modules/@vitest/runner/dist/index.js:967:3)
    at file:///home/jin/guozha-poker-game/node_modules/vitest/dist/chunks/runtime-runBaseTests.oAvMKtQC.js:116:7
    at withEnv (file:///home/jin/guozha-poker-game/node_modules/vitest/dist/chunks/runtime-runBaseTests.oAvMKtQC.js:83:5)
    at run (file:///home/jin/guozha-poker-game/node_modules/vitest/dist/chunks/runtime-runBaseTests.oAvMKtQC.js:105:3)
[StateManager] Action failed: DEAL_CARDS Error: No handler registered for action type: DEAL_CARDS
    at StateManager.executeAction (/home/jin/guozha-poker-game/src/game-engine/state/StateManager.ts:131:15)
    at /home/jin/guozha-poker-game/tests/e2e/stress-test.test.ts:45:28
    at runTest (file:///home/jin/guozha-poker-game/node_modules/@vitest/runner/dist/index.js:781:11)
    at runSuite (file:///home/jin/guozha-poker-game/node_modules/@vitest/runner/dist/index.js:909:15)
    at runSuite (file:///home/jin/guozha-poker-game/node_modules/@vitest/runner/dist/index.js:909:15)
    at runFiles (file:///home/jin/guozha-poker-game/node_modules/@vitest/runner/dist/index.js:958:5)
    at startTests (file:///home/jin/guozha-poker-game/node_modules/@vitest/runner/dist/index.js:967:3)
    at file:///home/jin/guozha-poker-game/node_modules/vitest/dist/chunks/runtime-runBaseTests.oAvMKtQC.js:116:7
    at withEnv (file:///home/jin/guozha-poker-game/node_modules/vitest/dist/chunks/runtime-runBaseTests.oAvMKtQC.js:83:5)
    at run (file:///home/jin/guozha-poker-game/node_modules/vitest/dist/chunks/runtime-runBaseTests.oAvMKtQC.js:105:3)
游戏 13 失败: Error: No handler registered for action type: DEAL_CARDS
    at StateManager.executeAction (/home/jin/guozha-poker-game/src/game-engine/state/StateManager.ts:131:15)
    at /home/jin/guozha-poker-game/tests/e2e/stress-test.test.ts:45:28
    at runTest (file:///home/jin/guozha-poker-game/node_modules/@vitest/runner/dist/index.js:781:11)
    at runSuite (file:///home/jin/guozha-poker-game/node_modules/@vitest/runner/dist/index.js:909:15)
    at runSuite (file:///home/jin/guozha-poker-game/node_modules/@vitest/runner/dist/index.js:909:15)
    at runFiles (file:///home/jin/guozha-poker-game/node_modules/@vitest/runner/dist/index.js:958:5)
    at startTests (file:///home/jin/guozha-poker-game/node_modules/@vitest/runner/dist/index.js:967:3)
    at file:///home/jin/guozha-poker-game/node_modules/vitest/dist/chunks/runtime-runBaseTests.oAvMKtQC.js:116:7
    at withEnv (file:///home/jin/guozha-poker-game/node_modules/vitest/dist/chunks/runtime-runBaseTests.oAvMKtQC.js:83:5)
    at run (file:///home/jin/guozha-poker-game/node_modules/vitest/dist/chunks/runtime-runBaseTests.oAvMKtQC.js:105:3)
[StateManager] Action failed: DEAL_CARDS Error: No handler registered for action type: DEAL_CARDS
    at StateManager.executeAction (/home/jin/guozha-poker-game/src/game-engine/state/StateManager.ts:131:15)
    at /home/jin/guozha-poker-game/tests/e2e/stress-test.test.ts:45:28
    at runTest (file:///home/jin/guozha-poker-game/node_modules/@vitest/runner/dist/index.js:781:11)
    at runSuite (file:///home/jin/guozha-poker-game/node_modules/@vitest/runner/dist/index.js:909:15)
    at runSuite (file:///home/jin/guozha-poker-game/node_modules/@vitest/runner/dist/index.js:909:15)
    at runFiles (file:///home/jin/guozha-poker-game/node_modules/@vitest/runner/dist/index.js:958:5)
    at startTests (file:///home/jin/guozha-poker-game/node_modules/@vitest/runner/dist/index.js:967:3)
    at file:///home/jin/guozha-poker-game/node_modules/vitest/dist/chunks/runtime-runBaseTests.oAvMKtQC.js:116:7
    at withEnv (file:///home/jin/guozha-poker-game/node_modules/vitest/dist/chunks/runtime-runBaseTests.oAvMKtQC.js:83:5)
    at run (file:///home/jin/guozha-poker-game/node_modules/vitest/dist/chunks/runtime-runBaseTests.oAvMKtQC.js:105:3)
游戏 14 失败: Error: No handler registered for action type: DEAL_CARDS
    at StateManager.executeAction (/home/jin/guozha-poker-game/src/game-engine/state/StateManager.ts:131:15)
    at /home/jin/guozha-poker-game/tests/e2e/stress-test.test.ts:45:28
    at runTest (file:///home/jin/guozha-poker-game/node_modules/@vitest/runner/dist/index.js:781:11)
    at runSuite (file:///home/jin/guozha-poker-game/node_modules/@vitest/runner/dist/index.js:909:15)
    at runSuite (file:///home/jin/guozha-poker-game/node_modules/@vitest/runner/dist/index.js:909:15)
    at runFiles (file:///home/jin/guozha-poker-game/node_modules/@vitest/runner/dist/index.js:958:5)
    at startTests (file:///home/jin/guozha-poker-game/node_modules/@vitest/runner/dist/index.js:967:3)
    at file:///home/jin/guozha-poker-game/node_modules/vitest/dist/chunks/runtime-runBaseTests.oAvMKtQC.js:116:7
    at withEnv (file:///home/jin/guozha-poker-game/node_modules/vitest/dist/chunks/runtime-runBaseTests.oAvMKtQC.js:83:5)
    at run (file:///home/jin/guozha-poker-game/node_modules/vitest/dist/chunks/runtime-runBaseTests.oAvMKtQC.js:105:3)
[StateManager] Action failed: DEAL_CARDS Error: No handler registered for action type: DEAL_CARDS
    at StateManager.executeAction (/home/jin/guozha-poker-game/src/game-engine/state/StateManager.ts:131:15)
    at /home/jin/guozha-poker-game/tests/e2e/stress-test.test.ts:45:28
    at runTest (file:///home/jin/guozha-poker-game/node_modules/@vitest/runner/dist/index.js:781:11)
    at runSuite (file:///home/jin/guozha-poker-game/node_modules/@vitest/runner/dist/index.js:909:15)
    at runSuite (file:///home/jin/guozha-poker-game/node_modules/@vitest/runner/dist/index.js:909:15)
    at runFiles (file:///home/jin/guozha-poker-game/node_modules/@vitest/runner/dist/index.js:958:5)
    at startTests (file:///home/jin/guozha-poker-game/node_modules/@vitest/runner/dist/index.js:967:3)
    at file:///home/jin/guozha-poker-game/node_modules/vitest/dist/chunks/runtime-runBaseTests.oAvMKtQC.js:116:7
    at withEnv (file:///home/jin/guozha-poker-game/node_modules/vitest/dist/chunks/runtime-runBaseTests.oAvMKtQC.js:83:5)
    at run (file:///home/jin/guozha-poker-game/node_modules/vitest/dist/chunks/runtime-runBaseTests.oAvMKtQC.js:105:3)
游戏 15 失败: Error: No handler registered for action type: DEAL_CARDS
    at StateManager.executeAction (/home/jin/guozha-poker-game/src/game-engine/state/StateManager.ts:131:15)
    at /home/jin/guozha-poker-game/tests/e2e/stress-test.test.ts:45:28
    at runTest (file:///home/jin/guozha-poker-game/node_modules/@vitest/runner/dist/index.js:781:11)
    at runSuite (file:///home/jin/guozha-poker-game/node_modules/@vitest/runner/dist/index.js:909:15)
    at runSuite (file:///home/jin/guozha-poker-game/node_modules/@vitest/runner/dist/index.js:909:15)
    at runFiles (file:///home/jin/guozha-poker-game/node_modules/@vitest/runner/dist/index.js:958:5)
    at startTests (file:///home/jin/guozha-poker-game/node_modules/@vitest/runner/dist/index.js:967:3)
    at file:///home/jin/guozha-poker-game/node_modules/vitest/dist/chunks/runtime-runBaseTests.oAvMKtQC.js:116:7
    at withEnv (file:///home/jin/guozha-poker-game/node_modules/vitest/dist/chunks/runtime-runBaseTests.oAvMKtQC.js:83:5)
    at run (file:///home/jin/guozha-poker-game/node_modules/vitest/dist/chunks/runtime-runBaseTests.oAvMKtQC.js:105:3)
[StateManager] Action failed: DEAL_CARDS Error: No handler registered for action type: DEAL_CARDS
    at StateManager.executeAction (/home/jin/guozha-poker-game/src/game-engine/state/StateManager.ts:131:15)
    at /home/jin/guozha-poker-game/tests/e2e/stress-test.test.ts:45:28
    at runTest (file:///home/jin/guozha-poker-game/node_modules/@vitest/runner/dist/index.js:781:11)
    at runSuite (file:///home/jin/guozha-poker-game/node_modules/@vitest/runner/dist/index.js:909:15)
    at runSuite (file:///home/jin/guozha-poker-game/node_modules/@vitest/runner/dist/index.js:909:15)
    at runFiles (file:///home/jin/guozha-poker-game/node_modules/@vitest/runner/dist/index.js:958:5)
    at startTests (file:///home/jin/guozha-poker-game/node_modules/@vitest/runner/dist/index.js:967:3)
    at file:///home/jin/guozha-poker-game/node_modules/vitest/dist/chunks/runtime-runBaseTests.oAvMKtQC.js:116:7
    at withEnv (file:///home/jin/guozha-poker-game/node_modules/vitest/dist/chunks/runtime-runBaseTests.oAvMKtQC.js:83:5)
    at run (file:///home/jin/guozha-poker-game/node_modules/vitest/dist/chunks/runtime-runBaseTests.oAvMKtQC.js:105:3)
游戏 16 失败: Error: No handler registered for action type: DEAL_CARDS
    at StateManager.executeAction (/home/jin/guozha-poker-game/src/game-engine/state/StateManager.ts:131:15)
    at /home/jin/guozha-poker-game/tests/e2e/stress-test.test.ts:45:28
    at runTest (file:///home/jin/guozha-poker-game/node_modules/@vitest/runner/dist/index.js:781:11)
    at runSuite (file:///home/jin/guozha-poker-game/node_modules/@vitest/runner/dist/index.js:909:15)
    at runSuite (file:///home/jin/guozha-poker-game/node_modules/@vitest/runner/dist/index.js:909:15)
    at runFiles (file:///home/jin/guozha-poker-game/node_modules/@vitest/runner/dist/index.js:958:5)
    at startTests (file:///home/jin/guozha-poker-game/node_modules/@vitest/runner/dist/index.js:967:3)
    at file:///home/jin/guozha-poker-game/node_modules/vitest/dist/chunks/runtime-runBaseTests.oAvMKtQC.js:116:7
    at withEnv (file:///home/jin/guozha-poker-game/node_modules/vitest/dist/chunks/runtime-runBaseTests.oAvMKtQC.js:83:5)
    at run (file:///home/jin/guozha-poker-game/node_modules/vitest/dist/chunks/runtime-runBaseTests.oAvMKtQC.js:105:3)
[StateManager] Action failed: DEAL_CARDS Error: No handler registered for action type: DEAL_CARDS
    at StateManager.executeAction (/home/jin/guozha-poker-game/src/game-engine/state/StateManager.ts:131:15)
    at /home/jin/guozha-poker-game/tests/e2e/stress-test.test.ts:45:28
    at runTest (file:///home/jin/guozha-poker-game/node_modules/@vitest/runner/dist/index.js:781:11)
    at runSuite (file:///home/jin/guozha-poker-game/node_modules/@vitest/runner/dist/index.js:909:15)
    at runSuite (file:///home/jin/guozha-poker-game/node_modules/@vitest/runner/dist/index.js:909:15)
    at runFiles (file:///home/jin/guozha-poker-game/node_modules/@vitest/runner/dist/index.js:958:5)
    at startTests (file:///home/jin/guozha-poker-game/node_modules/@vitest/runner/dist/index.js:967:3)
    at file:///home/jin/guozha-poker-game/node_modules/vitest/dist/chunks/runtime-runBaseTests.oAvMKtQC.js:116:7
    at withEnv (file:///home/jin/guozha-poker-game/node_modules/vitest/dist/chunks/runtime-runBaseTests.oAvMKtQC.js:83:5)
    at run (file:///home/jin/guozha-poker-game/node_modules/vitest/dist/chunks/runtime-runBaseTests.oAvMKtQC.js:105:3)
游戏 17 失败: Error: No handler registered for action type: DEAL_CARDS
    at StateManager.executeAction (/home/jin/guozha-poker-game/src/game-engine/state/StateManager.ts:131:15)
    at /home/jin/guozha-poker-game/tests/e2e/stress-test.test.ts:45:28
    at runTest (file:///home/jin/guozha-poker-game/node_modules/@vitest/runner/dist/index.js:781:11)
    at runSuite (file:///home/jin/guozha-poker-game/node_modules/@vitest/runner/dist/index.js:909:15)
    at runSuite (file:///home/jin/guozha-poker-game/node_modules/@vitest/runner/dist/index.js:909:15)
    at runFiles (file:///home/jin/guozha-poker-game/node_modules/@vitest/runner/dist/index.js:958:5)
    at startTests (file:///home/jin/guozha-poker-game/node_modules/@vitest/runner/dist/index.js:967:3)
    at file:///home/jin/guozha-poker-game/node_modules/vitest/dist/chunks/runtime-runBaseTests.oAvMKtQC.js:116:7
    at withEnv (file:///home/jin/guozha-poker-game/node_modules/vitest/dist/chunks/runtime-runBaseTests.oAvMKtQC.js:83:5)
    at run (file:///home/jin/guozha-poker-game/node_modules/vitest/dist/chunks/runtime-runBaseTests.oAvMKtQC.js:105:3)
[StateManager] Action failed: DEAL_CARDS Error: No handler registered for action type: DEAL_CARDS
    at StateManager.executeAction (/home/jin/guozha-poker-game/src/game-engine/state/StateManager.ts:131:15)
    at /home/jin/guozha-poker-game/tests/e2e/stress-test.test.ts:45:28
    at runTest (file:///home/jin/guozha-poker-game/node_modules/@vitest/runner/dist/index.js:781:11)
    at runSuite (file:///home/jin/guozha-poker-game/node_modules/@vitest/runner/dist/index.js:909:15)
    at runSuite (file:///home/jin/guozha-poker-game/node_modules/@vitest/runner/dist/index.js:909:15)
    at runFiles (file:///home/jin/guozha-poker-game/node_modules/@vitest/runner/dist/index.js:958:5)
    at startTests (file:///home/jin/guozha-poker-game/node_modules/@vitest/runner/dist/index.js:967:3)
    at file:///home/jin/guozha-poker-game/node_modules/vitest/dist/chunks/runtime-runBaseTests.oAvMKtQC.js:116:7
    at withEnv (file:///home/jin/guozha-poker-game/node_modules/vitest/dist/chunks/runtime-runBaseTests.oAvMKtQC.js:83:5)
    at run (file:///home/jin/guozha-poker-game/node_modules/vitest/dist/chunks/runtime-runBaseTests.oAvMKtQC.js:105:3)
游戏 18 失败: Error: No handler registered for action type: DEAL_CARDS
    at StateManager.executeAction (/home/jin/guozha-poker-game/src/game-engine/state/StateManager.ts:131:15)
    at /home/jin/guozha-poker-game/tests/e2e/stress-test.test.ts:45:28
    at runTest (file:///home/jin/guozha-poker-game/node_modules/@vitest/runner/dist/index.js:781:11)
    at runSuite (file:///home/jin/guozha-poker-game/node_modules/@vitest/runner/dist/index.js:909:15)
    at runSuite (file:///home/jin/guozha-poker-game/node_modules/@vitest/runner/dist/index.js:909:15)
    at runFiles (file:///home/jin/guozha-poker-game/node_modules/@vitest/runner/dist/index.js:958:5)
    at startTests (file:///home/jin/guozha-poker-game/node_modules/@vitest/runner/dist/index.js:967:3)
    at file:///home/jin/guozha-poker-game/node_modules/vitest/dist/chunks/runtime-runBaseTests.oAvMKtQC.js:116:7
    at withEnv (file:///home/jin/guozha-poker-game/node_modules/vitest/dist/chunks/runtime-runBaseTests.oAvMKtQC.js:83:5)
    at run (file:///home/jin/guozha-poker-game/node_modules/vitest/dist/chunks/runtime-runBaseTests.oAvMKtQC.js:105:3)
[StateManager] Action failed: DEAL_CARDS Error: No handler registered for action type: DEAL_CARDS
    at StateManager.executeAction (/home/jin/guozha-poker-game/src/game-engine/state/StateManager.ts:131:15)
    at /home/jin/guozha-poker-game/tests/e2e/stress-test.test.ts:45:28
    at runTest (file:///home/jin/guozha-poker-game/node_modules/@vitest/runner/dist/index.js:781:11)
    at runSuite (file:///home/jin/guozha-poker-game/node_modules/@vitest/runner/dist/index.js:909:15)
    at runSuite (file:///home/jin/guozha-poker-game/node_modules/@vitest/runner/dist/index.js:909:15)
    at runFiles (file:///home/jin/guozha-poker-game/node_modules/@vitest/runner/dist/index.js:958:5)
    at startTests (file:///home/jin/guozha-poker-game/node_modules/@vitest/runner/dist/index.js:967:3)
    at file:///home/jin/guozha-poker-game/node_modules/vitest/dist/chunks/runtime-runBaseTests.oAvMKtQC.js:116:7
    at withEnv (file:///home/jin/guozha-poker-game/node_modules/vitest/dist/chunks/runtime-runBaseTests.oAvMKtQC.js:83:5)
    at run (file:///home/jin/guozha-poker-game/node_modules/vitest/dist/chunks/runtime-runBaseTests.oAvMKtQC.js:105:3)
游戏 19 失败: Error: No handler registered for action type: DEAL_CARDS
    at StateManager.executeAction (/home/jin/guozha-poker-game/src/game-engine/state/StateManager.ts:131:15)
    at /home/jin/guozha-poker-game/tests/e2e/stress-test.test.ts:45:28
    at runTest (file:///home/jin/guozha-poker-game/node_modules/@vitest/runner/dist/index.js:781:11)
    at runSuite (file:///home/jin/guozha-poker-game/node_modules/@vitest/runner/dist/index.js:909:15)
    at runSuite (file:///home/jin/guozha-poker-game/node_modules/@vitest/runner/dist/index.js:909:15)
    at runFiles (file:///home/jin/guozha-poker-game/node_modules/@vitest/runner/dist/index.js:958:5)
    at startTests (file:///home/jin/guozha-poker-game/node_modules/@vitest/runner/dist/index.js:967:3)
    at file:///home/jin/guozha-poker-game/node_modules/vitest/dist/chunks/runtime-runBaseTests.oAvMKtQC.js:116:7
    at withEnv (file:///home/jin/guozha-poker-game/node_modules/vitest/dist/chunks/runtime-runBaseTests.oAvMKtQC.js:83:5)
    at run (file:///home/jin/guozha-poker-game/node_modules/vitest/dist/chunks/runtime-runBaseTests.oAvMKtQC.js:105:3)
[StateManager] Action failed: DEAL_CARDS Error: No handler registered for action type: DEAL_CARDS
    at StateManager.executeAction (/home/jin/guozha-poker-game/src/game-engine/state/StateManager.ts:131:15)
    at /home/jin/guozha-poker-game/tests/e2e/stress-test.test.ts:45:28
    at runTest (file:///home/jin/guozha-poker-game/node_modules/@vitest/runner/dist/index.js:781:11)
    at runSuite (file:///home/jin/guozha-poker-game/node_modules/@vitest/runner/dist/index.js:909:15)
    at runSuite (file:///home/jin/guozha-poker-game/node_modules/@vitest/runner/dist/index.js:909:15)
    at runFiles (file:///home/jin/guozha-poker-game/node_modules/@vitest/runner/dist/index.js:958:5)
    at startTests (file:///home/jin/guozha-poker-game/node_modules/@vitest/runner/dist/index.js:967:3)
    at file:///home/jin/guozha-poker-game/node_modules/vitest/dist/chunks/runtime-runBaseTests.oAvMKtQC.js:116:7
    at withEnv (file:///home/jin/guozha-poker-game/node_modules/vitest/dist/chunks/runtime-runBaseTests.oAvMKtQC.js:83:5)
    at run (file:///home/jin/guozha-poker-game/node_modules/vitest/dist/chunks/runtime-runBaseTests.oAvMKtQC.js:105:3)
游戏 20 失败: Error: No handler registered for action type: DEAL_CARDS
    at StateManager.executeAction (/home/jin/guozha-poker-game/src/game-engine/state/StateManager.ts:131:15)
    at /home/jin/guozha-poker-game/tests/e2e/stress-test.test.ts:45:28
    at runTest (file:///home/jin/guozha-poker-game/node_modules/@vitest/runner/dist/index.js:781:11)
    at runSuite (file:///home/jin/guozha-poker-game/node_modules/@vitest/runner/dist/index.js:909:15)
    at runSuite (file:///home/jin/guozha-poker-game/node_modules/@vitest/runner/dist/index.js:909:15)
    at runFiles (file:///home/jin/guozha-poker-game/node_modules/@vitest/runner/dist/index.js:958:5)
    at startTests (file:///home/jin/guozha-poker-game/node_modules/@vitest/runner/dist/index.js:967:3)
    at file:///home/jin/guozha-poker-game/node_modules/vitest/dist/chunks/runtime-runBaseTests.oAvMKtQC.js:116:7
    at withEnv (file:///home/jin/guozha-poker-game/node_modules/vitest/dist/chunks/runtime-runBaseTests.oAvMKtQC.js:83:5)
    at run (file:///home/jin/guozha-poker-game/node_modules/vitest/dist/chunks/runtime-runBaseTests.oAvMKtQC.js:105:3)
[StateManager] Action failed: DEAL_CARDS Error: No handler registered for action type: DEAL_CARDS
    at StateManager.executeAction (/home/jin/guozha-poker-game/src/game-engine/state/StateManager.ts:131:15)
    at /home/jin/guozha-poker-game/tests/e2e/stress-test.test.ts:45:28
    at runTest (file:///home/jin/guozha-poker-game/node_modules/@vitest/runner/dist/index.js:781:11)
    at runSuite (file:///home/jin/guozha-poker-game/node_modules/@vitest/runner/dist/index.js:909:15)
    at runSuite (file:///home/jin/guozha-poker-game/node_modules/@vitest/runner/dist/index.js:909:15)
    at runFiles (file:///home/jin/guozha-poker-game/node_modules/@vitest/runner/dist/index.js:958:5)
    at startTests (file:///home/jin/guozha-poker-game/node_modules/@vitest/runner/dist/index.js:967:3)
    at file:///home/jin/guozha-poker-game/node_modules/vitest/dist/chunks/runtime-runBaseTests.oAvMKtQC.js:116:7
    at withEnv (file:///home/jin/guozha-poker-game/node_modules/vitest/dist/chunks/runtime-runBaseTests.oAvMKtQC.js:83:5)
    at run (file:///home/jin/guozha-poker-game/node_modules/vitest/dist/chunks/runtime-runBaseTests.oAvMKtQC.js:105:3)
游戏 21 失败: Error: No handler registered for action type: DEAL_CARDS
    at StateManager.executeAction (/home/jin/guozha-poker-game/src/game-engine/state/StateManager.ts:131:15)
    at /home/jin/guozha-poker-game/tests/e2e/stress-test.test.ts:45:28
    at runTest (file:///home/jin/guozha-poker-game/node_modules/@vitest/runner/dist/index.js:781:11)
    at runSuite (file:///home/jin/guozha-poker-game/node_modules/@vitest/runner/dist/index.js:909:15)
    at runSuite (file:///home/jin/guozha-poker-game/node_modules/@vitest/runner/dist/index.js:909:15)
    at runFiles (file:///home/jin/guozha-poker-game/node_modules/@vitest/runner/dist/index.js:958:5)
    at startTests (file:///home/jin/guozha-poker-game/node_modules/@vitest/runner/dist/index.js:967:3)
    at file:///home/jin/guozha-poker-game/node_modules/vitest/dist/chunks/runtime-runBaseTests.oAvMKtQC.js:116:7
    at withEnv (file:///home/jin/guozha-poker-game/node_modules/vitest/dist/chunks/runtime-runBaseTests.oAvMKtQC.js:83:5)
    at run (file:///home/jin/guozha-poker-game/node_modules/vitest/dist/chunks/runtime-runBaseTests.oAvMKtQC.js:105:3)
[StateManager] Action failed: DEAL_CARDS Error: No handler registered for action type: DEAL_CARDS
    at StateManager.executeAction (/home/jin/guozha-poker-game/src/game-engine/state/StateManager.ts:131:15)
    at /home/jin/guozha-poker-game/tests/e2e/stress-test.test.ts:45:28
    at runTest (file:///home/jin/guozha-poker-game/node_modules/@vitest/runner/dist/index.js:781:11)
    at runSuite (file:///home/jin/guozha-poker-game/node_modules/@vitest/runner/dist/index.js:909:15)
    at runSuite (file:///home/jin/guozha-poker-game/node_modules/@vitest/runner/dist/index.js:909:15)
    at runFiles (file:///home/jin/guozha-poker-game/node_modules/@vitest/runner/dist/index.js:958:5)
    at startTests (file:///home/jin/guozha-poker-game/node_modules/@vitest/runner/dist/index.js:967:3)
    at file:///home/jin/guozha-poker-game/node_modules/vitest/dist/chunks/runtime-runBaseTests.oAvMKtQC.js:116:7
    at withEnv (file:///home/jin/guozha-poker-game/node_modules/vitest/dist/chunks/runtime-runBaseTests.oAvMKtQC.js:83:5)
    at run (file:///home/jin/guozha-poker-game/node_modules/vitest/dist/chunks/runtime-runBaseTests.oAvMKtQC.js:105:3)
游戏 22 失败: Error: No handler registered for action type: DEAL_CARDS
    at StateManager.executeAction (/home/jin/guozha-poker-game/src/game-engine/state/StateManager.ts:131:15)
    at /home/jin/guozha-poker-game/tests/e2e/stress-test.test.ts:45:28
    at runTest (file:///home/jin/guozha-poker-game/node_modules/@vitest/runner/dist/index.js:781:11)
    at runSuite (file:///home/jin/guozha-poker-game/node_modules/@vitest/runner/dist/index.js:909:15)
    at runSuite (file:///home/jin/guozha-poker-game/node_modules/@vitest/runner/dist/index.js:909:15)
    at runFiles (file:///home/jin/guozha-poker-game/node_modules/@vitest/runner/dist/index.js:958:5)
    at startTests (file:///home/jin/guozha-poker-game/node_modules/@vitest/runner/dist/index.js:967:3)
    at file:///home/jin/guozha-poker-game/node_modules/vitest/dist/chunks/runtime-runBaseTests.oAvMKtQC.js:116:7
    at withEnv (file:///home/jin/guozha-poker-game/node_modules/vitest/dist/chunks/runtime-runBaseTests.oAvMKtQC.js:83:5)
    at run (file:///home/jin/guozha-poker-game/node_modules/vitest/dist/chunks/runtime-runBaseTests.oAvMKtQC.js:105:3)
[StateManager] Action failed: DEAL_CARDS Error: No handler registered for action type: DEAL_CARDS
    at StateManager.executeAction (/home/jin/guozha-poker-game/src/game-engine/state/StateManager.ts:131:15)
    at /home/jin/guozha-poker-game/tests/e2e/stress-test.test.ts:45:28
    at runTest (file:///home/jin/guozha-poker-game/node_modules/@vitest/runner/dist/index.js:781:11)
    at runSuite (file:///home/jin/guozha-poker-game/node_modules/@vitest/runner/dist/index.js:909:15)
    at runSuite (file:///home/jin/guozha-poker-game/node_modules/@vitest/runner/dist/index.js:909:15)
    at runFiles (file:///home/jin/guozha-poker-game/node_modules/@vitest/runner/dist/index.js:958:5)
    at startTests (file:///home/jin/guozha-poker-game/node_modules/@vitest/runner/dist/index.js:967:3)
    at file:///home/jin/guozha-poker-game/node_modules/vitest/dist/chunks/runtime-runBaseTests.oAvMKtQC.js:116:7
    at withEnv (file:///home/jin/guozha-poker-game/node_modules/vitest/dist/chunks/runtime-runBaseTests.oAvMKtQC.js:83:5)
    at run (file:///home/jin/guozha-poker-game/node_modules/vitest/dist/chunks/runtime-runBaseTests.oAvMKtQC.js:105:3)
游戏 23 失败: Error: No handler registered for action type: DEAL_CARDS
    at StateManager.executeAction (/home/jin/guozha-poker-game/src/game-engine/state/StateManager.ts:131:15)
    at /home/jin/guozha-poker-game/tests/e2e/stress-test.test.ts:45:28
    at runTest (file:///home/jin/guozha-poker-game/node_modules/@vitest/runner/dist/index.js:781:11)
    at runSuite (file:///home/jin/guozha-poker-game/node_modules/@vitest/runner/dist/index.js:909:15)
    at runSuite (file:///home/jin/guozha-poker-game/node_modules/@vitest/runner/dist/index.js:909:15)
    at runFiles (file:///home/jin/guozha-poker-game/node_modules/@vitest/runner/dist/index.js:958:5)
    at startTests (file:///home/jin/guozha-poker-game/node_modules/@vitest/runner/dist/index.js:967:3)
    at file:///home/jin/guozha-poker-game/node_modules/vitest/dist/chunks/runtime-runBaseTests.oAvMKtQC.js:116:7
    at withEnv (file:///home/jin/guozha-poker-game/node_modules/vitest/dist/chunks/runtime-runBaseTests.oAvMKtQC.js:83:5)
    at run (file:///home/jin/guozha-poker-game/node_modules/vitest/dist/chunks/runtime-runBaseTests.oAvMKtQC.js:105:3)
[StateManager] Action failed: DEAL_CARDS Error: No handler registered for action type: DEAL_CARDS
    at StateManager.executeAction (/home/jin/guozha-poker-game/src/game-engine/state/StateManager.ts:131:15)
    at /home/jin/guozha-poker-game/tests/e2e/stress-test.test.ts:45:28
    at runTest (file:///home/jin/guozha-poker-game/node_modules/@vitest/runner/dist/index.js:781:11)
    at runSuite (file:///home/jin/guozha-poker-game/node_modules/@vitest/runner/dist/index.js:909:15)
    at runSuite (file:///home/jin/guozha-poker-game/node_modules/@vitest/runner/dist/index.js:909:15)
    at runFiles (file:///home/jin/guozha-poker-game/node_modules/@vitest/runner/dist/index.js:958:5)
    at startTests (file:///home/jin/guozha-poker-game/node_modules/@vitest/runner/dist/index.js:967:3)
    at file:///home/jin/guozha-poker-game/node_modules/vitest/dist/chunks/runtime-runBaseTests.oAvMKtQC.js:116:7
    at withEnv (file:///home/jin/guozha-poker-game/node_modules/vitest/dist/chunks/runtime-runBaseTests.oAvMKtQC.js:83:5)
    at run (file:///home/jin/guozha-poker-game/node_modules/vitest/dist/chunks/runtime-runBaseTests.oAvMKtQC.js:105:3)
游戏 24 失败: Error: No handler registered for action type: DEAL_CARDS
    at StateManager.executeAction (/home/jin/guozha-poker-game/src/game-engine/state/StateManager.ts:131:15)
    at /home/jin/guozha-poker-game/tests/e2e/stress-test.test.ts:45:28
    at runTest (file:///home/jin/guozha-poker-game/node_modules/@vitest/runner/dist/index.js:781:11)
    at runSuite (file:///home/jin/guozha-poker-game/node_modules/@vitest/runner/dist/index.js:909:15)
    at runSuite (file:///home/jin/guozha-poker-game/node_modules/@vitest/runner/dist/index.js:909:15)
    at runFiles (file:///home/jin/guozha-poker-game/node_modules/@vitest/runner/dist/index.js:958:5)
    at startTests (file:///home/jin/guozha-poker-game/node_modules/@vitest/runner/dist/index.js:967:3)
    at file:///home/jin/guozha-poker-game/node_modules/vitest/dist/chunks/runtime-runBaseTests.oAvMKtQC.js:116:7
    at withEnv (file:///home/jin/guozha-poker-game/node_modules/vitest/dist/chunks/runtime-runBaseTests.oAvMKtQC.js:83:5)
    at run (file:///home/jin/guozha-poker-game/node_modules/vitest/dist/chunks/runtime-runBaseTests.oAvMKtQC.js:105:3)
[StateManager] Action failed: DEAL_CARDS Error: No handler registered for action type: DEAL_CARDS
    at StateManager.executeAction (/home/jin/guozha-poker-game/src/game-engine/state/StateManager.ts:131:15)
    at /home/jin/guozha-poker-game/tests/e2e/stress-test.test.ts:45:28
    at runTest (file:///home/jin/guozha-poker-game/node_modules/@vitest/runner/dist/index.js:781:11)
    at runSuite (file:///home/jin/guozha-poker-game/node_modules/@vitest/runner/dist/index.js:909:15)
    at runSuite (file:///home/jin/guozha-poker-game/node_modules/@vitest/runner/dist/index.js:909:15)
    at runFiles (file:///home/jin/guozha-poker-game/node_modules/@vitest/runner/dist/index.js:958:5)
    at startTests (file:///home/jin/guozha-poker-game/node_modules/@vitest/runner/dist/index.js:967:3)
    at file:///home/jin/guozha-poker-game/node_modules/vitest/dist/chunks/runtime-runBaseTests.oAvMKtQC.js:116:7
    at withEnv (file:///home/jin/guozha-poker-game/node_modules/vitest/dist/chunks/runtime-runBaseTests.oAvMKtQC.js:83:5)
    at run (file:///home/jin/guozha-poker-game/node_modules/vitest/dist/chunks/runtime-runBaseTests.oAvMKtQC.js:105:3)
游戏 25 失败: Error: No handler registered for action type: DEAL_CARDS
    at StateManager.executeAction (/home/jin/guozha-poker-game/src/game-engine/state/StateManager.ts:131:15)
    at /home/jin/guozha-poker-game/tests/e2e/stress-test.test.ts:45:28
    at runTest (file:///home/jin/guozha-poker-game/node_modules/@vitest/runner/dist/index.js:781:11)
    at runSuite (file:///home/jin/guozha-poker-game/node_modules/@vitest/runner/dist/index.js:909:15)
    at runSuite (file:///home/jin/guozha-poker-game/node_modules/@vitest/runner/dist/index.js:909:15)
    at runFiles (file:///home/jin/guozha-poker-game/node_modules/@vitest/runner/dist/index.js:958:5)
    at startTests (file:///home/jin/guozha-poker-game/node_modules/@vitest/runner/dist/index.js:967:3)
    at file:///home/jin/guozha-poker-game/node_modules/vitest/dist/chunks/runtime-runBaseTests.oAvMKtQC.js:116:7
    at withEnv (file:///home/jin/guozha-poker-game/node_modules/vitest/dist/chunks/runtime-runBaseTests.oAvMKtQC.js:83:5)
    at run (file:///home/jin/guozha-poker-game/node_modules/vitest/dist/chunks/runtime-runBaseTests.oAvMKtQC.js:105:3)
[StateManager] Action failed: DEAL_CARDS Error: No handler registered for action type: DEAL_CARDS
    at StateManager.executeAction (/home/jin/guozha-poker-game/src/game-engine/state/StateManager.ts:131:15)
    at /home/jin/guozha-poker-game/tests/e2e/stress-test.test.ts:45:28
    at runTest (file:///home/jin/guozha-poker-game/node_modules/@vitest/runner/dist/index.js:781:11)
    at runSuite (file:///home/jin/guozha-poker-game/node_modules/@vitest/runner/dist/index.js:909:15)
    at runSuite (file:///home/jin/guozha-poker-game/node_modules/@vitest/runner/dist/index.js:909:15)
    at runFiles (file:///home/jin/guozha-poker-game/node_modules/@vitest/runner/dist/index.js:958:5)
    at startTests (file:///home/jin/guozha-poker-game/node_modules/@vitest/runner/dist/index.js:967:3)
    at file:///home/jin/guozha-poker-game/node_modules/vitest/dist/chunks/runtime-runBaseTests.oAvMKtQC.js:116:7
    at withEnv (file:///home/jin/guozha-poker-game/node_modules/vitest/dist/chunks/runtime-runBaseTests.oAvMKtQC.js:83:5)
    at run (file:///home/jin/guozha-poker-game/node_modules/vitest/dist/chunks/runtime-runBaseTests.oAvMKtQC.js:105:3)
游戏 26 失败: Error: No handler registered for action type: DEAL_CARDS
    at StateManager.executeAction (/home/jin/guozha-poker-game/src/game-engine/state/StateManager.ts:131:15)
    at /home/jin/guozha-poker-game/tests/e2e/stress-test.test.ts:45:28
    at runTest (file:///home/jin/guozha-poker-game/node_modules/@vitest/runner/dist/index.js:781:11)
    at runSuite (file:///home/jin/guozha-poker-game/node_modules/@vitest/runner/dist/index.js:909:15)
    at runSuite (file:///home/jin/guozha-poker-game/node_modules/@vitest/runner/dist/index.js:909:15)
    at runFiles (file:///home/jin/guozha-poker-game/node_modules/@vitest/runner/dist/index.js:958:5)
    at startTests (file:///home/jin/guozha-poker-game/node_modules/@vitest/runner/dist/index.js:967:3)
    at file:///home/jin/guozha-poker-game/node_modules/vitest/dist/chunks/runtime-runBaseTests.oAvMKtQC.js:116:7
    at withEnv (file:///home/jin/guozha-poker-game/node_modules/vitest/dist/chunks/runtime-runBaseTests.oAvMKtQC.js:83:5)
    at run (file:///home/jin/guozha-poker-game/node_modules/vitest/dist/chunks/runtime-runBaseTests.oAvMKtQC.js:105:3)
[StateManager] Action failed: DEAL_CARDS Error: No handler registered for action type: DEAL_CARDS
    at StateManager.executeAction (/home/jin/guozha-poker-game/src/game-engine/state/StateManager.ts:131:15)
    at /home/jin/guozha-poker-game/tests/e2e/stress-test.test.ts:45:28
    at runTest (file:///home/jin/guozha-poker-game/node_modules/@vitest/runner/dist/index.js:781:11)
    at runSuite (file:///home/jin/guozha-poker-game/node_modules/@vitest/runner/dist/index.js:909:15)
    at runSuite (file:///home/jin/guozha-poker-game/node_modules/@vitest/runner/dist/index.js:909:15)
    at runFiles (file:///home/jin/guozha-poker-game/node_modules/@vitest/runner/dist/index.js:958:5)
    at startTests (file:///home/jin/guozha-poker-game/node_modules/@vitest/runner/dist/index.js:967:3)
    at file:///home/jin/guozha-poker-game/node_modules/vitest/dist/chunks/runtime-runBaseTests.oAvMKtQC.js:116:7
    at withEnv (file:///home/jin/guozha-poker-game/node_modules/vitest/dist/chunks/runtime-runBaseTests.oAvMKtQC.js:83:5)
    at run (file:///home/jin/guozha-poker-game/node_modules/vitest/dist/chunks/runtime-runBaseTests.oAvMKtQC.js:105:3)
游戏 27 失败: Error: No handler registered for action type: DEAL_CARDS
    at StateManager.executeAction (/home/jin/guozha-poker-game/src/game-engine/state/StateManager.ts:131:15)
    at /home/jin/guozha-poker-game/tests/e2e/stress-test.test.ts:45:28
    at runTest (file:///home/jin/guozha-poker-game/node_modules/@vitest/runner/dist/index.js:781:11)
    at runSuite (file:///home/jin/guozha-poker-game/node_modules/@vitest/runner/dist/index.js:909:15)
    at runSuite (file:///home/jin/guozha-poker-game/node_modules/@vitest/runner/dist/index.js:909:15)
    at runFiles (file:///home/jin/guozha-poker-game/node_modules/@vitest/runner/dist/index.js:958:5)
    at startTests (file:///home/jin/guozha-poker-game/node_modules/@vitest/runner/dist/index.js:967:3)
    at file:///home/jin/guozha-poker-game/node_modules/vitest/dist/chunks/runtime-runBaseTests.oAvMKtQC.js:116:7
    at withEnv (file:///home/jin/guozha-poker-game/node_modules/vitest/dist/chunks/runtime-runBaseTests.oAvMKtQC.js:83:5)
    at run (file:///home/jin/guozha-poker-game/node_modules/vitest/dist/chunks/runtime-runBaseTests.oAvMKtQC.js:105:3)
[StateManager] Action failed: DEAL_CARDS Error: No handler registered for action type: DEAL_CARDS
    at StateManager.executeAction (/home/jin/guozha-poker-game/src/game-engine/state/StateManager.ts:131:15)
    at /home/jin/guozha-poker-game/tests/e2e/stress-test.test.ts:45:28
    at runTest (file:///home/jin/guozha-poker-game/node_modules/@vitest/runner/dist/index.js:781:11)
    at runSuite (file:///home/jin/guozha-poker-game/node_modules/@vitest/runner/dist/index.js:909:15)
    at runSuite (file:///home/jin/guozha-poker-game/node_modules/@vitest/runner/dist/index.js:909:15)
    at runFiles (file:///home/jin/guozha-poker-game/node_modules/@vitest/runner/dist/index.js:958:5)
    at startTests (file:///home/jin/guozha-poker-game/node_modules/@vitest/runner/dist/index.js:967:3)
    at file:///home/jin/guozha-poker-game/node_modules/vitest/dist/chunks/runtime-runBaseTests.oAvMKtQC.js:116:7
    at withEnv (file:///home/jin/guozha-poker-game/node_modules/vitest/dist/chunks/runtime-runBaseTests.oAvMKtQC.js:83:5)
    at run (file:///home/jin/guozha-poker-game/node_modules/vitest/dist/chunks/runtime-runBaseTests.oAvMKtQC.js:105:3)
游戏 28 失败: Error: No handler registered for action type: DEAL_CARDS
    at StateManager.executeAction (/home/jin/guozha-poker-game/src/game-engine/state/StateManager.ts:131:15)
    at /home/jin/guozha-poker-game/tests/e2e/stress-test.test.ts:45:28
    at runTest (file:///home/jin/guozha-poker-game/node_modules/@vitest/runner/dist/index.js:781:11)
    at runSuite (file:///home/jin/guozha-poker-game/node_modules/@vitest/runner/dist/index.js:909:15)
    at runSuite (file:///home/jin/guozha-poker-game/node_modules/@vitest/runner/dist/index.js:909:15)
    at runFiles (file:///home/jin/guozha-poker-game/node_modules/@vitest/runner/dist/index.js:958:5)
    at startTests (file:///home/jin/guozha-poker-game/node_modules/@vitest/runner/dist/index.js:967:3)
    at file:///home/jin/guozha-poker-game/node_modules/vitest/dist/chunks/runtime-runBaseTests.oAvMKtQC.js:116:7
    at withEnv (file:///home/jin/guozha-poker-game/node_modules/vitest/dist/chunks/runtime-runBaseTests.oAvMKtQC.js:83:5)
    at run (file:///home/jin/guozha-poker-game/node_modules/vitest/dist/chunks/runtime-runBaseTests.oAvMKtQC.js:105:3)
[StateManager] Action failed: DEAL_CARDS Error: No handler registered for action type: DEAL_CARDS
    at StateManager.executeAction (/home/jin/guozha-poker-game/src/game-engine/state/StateManager.ts:131:15)
    at /home/jin/guozha-poker-game/tests/e2e/stress-test.test.ts:45:28
    at runTest (file:///home/jin/guozha-poker-game/node_modules/@vitest/runner/dist/index.js:781:11)
    at runSuite (file:///home/jin/guozha-poker-game/node_modules/@vitest/runner/dist/index.js:909:15)
    at runSuite (file:///home/jin/guozha-poker-game/node_modules/@vitest/runner/dist/index.js:909:15)
    at runFiles (file:///home/jin/guozha-poker-game/node_modules/@vitest/runner/dist/index.js:958:5)
    at startTests (file:///home/jin/guozha-poker-game/node_modules/@vitest/runner/dist/index.js:967:3)
    at file:///home/jin/guozha-poker-game/node_modules/vitest/dist/chunks/runtime-runBaseTests.oAvMKtQC.js:116:7
    at withEnv (file:///home/jin/guozha-poker-game/node_modules/vitest/dist/chunks/runtime-runBaseTests.oAvMKtQC.js:83:5)
    at run (file:///home/jin/guozha-poker-game/node_modules/vitest/dist/chunks/runtime-runBaseTests.oAvMKtQC.js:105:3)
游戏 29 失败: Error: No handler registered for action type: DEAL_CARDS
    at StateManager.executeAction (/home/jin/guozha-poker-game/src/game-engine/state/StateManager.ts:131:15)
    at /home/jin/guozha-poker-game/tests/e2e/stress-test.test.ts:45:28
    at runTest (file:///home/jin/guozha-poker-game/node_modules/@vitest/runner/dist/index.js:781:11)
    at runSuite (file:///home/jin/guozha-poker-game/node_modules/@vitest/runner/dist/index.js:909:15)
    at runSuite (file:///home/jin/guozha-poker-game/node_modules/@vitest/runner/dist/index.js:909:15)
    at runFiles (file:///home/jin/guozha-poker-game/node_modules/@vitest/runner/dist/index.js:958:5)
    at startTests (file:///home/jin/guozha-poker-game/node_modules/@vitest/runner/dist/index.js:967:3)
    at file:///home/jin/guozha-poker-game/node_modules/vitest/dist/chunks/runtime-runBaseTests.oAvMKtQC.js:116:7
    at withEnv (file:///home/jin/guozha-poker-game/node_modules/vitest/dist/chunks/runtime-runBaseTests.oAvMKtQC.js:83:5)
    at run (file:///home/jin/guozha-poker-game/node_modules/vitest/dist/chunks/runtime-runBaseTests.oAvMKtQC.js:105:3)
[StateManager] Action failed: DEAL_CARDS Error: No handler registered for action type: DEAL_CARDS
    at StateManager.executeAction (/home/jin/guozha-poker-game/src/game-engine/state/StateManager.ts:131:15)
    at /home/jin/guozha-poker-game/tests/e2e/stress-test.test.ts:45:28
    at runTest (file:///home/jin/guozha-poker-game/node_modules/@vitest/runner/dist/index.js:781:11)
    at runSuite (file:///home/jin/guozha-poker-game/node_modules/@vitest/runner/dist/index.js:909:15)
    at runSuite (file:///home/jin/guozha-poker-game/node_modules/@vitest/runner/dist/index.js:909:15)
    at runFiles (file:///home/jin/guozha-poker-game/node_modules/@vitest/runner/dist/index.js:958:5)
    at startTests (file:///home/jin/guozha-poker-game/node_modules/@vitest/runner/dist/index.js:967:3)
    at file:///home/jin/guozha-poker-game/node_modules/vitest/dist/chunks/runtime-runBaseTests.oAvMKtQC.js:116:7
    at withEnv (file:///home/jin/guozha-poker-game/node_modules/vitest/dist/chunks/runtime-runBaseTests.oAvMKtQC.js:83:5)
    at run (file:///home/jin/guozha-poker-game/node_modules/vitest/dist/chunks/runtime-runBaseTests.oAvMKtQC.js:105:3)
游戏 30 失败: Error: No handler registered for action type: DEAL_CARDS
    at StateManager.executeAction (/home/jin/guozha-poker-game/src/game-engine/state/StateManager.ts:131:15)
    at /home/jin/guozha-poker-game/tests/e2e/stress-test.test.ts:45:28
    at runTest (file:///home/jin/guozha-poker-game/node_modules/@vitest/runner/dist/index.js:781:11)
    at runSuite (file:///home/jin/guozha-poker-game/node_modules/@vitest/runner/dist/index.js:909:15)
    at runSuite (file:///home/jin/guozha-poker-game/node_modules/@vitest/runner/dist/index.js:909:15)
    at runFiles (file:///home/jin/guozha-poker-game/node_modules/@vitest/runner/dist/index.js:958:5)
    at startTests (file:///home/jin/guozha-poker-game/node_modules/@vitest/runner/dist/index.js:967:3)
    at file:///home/jin/guozha-poker-game/node_modules/vitest/dist/chunks/runtime-runBaseTests.oAvMKtQC.js:116:7
    at withEnv (file:///home/jin/guozha-poker-game/node_modules/vitest/dist/chunks/runtime-runBaseTests.oAvMKtQC.js:83:5)
    at run (file:///home/jin/guozha-poker-game/node_modules/vitest/dist/chunks/runtime-runBaseTests.oAvMKtQC.js:105:3)
[StateManager] Action failed: DEAL_CARDS Error: No handler registered for action type: DEAL_CARDS
    at StateManager.executeAction (/home/jin/guozha-poker-game/src/game-engine/state/StateManager.ts:131:15)
    at /home/jin/guozha-poker-game/tests/e2e/stress-test.test.ts:45:28
    at runTest (file:///home/jin/guozha-poker-game/node_modules/@vitest/runner/dist/index.js:781:11)
    at runSuite (file:///home/jin/guozha-poker-game/node_modules/@vitest/runner/dist/index.js:909:15)
    at runSuite (file:///home/jin/guozha-poker-game/node_modules/@vitest/runner/dist/index.js:909:15)
    at runFiles (file:///home/jin/guozha-poker-game/node_modules/@vitest/runner/dist/index.js:958:5)
    at startTests (file:///home/jin/guozha-poker-game/node_modules/@vitest/runner/dist/index.js:967:3)
    at file:///home/jin/guozha-poker-game/node_modules/vitest/dist/chunks/runtime-runBaseTests.oAvMKtQC.js:116:7
    at withEnv (file:///home/jin/guozha-poker-game/node_modules/vitest/dist/chunks/runtime-runBaseTests.oAvMKtQC.js:83:5)
    at run (file:///home/jin/guozha-poker-game/node_modules/vitest/dist/chunks/runtime-runBaseTests.oAvMKtQC.js:105:3)
游戏 31 失败: Error: No handler registered for action type: DEAL_CARDS
    at StateManager.executeAction (/home/jin/guozha-poker-game/src/game-engine/state/StateManager.ts:131:15)
    at /home/jin/guozha-poker-game/tests/e2e/stress-test.test.ts:45:28
    at runTest (file:///home/jin/guozha-poker-game/node_modules/@vitest/runner/dist/index.js:781:11)
    at runSuite (file:///home/jin/guozha-poker-game/node_modules/@vitest/runner/dist/index.js:909:15)
    at runSuite (file:///home/jin/guozha-poker-game/node_modules/@vitest/runner/dist/index.js:909:15)
    at runFiles (file:///home/jin/guozha-poker-game/node_modules/@vitest/runner/dist/index.js:958:5)
    at startTests (file:///home/jin/guozha-poker-game/node_modules/@vitest/runner/dist/index.js:967:3)
    at file:///home/jin/guozha-poker-game/node_modules/vitest/dist/chunks/runtime-runBaseTests.oAvMKtQC.js:116:7
    at withEnv (file:///home/jin/guozha-poker-game/node_modules/vitest/dist/chunks/runtime-runBaseTests.oAvMKtQC.js:83:5)
    at run (file:///home/jin/guozha-poker-game/node_modules/vitest/dist/chunks/runtime-runBaseTests.oAvMKtQC.js:105:3)
[StateManager] Action failed: DEAL_CARDS Error: No handler registered for action type: DEAL_CARDS
    at StateManager.executeAction (/home/jin/guozha-poker-game/src/game-engine/state/StateManager.ts:131:15)
    at /home/jin/guozha-poker-game/tests/e2e/stress-test.test.ts:45:28
    at runTest (file:///home/jin/guozha-poker-game/node_modules/@vitest/runner/dist/index.js:781:11)
    at runSuite (file:///home/jin/guozha-poker-game/node_modules/@vitest/runner/dist/index.js:909:15)
    at runSuite (file:///home/jin/guozha-poker-game/node_modules/@vitest/runner/dist/index.js:909:15)
    at runFiles (file:///home/jin/guozha-poker-game/node_modules/@vitest/runner/dist/index.js:958:5)
    at startTests (file:///home/jin/guozha-poker-game/node_modules/@vitest/runner/dist/index.js:967:3)
    at file:///home/jin/guozha-poker-game/node_modules/vitest/dist/chunks/runtime-runBaseTests.oAvMKtQC.js:116:7
    at withEnv (file:///home/jin/guozha-poker-game/node_modules/vitest/dist/chunks/runtime-runBaseTests.oAvMKtQC.js:83:5)
    at run (file:///home/jin/guozha-poker-game/node_modules/vitest/dist/chunks/runtime-runBaseTests.oAvMKtQC.js:105:3)
游戏 32 失败: Error: No handler registered for action type: DEAL_CARDS
    at StateManager.executeAction (/home/jin/guozha-poker-game/src/game-engine/state/StateManager.ts:131:15)
    at /home/jin/guozha-poker-game/tests/e2e/stress-test.test.ts:45:28
    at runTest (file:///home/jin/guozha-poker-game/node_modules/@vitest/runner/dist/index.js:781:11)
    at runSuite (file:///home/jin/guozha-poker-game/node_modules/@vitest/runner/dist/index.js:909:15)
    at runSuite (file:///home/jin/guozha-poker-game/node_modules/@vitest/runner/dist/index.js:909:15)
    at runFiles (file:///home/jin/guozha-poker-game/node_modules/@vitest/runner/dist/index.js:958:5)
    at startTests (file:///home/jin/guozha-poker-game/node_modules/@vitest/runner/dist/index.js:967:3)
    at file:///home/jin/guozha-poker-game/node_modules/vitest/dist/chunks/runtime-runBaseTests.oAvMKtQC.js:116:7
    at withEnv (file:///home/jin/guozha-poker-game/node_modules/vitest/dist/chunks/runtime-runBaseTests.oAvMKtQC.js:83:5)
    at run (file:///home/jin/guozha-poker-game/node_modules/vitest/dist/chunks/runtime-runBaseTests.oAvMKtQC.js:105:3)
[StateManager] Action failed: DEAL_CARDS Error: No handler registered for action type: DEAL_CARDS
    at StateManager.executeAction (/home/jin/guozha-poker-game/src/game-engine/state/StateManager.ts:131:15)
    at /home/jin/guozha-poker-game/tests/e2e/stress-test.test.ts:45:28
    at runTest (file:///home/jin/guozha-poker-game/node_modules/@vitest/runner/dist/index.js:781:11)
    at runSuite (file:///home/jin/guozha-poker-game/node_modules/@vitest/runner/dist/index.js:909:15)
    at runSuite (file:///home/jin/guozha-poker-game/node_modules/@vitest/runner/dist/index.js:909:15)
    at runFiles (file:///home/jin/guozha-poker-game/node_modules/@vitest/runner/dist/index.js:958:5)
    at startTests (file:///home/jin/guozha-poker-game/node_modules/@vitest/runner/dist/index.js:967:3)
    at file:///home/jin/guozha-poker-game/node_modules/vitest/dist/chunks/runtime-runBaseTests.oAvMKtQC.js:116:7
    at withEnv (file:///home/jin/guozha-poker-game/node_modules/vitest/dist/chunks/runtime-runBaseTests.oAvMKtQC.js:83:5)
    at run (file:///home/jin/guozha-poker-game/node_modules/vitest/dist/chunks/runtime-runBaseTests.oAvMKtQC.js:105:3)
游戏 33 失败: Error: No handler registered for action type: DEAL_CARDS
    at StateManager.executeAction (/home/jin/guozha-poker-game/src/game-engine/state/StateManager.ts:131:15)
    at /home/jin/guozha-poker-game/tests/e2e/stress-test.test.ts:45:28
    at runTest (file:///home/jin/guozha-poker-game/node_modules/@vitest/runner/dist/index.js:781:11)
    at runSuite (file:///home/jin/guozha-poker-game/node_modules/@vitest/runner/dist/index.js:909:15)
    at runSuite (file:///home/jin/guozha-poker-game/node_modules/@vitest/runner/dist/index.js:909:15)
    at runFiles (file:///home/jin/guozha-poker-game/node_modules/@vitest/runner/dist/index.js:958:5)
    at startTests (file:///home/jin/guozha-poker-game/node_modules/@vitest/runner/dist/index.js:967:3)
    at file:///home/jin/guozha-poker-game/node_modules/vitest/dist/chunks/runtime-runBaseTests.oAvMKtQC.js:116:7
    at withEnv (file:///home/jin/guozha-poker-game/node_modules/vitest/dist/chunks/runtime-runBaseTests.oAvMKtQC.js:83:5)
    at run (file:///home/jin/guozha-poker-game/node_modules/vitest/dist/chunks/runtime-runBaseTests.oAvMKtQC.js:105:3)
[StateManager] Action failed: DEAL_CARDS Error: No handler registered for action type: DEAL_CARDS
    at StateManager.executeAction (/home/jin/guozha-poker-game/src/game-engine/state/StateManager.ts:131:15)
    at /home/jin/guozha-poker-game/tests/e2e/stress-test.test.ts:45:28
    at runTest (file:///home/jin/guozha-poker-game/node_modules/@vitest/runner/dist/index.js:781:11)
    at runSuite (file:///home/jin/guozha-poker-game/node_modules/@vitest/runner/dist/index.js:909:15)
    at runSuite (file:///home/jin/guozha-poker-game/node_modules/@vitest/runner/dist/index.js:909:15)
    at runFiles (file:///home/jin/guozha-poker-game/node_modules/@vitest/runner/dist/index.js:958:5)
    at startTests (file:///home/jin/guozha-poker-game/node_modules/@vitest/runner/dist/index.js:967:3)
    at file:///home/jin/guozha-poker-game/node_modules/vitest/dist/chunks/runtime-runBaseTests.oAvMKtQC.js:116:7
    at withEnv (file:///home/jin/guozha-poker-game/node_modules/vitest/dist/chunks/runtime-runBaseTests.oAvMKtQC.js:83:5)
    at run (file:///home/jin/guozha-poker-game/node_modules/vitest/dist/chunks/runtime-runBaseTests.oAvMKtQC.js:105:3)
游戏 34 失败: Error: No handler registered for action type: DEAL_CARDS
    at StateManager.executeAction (/home/jin/guozha-poker-game/src/game-engine/state/StateManager.ts:131:15)
    at /home/jin/guozha-poker-game/tests/e2e/stress-test.test.ts:45:28
    at runTest (file:///home/jin/guozha-poker-game/node_modules/@vitest/runner/dist/index.js:781:11)
    at runSuite (file:///home/jin/guozha-poker-game/node_modules/@vitest/runner/dist/index.js:909:15)
    at runSuite (file:///home/jin/guozha-poker-game/node_modules/@vitest/runner/dist/index.js:909:15)
    at runFiles (file:///home/jin/guozha-poker-game/node_modules/@vitest/runner/dist/index.js:958:5)
    at startTests (file:///home/jin/guozha-poker-game/node_modules/@vitest/runner/dist/index.js:967:3)
    at file:///home/jin/guozha-poker-game/node_modules/vitest/dist/chunks/runtime-runBaseTests.oAvMKtQC.js:116:7
    at withEnv (file:///home/jin/guozha-poker-game/node_modules/vitest/dist/chunks/runtime-runBaseTests.oAvMKtQC.js:83:5)
    at run (file:///home/jin/guozha-poker-game/node_modules/vitest/dist/chunks/runtime-runBaseTests.oAvMKtQC.js:105:3)
[StateManager] Action failed: DEAL_CARDS Error: No handler registered for action type: DEAL_CARDS
    at StateManager.executeAction (/home/jin/guozha-poker-game/src/game-engine/state/StateManager.ts:131:15)
    at /home/jin/guozha-poker-game/tests/e2e/stress-test.test.ts:45:28
    at runTest (file:///home/jin/guozha-poker-game/node_modules/@vitest/runner/dist/index.js:781:11)
    at runSuite (file:///home/jin/guozha-poker-game/node_modules/@vitest/runner/dist/index.js:909:15)
    at runSuite (file:///home/jin/guozha-poker-game/node_modules/@vitest/runner/dist/index.js:909:15)
    at runFiles (file:///home/jin/guozha-poker-game/node_modules/@vitest/runner/dist/index.js:958:5)
    at startTests (file:///home/jin/guozha-poker-game/node_modules/@vitest/runner/dist/index.js:967:3)
    at file:///home/jin/guozha-poker-game/node_modules/vitest/dist/chunks/runtime-runBaseTests.oAvMKtQC.js:116:7
    at withEnv (file:///home/jin/guozha-poker-game/node_modules/vitest/dist/chunks/runtime-runBaseTests.oAvMKtQC.js:83:5)
    at run (file:///home/jin/guozha-poker-game/node_modules/vitest/dist/chunks/runtime-runBaseTests.oAvMKtQC.js:105:3)
游戏 35 失败: Error: No handler registered for action type: DEAL_CARDS
    at StateManager.executeAction (/home/jin/guozha-poker-game/src/game-engine/state/StateManager.ts:131:15)
    at /home/jin/guozha-poker-game/tests/e2e/stress-test.test.ts:45:28
    at runTest (file:///home/jin/guozha-poker-game/node_modules/@vitest/runner/dist/index.js:781:11)
    at runSuite (file:///home/jin/guozha-poker-game/node_modules/@vitest/runner/dist/index.js:909:15)
    at runSuite (file:///home/jin/guozha-poker-game/node_modules/@vitest/runner/dist/index.js:909:15)
    at runFiles (file:///home/jin/guozha-poker-game/node_modules/@vitest/runner/dist/index.js:958:5)
    at startTests (file:///home/jin/guozha-poker-game/node_modules/@vitest/runner/dist/index.js:967:3)
    at file:///home/jin/guozha-poker-game/node_modules/vitest/dist/chunks/runtime-runBaseTests.oAvMKtQC.js:116:7
    at withEnv (file:///home/jin/guozha-poker-game/node_modules/vitest/dist/chunks/runtime-runBaseTests.oAvMKtQC.js:83:5)
    at run (file:///home/jin/guozha-poker-game/node_modules/vitest/dist/chunks/runtime-runBaseTests.oAvMKtQC.js:105:3)
[StateManager] Action failed: DEAL_CARDS Error: No handler registered for action type: DEAL_CARDS
    at StateManager.executeAction (/home/jin/guozha-poker-game/src/game-engine/state/StateManager.ts:131:15)
    at /home/jin/guozha-poker-game/tests/e2e/stress-test.test.ts:45:28
    at runTest (file:///home/jin/guozha-poker-game/node_modules/@vitest/runner/dist/index.js:781:11)
    at runSuite (file:///home/jin/guozha-poker-game/node_modules/@vitest/runner/dist/index.js:909:15)
    at runSuite (file:///home/jin/guozha-poker-game/node_modules/@vitest/runner/dist/index.js:909:15)
    at runFiles (file:///home/jin/guozha-poker-game/node_modules/@vitest/runner/dist/index.js:958:5)
    at startTests (file:///home/jin/guozha-poker-game/node_modules/@vitest/runner/dist/index.js:967:3)
    at file:///home/jin/guozha-poker-game/node_modules/vitest/dist/chunks/runtime-runBaseTests.oAvMKtQC.js:116:7
    at withEnv (file:///home/jin/guozha-poker-game/node_modules/vitest/dist/chunks/runtime-runBaseTests.oAvMKtQC.js:83:5)
    at run (file:///home/jin/guozha-poker-game/node_modules/vitest/dist/chunks/runtime-runBaseTests.oAvMKtQC.js:105:3)
游戏 36 失败: Error: No handler registered for action type: DEAL_CARDS
    at StateManager.executeAction (/home/jin/guozha-poker-game/src/game-engine/state/StateManager.ts:131:15)
    at /home/jin/guozha-poker-game/tests/e2e/stress-test.test.ts:45:28
    at runTest (file:///home/jin/guozha-poker-game/node_modules/@vitest/runner/dist/index.js:781:11)
    at runSuite (file:///home/jin/guozha-poker-game/node_modules/@vitest/runner/dist/index.js:909:15)
    at runSuite (file:///home/jin/guozha-poker-game/node_modules/@vitest/runner/dist/index.js:909:15)
    at runFiles (file:///home/jin/guozha-poker-game/node_modules/@vitest/runner/dist/index.js:958:5)
    at startTests (file:///home/jin/guozha-poker-game/node_modules/@vitest/runner/dist/index.js:967:3)
    at file:///home/jin/guozha-poker-game/node_modules/vitest/dist/chunks/runtime-runBaseTests.oAvMKtQC.js:116:7
    at withEnv (file:///home/jin/guozha-poker-game/node_modules/vitest/dist/chunks/runtime-runBaseTests.oAvMKtQC.js:83:5)
    at run (file:///home/jin/guozha-poker-game/node_modules/vitest/dist/chunks/runtime-runBaseTests.oAvMKtQC.js:105:3)
[StateManager] Action failed: DEAL_CARDS Error: No handler registered for action type: DEAL_CARDS
    at StateManager.executeAction (/home/jin/guozha-poker-game/src/game-engine/state/StateManager.ts:131:15)
    at /home/jin/guozha-poker-game/tests/e2e/stress-test.test.ts:45:28
    at runTest (file:///home/jin/guozha-poker-game/node_modules/@vitest/runner/dist/index.js:781:11)
    at runSuite (file:///home/jin/guozha-poker-game/node_modules/@vitest/runner/dist/index.js:909:15)
    at runSuite (file:///home/jin/guozha-poker-game/node_modules/@vitest/runner/dist/index.js:909:15)
    at runFiles (file:///home/jin/guozha-poker-game/node_modules/@vitest/runner/dist/index.js:958:5)
    at startTests (file:///home/jin/guozha-poker-game/node_modules/@vitest/runner/dist/index.js:967:3)
    at file:///home/jin/guozha-poker-game/node_modules/vitest/dist/chunks/runtime-runBaseTests.oAvMKtQC.js:116:7
    at withEnv (file:///home/jin/guozha-poker-game/node_modules/vitest/dist/chunks/runtime-runBaseTests.oAvMKtQC.js:83:5)
    at run (file:///home/jin/guozha-poker-game/node_modules/vitest/dist/chunks/runtime-runBaseTests.oAvMKtQC.js:105:3)
游戏 37 失败: Error: No handler registered for action type: DEAL_CARDS
    at StateManager.executeAction (/home/jin/guozha-poker-game/src/game-engine/state/StateManager.ts:131:15)
    at /home/jin/guozha-poker-game/tests/e2e/stress-test.test.ts:45:28
    at runTest (file:///home/jin/guozha-poker-game/node_modules/@vitest/runner/dist/index.js:781:11)
    at runSuite (file:///home/jin/guozha-poker-game/node_modules/@vitest/runner/dist/index.js:909:15)
    at runSuite (file:///home/jin/guozha-poker-game/node_modules/@vitest/runner/dist/index.js:909:15)
    at runFiles (file:///home/jin/guozha-poker-game/node_modules/@vitest/runner/dist/index.js:958:5)
    at startTests (file:///home/jin/guozha-poker-game/node_modules/@vitest/runner/dist/index.js:967:3)
    at file:///home/jin/guozha-poker-game/node_modules/vitest/dist/chunks/runtime-runBaseTests.oAvMKtQC.js:116:7
    at withEnv (file:///home/jin/guozha-poker-game/node_modules/vitest/dist/chunks/runtime-runBaseTests.oAvMKtQC.js:83:5)
    at run (file:///home/jin/guozha-poker-game/node_modules/vitest/dist/chunks/runtime-runBaseTests.oAvMKtQC.js:105:3)
[StateManager] Action failed: DEAL_CARDS Error: No handler registered for action type: DEAL_CARDS
    at StateManager.executeAction (/home/jin/guozha-poker-game/src/game-engine/state/StateManager.ts:131:15)
    at /home/jin/guozha-poker-game/tests/e2e/stress-test.test.ts:45:28
    at runTest (file:///home/jin/guozha-poker-game/node_modules/@vitest/runner/dist/index.js:781:11)
    at runSuite (file:///home/jin/guozha-poker-game/node_modules/@vitest/runner/dist/index.js:909:15)
    at runSuite (file:///home/jin/guozha-poker-game/node_modules/@vitest/runner/dist/index.js:909:15)
    at runFiles (file:///home/jin/guozha-poker-game/node_modules/@vitest/runner/dist/index.js:958:5)
    at startTests (file:///home/jin/guozha-poker-game/node_modules/@vitest/runner/dist/index.js:967:3)
    at file:///home/jin/guozha-poker-game/node_modules/vitest/dist/chunks/runtime-runBaseTests.oAvMKtQC.js:116:7
    at withEnv (file:///home/jin/guozha-poker-game/node_modules/vitest/dist/chunks/runtime-runBaseTests.oAvMKtQC.js:83:5)
    at run (file:///home/jin/guozha-poker-game/node_modules/vitest/dist/chunks/runtime-runBaseTests.oAvMKtQC.js:105:3)
游戏 38 失败: Error: No handler registered for action type: DEAL_CARDS
    at StateManager.executeAction (/home/jin/guozha-poker-game/src/game-engine/state/StateManager.ts:131:15)
    at /home/jin/guozha-poker-game/tests/e2e/stress-test.test.ts:45:28
    at runTest (file:///home/jin/guozha-poker-game/node_modules/@vitest/runner/dist/index.js:781:11)
    at runSuite (file:///home/jin/guozha-poker-game/node_modules/@vitest/runner/dist/index.js:909:15)
    at runSuite (file:///home/jin/guozha-poker-game/node_modules/@vitest/runner/dist/index.js:909:15)
    at runFiles (file:///home/jin/guozha-poker-game/node_modules/@vitest/runner/dist/index.js:958:5)
    at startTests (file:///home/jin/guozha-poker-game/node_modules/@vitest/runner/dist/index.js:967:3)
    at file:///home/jin/guozha-poker-game/node_modules/vitest/dist/chunks/runtime-runBaseTests.oAvMKtQC.js:116:7
    at withEnv (file:///home/jin/guozha-poker-game/node_modules/vitest/dist/chunks/runtime-runBaseTests.oAvMKtQC.js:83:5)
    at run (file:///home/jin/guozha-poker-game/node_modules/vitest/dist/chunks/runtime-runBaseTests.oAvMKtQC.js:105:3)
[StateManager] Action failed: DEAL_CARDS Error: No handler registered for action type: DEAL_CARDS
    at StateManager.executeAction (/home/jin/guozha-poker-game/src/game-engine/state/StateManager.ts:131:15)
    at /home/jin/guozha-poker-game/tests/e2e/stress-test.test.ts:45:28
    at runTest (file:///home/jin/guozha-poker-game/node_modules/@vitest/runner/dist/index.js:781:11)
    at runSuite (file:///home/jin/guozha-poker-game/node_modules/@vitest/runner/dist/index.js:909:15)
    at runSuite (file:///home/jin/guozha-poker-game/node_modules/@vitest/runner/dist/index.js:909:15)
    at runFiles (file:///home/jin/guozha-poker-game/node_modules/@vitest/runner/dist/index.js:958:5)
    at startTests (file:///home/jin/guozha-poker-game/node_modules/@vitest/runner/dist/index.js:967:3)
    at file:///home/jin/guozha-poker-game/node_modules/vitest/dist/chunks/runtime-runBaseTests.oAvMKtQC.js:116:7
    at withEnv (file:///home/jin/guozha-poker-game/node_modules/vitest/dist/chunks/runtime-runBaseTests.oAvMKtQC.js:83:5)
    at run (file:///home/jin/guozha-poker-game/node_modules/vitest/dist/chunks/runtime-runBaseTests.oAvMKtQC.js:105:3)
游戏 39 失败: Error: No handler registered for action type: DEAL_CARDS
    at StateManager.executeAction (/home/jin/guozha-poker-game/src/game-engine/state/StateManager.ts:131:15)
    at /home/jin/guozha-poker-game/tests/e2e/stress-test.test.ts:45:28
    at runTest (file:///home/jin/guozha-poker-game/node_modules/@vitest/runner/dist/index.js:781:11)
    at runSuite (file:///home/jin/guozha-poker-game/node_modules/@vitest/runner/dist/index.js:909:15)
    at runSuite (file:///home/jin/guozha-poker-game/node_modules/@vitest/runner/dist/index.js:909:15)
    at runFiles (file:///home/jin/guozha-poker-game/node_modules/@vitest/runner/dist/index.js:958:5)
    at startTests (file:///home/jin/guozha-poker-game/node_modules/@vitest/runner/dist/index.js:967:3)
    at file:///home/jin/guozha-poker-game/node_modules/vitest/dist/chunks/runtime-runBaseTests.oAvMKtQC.js:116:7
    at withEnv (file:///home/jin/guozha-poker-game/node_modules/vitest/dist/chunks/runtime-runBaseTests.oAvMKtQC.js:83:5)
    at run (file:///home/jin/guozha-poker-game/node_modules/vitest/dist/chunks/runtime-runBaseTests.oAvMKtQC.js:105:3)
[StateManager] Action failed: DEAL_CARDS Error: No handler registered for action type: DEAL_CARDS
    at StateManager.executeAction (/home/jin/guozha-poker-game/src/game-engine/state/StateManager.ts:131:15)
    at /home/jin/guozha-poker-game/tests/e2e/stress-test.test.ts:45:28
    at runTest (file:///home/jin/guozha-poker-game/node_modules/@vitest/runner/dist/index.js:781:11)
    at runSuite (file:///home/jin/guozha-poker-game/node_modules/@vitest/runner/dist/index.js:909:15)
    at runSuite (file:///home/jin/guozha-poker-game/node_modules/@vitest/runner/dist/index.js:909:15)
    at runFiles (file:///home/jin/guozha-poker-game/node_modules/@vitest/runner/dist/index.js:958:5)
    at startTests (file:///home/jin/guozha-poker-game/node_modules/@vitest/runner/dist/index.js:967:3)
    at file:///home/jin/guozha-poker-game/node_modules/vitest/dist/chunks/runtime-runBaseTests.oAvMKtQC.js:116:7
    at withEnv (file:///home/jin/guozha-poker-game/node_modules/vitest/dist/chunks/runtime-runBaseTests.oAvMKtQC.js:83:5)
    at run (file:///home/jin/guozha-poker-game/node_modules/vitest/dist/chunks/runtime-runBaseTests.oAvMKtQC.js:105:3)
游戏 40 失败: Error: No handler registered for action type: DEAL_CARDS
    at StateManager.executeAction (/home/jin/guozha-poker-game/src/game-engine/state/StateManager.ts:131:15)
    at /home/jin/guozha-poker-game/tests/e2e/stress-test.test.ts:45:28
    at runTest (file:///home/jin/guozha-poker-game/node_modules/@vitest/runner/dist/index.js:781:11)
    at runSuite (file:///home/jin/guozha-poker-game/node_modules/@vitest/runner/dist/index.js:909:15)
    at runSuite (file:///home/jin/guozha-poker-game/node_modules/@vitest/runner/dist/index.js:909:15)
    at runFiles (file:///home/jin/guozha-poker-game/node_modules/@vitest/runner/dist/index.js:958:5)
    at startTests (file:///home/jin/guozha-poker-game/node_modules/@vitest/runner/dist/index.js:967:3)
    at file:///home/jin/guozha-poker-game/node_modules/vitest/dist/chunks/runtime-runBaseTests.oAvMKtQC.js:116:7
    at withEnv (file:///home/jin/guozha-poker-game/node_modules/vitest/dist/chunks/runtime-runBaseTests.oAvMKtQC.js:83:5)
    at run (file:///home/jin/guozha-poker-game/node_modules/vitest/dist/chunks/runtime-runBaseTests.oAvMKtQC.js:105:3)
[StateManager] Action failed: DEAL_CARDS Error: No handler registered for action type: DEAL_CARDS
    at StateManager.executeAction (/home/jin/guozha-poker-game/src/game-engine/state/StateManager.ts:131:15)
    at /home/jin/guozha-poker-game/tests/e2e/stress-test.test.ts:45:28
    at runTest (file:///home/jin/guozha-poker-game/node_modules/@vitest/runner/dist/index.js:781:11)
    at runSuite (file:///home/jin/guozha-poker-game/node_modules/@vitest/runner/dist/index.js:909:15)
    at runSuite (file:///home/jin/guozha-poker-game/node_modules/@vitest/runner/dist/index.js:909:15)
    at runFiles (file:///home/jin/guozha-poker-game/node_modules/@vitest/runner/dist/index.js:958:5)
    at startTests (file:///home/jin/guozha-poker-game/node_modules/@vitest/runner/dist/index.js:967:3)
    at file:///home/jin/guozha-poker-game/node_modules/vitest/dist/chunks/runtime-runBaseTests.oAvMKtQC.js:116:7
    at withEnv (file:///home/jin/guozha-poker-game/node_modules/vitest/dist/chunks/runtime-runBaseTests.oAvMKtQC.js:83:5)
    at run (file:///home/jin/guozha-poker-game/node_modules/vitest/dist/chunks/runtime-runBaseTests.oAvMKtQC.js:105:3)
游戏 41 失败: Error: No handler registered for action type: DEAL_CARDS
    at StateManager.executeAction (/home/jin/guozha-poker-game/src/game-engine/state/StateManager.ts:131:15)
    at /home/jin/guozha-poker-game/tests/e2e/stress-test.test.ts:45:28
    at runTest (file:///home/jin/guozha-poker-game/node_modules/@vitest/runner/dist/index.js:781:11)
    at runSuite (file:///home/jin/guozha-poker-game/node_modules/@vitest/runner/dist/index.js:909:15)
    at runSuite (file:///home/jin/guozha-poker-game/node_modules/@vitest/runner/dist/index.js:909:15)
    at runFiles (file:///home/jin/guozha-poker-game/node_modules/@vitest/runner/dist/index.js:958:5)
    at startTests (file:///home/jin/guozha-poker-game/node_modules/@vitest/runner/dist/index.js:967:3)
    at file:///home/jin/guozha-poker-game/node_modules/vitest/dist/chunks/runtime-runBaseTests.oAvMKtQC.js:116:7
    at withEnv (file:///home/jin/guozha-poker-game/node_modules/vitest/dist/chunks/runtime-runBaseTests.oAvMKtQC.js:83:5)
    at run (file:///home/jin/guozha-poker-game/node_modules/vitest/dist/chunks/runtime-runBaseTests.oAvMKtQC.js:105:3)
[StateManager] Action failed: DEAL_CARDS Error: No handler registered for action type: DEAL_CARDS
    at StateManager.executeAction (/home/jin/guozha-poker-game/src/game-engine/state/StateManager.ts:131:15)
    at /home/jin/guozha-poker-game/tests/e2e/stress-test.test.ts:45:28
    at runTest (file:///home/jin/guozha-poker-game/node_modules/@vitest/runner/dist/index.js:781:11)
    at runSuite (file:///home/jin/guozha-poker-game/node_modules/@vitest/runner/dist/index.js:909:15)
    at runSuite (file:///home/jin/guozha-poker-game/node_modules/@vitest/runner/dist/index.js:909:15)
    at runFiles (file:///home/jin/guozha-poker-game/node_modules/@vitest/runner/dist/index.js:958:5)
    at startTests (file:///home/jin/guozha-poker-game/node_modules/@vitest/runner/dist/index.js:967:3)
    at file:///home/jin/guozha-poker-game/node_modules/vitest/dist/chunks/runtime-runBaseTests.oAvMKtQC.js:116:7
    at withEnv (file:///home/jin/guozha-poker-game/node_modules/vitest/dist/chunks/runtime-runBaseTests.oAvMKtQC.js:83:5)
    at run (file:///home/jin/guozha-poker-game/node_modules/vitest/dist/chunks/runtime-runBaseTests.oAvMKtQC.js:105:3)
游戏 42 失败: Error: No handler registered for action type: DEAL_CARDS
    at StateManager.executeAction (/home/jin/guozha-poker-game/src/game-engine/state/StateManager.ts:131:15)
    at /home/jin/guozha-poker-game/tests/e2e/stress-test.test.ts:45:28
    at runTest (file:///home/jin/guozha-poker-game/node_modules/@vitest/runner/dist/index.js:781:11)
    at runSuite (file:///home/jin/guozha-poker-game/node_modules/@vitest/runner/dist/index.js:909:15)
    at runSuite (file:///home/jin/guozha-poker-game/node_modules/@vitest/runner/dist/index.js:909:15)
    at runFiles (file:///home/jin/guozha-poker-game/node_modules/@vitest/runner/dist/index.js:958:5)
    at startTests (file:///home/jin/guozha-poker-game/node_modules/@vitest/runner/dist/index.js:967:3)
    at file:///home/jin/guozha-poker-game/node_modules/vitest/dist/chunks/runtime-runBaseTests.oAvMKtQC.js:116:7
    at withEnv (file:///home/jin/guozha-poker-game/node_modules/vitest/dist/chunks/runtime-runBaseTests.oAvMKtQC.js:83:5)
    at run (file:///home/jin/guozha-poker-game/node_modules/vitest/dist/chunks/runtime-runBaseTests.oAvMKtQC.js:105:3)
[StateManager] Action failed: DEAL_CARDS Error: No handler registered for action type: DEAL_CARDS
    at StateManager.executeAction (/home/jin/guozha-poker-game/src/game-engine/state/StateManager.ts:131:15)
    at /home/jin/guozha-poker-game/tests/e2e/stress-test.test.ts:45:28
    at runTest (file:///home/jin/guozha-poker-game/node_modules/@vitest/runner/dist/index.js:781:11)
    at runSuite (file:///home/jin/guozha-poker-game/node_modules/@vitest/runner/dist/index.js:909:15)
    at runSuite (file:///home/jin/guozha-poker-game/node_modules/@vitest/runner/dist/index.js:909:15)
    at runFiles (file:///home/jin/guozha-poker-game/node_modules/@vitest/runner/dist/index.js:958:5)
    at startTests (file:///home/jin/guozha-poker-game/node_modules/@vitest/runner/dist/index.js:967:3)
    at file:///home/jin/guozha-poker-game/node_modules/vitest/dist/chunks/runtime-runBaseTests.oAvMKtQC.js:116:7
    at withEnv (file:///home/jin/guozha-poker-game/node_modules/vitest/dist/chunks/runtime-runBaseTests.oAvMKtQC.js:83:5)
    at run (file:///home/jin/guozha-poker-game/node_modules/vitest/dist/chunks/runtime-runBaseTests.oAvMKtQC.js:105:3)
游戏 43 失败: Error: No handler registered for action type: DEAL_CARDS
    at StateManager.executeAction (/home/jin/guozha-poker-game/src/game-engine/state/StateManager.ts:131:15)
    at /home/jin/guozha-poker-game/tests/e2e/stress-test.test.ts:45:28
    at runTest (file:///home/jin/guozha-poker-game/node_modules/@vitest/runner/dist/index.js:781:11)
    at runSuite (file:///home/jin/guozha-poker-game/node_modules/@vitest/runner/dist/index.js:909:15)
    at runSuite (file:///home/jin/guozha-poker-game/node_modules/@vitest/runner/dist/index.js:909:15)
    at runFiles (file:///home/jin/guozha-poker-game/node_modules/@vitest/runner/dist/index.js:958:5)
    at startTests (file:///home/jin/guozha-poker-game/node_modules/@vitest/runner/dist/index.js:967:3)
    at file:///home/jin/guozha-poker-game/node_modules/vitest/dist/chunks/runtime-runBaseTests.oAvMKtQC.js:116:7
    at withEnv (file:///home/jin/guozha-poker-game/node_modules/vitest/dist/chunks/runtime-runBaseTests.oAvMKtQC.js:83:5)
    at run (file:///home/jin/guozha-poker-game/node_modules/vitest/dist/chunks/runtime-runBaseTests.oAvMKtQC.js:105:3)
[StateManager] Action failed: DEAL_CARDS Error: No handler registered for action type: DEAL_CARDS
    at StateManager.executeAction (/home/jin/guozha-poker-game/src/game-engine/state/StateManager.ts:131:15)
    at /home/jin/guozha-poker-game/tests/e2e/stress-test.test.ts:45:28
    at runTest (file:///home/jin/guozha-poker-game/node_modules/@vitest/runner/dist/index.js:781:11)
    at runSuite (file:///home/jin/guozha-poker-game/node_modules/@vitest/runner/dist/index.js:909:15)
    at runSuite (file:///home/jin/guozha-poker-game/node_modules/@vitest/runner/dist/index.js:909:15)
    at runFiles (file:///home/jin/guozha-poker-game/node_modules/@vitest/runner/dist/index.js:958:5)
    at startTests (file:///home/jin/guozha-poker-game/node_modules/@vitest/runner/dist/index.js:967:3)
    at file:///home/jin/guozha-poker-game/node_modules/vitest/dist/chunks/runtime-runBaseTests.oAvMKtQC.js:116:7
    at withEnv (file:///home/jin/guozha-poker-game/node_modules/vitest/dist/chunks/runtime-runBaseTests.oAvMKtQC.js:83:5)
    at run (file:///home/jin/guozha-poker-game/node_modules/vitest/dist/chunks/runtime-runBaseTests.oAvMKtQC.js:105:3)
游戏 44 失败: Error: No handler registered for action type: DEAL_CARDS
    at StateManager.executeAction (/home/jin/guozha-poker-game/src/game-engine/state/StateManager.ts:131:15)
    at /home/jin/guozha-poker-game/tests/e2e/stress-test.test.ts:45:28
    at runTest (file:///home/jin/guozha-poker-game/node_modules/@vitest/runner/dist/index.js:781:11)
    at runSuite (file:///home/jin/guozha-poker-game/node_modules/@vitest/runner/dist/index.js:909:15)
    at runSuite (file:///home/jin/guozha-poker-game/node_modules/@vitest/runner/dist/index.js:909:15)
    at runFiles (file:///home/jin/guozha-poker-game/node_modules/@vitest/runner/dist/index.js:958:5)
    at startTests (file:///home/jin/guozha-poker-game/node_modules/@vitest/runner/dist/index.js:967:3)
    at file:///home/jin/guozha-poker-game/node_modules/vitest/dist/chunks/runtime-runBaseTests.oAvMKtQC.js:116:7
    at withEnv (file:///home/jin/guozha-poker-game/node_modules/vitest/dist/chunks/runtime-runBaseTests.oAvMKtQC.js:83:5)
    at run (file:///home/jin/guozha-poker-game/node_modules/vitest/dist/chunks/runtime-runBaseTests.oAvMKtQC.js:105:3)
[StateManager] Action failed: DEAL_CARDS Error: No handler registered for action type: DEAL_CARDS
    at StateManager.executeAction (/home/jin/guozha-poker-game/src/game-engine/state/StateManager.ts:131:15)
    at /home/jin/guozha-poker-game/tests/e2e/stress-test.test.ts:45:28
    at runTest (file:///home/jin/guozha-poker-game/node_modules/@vitest/runner/dist/index.js:781:11)
    at runSuite (file:///home/jin/guozha-poker-game/node_modules/@vitest/runner/dist/index.js:909:15)
    at runSuite (file:///home/jin/guozha-poker-game/node_modules/@vitest/runner/dist/index.js:909:15)
    at runFiles (file:///home/jin/guozha-poker-game/node_modules/@vitest/runner/dist/index.js:958:5)
    at startTests (file:///home/jin/guozha-poker-game/node_modules/@vitest/runner/dist/index.js:967:3)
    at file:///home/jin/guozha-poker-game/node_modules/vitest/dist/chunks/runtime-runBaseTests.oAvMKtQC.js:116:7
    at withEnv (file:///home/jin/guozha-poker-game/node_modules/vitest/dist/chunks/runtime-runBaseTests.oAvMKtQC.js:83:5)
    at run (file:///home/jin/guozha-poker-game/node_modules/vitest/dist/chunks/runtime-runBaseTests.oAvMKtQC.js:105:3)
游戏 45 失败: Error: No handler registered for action type: DEAL_CARDS
    at StateManager.executeAction (/home/jin/guozha-poker-game/src/game-engine/state/StateManager.ts:131:15)
    at /home/jin/guozha-poker-game/tests/e2e/stress-test.test.ts:45:28
    at runTest (file:///home/jin/guozha-poker-game/node_modules/@vitest/runner/dist/index.js:781:11)
    at runSuite (file:///home/jin/guozha-poker-game/node_modules/@vitest/runner/dist/index.js:909:15)
    at runSuite (file:///home/jin/guozha-poker-game/node_modules/@vitest/runner/dist/index.js:909:15)
    at runFiles (file:///home/jin/guozha-poker-game/node_modules/@vitest/runner/dist/index.js:958:5)
    at startTests (file:///home/jin/guozha-poker-game/node_modules/@vitest/runner/dist/index.js:967:3)
    at file:///home/jin/guozha-poker-game/node_modules/vitest/dist/chunks/runtime-runBaseTests.oAvMKtQC.js:116:7
    at withEnv (file:///home/jin/guozha-poker-game/node_modules/vitest/dist/chunks/runtime-runBaseTests.oAvMKtQC.js:83:5)
    at run (file:///home/jin/guozha-poker-game/node_modules/vitest/dist/chunks/runtime-runBaseTests.oAvMKtQC.js:105:3)
[StateManager] Action failed: DEAL_CARDS Error: No handler registered for action type: DEAL_CARDS
    at StateManager.executeAction (/home/jin/guozha-poker-game/src/game-engine/state/StateManager.ts:131:15)
    at /home/jin/guozha-poker-game/tests/e2e/stress-test.test.ts:45:28
    at runTest (file:///home/jin/guozha-poker-game/node_modules/@vitest/runner/dist/index.js:781:11)
    at runSuite (file:///home/jin/guozha-poker-game/node_modules/@vitest/runner/dist/index.js:909:15)
    at runSuite (file:///home/jin/guozha-poker-game/node_modules/@vitest/runner/dist/index.js:909:15)
    at runFiles (file:///home/jin/guozha-poker-game/node_modules/@vitest/runner/dist/index.js:958:5)
    at startTests (file:///home/jin/guozha-poker-game/node_modules/@vitest/runner/dist/index.js:967:3)
    at file:///home/jin/guozha-poker-game/node_modules/vitest/dist/chunks/runtime-runBaseTests.oAvMKtQC.js:116:7
    at withEnv (file:///home/jin/guozha-poker-game/node_modules/vitest/dist/chunks/runtime-runBaseTests.oAvMKtQC.js:83:5)
    at run (file:///home/jin/guozha-poker-game/node_modules/vitest/dist/chunks/runtime-runBaseTests.oAvMKtQC.js:105:3)
游戏 46 失败: Error: No handler registered for action type: DEAL_CARDS
    at StateManager.executeAction (/home/jin/guozha-poker-game/src/game-engine/state/StateManager.ts:131:15)
    at /home/jin/guozha-poker-game/tests/e2e/stress-test.test.ts:45:28
    at runTest (file:///home/jin/guozha-poker-game/node_modules/@vitest/runner/dist/index.js:781:11)
    at runSuite (file:///home/jin/guozha-poker-game/node_modules/@vitest/runner/dist/index.js:909:15)
    at runSuite (file:///home/jin/guozha-poker-game/node_modules/@vitest/runner/dist/index.js:909:15)
    at runFiles (file:///home/jin/guozha-poker-game/node_modules/@vitest/runner/dist/index.js:958:5)
    at startTests (file:///home/jin/guozha-poker-game/node_modules/@vitest/runner/dist/index.js:967:3)
    at file:///home/jin/guozha-poker-game/node_modules/vitest/dist/chunks/runtime-runBaseTests.oAvMKtQC.js:116:7
    at withEnv (file:///home/jin/guozha-poker-game/node_modules/vitest/dist/chunks/runtime-runBaseTests.oAvMKtQC.js:83:5)
    at run (file:///home/jin/guozha-poker-game/node_modules/vitest/dist/chunks/runtime-runBaseTests.oAvMKtQC.js:105:3)
[StateManager] Action failed: DEAL_CARDS Error: No handler registered for action type: DEAL_CARDS
    at StateManager.executeAction (/home/jin/guozha-poker-game/src/game-engine/state/StateManager.ts:131:15)
    at /home/jin/guozha-poker-game/tests/e2e/stress-test.test.ts:45:28
    at runTest (file:///home/jin/guozha-poker-game/node_modules/@vitest/runner/dist/index.js:781:11)
    at runSuite (file:///home/jin/guozha-poker-game/node_modules/@vitest/runner/dist/index.js:909:15)
    at runSuite (file:///home/jin/guozha-poker-game/node_modules/@vitest/runner/dist/index.js:909:15)
    at runFiles (file:///home/jin/guozha-poker-game/node_modules/@vitest/runner/dist/index.js:958:5)
    at startTests (file:///home/jin/guozha-poker-game/node_modules/@vitest/runner/dist/index.js:967:3)
    at file:///home/jin/guozha-poker-game/node_modules/vitest/dist/chunks/runtime-runBaseTests.oAvMKtQC.js:116:7
    at withEnv (file:///home/jin/guozha-poker-game/node_modules/vitest/dist/chunks/runtime-runBaseTests.oAvMKtQC.js:83:5)
    at run (file:///home/jin/guozha-poker-game/node_modules/vitest/dist/chunks/runtime-runBaseTests.oAvMKtQC.js:105:3)
游戏 47 失败: Error: No handler registered for action type: DEAL_CARDS
    at StateManager.executeAction (/home/jin/guozha-poker-game/src/game-engine/state/StateManager.ts:131:15)
    at /home/jin/guozha-poker-game/tests/e2e/stress-test.test.ts:45:28
    at runTest (file:///home/jin/guozha-poker-game/node_modules/@vitest/runner/dist/index.js:781:11)
    at runSuite (file:///home/jin/guozha-poker-game/node_modules/@vitest/runner/dist/index.js:909:15)
    at runSuite (file:///home/jin/guozha-poker-game/node_modules/@vitest/runner/dist/index.js:909:15)
    at runFiles (file:///home/jin/guozha-poker-game/node_modules/@vitest/runner/dist/index.js:958:5)
    at startTests (file:///home/jin/guozha-poker-game/node_modules/@vitest/runner/dist/index.js:967:3)
    at file:///home/jin/guozha-poker-game/node_modules/vitest/dist/chunks/runtime-runBaseTests.oAvMKtQC.js:116:7
    at withEnv (file:///home/jin/guozha-poker-game/node_modules/vitest/dist/chunks/runtime-runBaseTests.oAvMKtQC.js:83:5)
    at run (file:///home/jin/guozha-poker-game/node_modules/vitest/dist/chunks/runtime-runBaseTests.oAvMKtQC.js:105:3)
[StateManager] Action failed: DEAL_CARDS Error: No handler registered for action type: DEAL_CARDS
    at StateManager.executeAction (/home/jin/guozha-poker-game/src/game-engine/state/StateManager.ts:131:15)
    at /home/jin/guozha-poker-game/tests/e2e/stress-test.test.ts:45:28
    at runTest (file:///home/jin/guozha-poker-game/node_modules/@vitest/runner/dist/index.js:781:11)
    at runSuite (file:///home/jin/guozha-poker-game/node_modules/@vitest/runner/dist/index.js:909:15)
    at runSuite (file:///home/jin/guozha-poker-game/node_modules/@vitest/runner/dist/index.js:909:15)
    at runFiles (file:///home/jin/guozha-poker-game/node_modules/@vitest/runner/dist/index.js:958:5)
    at startTests (file:///home/jin/guozha-poker-game/node_modules/@vitest/runner/dist/index.js:967:3)
    at file:///home/jin/guozha-poker-game/node_modules/vitest/dist/chunks/runtime-runBaseTests.oAvMKtQC.js:116:7
    at withEnv (file:///home/jin/guozha-poker-game/node_modules/vitest/dist/chunks/runtime-runBaseTests.oAvMKtQC.js:83:5)
    at run (file:///home/jin/guozha-poker-game/node_modules/vitest/dist/chunks/runtime-runBaseTests.oAvMKtQC.js:105:3)
游戏 48 失败: Error: No handler registered for action type: DEAL_CARDS
    at StateManager.executeAction (/home/jin/guozha-poker-game/src/game-engine/state/StateManager.ts:131:15)
    at /home/jin/guozha-poker-game/tests/e2e/stress-test.test.ts:45:28
    at runTest (file:///home/jin/guozha-poker-game/node_modules/@vitest/runner/dist/index.js:781:11)
    at runSuite (file:///home/jin/guozha-poker-game/node_modules/@vitest/runner/dist/index.js:909:15)
    at runSuite (file:///home/jin/guozha-poker-game/node_modules/@vitest/runner/dist/index.js:909:15)
    at runFiles (file:///home/jin/guozha-poker-game/node_modules/@vitest/runner/dist/index.js:958:5)
    at startTests (file:///home/jin/guozha-poker-game/node_modules/@vitest/runner/dist/index.js:967:3)
    at file:///home/jin/guozha-poker-game/node_modules/vitest/dist/chunks/runtime-runBaseTests.oAvMKtQC.js:116:7
    at withEnv (file:///home/jin/guozha-poker-game/node_modules/vitest/dist/chunks/runtime-runBaseTests.oAvMKtQC.js:83:5)
    at run (file:///home/jin/guozha-poker-game/node_modules/vitest/dist/chunks/runtime-runBaseTests.oAvMKtQC.js:105:3)
[StateManager] Action failed: DEAL_CARDS Error: No handler registered for action type: DEAL_CARDS
    at StateManager.executeAction (/home/jin/guozha-poker-game/src/game-engine/state/StateManager.ts:131:15)
    at /home/jin/guozha-poker-game/tests/e2e/stress-test.test.ts:45:28
    at runTest (file:///home/jin/guozha-poker-game/node_modules/@vitest/runner/dist/index.js:781:11)
    at runSuite (file:///home/jin/guozha-poker-game/node_modules/@vitest/runner/dist/index.js:909:15)
    at runSuite (file:///home/jin/guozha-poker-game/node_modules/@vitest/runner/dist/index.js:909:15)
    at runFiles (file:///home/jin/guozha-poker-game/node_modules/@vitest/runner/dist/index.js:958:5)
    at startTests (file:///home/jin/guozha-poker-game/node_modules/@vitest/runner/dist/index.js:967:3)
    at file:///home/jin/guozha-poker-game/node_modules/vitest/dist/chunks/runtime-runBaseTests.oAvMKtQC.js:116:7
    at withEnv (file:///home/jin/guozha-poker-game/node_modules/vitest/dist/chunks/runtime-runBaseTests.oAvMKtQC.js:83:5)
    at run (file:///home/jin/guozha-poker-game/node_modules/vitest/dist/chunks/runtime-runBaseTests.oAvMKtQC.js:105:3)
游戏 49 失败: Error: No handler registered for action type: DEAL_CARDS
    at StateManager.executeAction (/home/jin/guozha-poker-game/src/game-engine/state/StateManager.ts:131:15)
    at /home/jin/guozha-poker-game/tests/e2e/stress-test.test.ts:45:28
    at runTest (file:///home/jin/guozha-poker-game/node_modules/@vitest/runner/dist/index.js:781:11)
    at runSuite (file:///home/jin/guozha-poker-game/node_modules/@vitest/runner/dist/index.js:909:15)
    at runSuite (file:///home/jin/guozha-poker-game/node_modules/@vitest/runner/dist/index.js:909:15)
    at runFiles (file:///home/jin/guozha-poker-game/node_modules/@vitest/runner/dist/index.js:958:5)
    at startTests (file:///home/jin/guozha-poker-game/node_modules/@vitest/runner/dist/index.js:967:3)
    at file:///home/jin/guozha-poker-game/node_modules/vitest/dist/chunks/runtime-runBaseTests.oAvMKtQC.js:116:7
    at withEnv (file:///home/jin/guozha-poker-game/node_modules/vitest/dist/chunks/runtime-runBaseTests.oAvMKtQC.js:83:5)
    at run (file:///home/jin/guozha-poker-game/node_modules/vitest/dist/chunks/runtime-runBaseTests.oAvMKtQC.js:105:3)
[StateManager] Action failed: DEAL_CARDS Error: No handler registered for action type: DEAL_CARDS
    at StateManager.executeAction (/home/jin/guozha-poker-game/src/game-engine/state/StateManager.ts:131:15)
    at /home/jin/guozha-poker-game/tests/e2e/stress-test.test.ts:45:28
    at runTest (file:///home/jin/guozha-poker-game/node_modules/@vitest/runner/dist/index.js:781:11)
    at runSuite (file:///home/jin/guozha-poker-game/node_modules/@vitest/runner/dist/index.js:909:15)
    at runSuite (file:///home/jin/guozha-poker-game/node_modules/@vitest/runner/dist/index.js:909:15)
    at runFiles (file:///home/jin/guozha-poker-game/node_modules/@vitest/runner/dist/index.js:958:5)
    at startTests (file:///home/jin/guozha-poker-game/node_modules/@vitest/runner/dist/index.js:967:3)
    at file:///home/jin/guozha-poker-game/node_modules/vitest/dist/chunks/runtime-runBaseTests.oAvMKtQC.js:116:7
    at withEnv (file:///home/jin/guozha-poker-game/node_modules/vitest/dist/chunks/runtime-runBaseTests.oAvMKtQC.js:83:5)
    at run (file:///home/jin/guozha-poker-game/node_modules/vitest/dist/chunks/runtime-runBaseTests.oAvMKtQC.js:105:3)
游戏 50 失败: Error: No handler registered for action type: DEAL_CARDS
    at StateManager.executeAction (/home/jin/guozha-poker-game/src/game-engine/state/StateManager.ts:131:15)
    at /home/jin/guozha-poker-game/tests/e2e/stress-test.test.ts:45:28
    at runTest (file:///home/jin/guozha-poker-game/node_modules/@vitest/runner/dist/index.js:781:11)
    at runSuite (file:///home/jin/guozha-poker-game/node_modules/@vitest/runner/dist/index.js:909:15)
    at runSuite (file:///home/jin/guozha-poker-game/node_modules/@vitest/runner/dist/index.js:909:15)
    at runFiles (file:///home/jin/guozha-poker-game/node_modules/@vitest/runner/dist/index.js:958:5)
    at startTests (file:///home/jin/guozha-poker-game/node_modules/@vitest/runner/dist/index.js:967:3)
    at file:///home/jin/guozha-poker-game/node_modules/vitest/dist/chunks/runtime-runBaseTests.oAvMKtQC.js:116:7
    at withEnv (file:///home/jin/guozha-poker-game/node_modules/vitest/dist/chunks/runtime-runBaseTests.oAvMKtQC.js:83:5)
    at run (file:///home/jin/guozha-poker-game/node_modules/vitest/dist/chunks/runtime-runBaseTests.oAvMKtQC.js:105:3)
[StateManager] Action failed: DEAL_CARDS Error: No handler registered for action type: DEAL_CARDS
    at StateManager.executeAction (/home/jin/guozha-poker-game/src/game-engine/state/StateManager.ts:131:15)
    at /home/jin/guozha-poker-game/tests/e2e/stress-test.test.ts:45:28
    at runTest (file:///home/jin/guozha-poker-game/node_modules/@vitest/runner/dist/index.js:781:11)
    at runSuite (file:///home/jin/guozha-poker-game/node_modules/@vitest/runner/dist/index.js:909:15)
    at runSuite (file:///home/jin/guozha-poker-game/node_modules/@vitest/runner/dist/index.js:909:15)
    at runFiles (file:///home/jin/guozha-poker-game/node_modules/@vitest/runner/dist/index.js:958:5)
    at startTests (file:///home/jin/guozha-poker-game/node_modules/@vitest/runner/dist/index.js:967:3)
    at file:///home/jin/guozha-poker-game/node_modules/vitest/dist/chunks/runtime-runBaseTests.oAvMKtQC.js:116:7
    at withEnv (file:///home/jin/guozha-poker-game/node_modules/vitest/dist/chunks/runtime-runBaseTests.oAvMKtQC.js:83:5)
    at run (file:///home/jin/guozha-poker-game/node_modules/vitest/dist/chunks/runtime-runBaseTests.oAvMKtQC.js:105:3)
游戏 51 失败: Error: No handler registered for action type: DEAL_CARDS
    at StateManager.executeAction (/home/jin/guozha-poker-game/src/game-engine/state/StateManager.ts:131:15)
    at /home/jin/guozha-poker-game/tests/e2e/stress-test.test.ts:45:28
    at runTest (file:///home/jin/guozha-poker-game/node_modules/@vitest/runner/dist/index.js:781:11)
    at runSuite (file:///home/jin/guozha-poker-game/node_modules/@vitest/runner/dist/index.js:909:15)
    at runSuite (file:///home/jin/guozha-poker-game/node_modules/@vitest/runner/dist/index.js:909:15)
    at runFiles (file:///home/jin/guozha-poker-game/node_modules/@vitest/runner/dist/index.js:958:5)
    at startTests (file:///home/jin/guozha-poker-game/node_modules/@vitest/runner/dist/index.js:967:3)
    at file:///home/jin/guozha-poker-game/node_modules/vitest/dist/chunks/runtime-runBaseTests.oAvMKtQC.js:116:7
    at withEnv (file:///home/jin/guozha-poker-game/node_modules/vitest/dist/chunks/runtime-runBaseTests.oAvMKtQC.js:83:5)
    at run (file:///home/jin/guozha-poker-game/node_modules/vitest/dist/chunks/runtime-runBaseTests.oAvMKtQC.js:105:3)
[StateManager] Action failed: DEAL_CARDS Error: No handler registered for action type: DEAL_CARDS
    at StateManager.executeAction (/home/jin/guozha-poker-game/src/game-engine/state/StateManager.ts:131:15)
    at /home/jin/guozha-poker-game/tests/e2e/stress-test.test.ts:45:28
    at runTest (file:///home/jin/guozha-poker-game/node_modules/@vitest/runner/dist/index.js:781:11)
    at runSuite (file:///home/jin/guozha-poker-game/node_modules/@vitest/runner/dist/index.js:909:15)
    at runSuite (file:///home/jin/guozha-poker-game/node_modules/@vitest/runner/dist/index.js:909:15)
    at runFiles (file:///home/jin/guozha-poker-game/node_modules/@vitest/runner/dist/index.js:958:5)
    at startTests (file:///home/jin/guozha-poker-game/node_modules/@vitest/runner/dist/index.js:967:3)
    at file:///home/jin/guozha-poker-game/node_modules/vitest/dist/chunks/runtime-runBaseTests.oAvMKtQC.js:116:7
    at withEnv (file:///home/jin/guozha-poker-game/node_modules/vitest/dist/chunks/runtime-runBaseTests.oAvMKtQC.js:83:5)
    at run (file:///home/jin/guozha-poker-game/node_modules/vitest/dist/chunks/runtime-runBaseTests.oAvMKtQC.js:105:3)
游戏 52 失败: Error: No handler registered for action type: DEAL_CARDS
    at StateManager.executeAction (/home/jin/guozha-poker-game/src/game-engine/state/StateManager.ts:131:15)
    at /home/jin/guozha-poker-game/tests/e2e/stress-test.test.ts:45:28
    at runTest (file:///home/jin/guozha-poker-game/node_modules/@vitest/runner/dist/index.js:781:11)
    at runSuite (file:///home/jin/guozha-poker-game/node_modules/@vitest/runner/dist/index.js:909:15)
    at runSuite (file:///home/jin/guozha-poker-game/node_modules/@vitest/runner/dist/index.js:909:15)
    at runFiles (file:///home/jin/guozha-poker-game/node_modules/@vitest/runner/dist/index.js:958:5)
    at startTests (file:///home/jin/guozha-poker-game/node_modules/@vitest/runner/dist/index.js:967:3)
    at file:///home/jin/guozha-poker-game/node_modules/vitest/dist/chunks/runtime-runBaseTests.oAvMKtQC.js:116:7
    at withEnv (file:///home/jin/guozha-poker-game/node_modules/vitest/dist/chunks/runtime-runBaseTests.oAvMKtQC.js:83:5)
    at run (file:///home/jin/guozha-poker-game/node_modules/vitest/dist/chunks/runtime-runBaseTests.oAvMKtQC.js:105:3)
[StateManager] Action failed: DEAL_CARDS Error: No handler registered for action type: DEAL_CARDS
    at StateManager.executeAction (/home/jin/guozha-poker-game/src/game-engine/state/StateManager.ts:131:15)
    at /home/jin/guozha-poker-game/tests/e2e/stress-test.test.ts:45:28
    at runTest (file:///home/jin/guozha-poker-game/node_modules/@vitest/runner/dist/index.js:781:11)
    at runSuite (file:///home/jin/guozha-poker-game/node_modules/@vitest/runner/dist/index.js:909:15)
    at runSuite (file:///home/jin/guozha-poker-game/node_modules/@vitest/runner/dist/index.js:909:15)
    at runFiles (file:///home/jin/guozha-poker-game/node_modules/@vitest/runner/dist/index.js:958:5)
    at startTests (file:///home/jin/guozha-poker-game/node_modules/@vitest/runner/dist/index.js:967:3)
    at file:///home/jin/guozha-poker-game/node_modules/vitest/dist/chunks/runtime-runBaseTests.oAvMKtQC.js:116:7
    at withEnv (file:///home/jin/guozha-poker-game/node_modules/vitest/dist/chunks/runtime-runBaseTests.oAvMKtQC.js:83:5)
    at run (file:///home/jin/guozha-poker-game/node_modules/vitest/dist/chunks/runtime-runBaseTests.oAvMKtQC.js:105:3)
游戏 53 失败: Error: No handler registered for action type: DEAL_CARDS
    at StateManager.executeAction (/home/jin/guozha-poker-game/src/game-engine/state/StateManager.ts:131:15)
    at /home/jin/guozha-poker-game/tests/e2e/stress-test.test.ts:45:28
    at runTest (file:///home/jin/guozha-poker-game/node_modules/@vitest/runner/dist/index.js:781:11)
    at runSuite (file:///home/jin/guozha-poker-game/node_modules/@vitest/runner/dist/index.js:909:15)
    at runSuite (file:///home/jin/guozha-poker-game/node_modules/@vitest/runner/dist/index.js:909:15)
    at runFiles (file:///home/jin/guozha-poker-game/node_modules/@vitest/runner/dist/index.js:958:5)
    at startTests (file:///home/jin/guozha-poker-game/node_modules/@vitest/runner/dist/index.js:967:3)
    at file:///home/jin/guozha-poker-game/node_modules/vitest/dist/chunks/runtime-runBaseTests.oAvMKtQC.js:116:7
    at withEnv (file:///home/jin/guozha-poker-game/node_modules/vitest/dist/chunks/runtime-runBaseTests.oAvMKtQC.js:83:5)
    at run (file:///home/jin/guozha-poker-game/node_modules/vitest/dist/chunks/runtime-runBaseTests.oAvMKtQC.js:105:3)
[StateManager] Action failed: DEAL_CARDS Error: No handler registered for action type: DEAL_CARDS
    at StateManager.executeAction (/home/jin/guozha-poker-game/src/game-engine/state/StateManager.ts:131:15)
    at /home/jin/guozha-poker-game/tests/e2e/stress-test.test.ts:45:28
    at runTest (file:///home/jin/guozha-poker-game/node_modules/@vitest/runner/dist/index.js:781:11)
    at runSuite (file:///home/jin/guozha-poker-game/node_modules/@vitest/runner/dist/index.js:909:15)
    at runSuite (file:///home/jin/guozha-poker-game/node_modules/@vitest/runner/dist/index.js:909:15)
    at runFiles (file:///home/jin/guozha-poker-game/node_modules/@vitest/runner/dist/index.js:958:5)
    at startTests (file:///home/jin/guozha-poker-game/node_modules/@vitest/runner/dist/index.js:967:3)
    at file:///home/jin/guozha-poker-game/node_modules/vitest/dist/chunks/runtime-runBaseTests.oAvMKtQC.js:116:7
    at withEnv (file:///home/jin/guozha-poker-game/node_modules/vitest/dist/chunks/runtime-runBaseTests.oAvMKtQC.js:83:5)
    at run (file:///home/jin/guozha-poker-game/node_modules/vitest/dist/chunks/runtime-runBaseTests.oAvMKtQC.js:105:3)
游戏 54 失败: Error: No handler registered for action type: DEAL_CARDS
    at StateManager.executeAction (/home/jin/guozha-poker-game/src/game-engine/state/StateManager.ts:131:15)
    at /home/jin/guozha-poker-game/tests/e2e/stress-test.test.ts:45:28
    at runTest (file:///home/jin/guozha-poker-game/node_modules/@vitest/runner/dist/index.js:781:11)
    at runSuite (file:///home/jin/guozha-poker-game/node_modules/@vitest/runner/dist/index.js:909:15)
    at runSuite (file:///home/jin/guozha-poker-game/node_modules/@vitest/runner/dist/index.js:909:15)
    at runFiles (file:///home/jin/guozha-poker-game/node_modules/@vitest/runner/dist/index.js:958:5)
    at startTests (file:///home/jin/guozha-poker-game/node_modules/@vitest/runner/dist/index.js:967:3)
    at file:///home/jin/guozha-poker-game/node_modules/vitest/dist/chunks/runtime-runBaseTests.oAvMKtQC.js:116:7
    at withEnv (file:///home/jin/guozha-poker-game/node_modules/vitest/dist/chunks/runtime-runBaseTests.oAvMKtQC.js:83:5)
    at run (file:///home/jin/guozha-poker-game/node_modules/vitest/dist/chunks/runtime-runBaseTests.oAvMKtQC.js:105:3)
[StateManager] Action failed: DEAL_CARDS Error: No handler registered for action type: DEAL_CARDS
    at StateManager.executeAction (/home/jin/guozha-poker-game/src/game-engine/state/StateManager.ts:131:15)
    at /home/jin/guozha-poker-game/tests/e2e/stress-test.test.ts:45:28
    at runTest (file:///home/jin/guozha-poker-game/node_modules/@vitest/runner/dist/index.js:781:11)
    at runSuite (file:///home/jin/guozha-poker-game/node_modules/@vitest/runner/dist/index.js:909:15)
    at runSuite (file:///home/jin/guozha-poker-game/node_modules/@vitest/runner/dist/index.js:909:15)
    at runFiles (file:///home/jin/guozha-poker-game/node_modules/@vitest/runner/dist/index.js:958:5)
    at startTests (file:///home/jin/guozha-poker-game/node_modules/@vitest/runner/dist/index.js:967:3)
    at file:///home/jin/guozha-poker-game/node_modules/vitest/dist/chunks/runtime-runBaseTests.oAvMKtQC.js:116:7
    at withEnv (file:///home/jin/guozha-poker-game/node_modules/vitest/dist/chunks/runtime-runBaseTests.oAvMKtQC.js:83:5)
    at run (file:///home/jin/guozha-poker-game/node_modules/vitest/dist/chunks/runtime-runBaseTests.oAvMKtQC.js:105:3)
游戏 55 失败: Error: No handler registered for action type: DEAL_CARDS
    at StateManager.executeAction (/home/jin/guozha-poker-game/src/game-engine/state/StateManager.ts:131:15)
    at /home/jin/guozha-poker-game/tests/e2e/stress-test.test.ts:45:28
    at runTest (file:///home/jin/guozha-poker-game/node_modules/@vitest/runner/dist/index.js:781:11)
    at runSuite (file:///home/jin/guozha-poker-game/node_modules/@vitest/runner/dist/index.js:909:15)
    at runSuite (file:///home/jin/guozha-poker-game/node_modules/@vitest/runner/dist/index.js:909:15)
    at runFiles (file:///home/jin/guozha-poker-game/node_modules/@vitest/runner/dist/index.js:958:5)
    at startTests (file:///home/jin/guozha-poker-game/node_modules/@vitest/runner/dist/index.js:967:3)
    at file:///home/jin/guozha-poker-game/node_modules/vitest/dist/chunks/runtime-runBaseTests.oAvMKtQC.js:116:7
    at withEnv (file:///home/jin/guozha-poker-game/node_modules/vitest/dist/chunks/runtime-runBaseTests.oAvMKtQC.js:83:5)
    at run (file:///home/jin/guozha-poker-game/node_modules/vitest/dist/chunks/runtime-runBaseTests.oAvMKtQC.js:105:3)
[StateManager] Action failed: DEAL_CARDS Error: No handler registered for action type: DEAL_CARDS
    at StateManager.executeAction (/home/jin/guozha-poker-game/src/game-engine/state/StateManager.ts:131:15)
    at /home/jin/guozha-poker-game/tests/e2e/stress-test.test.ts:45:28
    at runTest (file:///home/jin/guozha-poker-game/node_modules/@vitest/runner/dist/index.js:781:11)
    at runSuite (file:///home/jin/guozha-poker-game/node_modules/@vitest/runner/dist/index.js:909:15)
    at runSuite (file:///home/jin/guozha-poker-game/node_modules/@vitest/runner/dist/index.js:909:15)
    at runFiles (file:///home/jin/guozha-poker-game/node_modules/@vitest/runner/dist/index.js:958:5)
    at startTests (file:///home/jin/guozha-poker-game/node_modules/@vitest/runner/dist/index.js:967:3)
    at file:///home/jin/guozha-poker-game/node_modules/vitest/dist/chunks/runtime-runBaseTests.oAvMKtQC.js:116:7
    at withEnv (file:///home/jin/guozha-poker-game/node_modules/vitest/dist/chunks/runtime-runBaseTests.oAvMKtQC.js:83:5)
    at run (file:///home/jin/guozha-poker-game/node_modules/vitest/dist/chunks/runtime-runBaseTests.oAvMKtQC.js:105:3)
游戏 56 失败: Error: No handler registered for action type: DEAL_CARDS
    at StateManager.executeAction (/home/jin/guozha-poker-game/src/game-engine/state/StateManager.ts:131:15)
    at /home/jin/guozha-poker-game/tests/e2e/stress-test.test.ts:45:28
    at runTest (file:///home/jin/guozha-poker-game/node_modules/@vitest/runner/dist/index.js:781:11)
    at runSuite (file:///home/jin/guozha-poker-game/node_modules/@vitest/runner/dist/index.js:909:15)
    at runSuite (file:///home/jin/guozha-poker-game/node_modules/@vitest/runner/dist/index.js:909:15)
    at runFiles (file:///home/jin/guozha-poker-game/node_modules/@vitest/runner/dist/index.js:958:5)
    at startTests (file:///home/jin/guozha-poker-game/node_modules/@vitest/runner/dist/index.js:967:3)
    at file:///home/jin/guozha-poker-game/node_modules/vitest/dist/chunks/runtime-runBaseTests.oAvMKtQC.js:116:7
    at withEnv (file:///home/jin/guozha-poker-game/node_modules/vitest/dist/chunks/runtime-runBaseTests.oAvMKtQC.js:83:5)
    at run (file:///home/jin/guozha-poker-game/node_modules/vitest/dist/chunks/runtime-runBaseTests.oAvMKtQC.js:105:3)
[StateManager] Action failed: DEAL_CARDS Error: No handler registered for action type: DEAL_CARDS
    at StateManager.executeAction (/home/jin/guozha-poker-game/src/game-engine/state/StateManager.ts:131:15)
    at /home/jin/guozha-poker-game/tests/e2e/stress-test.test.ts:45:28
    at runTest (file:///home/jin/guozha-poker-game/node_modules/@vitest/runner/dist/index.js:781:11)
    at runSuite (file:///home/jin/guozha-poker-game/node_modules/@vitest/runner/dist/index.js:909:15)
    at runSuite (file:///home/jin/guozha-poker-game/node_modules/@vitest/runner/dist/index.js:909:15)
    at runFiles (file:///home/jin/guozha-poker-game/node_modules/@vitest/runner/dist/index.js:958:5)
    at startTests (file:///home/jin/guozha-poker-game/node_modules/@vitest/runner/dist/index.js:967:3)
    at file:///home/jin/guozha-poker-game/node_modules/vitest/dist/chunks/runtime-runBaseTests.oAvMKtQC.js:116:7
    at withEnv (file:///home/jin/guozha-poker-game/node_modules/vitest/dist/chunks/runtime-runBaseTests.oAvMKtQC.js:83:5)
    at run (file:///home/jin/guozha-poker-game/node_modules/vitest/dist/chunks/runtime-runBaseTests.oAvMKtQC.js:105:3)
游戏 57 失败: Error: No handler registered for action type: DEAL_CARDS
    at StateManager.executeAction (/home/jin/guozha-poker-game/src/game-engine/state/StateManager.ts:131:15)
    at /home/jin/guozha-poker-game/tests/e2e/stress-test.test.ts:45:28
    at runTest (file:///home/jin/guozha-poker-game/node_modules/@vitest/runner/dist/index.js:781:11)
    at runSuite (file:///home/jin/guozha-poker-game/node_modules/@vitest/runner/dist/index.js:909:15)
    at runSuite (file:///home/jin/guozha-poker-game/node_modules/@vitest/runner/dist/index.js:909:15)
    at runFiles (file:///home/jin/guozha-poker-game/node_modules/@vitest/runner/dist/index.js:958:5)
    at startTests (file:///home/jin/guozha-poker-game/node_modules/@vitest/runner/dist/index.js:967:3)
    at file:///home/jin/guozha-poker-game/node_modules/vitest/dist/chunks/runtime-runBaseTests.oAvMKtQC.js:116:7
    at withEnv (file:///home/jin/guozha-poker-game/node_modules/vitest/dist/chunks/runtime-runBaseTests.oAvMKtQC.js:83:5)
    at run (file:///home/jin/guozha-poker-game/node_modules/vitest/dist/chunks/runtime-runBaseTests.oAvMKtQC.js:105:3)
[StateManager] Action failed: DEAL_CARDS Error: No handler registered for action type: DEAL_CARDS
    at StateManager.executeAction (/home/jin/guozha-poker-game/src/game-engine/state/StateManager.ts:131:15)
    at /home/jin/guozha-poker-game/tests/e2e/stress-test.test.ts:45:28
    at runTest (file:///home/jin/guozha-poker-game/node_modules/@vitest/runner/dist/index.js:781:11)
    at runSuite (file:///home/jin/guozha-poker-game/node_modules/@vitest/runner/dist/index.js:909:15)
    at runSuite (file:///home/jin/guozha-poker-game/node_modules/@vitest/runner/dist/index.js:909:15)
    at runFiles (file:///home/jin/guozha-poker-game/node_modules/@vitest/runner/dist/index.js:958:5)
    at startTests (file:///home/jin/guozha-poker-game/node_modules/@vitest/runner/dist/index.js:967:3)
    at file:///home/jin/guozha-poker-game/node_modules/vitest/dist/chunks/runtime-runBaseTests.oAvMKtQC.js:116:7
    at withEnv (file:///home/jin/guozha-poker-game/node_modules/vitest/dist/chunks/runtime-runBaseTests.oAvMKtQC.js:83:5)
    at run (file:///home/jin/guozha-poker-game/node_modules/vitest/dist/chunks/runtime-runBaseTests.oAvMKtQC.js:105:3)
游戏 58 失败: Error: No handler registered for action type: DEAL_CARDS
    at StateManager.executeAction (/home/jin/guozha-poker-game/src/game-engine/state/StateManager.ts:131:15)
    at /home/jin/guozha-poker-game/tests/e2e/stress-test.test.ts:45:28
    at runTest (file:///home/jin/guozha-poker-game/node_modules/@vitest/runner/dist/index.js:781:11)
    at runSuite (file:///home/jin/guozha-poker-game/node_modules/@vitest/runner/dist/index.js:909:15)
    at runSuite (file:///home/jin/guozha-poker-game/node_modules/@vitest/runner/dist/index.js:909:15)
    at runFiles (file:///home/jin/guozha-poker-game/node_modules/@vitest/runner/dist/index.js:958:5)
    at startTests (file:///home/jin/guozha-poker-game/node_modules/@vitest/runner/dist/index.js:967:3)
    at file:///home/jin/guozha-poker-game/node_modules/vitest/dist/chunks/runtime-runBaseTests.oAvMKtQC.js:116:7
    at withEnv (file:///home/jin/guozha-poker-game/node_modules/vitest/dist/chunks/runtime-runBaseTests.oAvMKtQC.js:83:5)
    at run (file:///home/jin/guozha-poker-game/node_modules/vitest/dist/chunks/runtime-runBaseTests.oAvMKtQC.js:105:3)
[StateManager] Action failed: DEAL_CARDS Error: No handler registered for action type: DEAL_CARDS
    at StateManager.executeAction (/home/jin/guozha-poker-game/src/game-engine/state/StateManager.ts:131:15)
    at /home/jin/guozha-poker-game/tests/e2e/stress-test.test.ts:45:28
    at runTest (file:///home/jin/guozha-poker-game/node_modules/@vitest/runner/dist/index.js:781:11)
    at runSuite (file:///home/jin/guozha-poker-game/node_modules/@vitest/runner/dist/index.js:909:15)
    at runSuite (file:///home/jin/guozha-poker-game/node_modules/@vitest/runner/dist/index.js:909:15)
    at runFiles (file:///home/jin/guozha-poker-game/node_modules/@vitest/runner/dist/index.js:958:5)
    at startTests (file:///home/jin/guozha-poker-game/node_modules/@vitest/runner/dist/index.js:967:3)
    at file:///home/jin/guozha-poker-game/node_modules/vitest/dist/chunks/runtime-runBaseTests.oAvMKtQC.js:116:7
    at withEnv (file:///home/jin/guozha-poker-game/node_modules/vitest/dist/chunks/runtime-runBaseTests.oAvMKtQC.js:83:5)
    at run (file:///home/jin/guozha-poker-game/node_modules/vitest/dist/chunks/runtime-runBaseTests.oAvMKtQC.js:105:3)
游戏 59 失败: Error: No handler registered for action type: DEAL_CARDS
    at StateManager.executeAction (/home/jin/guozha-poker-game/src/game-engine/state/StateManager.ts:131:15)
    at /home/jin/guozha-poker-game/tests/e2e/stress-test.test.ts:45:28
    at runTest (file:///home/jin/guozha-poker-game/node_modules/@vitest/runner/dist/index.js:781:11)
    at runSuite (file:///home/jin/guozha-poker-game/node_modules/@vitest/runner/dist/index.js:909:15)
    at runSuite (file:///home/jin/guozha-poker-game/node_modules/@vitest/runner/dist/index.js:909:15)
    at runFiles (file:///home/jin/guozha-poker-game/node_modules/@vitest/runner/dist/index.js:958:5)
    at startTests (file:///home/jin/guozha-poker-game/node_modules/@vitest/runner/dist/index.js:967:3)
    at file:///home/jin/guozha-poker-game/node_modules/vitest/dist/chunks/runtime-runBaseTests.oAvMKtQC.js:116:7
    at withEnv (file:///home/jin/guozha-poker-game/node_modules/vitest/dist/chunks/runtime-runBaseTests.oAvMKtQC.js:83:5)
    at run (file:///home/jin/guozha-poker-game/node_modules/vitest/dist/chunks/runtime-runBaseTests.oAvMKtQC.js:105:3)
[StateManager] Action failed: DEAL_CARDS Error: No handler registered for action type: DEAL_CARDS
    at StateManager.executeAction (/home/jin/guozha-poker-game/src/game-engine/state/StateManager.ts:131:15)
    at /home/jin/guozha-poker-game/tests/e2e/stress-test.test.ts:45:28
    at runTest (file:///home/jin/guozha-poker-game/node_modules/@vitest/runner/dist/index.js:781:11)
    at runSuite (file:///home/jin/guozha-poker-game/node_modules/@vitest/runner/dist/index.js:909:15)
    at runSuite (file:///home/jin/guozha-poker-game/node_modules/@vitest/runner/dist/index.js:909:15)
    at runFiles (file:///home/jin/guozha-poker-game/node_modules/@vitest/runner/dist/index.js:958:5)
    at startTests (file:///home/jin/guozha-poker-game/node_modules/@vitest/runner/dist/index.js:967:3)
    at file:///home/jin/guozha-poker-game/node_modules/vitest/dist/chunks/runtime-runBaseTests.oAvMKtQC.js:116:7
    at withEnv (file:///home/jin/guozha-poker-game/node_modules/vitest/dist/chunks/runtime-runBaseTests.oAvMKtQC.js:83:5)
    at run (file:///home/jin/guozha-poker-game/node_modules/vitest/dist/chunks/runtime-runBaseTests.oAvMKtQC.js:105:3)
游戏 60 失败: Error: No handler registered for action type: DEAL_CARDS
    at StateManager.executeAction (/home/jin/guozha-poker-game/src/game-engine/state/StateManager.ts:131:15)
    at /home/jin/guozha-poker-game/tests/e2e/stress-test.test.ts:45:28
    at runTest (file:///home/jin/guozha-poker-game/node_modules/@vitest/runner/dist/index.js:781:11)
    at runSuite (file:///home/jin/guozha-poker-game/node_modules/@vitest/runner/dist/index.js:909:15)
    at runSuite (file:///home/jin/guozha-poker-game/node_modules/@vitest/runner/dist/index.js:909:15)
    at runFiles (file:///home/jin/guozha-poker-game/node_modules/@vitest/runner/dist/index.js:958:5)
    at startTests (file:///home/jin/guozha-poker-game/node_modules/@vitest/runner/dist/index.js:967:3)
    at file:///home/jin/guozha-poker-game/node_modules/vitest/dist/chunks/runtime-runBaseTests.oAvMKtQC.js:116:7
    at withEnv (file:///home/jin/guozha-poker-game/node_modules/vitest/dist/chunks/runtime-runBaseTests.oAvMKtQC.js:83:5)
    at run (file:///home/jin/guozha-poker-game/node_modules/vitest/dist/chunks/runtime-runBaseTests.oAvMKtQC.js:105:3)
[StateManager] Action failed: DEAL_CARDS Error: No handler registered for action type: DEAL_CARDS
    at StateManager.executeAction (/home/jin/guozha-poker-game/src/game-engine/state/StateManager.ts:131:15)
    at /home/jin/guozha-poker-game/tests/e2e/stress-test.test.ts:45:28
    at runTest (file:///home/jin/guozha-poker-game/node_modules/@vitest/runner/dist/index.js:781:11)
    at runSuite (file:///home/jin/guozha-poker-game/node_modules/@vitest/runner/dist/index.js:909:15)
    at runSuite (file:///home/jin/guozha-poker-game/node_modules/@vitest/runner/dist/index.js:909:15)
    at runFiles (file:///home/jin/guozha-poker-game/node_modules/@vitest/runner/dist/index.js:958:5)
    at startTests (file:///home/jin/guozha-poker-game/node_modules/@vitest/runner/dist/index.js:967:3)
    at file:///home/jin/guozha-poker-game/node_modules/vitest/dist/chunks/runtime-runBaseTests.oAvMKtQC.js:116:7
    at withEnv (file:///home/jin/guozha-poker-game/node_modules/vitest/dist/chunks/runtime-runBaseTests.oAvMKtQC.js:83:5)
    at run (file:///home/jin/guozha-poker-game/node_modules/vitest/dist/chunks/runtime-runBaseTests.oAvMKtQC.js:105:3)
游戏 61 失败: Error: No handler registered for action type: DEAL_CARDS
    at StateManager.executeAction (/home/jin/guozha-poker-game/src/game-engine/state/StateManager.ts:131:15)
    at /home/jin/guozha-poker-game/tests/e2e/stress-test.test.ts:45:28
    at runTest (file:///home/jin/guozha-poker-game/node_modules/@vitest/runner/dist/index.js:781:11)
    at runSuite (file:///home/jin/guozha-poker-game/node_modules/@vitest/runner/dist/index.js:909:15)
    at runSuite (file:///home/jin/guozha-poker-game/node_modules/@vitest/runner/dist/index.js:909:15)
    at runFiles (file:///home/jin/guozha-poker-game/node_modules/@vitest/runner/dist/index.js:958:5)
    at startTests (file:///home/jin/guozha-poker-game/node_modules/@vitest/runner/dist/index.js:967:3)
    at file:///home/jin/guozha-poker-game/node_modules/vitest/dist/chunks/runtime-runBaseTests.oAvMKtQC.js:116:7
    at withEnv (file:///home/jin/guozha-poker-game/node_modules/vitest/dist/chunks/runtime-runBaseTests.oAvMKtQC.js:83:5)
    at run (file:///home/jin/guozha-poker-game/node_modules/vitest/dist/chunks/runtime-runBaseTests.oAvMKtQC.js:105:3)
[StateManager] Action failed: DEAL_CARDS Error: No handler registered for action type: DEAL_CARDS
    at StateManager.executeAction (/home/jin/guozha-poker-game/src/game-engine/state/StateManager.ts:131:15)
    at /home/jin/guozha-poker-game/tests/e2e/stress-test.test.ts:45:28
    at runTest (file:///home/jin/guozha-poker-game/node_modules/@vitest/runner/dist/index.js:781:11)
    at runSuite (file:///home/jin/guozha-poker-game/node_modules/@vitest/runner/dist/index.js:909:15)
    at runSuite (file:///home/jin/guozha-poker-game/node_modules/@vitest/runner/dist/index.js:909:15)
    at runFiles (file:///home/jin/guozha-poker-game/node_modules/@vitest/runner/dist/index.js:958:5)
    at startTests (file:///home/jin/guozha-poker-game/node_modules/@vitest/runner/dist/index.js:967:3)
    at file:///home/jin/guozha-poker-game/node_modules/vitest/dist/chunks/runtime-runBaseTests.oAvMKtQC.js:116:7
    at withEnv (file:///home/jin/guozha-poker-game/node_modules/vitest/dist/chunks/runtime-runBaseTests.oAvMKtQC.js:83:5)
    at run (file:///home/jin/guozha-poker-game/node_modules/vitest/dist/chunks/runtime-runBaseTests.oAvMKtQC.js:105:3)
游戏 62 失败: Error: No handler registered for action type: DEAL_CARDS
    at StateManager.executeAction (/home/jin/guozha-poker-game/src/game-engine/state/StateManager.ts:131:15)
    at /home/jin/guozha-poker-game/tests/e2e/stress-test.test.ts:45:28
    at runTest (file:///home/jin/guozha-poker-game/node_modules/@vitest/runner/dist/index.js:781:11)
    at runSuite (file:///home/jin/guozha-poker-game/node_modules/@vitest/runner/dist/index.js:909:15)
    at runSuite (file:///home/jin/guozha-poker-game/node_modules/@vitest/runner/dist/index.js:909:15)
    at runFiles (file:///home/jin/guozha-poker-game/node_modules/@vitest/runner/dist/index.js:958:5)
    at startTests (file:///home/jin/guozha-poker-game/node_modules/@vitest/runner/dist/index.js:967:3)
    at file:///home/jin/guozha-poker-game/node_modules/vitest/dist/chunks/runtime-runBaseTests.oAvMKtQC.js:116:7
    at withEnv (file:///home/jin/guozha-poker-game/node_modules/vitest/dist/chunks/runtime-runBaseTests.oAvMKtQC.js:83:5)
    at run (file:///home/jin/guozha-poker-game/node_modules/vitest/dist/chunks/runtime-runBaseTests.oAvMKtQC.js:105:3)
[StateManager] Action failed: DEAL_CARDS Error: No handler registered for action type: DEAL_CARDS
    at StateManager.executeAction (/home/jin/guozha-poker-game/src/game-engine/state/StateManager.ts:131:15)
    at /home/jin/guozha-poker-game/tests/e2e/stress-test.test.ts:45:28
    at runTest (file:///home/jin/guozha-poker-game/node_modules/@vitest/runner/dist/index.js:781:11)
    at runSuite (file:///home/jin/guozha-poker-game/node_modules/@vitest/runner/dist/index.js:909:15)
    at runSuite (file:///home/jin/guozha-poker-game/node_modules/@vitest/runner/dist/index.js:909:15)
    at runFiles (file:///home/jin/guozha-poker-game/node_modules/@vitest/runner/dist/index.js:958:5)
    at startTests (file:///home/jin/guozha-poker-game/node_modules/@vitest/runner/dist/index.js:967:3)
    at file:///home/jin/guozha-poker-game/node_modules/vitest/dist/chunks/runtime-runBaseTests.oAvMKtQC.js:116:7
    at withEnv (file:///home/jin/guozha-poker-game/node_modules/vitest/dist/chunks/runtime-runBaseTests.oAvMKtQC.js:83:5)
    at run (file:///home/jin/guozha-poker-game/node_modules/vitest/dist/chunks/runtime-runBaseTests.oAvMKtQC.js:105:3)
游戏 63 失败: Error: No handler registered for action type: DEAL_CARDS
    at StateManager.executeAction (/home/jin/guozha-poker-game/src/game-engine/state/StateManager.ts:131:15)
    at /home/jin/guozha-poker-game/tests/e2e/stress-test.test.ts:45:28
    at runTest (file:///home/jin/guozha-poker-game/node_modules/@vitest/runner/dist/index.js:781:11)
    at runSuite (file:///home/jin/guozha-poker-game/node_modules/@vitest/runner/dist/index.js:909:15)
    at runSuite (file:///home/jin/guozha-poker-game/node_modules/@vitest/runner/dist/index.js:909:15)
    at runFiles (file:///home/jin/guozha-poker-game/node_modules/@vitest/runner/dist/index.js:958:5)
    at startTests (file:///home/jin/guozha-poker-game/node_modules/@vitest/runner/dist/index.js:967:3)
    at file:///home/jin/guozha-poker-game/node_modules/vitest/dist/chunks/runtime-runBaseTests.oAvMKtQC.js:116:7
    at withEnv (file:///home/jin/guozha-poker-game/node_modules/vitest/dist/chunks/runtime-runBaseTests.oAvMKtQC.js:83:5)
    at run (file:///home/jin/guozha-poker-game/node_modules/vitest/dist/chunks/runtime-runBaseTests.oAvMKtQC.js:105:3)
[StateManager] Action failed: DEAL_CARDS Error: No handler registered for action type: DEAL_CARDS
    at StateManager.executeAction (/home/jin/guozha-poker-game/src/game-engine/state/StateManager.ts:131:15)
    at /home/jin/guozha-poker-game/tests/e2e/stress-test.test.ts:45:28
    at runTest (file:///home/jin/guozha-poker-game/node_modules/@vitest/runner/dist/index.js:781:11)
    at runSuite (file:///home/jin/guozha-poker-game/node_modules/@vitest/runner/dist/index.js:909:15)
    at runSuite (file:///home/jin/guozha-poker-game/node_modules/@vitest/runner/dist/index.js:909:15)
    at runFiles (file:///home/jin/guozha-poker-game/node_modules/@vitest/runner/dist/index.js:958:5)
    at startTests (file:///home/jin/guozha-poker-game/node_modules/@vitest/runner/dist/index.js:967:3)
    at file:///home/jin/guozha-poker-game/node_modules/vitest/dist/chunks/runtime-runBaseTests.oAvMKtQC.js:116:7
    at withEnv (file:///home/jin/guozha-poker-game/node_modules/vitest/dist/chunks/runtime-runBaseTests.oAvMKtQC.js:83:5)
    at run (file:///home/jin/guozha-poker-game/node_modules/vitest/dist/chunks/runtime-runBaseTests.oAvMKtQC.js:105:3)
游戏 64 失败: Error: No handler registered for action type: DEAL_CARDS
    at StateManager.executeAction (/home/jin/guozha-poker-game/src/game-engine/state/StateManager.ts:131:15)
    at /home/jin/guozha-poker-game/tests/e2e/stress-test.test.ts:45:28
    at runTest (file:///home/jin/guozha-poker-game/node_modules/@vitest/runner/dist/index.js:781:11)
    at runSuite (file:///home/jin/guozha-poker-game/node_modules/@vitest/runner/dist/index.js:909:15)
    at runSuite (file:///home/jin/guozha-poker-game/node_modules/@vitest/runner/dist/index.js:909:15)
    at runFiles (file:///home/jin/guozha-poker-game/node_modules/@vitest/runner/dist/index.js:958:5)
    at startTests (file:///home/jin/guozha-poker-game/node_modules/@vitest/runner/dist/index.js:967:3)
    at file:///home/jin/guozha-poker-game/node_modules/vitest/dist/chunks/runtime-runBaseTests.oAvMKtQC.js:116:7
    at withEnv (file:///home/jin/guozha-poker-game/node_modules/vitest/dist/chunks/runtime-runBaseTests.oAvMKtQC.js:83:5)
    at run (file:///home/jin/guozha-poker-game/node_modules/vitest/dist/chunks/runtime-runBaseTests.oAvMKtQC.js:105:3)
[StateManager] Action failed: DEAL_CARDS Error: No handler registered for action type: DEAL_CARDS
    at StateManager.executeAction (/home/jin/guozha-poker-game/src/game-engine/state/StateManager.ts:131:15)
    at /home/jin/guozha-poker-game/tests/e2e/stress-test.test.ts:45:28
    at runTest (file:///home/jin/guozha-poker-game/node_modules/@vitest/runner/dist/index.js:781:11)
    at runSuite (file:///home/jin/guozha-poker-game/node_modules/@vitest/runner/dist/index.js:909:15)
    at runSuite (file:///home/jin/guozha-poker-game/node_modules/@vitest/runner/dist/index.js:909:15)
    at runFiles (file:///home/jin/guozha-poker-game/node_modules/@vitest/runner/dist/index.js:958:5)
    at startTests (file:///home/jin/guozha-poker-game/node_modules/@vitest/runner/dist/index.js:967:3)
    at file:///home/jin/guozha-poker-game/node_modules/vitest/dist/chunks/runtime-runBaseTests.oAvMKtQC.js:116:7
    at withEnv (file:///home/jin/guozha-poker-game/node_modules/vitest/dist/chunks/runtime-runBaseTests.oAvMKtQC.js:83:5)
    at run (file:///home/jin/guozha-poker-game/node_modules/vitest/dist/chunks/runtime-runBaseTests.oAvMKtQC.js:105:3)
游戏 65 失败: Error: No handler registered for action type: DEAL_CARDS
    at StateManager.executeAction (/home/jin/guozha-poker-game/src/game-engine/state/StateManager.ts:131:15)
    at /home/jin/guozha-poker-game/tests/e2e/stress-test.test.ts:45:28
    at runTest (file:///home/jin/guozha-poker-game/node_modules/@vitest/runner/dist/index.js:781:11)
    at runSuite (file:///home/jin/guozha-poker-game/node_modules/@vitest/runner/dist/index.js:909:15)
    at runSuite (file:///home/jin/guozha-poker-game/node_modules/@vitest/runner/dist/index.js:909:15)
    at runFiles (file:///home/jin/guozha-poker-game/node_modules/@vitest/runner/dist/index.js:958:5)
    at startTests (file:///home/jin/guozha-poker-game/node_modules/@vitest/runner/dist/index.js:967:3)
    at file:///home/jin/guozha-poker-game/node_modules/vitest/dist/chunks/runtime-runBaseTests.oAvMKtQC.js:116:7
    at withEnv (file:///home/jin/guozha-poker-game/node_modules/vitest/dist/chunks/runtime-runBaseTests.oAvMKtQC.js:83:5)
    at run (file:///home/jin/guozha-poker-game/node_modules/vitest/dist/chunks/runtime-runBaseTests.oAvMKtQC.js:105:3)
[StateManager] Action failed: DEAL_CARDS Error: No handler registered for action type: DEAL_CARDS
    at StateManager.executeAction (/home/jin/guozha-poker-game/src/game-engine/state/StateManager.ts:131:15)
    at /home/jin/guozha-poker-game/tests/e2e/stress-test.test.ts:45:28
    at runTest (file:///home/jin/guozha-poker-game/node_modules/@vitest/runner/dist/index.js:781:11)
    at runSuite (file:///home/jin/guozha-poker-game/node_modules/@vitest/runner/dist/index.js:909:15)
    at runSuite (file:///home/jin/guozha-poker-game/node_modules/@vitest/runner/dist/index.js:909:15)
    at runFiles (file:///home/jin/guozha-poker-game/node_modules/@vitest/runner/dist/index.js:958:5)
    at startTests (file:///home/jin/guozha-poker-game/node_modules/@vitest/runner/dist/index.js:967:3)
    at file:///home/jin/guozha-poker-game/node_modules/vitest/dist/chunks/runtime-runBaseTests.oAvMKtQC.js:116:7
    at withEnv (file:///home/jin/guozha-poker-game/node_modules/vitest/dist/chunks/runtime-runBaseTests.oAvMKtQC.js:83:5)
    at run (file:///home/jin/guozha-poker-game/node_modules/vitest/dist/chunks/runtime-runBaseTests.oAvMKtQC.js:105:3)
游戏 66 失败: Error: No handler registered for action type: DEAL_CARDS
    at StateManager.executeAction (/home/jin/guozha-poker-game/src/game-engine/state/StateManager.ts:131:15)
    at /home/jin/guozha-poker-game/tests/e2e/stress-test.test.ts:45:28
    at runTest (file:///home/jin/guozha-poker-game/node_modules/@vitest/runner/dist/index.js:781:11)
    at runSuite (file:///home/jin/guozha-poker-game/node_modules/@vitest/runner/dist/index.js:909:15)
    at runSuite (file:///home/jin/guozha-poker-game/node_modules/@vitest/runner/dist/index.js:909:15)
    at runFiles (file:///home/jin/guozha-poker-game/node_modules/@vitest/runner/dist/index.js:958:5)
    at startTests (file:///home/jin/guozha-poker-game/node_modules/@vitest/runner/dist/index.js:967:3)
    at file:///home/jin/guozha-poker-game/node_modules/vitest/dist/chunks/runtime-runBaseTests.oAvMKtQC.js:116:7
    at withEnv (file:///home/jin/guozha-poker-game/node_modules/vitest/dist/chunks/runtime-runBaseTests.oAvMKtQC.js:83:5)
    at run (file:///home/jin/guozha-poker-game/node_modules/vitest/dist/chunks/runtime-runBaseTests.oAvMKtQC.js:105:3)
[StateManager] Action failed: DEAL_CARDS Error: No handler registered for action type: DEAL_CARDS
    at StateManager.executeAction (/home/jin/guozha-poker-game/src/game-engine/state/StateManager.ts:131:15)
    at /home/jin/guozha-poker-game/tests/e2e/stress-test.test.ts:45:28
    at runTest (file:///home/jin/guozha-poker-game/node_modules/@vitest/runner/dist/index.js:781:11)
    at runSuite (file:///home/jin/guozha-poker-game/node_modules/@vitest/runner/dist/index.js:909:15)
    at runSuite (file:///home/jin/guozha-poker-game/node_modules/@vitest/runner/dist/index.js:909:15)
    at runFiles (file:///home/jin/guozha-poker-game/node_modules/@vitest/runner/dist/index.js:958:5)
    at startTests (file:///home/jin/guozha-poker-game/node_modules/@vitest/runner/dist/index.js:967:3)
    at file:///home/jin/guozha-poker-game/node_modules/vitest/dist/chunks/runtime-runBaseTests.oAvMKtQC.js:116:7
    at withEnv (file:///home/jin/guozha-poker-game/node_modules/vitest/dist/chunks/runtime-runBaseTests.oAvMKtQC.js:83:5)
    at run (file:///home/jin/guozha-poker-game/node_modules/vitest/dist/chunks/runtime-runBaseTests.oAvMKtQC.js:105:3)
游戏 67 失败: Error: No handler registered for action type: DEAL_CARDS
    at StateManager.executeAction (/home/jin/guozha-poker-game/src/game-engine/state/StateManager.ts:131:15)
    at /home/jin/guozha-poker-game/tests/e2e/stress-test.test.ts:45:28
    at runTest (file:///home/jin/guozha-poker-game/node_modules/@vitest/runner/dist/index.js:781:11)
    at runSuite (file:///home/jin/guozha-poker-game/node_modules/@vitest/runner/dist/index.js:909:15)
    at runSuite (file:///home/jin/guozha-poker-game/node_modules/@vitest/runner/dist/index.js:909:15)
    at runFiles (file:///home/jin/guozha-poker-game/node_modules/@vitest/runner/dist/index.js:958:5)
    at startTests (file:///home/jin/guozha-poker-game/node_modules/@vitest/runner/dist/index.js:967:3)
    at file:///home/jin/guozha-poker-game/node_modules/vitest/dist/chunks/runtime-runBaseTests.oAvMKtQC.js:116:7
    at withEnv (file:///home/jin/guozha-poker-game/node_modules/vitest/dist/chunks/runtime-runBaseTests.oAvMKtQC.js:83:5)
    at run (file:///home/jin/guozha-poker-game/node_modules/vitest/dist/chunks/runtime-runBaseTests.oAvMKtQC.js:105:3)
[StateManager] Action failed: DEAL_CARDS Error: No handler registered for action type: DEAL_CARDS
    at StateManager.executeAction (/home/jin/guozha-poker-game/src/game-engine/state/StateManager.ts:131:15)
    at /home/jin/guozha-poker-game/tests/e2e/stress-test.test.ts:45:28
    at runTest (file:///home/jin/guozha-poker-game/node_modules/@vitest/runner/dist/index.js:781:11)
    at runSuite (file:///home/jin/guozha-poker-game/node_modules/@vitest/runner/dist/index.js:909:15)
    at runSuite (file:///home/jin/guozha-poker-game/node_modules/@vitest/runner/dist/index.js:909:15)
    at runFiles (file:///home/jin/guozha-poker-game/node_modules/@vitest/runner/dist/index.js:958:5)
    at startTests (file:///home/jin/guozha-poker-game/node_modules/@vitest/runner/dist/index.js:967:3)
    at file:///home/jin/guozha-poker-game/node_modules/vitest/dist/chunks/runtime-runBaseTests.oAvMKtQC.js:116:7
    at withEnv (file:///home/jin/guozha-poker-game/node_modules/vitest/dist/chunks/runtime-runBaseTests.oAvMKtQC.js:83:5)
    at run (file:///home/jin/guozha-poker-game/node_modules/vitest/dist/chunks/runtime-runBaseTests.oAvMKtQC.js:105:3)
游戏 68 失败: Error: No handler registered for action type: DEAL_CARDS
    at StateManager.executeAction (/home/jin/guozha-poker-game/src/game-engine/state/StateManager.ts:131:15)
    at /home/jin/guozha-poker-game/tests/e2e/stress-test.test.ts:45:28
    at runTest (file:///home/jin/guozha-poker-game/node_modules/@vitest/runner/dist/index.js:781:11)
    at runSuite (file:///home/jin/guozha-poker-game/node_modules/@vitest/runner/dist/index.js:909:15)
    at runSuite (file:///home/jin/guozha-poker-game/node_modules/@vitest/runner/dist/index.js:909:15)
    at runFiles (file:///home/jin/guozha-poker-game/node_modules/@vitest/runner/dist/index.js:958:5)
    at startTests (file:///home/jin/guozha-poker-game/node_modules/@vitest/runner/dist/index.js:967:3)
    at file:///home/jin/guozha-poker-game/node_modules/vitest/dist/chunks/runtime-runBaseTests.oAvMKtQC.js:116:7
    at withEnv (file:///home/jin/guozha-poker-game/node_modules/vitest/dist/chunks/runtime-runBaseTests.oAvMKtQC.js:83:5)
    at run (file:///home/jin/guozha-poker-game/node_modules/vitest/dist/chunks/runtime-runBaseTests.oAvMKtQC.js:105:3)
[StateManager] Action failed: DEAL_CARDS Error: No handler registered for action type: DEAL_CARDS
    at StateManager.executeAction (/home/jin/guozha-poker-game/src/game-engine/state/StateManager.ts:131:15)
    at /home/jin/guozha-poker-game/tests/e2e/stress-test.test.ts:45:28
    at runTest (file:///home/jin/guozha-poker-game/node_modules/@vitest/runner/dist/index.js:781:11)
    at runSuite (file:///home/jin/guozha-poker-game/node_modules/@vitest/runner/dist/index.js:909:15)
    at runSuite (file:///home/jin/guozha-poker-game/node_modules/@vitest/runner/dist/index.js:909:15)
    at runFiles (file:///home/jin/guozha-poker-game/node_modules/@vitest/runner/dist/index.js:958:5)
    at startTests (file:///home/jin/guozha-poker-game/node_modules/@vitest/runner/dist/index.js:967:3)
    at file:///home/jin/guozha-poker-game/node_modules/vitest/dist/chunks/runtime-runBaseTests.oAvMKtQC.js:116:7
    at withEnv (file:///home/jin/guozha-poker-game/node_modules/vitest/dist/chunks/runtime-runBaseTests.oAvMKtQC.js:83:5)
    at run (file:///home/jin/guozha-poker-game/node_modules/vitest/dist/chunks/runtime-runBaseTests.oAvMKtQC.js:105:3)
游戏 69 失败: Error: No handler registered for action type: DEAL_CARDS
    at StateManager.executeAction (/home/jin/guozha-poker-game/src/game-engine/state/StateManager.ts:131:15)
    at /home/jin/guozha-poker-game/tests/e2e/stress-test.test.ts:45:28
    at runTest (file:///home/jin/guozha-poker-game/node_modules/@vitest/runner/dist/index.js:781:11)
    at runSuite (file:///home/jin/guozha-poker-game/node_modules/@vitest/runner/dist/index.js:909:15)
    at runSuite (file:///home/jin/guozha-poker-game/node_modules/@vitest/runner/dist/index.js:909:15)
    at runFiles (file:///home/jin/guozha-poker-game/node_modules/@vitest/runner/dist/index.js:958:5)
    at startTests (file:///home/jin/guozha-poker-game/node_modules/@vitest/runner/dist/index.js:967:3)
    at file:///home/jin/guozha-poker-game/node_modules/vitest/dist/chunks/runtime-runBaseTests.oAvMKtQC.js:116:7
    at withEnv (file:///home/jin/guozha-poker-game/node_modules/vitest/dist/chunks/runtime-runBaseTests.oAvMKtQC.js:83:5)
    at run (file:///home/jin/guozha-poker-game/node_modules/vitest/dist/chunks/runtime-runBaseTests.oAvMKtQC.js:105:3)
[StateManager] Action failed: DEAL_CARDS Error: No handler registered for action type: DEAL_CARDS
    at StateManager.executeAction (/home/jin/guozha-poker-game/src/game-engine/state/StateManager.ts:131:15)
    at /home/jin/guozha-poker-game/tests/e2e/stress-test.test.ts:45:28
    at runTest (file:///home/jin/guozha-poker-game/node_modules/@vitest/runner/dist/index.js:781:11)
    at runSuite (file:///home/jin/guozha-poker-game/node_modules/@vitest/runner/dist/index.js:909:15)
    at runSuite (file:///home/jin/guozha-poker-game/node_modules/@vitest/runner/dist/index.js:909:15)
    at runFiles (file:///home/jin/guozha-poker-game/node_modules/@vitest/runner/dist/index.js:958:5)
    at startTests (file:///home/jin/guozha-poker-game/node_modules/@vitest/runner/dist/index.js:967:3)
    at file:///home/jin/guozha-poker-game/node_modules/vitest/dist/chunks/runtime-runBaseTests.oAvMKtQC.js:116:7
    at withEnv (file:///home/jin/guozha-poker-game/node_modules/vitest/dist/chunks/runtime-runBaseTests.oAvMKtQC.js:83:5)
    at run (file:///home/jin/guozha-poker-game/node_modules/vitest/dist/chunks/runtime-runBaseTests.oAvMKtQC.js:105:3)
游戏 70 失败: Error: No handler registered for action type: DEAL_CARDS
    at StateManager.executeAction (/home/jin/guozha-poker-game/src/game-engine/state/StateManager.ts:131:15)
    at /home/jin/guozha-poker-game/tests/e2e/stress-test.test.ts:45:28
    at runTest (file:///home/jin/guozha-poker-game/node_modules/@vitest/runner/dist/index.js:781:11)
    at runSuite (file:///home/jin/guozha-poker-game/node_modules/@vitest/runner/dist/index.js:909:15)
    at runSuite (file:///home/jin/guozha-poker-game/node_modules/@vitest/runner/dist/index.js:909:15)
    at runFiles (file:///home/jin/guozha-poker-game/node_modules/@vitest/runner/dist/index.js:958:5)
    at startTests (file:///home/jin/guozha-poker-game/node_modules/@vitest/runner/dist/index.js:967:3)
    at file:///home/jin/guozha-poker-game/node_modules/vitest/dist/chunks/runtime-runBaseTests.oAvMKtQC.js:116:7
    at withEnv (file:///home/jin/guozha-poker-game/node_modules/vitest/dist/chunks/runtime-runBaseTests.oAvMKtQC.js:83:5)
    at run (file:///home/jin/guozha-poker-game/node_modules/vitest/dist/chunks/runtime-runBaseTests.oAvMKtQC.js:105:3)
[StateManager] Action failed: DEAL_CARDS Error: No handler registered for action type: DEAL_CARDS
    at StateManager.executeAction (/home/jin/guozha-poker-game/src/game-engine/state/StateManager.ts:131:15)
    at /home/jin/guozha-poker-game/tests/e2e/stress-test.test.ts:45:28
    at runTest (file:///home/jin/guozha-poker-game/node_modules/@vitest/runner/dist/index.js:781:11)
    at runSuite (file:///home/jin/guozha-poker-game/node_modules/@vitest/runner/dist/index.js:909:15)
    at runSuite (file:///home/jin/guozha-poker-game/node_modules/@vitest/runner/dist/index.js:909:15)
    at runFiles (file:///home/jin/guozha-poker-game/node_modules/@vitest/runner/dist/index.js:958:5)
    at startTests (file:///home/jin/guozha-poker-game/node_modules/@vitest/runner/dist/index.js:967:3)
    at file:///home/jin/guozha-poker-game/node_modules/vitest/dist/chunks/runtime-runBaseTests.oAvMKtQC.js:116:7
    at withEnv (file:///home/jin/guozha-poker-game/node_modules/vitest/dist/chunks/runtime-runBaseTests.oAvMKtQC.js:83:5)
    at run (file:///home/jin/guozha-poker-game/node_modules/vitest/dist/chunks/runtime-runBaseTests.oAvMKtQC.js:105:3)
游戏 71 失败: Error: No handler registered for action type: DEAL_CARDS
    at StateManager.executeAction (/home/jin/guozha-poker-game/src/game-engine/state/StateManager.ts:131:15)
    at /home/jin/guozha-poker-game/tests/e2e/stress-test.test.ts:45:28
    at runTest (file:///home/jin/guozha-poker-game/node_modules/@vitest/runner/dist/index.js:781:11)
    at runSuite (file:///home/jin/guozha-poker-game/node_modules/@vitest/runner/dist/index.js:909:15)
    at runSuite (file:///home/jin/guozha-poker-game/node_modules/@vitest/runner/dist/index.js:909:15)
    at runFiles (file:///home/jin/guozha-poker-game/node_modules/@vitest/runner/dist/index.js:958:5)
    at startTests (file:///home/jin/guozha-poker-game/node_modules/@vitest/runner/dist/index.js:967:3)
    at file:///home/jin/guozha-poker-game/node_modules/vitest/dist/chunks/runtime-runBaseTests.oAvMKtQC.js:116:7
    at withEnv (file:///home/jin/guozha-poker-game/node_modules/vitest/dist/chunks/runtime-runBaseTests.oAvMKtQC.js:83:5)
    at run (file:///home/jin/guozha-poker-game/node_modules/vitest/dist/chunks/runtime-runBaseTests.oAvMKtQC.js:105:3)
[StateManager] Action failed: DEAL_CARDS Error: No handler registered for action type: DEAL_CARDS
    at StateManager.executeAction (/home/jin/guozha-poker-game/src/game-engine/state/StateManager.ts:131:15)
    at /home/jin/guozha-poker-game/tests/e2e/stress-test.test.ts:45:28
    at runTest (file:///home/jin/guozha-poker-game/node_modules/@vitest/runner/dist/index.js:781:11)
    at runSuite (file:///home/jin/guozha-poker-game/node_modules/@vitest/runner/dist/index.js:909:15)
    at runSuite (file:///home/jin/guozha-poker-game/node_modules/@vitest/runner/dist/index.js:909:15)
    at runFiles (file:///home/jin/guozha-poker-game/node_modules/@vitest/runner/dist/index.js:958:5)
    at startTests (file:///home/jin/guozha-poker-game/node_modules/@vitest/runner/dist/index.js:967:3)
    at file:///home/jin/guozha-poker-game/node_modules/vitest/dist/chunks/runtime-runBaseTests.oAvMKtQC.js:116:7
    at withEnv (file:///home/jin/guozha-poker-game/node_modules/vitest/dist/chunks/runtime-runBaseTests.oAvMKtQC.js:83:5)
    at run (file:///home/jin/guozha-poker-game/node_modules/vitest/dist/chunks/runtime-runBaseTests.oAvMKtQC.js:105:3)
游戏 72 失败: Error: No handler registered for action type: DEAL_CARDS
    at StateManager.executeAction (/home/jin/guozha-poker-game/src/game-engine/state/StateManager.ts:131:15)
    at /home/jin/guozha-poker-game/tests/e2e/stress-test.test.ts:45:28
    at runTest (file:///home/jin/guozha-poker-game/node_modules/@vitest/runner/dist/index.js:781:11)
    at runSuite (file:///home/jin/guozha-poker-game/node_modules/@vitest/runner/dist/index.js:909:15)
    at runSuite (file:///home/jin/guozha-poker-game/node_modules/@vitest/runner/dist/index.js:909:15)
    at runFiles (file:///home/jin/guozha-poker-game/node_modules/@vitest/runner/dist/index.js:958:5)
    at startTests (file:///home/jin/guozha-poker-game/node_modules/@vitest/runner/dist/index.js:967:3)
    at file:///home/jin/guozha-poker-game/node_modules/vitest/dist/chunks/runtime-runBaseTests.oAvMKtQC.js:116:7
    at withEnv (file:///home/jin/guozha-poker-game/node_modules/vitest/dist/chunks/runtime-runBaseTests.oAvMKtQC.js:83:5)
    at run (file:///home/jin/guozha-poker-game/node_modules/vitest/dist/chunks/runtime-runBaseTests.oAvMKtQC.js:105:3)
[StateManager] Action failed: DEAL_CARDS Error: No handler registered for action type: DEAL_CARDS
    at StateManager.executeAction (/home/jin/guozha-poker-game/src/game-engine/state/StateManager.ts:131:15)
    at /home/jin/guozha-poker-game/tests/e2e/stress-test.test.ts:45:28
    at runTest (file:///home/jin/guozha-poker-game/node_modules/@vitest/runner/dist/index.js:781:11)
    at runSuite (file:///home/jin/guozha-poker-game/node_modules/@vitest/runner/dist/index.js:909:15)
    at runSuite (file:///home/jin/guozha-poker-game/node_modules/@vitest/runner/dist/index.js:909:15)
    at runFiles (file:///home/jin/guozha-poker-game/node_modules/@vitest/runner/dist/index.js:958:5)
    at startTests (file:///home/jin/guozha-poker-game/node_modules/@vitest/runner/dist/index.js:967:3)
    at file:///home/jin/guozha-poker-game/node_modules/vitest/dist/chunks/runtime-runBaseTests.oAvMKtQC.js:116:7
    at withEnv (file:///home/jin/guozha-poker-game/node_modules/vitest/dist/chunks/runtime-runBaseTests.oAvMKtQC.js:83:5)
    at run (file:///home/jin/guozha-poker-game/node_modules/vitest/dist/chunks/runtime-runBaseTests.oAvMKtQC.js:105:3)
游戏 73 失败: Error: No handler registered for action type: DEAL_CARDS
    at StateManager.executeAction (/home/jin/guozha-poker-game/src/game-engine/state/StateManager.ts:131:15)
    at /home/jin/guozha-poker-game/tests/e2e/stress-test.test.ts:45:28
    at runTest (file:///home/jin/guozha-poker-game/node_modules/@vitest/runner/dist/index.js:781:11)
    at runSuite (file:///home/jin/guozha-poker-game/node_modules/@vitest/runner/dist/index.js:909:15)
    at runSuite (file:///home/jin/guozha-poker-game/node_modules/@vitest/runner/dist/index.js:909:15)
    at runFiles (file:///home/jin/guozha-poker-game/node_modules/@vitest/runner/dist/index.js:958:5)
    at startTests (file:///home/jin/guozha-poker-game/node_modules/@vitest/runner/dist/index.js:967:3)
    at file:///home/jin/guozha-poker-game/node_modules/vitest/dist/chunks/runtime-runBaseTests.oAvMKtQC.js:116:7
    at withEnv (file:///home/jin/guozha-poker-game/node_modules/vitest/dist/chunks/runtime-runBaseTests.oAvMKtQC.js:83:5)
    at run (file:///home/jin/guozha-poker-game/node_modules/vitest/dist/chunks/runtime-runBaseTests.oAvMKtQC.js:105:3)
[StateManager] Action failed: DEAL_CARDS Error: No handler registered for action type: DEAL_CARDS
    at StateManager.executeAction (/home/jin/guozha-poker-game/src/game-engine/state/StateManager.ts:131:15)
    at /home/jin/guozha-poker-game/tests/e2e/stress-test.test.ts:45:28
    at runTest (file:///home/jin/guozha-poker-game/node_modules/@vitest/runner/dist/index.js:781:11)
    at runSuite (file:///home/jin/guozha-poker-game/node_modules/@vitest/runner/dist/index.js:909:15)
    at runSuite (file:///home/jin/guozha-poker-game/node_modules/@vitest/runner/dist/index.js:909:15)
    at runFiles (file:///home/jin/guozha-poker-game/node_modules/@vitest/runner/dist/index.js:958:5)
    at startTests (file:///home/jin/guozha-poker-game/node_modules/@vitest/runner/dist/index.js:967:3)
    at file:///home/jin/guozha-poker-game/node_modules/vitest/dist/chunks/runtime-runBaseTests.oAvMKtQC.js:116:7
    at withEnv (file:///home/jin/guozha-poker-game/node_modules/vitest/dist/chunks/runtime-runBaseTests.oAvMKtQC.js:83:5)
    at run (file:///home/jin/guozha-poker-game/node_modules/vitest/dist/chunks/runtime-runBaseTests.oAvMKtQC.js:105:3)
游戏 74 失败: Error: No handler registered for action type: DEAL_CARDS
    at StateManager.executeAction (/home/jin/guozha-poker-game/src/game-engine/state/StateManager.ts:131:15)
    at /home/jin/guozha-poker-game/tests/e2e/stress-test.test.ts:45:28
    at runTest (file:///home/jin/guozha-poker-game/node_modules/@vitest/runner/dist/index.js:781:11)
    at runSuite (file:///home/jin/guozha-poker-game/node_modules/@vitest/runner/dist/index.js:909:15)
    at runSuite (file:///home/jin/guozha-poker-game/node_modules/@vitest/runner/dist/index.js:909:15)
    at runFiles (file:///home/jin/guozha-poker-game/node_modules/@vitest/runner/dist/index.js:958:5)
    at startTests (file:///home/jin/guozha-poker-game/node_modules/@vitest/runner/dist/index.js:967:3)
    at file:///home/jin/guozha-poker-game/node_modules/vitest/dist/chunks/runtime-runBaseTests.oAvMKtQC.js:116:7
    at withEnv (file:///home/jin/guozha-poker-game/node_modules/vitest/dist/chunks/runtime-runBaseTests.oAvMKtQC.js:83:5)
    at run (file:///home/jin/guozha-poker-game/node_modules/vitest/dist/chunks/runtime-runBaseTests.oAvMKtQC.js:105:3)
[StateManager] Action failed: DEAL_CARDS Error: No handler registered for action type: DEAL_CARDS
    at StateManager.executeAction (/home/jin/guozha-poker-game/src/game-engine/state/StateManager.ts:131:15)
    at /home/jin/guozha-poker-game/tests/e2e/stress-test.test.ts:45:28
    at runTest (file:///home/jin/guozha-poker-game/node_modules/@vitest/runner/dist/index.js:781:11)
    at runSuite (file:///home/jin/guozha-poker-game/node_modules/@vitest/runner/dist/index.js:909:15)
    at runSuite (file:///home/jin/guozha-poker-game/node_modules/@vitest/runner/dist/index.js:909:15)
    at runFiles (file:///home/jin/guozha-poker-game/node_modules/@vitest/runner/dist/index.js:958:5)
    at startTests (file:///home/jin/guozha-poker-game/node_modules/@vitest/runner/dist/index.js:967:3)
    at file:///home/jin/guozha-poker-game/node_modules/vitest/dist/chunks/runtime-runBaseTests.oAvMKtQC.js:116:7
    at withEnv (file:///home/jin/guozha-poker-game/node_modules/vitest/dist/chunks/runtime-runBaseTests.oAvMKtQC.js:83:5)
    at run (file:///home/jin/guozha-poker-game/node_modules/vitest/dist/chunks/runtime-runBaseTests.oAvMKtQC.js:105:3)
游戏 75 失败: Error: No handler registered for action type: DEAL_CARDS
    at StateManager.executeAction (/home/jin/guozha-poker-game/src/game-engine/state/StateManager.ts:131:15)
    at /home/jin/guozha-poker-game/tests/e2e/stress-test.test.ts:45:28
    at runTest (file:///home/jin/guozha-poker-game/node_modules/@vitest/runner/dist/index.js:781:11)
    at runSuite (file:///home/jin/guozha-poker-game/node_modules/@vitest/runner/dist/index.js:909:15)
    at runSuite (file:///home/jin/guozha-poker-game/node_modules/@vitest/runner/dist/index.js:909:15)
    at runFiles (file:///home/jin/guozha-poker-game/node_modules/@vitest/runner/dist/index.js:958:5)
    at startTests (file:///home/jin/guozha-poker-game/node_modules/@vitest/runner/dist/index.js:967:3)
    at file:///home/jin/guozha-poker-game/node_modules/vitest/dist/chunks/runtime-runBaseTests.oAvMKtQC.js:116:7
    at withEnv (file:///home/jin/guozha-poker-game/node_modules/vitest/dist/chunks/runtime-runBaseTests.oAvMKtQC.js:83:5)
    at run (file:///home/jin/guozha-poker-game/node_modules/vitest/dist/chunks/runtime-runBaseTests.oAvMKtQC.js:105:3)
[StateManager] Action failed: DEAL_CARDS Error: No handler registered for action type: DEAL_CARDS
    at StateManager.executeAction (/home/jin/guozha-poker-game/src/game-engine/state/StateManager.ts:131:15)
    at /home/jin/guozha-poker-game/tests/e2e/stress-test.test.ts:45:28
    at runTest (file:///home/jin/guozha-poker-game/node_modules/@vitest/runner/dist/index.js:781:11)
    at runSuite (file:///home/jin/guozha-poker-game/node_modules/@vitest/runner/dist/index.js:909:15)
    at runSuite (file:///home/jin/guozha-poker-game/node_modules/@vitest/runner/dist/index.js:909:15)
    at runFiles (file:///home/jin/guozha-poker-game/node_modules/@vitest/runner/dist/index.js:958:5)
    at startTests (file:///home/jin/guozha-poker-game/node_modules/@vitest/runner/dist/index.js:967:3)
    at file:///home/jin/guozha-poker-game/node_modules/vitest/dist/chunks/runtime-runBaseTests.oAvMKtQC.js:116:7
    at withEnv (file:///home/jin/guozha-poker-game/node_modules/vitest/dist/chunks/runtime-runBaseTests.oAvMKtQC.js:83:5)
    at run (file:///home/jin/guozha-poker-game/node_modules/vitest/dist/chunks/runtime-runBaseTests.oAvMKtQC.js:105:3)
游戏 76 失败: Error: No handler registered for action type: DEAL_CARDS
    at StateManager.executeAction (/home/jin/guozha-poker-game/src/game-engine/state/StateManager.ts:131:15)
    at /home/jin/guozha-poker-game/tests/e2e/stress-test.test.ts:45:28
    at runTest (file:///home/jin/guozha-poker-game/node_modules/@vitest/runner/dist/index.js:781:11)
    at runSuite (file:///home/jin/guozha-poker-game/node_modules/@vitest/runner/dist/index.js:909:15)
    at runSuite (file:///home/jin/guozha-poker-game/node_modules/@vitest/runner/dist/index.js:909:15)
    at runFiles (file:///home/jin/guozha-poker-game/node_modules/@vitest/runner/dist/index.js:958:5)
    at startTests (file:///home/jin/guozha-poker-game/node_modules/@vitest/runner/dist/index.js:967:3)
    at file:///home/jin/guozha-poker-game/node_modules/vitest/dist/chunks/runtime-runBaseTests.oAvMKtQC.js:116:7
    at withEnv (file:///home/jin/guozha-poker-game/node_modules/vitest/dist/chunks/runtime-runBaseTests.oAvMKtQC.js:83:5)
    at run (file:///home/jin/guozha-poker-game/node_modules/vitest/dist/chunks/runtime-runBaseTests.oAvMKtQC.js:105:3)
[StateManager] Action failed: DEAL_CARDS Error: No handler registered for action type: DEAL_CARDS
    at StateManager.executeAction (/home/jin/guozha-poker-game/src/game-engine/state/StateManager.ts:131:15)
    at /home/jin/guozha-poker-game/tests/e2e/stress-test.test.ts:45:28
    at runTest (file:///home/jin/guozha-poker-game/node_modules/@vitest/runner/dist/index.js:781:11)
    at runSuite (file:///home/jin/guozha-poker-game/node_modules/@vitest/runner/dist/index.js:909:15)
    at runSuite (file:///home/jin/guozha-poker-game/node_modules/@vitest/runner/dist/index.js:909:15)
    at runFiles (file:///home/jin/guozha-poker-game/node_modules/@vitest/runner/dist/index.js:958:5)
    at startTests (file:///home/jin/guozha-poker-game/node_modules/@vitest/runner/dist/index.js:967:3)
    at file:///home/jin/guozha-poker-game/node_modules/vitest/dist/chunks/runtime-runBaseTests.oAvMKtQC.js:116:7
    at withEnv (file:///home/jin/guozha-poker-game/node_modules/vitest/dist/chunks/runtime-runBaseTests.oAvMKtQC.js:83:5)
    at run (file:///home/jin/guozha-poker-game/node_modules/vitest/dist/chunks/runtime-runBaseTests.oAvMKtQC.js:105:3)
游戏 77 失败: Error: No handler registered for action type: DEAL_CARDS
    at StateManager.executeAction (/home/jin/guozha-poker-game/src/game-engine/state/StateManager.ts:131:15)
    at /home/jin/guozha-poker-game/tests/e2e/stress-test.test.ts:45:28
    at runTest (file:///home/jin/guozha-poker-game/node_modules/@vitest/runner/dist/index.js:781:11)
    at runSuite (file:///home/jin/guozha-poker-game/node_modules/@vitest/runner/dist/index.js:909:15)
    at runSuite (file:///home/jin/guozha-poker-game/node_modules/@vitest/runner/dist/index.js:909:15)
    at runFiles (file:///home/jin/guozha-poker-game/node_modules/@vitest/runner/dist/index.js:958:5)
    at startTests (file:///home/jin/guozha-poker-game/node_modules/@vitest/runner/dist/index.js:967:3)
    at file:///home/jin/guozha-poker-game/node_modules/vitest/dist/chunks/runtime-runBaseTests.oAvMKtQC.js:116:7
    at withEnv (file:///home/jin/guozha-poker-game/node_modules/vitest/dist/chunks/runtime-runBaseTests.oAvMKtQC.js:83:5)
    at run (file:///home/jin/guozha-poker-game/node_modules/vitest/dist/chunks/runtime-runBaseTests.oAvMKtQC.js:105:3)
[StateManager] Action failed: DEAL_CARDS Error: No handler registered for action type: DEAL_CARDS
    at StateManager.executeAction (/home/jin/guozha-poker-game/src/game-engine/state/StateManager.ts:131:15)
    at /home/jin/guozha-poker-game/tests/e2e/stress-test.test.ts:45:28
    at runTest (file:///home/jin/guozha-poker-game/node_modules/@vitest/runner/dist/index.js:781:11)
    at runSuite (file:///home/jin/guozha-poker-game/node_modules/@vitest/runner/dist/index.js:909:15)
    at runSuite (file:///home/jin/guozha-poker-game/node_modules/@vitest/runner/dist/index.js:909:15)
    at runFiles (file:///home/jin/guozha-poker-game/node_modules/@vitest/runner/dist/index.js:958:5)
    at startTests (file:///home/jin/guozha-poker-game/node_modules/@vitest/runner/dist/index.js:967:3)
    at file:///home/jin/guozha-poker-game/node_modules/vitest/dist/chunks/runtime-runBaseTests.oAvMKtQC.js:116:7
    at withEnv (file:///home/jin/guozha-poker-game/node_modules/vitest/dist/chunks/runtime-runBaseTests.oAvMKtQC.js:83:5)
    at run (file:///home/jin/guozha-poker-game/node_modules/vitest/dist/chunks/runtime-runBaseTests.oAvMKtQC.js:105:3)
游戏 78 失败: Error: No handler registered for action type: DEAL_CARDS
    at StateManager.executeAction (/home/jin/guozha-poker-game/src/game-engine/state/StateManager.ts:131:15)
    at /home/jin/guozha-poker-game/tests/e2e/stress-test.test.ts:45:28
    at runTest (file:///home/jin/guozha-poker-game/node_modules/@vitest/runner/dist/index.js:781:11)
    at runSuite (file:///home/jin/guozha-poker-game/node_modules/@vitest/runner/dist/index.js:909:15)
    at runSuite (file:///home/jin/guozha-poker-game/node_modules/@vitest/runner/dist/index.js:909:15)
    at runFiles (file:///home/jin/guozha-poker-game/node_modules/@vitest/runner/dist/index.js:958:5)
    at startTests (file:///home/jin/guozha-poker-game/node_modules/@vitest/runner/dist/index.js:967:3)
    at file:///home/jin/guozha-poker-game/node_modules/vitest/dist/chunks/runtime-runBaseTests.oAvMKtQC.js:116:7
    at withEnv (file:///home/jin/guozha-poker-game/node_modules/vitest/dist/chunks/runtime-runBaseTests.oAvMKtQC.js:83:5)
    at run (file:///home/jin/guozha-poker-game/node_modules/vitest/dist/chunks/runtime-runBaseTests.oAvMKtQC.js:105:3)
[StateManager] Action failed: DEAL_CARDS Error: No handler registered for action type: DEAL_CARDS
    at StateManager.executeAction (/home/jin/guozha-poker-game/src/game-engine/state/StateManager.ts:131:15)
    at /home/jin/guozha-poker-game/tests/e2e/stress-test.test.ts:45:28
    at runTest (file:///home/jin/guozha-poker-game/node_modules/@vitest/runner/dist/index.js:781:11)
    at runSuite (file:///home/jin/guozha-poker-game/node_modules/@vitest/runner/dist/index.js:909:15)
    at runSuite (file:///home/jin/guozha-poker-game/node_modules/@vitest/runner/dist/index.js:909:15)
    at runFiles (file:///home/jin/guozha-poker-game/node_modules/@vitest/runner/dist/index.js:958:5)
    at startTests (file:///home/jin/guozha-poker-game/node_modules/@vitest/runner/dist/index.js:967:3)
    at file:///home/jin/guozha-poker-game/node_modules/vitest/dist/chunks/runtime-runBaseTests.oAvMKtQC.js:116:7
    at withEnv (file:///home/jin/guozha-poker-game/node_modules/vitest/dist/chunks/runtime-runBaseTests.oAvMKtQC.js:83:5)
    at run (file:///home/jin/guozha-poker-game/node_modules/vitest/dist/chunks/runtime-runBaseTests.oAvMKtQC.js:105:3)
游戏 79 失败: Error: No handler registered for action type: DEAL_CARDS
    at StateManager.executeAction (/home/jin/guozha-poker-game/src/game-engine/state/StateManager.ts:131:15)
    at /home/jin/guozha-poker-game/tests/e2e/stress-test.test.ts:45:28
    at runTest (file:///home/jin/guozha-poker-game/node_modules/@vitest/runner/dist/index.js:781:11)
    at runSuite (file:///home/jin/guozha-poker-game/node_modules/@vitest/runner/dist/index.js:909:15)
    at runSuite (file:///home/jin/guozha-poker-game/node_modules/@vitest/runner/dist/index.js:909:15)
    at runFiles (file:///home/jin/guozha-poker-game/node_modules/@vitest/runner/dist/index.js:958:5)
    at startTests (file:///home/jin/guozha-poker-game/node_modules/@vitest/runner/dist/index.js:967:3)
    at file:///home/jin/guozha-poker-game/node_modules/vitest/dist/chunks/runtime-runBaseTests.oAvMKtQC.js:116:7
    at withEnv (file:///home/jin/guozha-poker-game/node_modules/vitest/dist/chunks/runtime-runBaseTests.oAvMKtQC.js:83:5)
    at run (file:///home/jin/guozha-poker-game/node_modules/vitest/dist/chunks/runtime-runBaseTests.oAvMKtQC.js:105:3)
[StateManager] Action failed: DEAL_CARDS Error: No handler registered for action type: DEAL_CARDS
    at StateManager.executeAction (/home/jin/guozha-poker-game/src/game-engine/state/StateManager.ts:131:15)
    at /home/jin/guozha-poker-game/tests/e2e/stress-test.test.ts:45:28
    at runTest (file:///home/jin/guozha-poker-game/node_modules/@vitest/runner/dist/index.js:781:11)
    at runSuite (file:///home/jin/guozha-poker-game/node_modules/@vitest/runner/dist/index.js:909:15)
    at runSuite (file:///home/jin/guozha-poker-game/node_modules/@vitest/runner/dist/index.js:909:15)
    at runFiles (file:///home/jin/guozha-poker-game/node_modules/@vitest/runner/dist/index.js:958:5)
    at startTests (file:///home/jin/guozha-poker-game/node_modules/@vitest/runner/dist/index.js:967:3)
    at file:///home/jin/guozha-poker-game/node_modules/vitest/dist/chunks/runtime-runBaseTests.oAvMKtQC.js:116:7
    at withEnv (file:///home/jin/guozha-poker-game/node_modules/vitest/dist/chunks/runtime-runBaseTests.oAvMKtQC.js:83:5)
    at run (file:///home/jin/guozha-poker-game/node_modules/vitest/dist/chunks/runtime-runBaseTests.oAvMKtQC.js:105:3)
游戏 80 失败: Error: No handler registered for action type: DEAL_CARDS
    at StateManager.executeAction (/home/jin/guozha-poker-game/src/game-engine/state/StateManager.ts:131:15)
    at /home/jin/guozha-poker-game/tests/e2e/stress-test.test.ts:45:28
    at runTest (file:///home/jin/guozha-poker-game/node_modules/@vitest/runner/dist/index.js:781:11)
    at runSuite (file:///home/jin/guozha-poker-game/node_modules/@vitest/runner/dist/index.js:909:15)
    at runSuite (file:///home/jin/guozha-poker-game/node_modules/@vitest/runner/dist/index.js:909:15)
    at runFiles (file:///home/jin/guozha-poker-game/node_modules/@vitest/runner/dist/index.js:958:5)
    at startTests (file:///home/jin/guozha-poker-game/node_modules/@vitest/runner/dist/index.js:967:3)
    at file:///home/jin/guozha-poker-game/node_modules/vitest/dist/chunks/runtime-runBaseTests.oAvMKtQC.js:116:7
    at withEnv (file:///home/jin/guozha-poker-game/node_modules/vitest/dist/chunks/runtime-runBaseTests.oAvMKtQC.js:83:5)
    at run (file:///home/jin/guozha-poker-game/node_modules/vitest/dist/chunks/runtime-runBaseTests.oAvMKtQC.js:105:3)
[StateManager] Action failed: DEAL_CARDS Error: No handler registered for action type: DEAL_CARDS
    at StateManager.executeAction (/home/jin/guozha-poker-game/src/game-engine/state/StateManager.ts:131:15)
    at /home/jin/guozha-poker-game/tests/e2e/stress-test.test.ts:45:28
    at runTest (file:///home/jin/guozha-poker-game/node_modules/@vitest/runner/dist/index.js:781:11)
    at runSuite (file:///home/jin/guozha-poker-game/node_modules/@vitest/runner/dist/index.js:909:15)
    at runSuite (file:///home/jin/guozha-poker-game/node_modules/@vitest/runner/dist/index.js:909:15)
    at runFiles (file:///home/jin/guozha-poker-game/node_modules/@vitest/runner/dist/index.js:958:5)
    at startTests (file:///home/jin/guozha-poker-game/node_modules/@vitest/runner/dist/index.js:967:3)
    at file:///home/jin/guozha-poker-game/node_modules/vitest/dist/chunks/runtime-runBaseTests.oAvMKtQC.js:116:7
    at withEnv (file:///home/jin/guozha-poker-game/node_modules/vitest/dist/chunks/runtime-runBaseTests.oAvMKtQC.js:83:5)
    at run (file:///home/jin/guozha-poker-game/node_modules/vitest/dist/chunks/runtime-runBaseTests.oAvMKtQC.js:105:3)
游戏 81 失败: Error: No handler registered for action type: DEAL_CARDS
    at StateManager.executeAction (/home/jin/guozha-poker-game/src/game-engine/state/StateManager.ts:131:15)
    at /home/jin/guozha-poker-game/tests/e2e/stress-test.test.ts:45:28
    at runTest (file:///home/jin/guozha-poker-game/node_modules/@vitest/runner/dist/index.js:781:11)
    at runSuite (file:///home/jin/guozha-poker-game/node_modules/@vitest/runner/dist/index.js:909:15)
    at runSuite (file:///home/jin/guozha-poker-game/node_modules/@vitest/runner/dist/index.js:909:15)
    at runFiles (file:///home/jin/guozha-poker-game/node_modules/@vitest/runner/dist/index.js:958:5)
    at startTests (file:///home/jin/guozha-poker-game/node_modules/@vitest/runner/dist/index.js:967:3)
    at file:///home/jin/guozha-poker-game/node_modules/vitest/dist/chunks/runtime-runBaseTests.oAvMKtQC.js:116:7
    at withEnv (file:///home/jin/guozha-poker-game/node_modules/vitest/dist/chunks/runtime-runBaseTests.oAvMKtQC.js:83:5)
    at run (file:///home/jin/guozha-poker-game/node_modules/vitest/dist/chunks/runtime-runBaseTests.oAvMKtQC.js:105:3)
[StateManager] Action failed: DEAL_CARDS Error: No handler registered for action type: DEAL_CARDS
    at StateManager.executeAction (/home/jin/guozha-poker-game/src/game-engine/state/StateManager.ts:131:15)
    at /home/jin/guozha-poker-game/tests/e2e/stress-test.test.ts:45:28
    at runTest (file:///home/jin/guozha-poker-game/node_modules/@vitest/runner/dist/index.js:781:11)
    at runSuite (file:///home/jin/guozha-poker-game/node_modules/@vitest/runner/dist/index.js:909:15)
    at runSuite (file:///home/jin/guozha-poker-game/node_modules/@vitest/runner/dist/index.js:909:15)
    at runFiles (file:///home/jin/guozha-poker-game/node_modules/@vitest/runner/dist/index.js:958:5)
    at startTests (file:///home/jin/guozha-poker-game/node_modules/@vitest/runner/dist/index.js:967:3)
    at file:///home/jin/guozha-poker-game/node_modules/vitest/dist/chunks/runtime-runBaseTests.oAvMKtQC.js:116:7
    at withEnv (file:///home/jin/guozha-poker-game/node_modules/vitest/dist/chunks/runtime-runBaseTests.oAvMKtQC.js:83:5)
    at run (file:///home/jin/guozha-poker-game/node_modules/vitest/dist/chunks/runtime-runBaseTests.oAvMKtQC.js:105:3)
游戏 82 失败: Error: No handler registered for action type: DEAL_CARDS
    at StateManager.executeAction (/home/jin/guozha-poker-game/src/game-engine/state/StateManager.ts:131:15)
    at /home/jin/guozha-poker-game/tests/e2e/stress-test.test.ts:45:28
    at runTest (file:///home/jin/guozha-poker-game/node_modules/@vitest/runner/dist/index.js:781:11)
    at runSuite (file:///home/jin/guozha-poker-game/node_modules/@vitest/runner/dist/index.js:909:15)
    at runSuite (file:///home/jin/guozha-poker-game/node_modules/@vitest/runner/dist/index.js:909:15)
    at runFiles (file:///home/jin/guozha-poker-game/node_modules/@vitest/runner/dist/index.js:958:5)
    at startTests (file:///home/jin/guozha-poker-game/node_modules/@vitest/runner/dist/index.js:967:3)
    at file:///home/jin/guozha-poker-game/node_modules/vitest/dist/chunks/runtime-runBaseTests.oAvMKtQC.js:116:7
    at withEnv (file:///home/jin/guozha-poker-game/node_modules/vitest/dist/chunks/runtime-runBaseTests.oAvMKtQC.js:83:5)
    at run (file:///home/jin/guozha-poker-game/node_modules/vitest/dist/chunks/runtime-runBaseTests.oAvMKtQC.js:105:3)
[StateManager] Action failed: DEAL_CARDS Error: No handler registered for action type: DEAL_CARDS
    at StateManager.executeAction (/home/jin/guozha-poker-game/src/game-engine/state/StateManager.ts:131:15)
    at /home/jin/guozha-poker-game/tests/e2e/stress-test.test.ts:45:28
    at runTest (file:///home/jin/guozha-poker-game/node_modules/@vitest/runner/dist/index.js:781:11)
    at runSuite (file:///home/jin/guozha-poker-game/node_modules/@vitest/runner/dist/index.js:909:15)
    at runSuite (file:///home/jin/guozha-poker-game/node_modules/@vitest/runner/dist/index.js:909:15)
    at runFiles (file:///home/jin/guozha-poker-game/node_modules/@vitest/runner/dist/index.js:958:5)
    at startTests (file:///home/jin/guozha-poker-game/node_modules/@vitest/runner/dist/index.js:967:3)
    at file:///home/jin/guozha-poker-game/node_modules/vitest/dist/chunks/runtime-runBaseTests.oAvMKtQC.js:116:7
    at withEnv (file:///home/jin/guozha-poker-game/node_modules/vitest/dist/chunks/runtime-runBaseTests.oAvMKtQC.js:83:5)
    at run (file:///home/jin/guozha-poker-game/node_modules/vitest/dist/chunks/runtime-runBaseTests.oAvMKtQC.js:105:3)
游戏 83 失败: Error: No handler registered for action type: DEAL_CARDS
    at StateManager.executeAction (/home/jin/guozha-poker-game/src/game-engine/state/StateManager.ts:131:15)
    at /home/jin/guozha-poker-game/tests/e2e/stress-test.test.ts:45:28
    at runTest (file:///home/jin/guozha-poker-game/node_modules/@vitest/runner/dist/index.js:781:11)
    at runSuite (file:///home/jin/guozha-poker-game/node_modules/@vitest/runner/dist/index.js:909:15)
    at runSuite (file:///home/jin/guozha-poker-game/node_modules/@vitest/runner/dist/index.js:909:15)
    at runFiles (file:///home/jin/guozha-poker-game/node_modules/@vitest/runner/dist/index.js:958:5)
    at startTests (file:///home/jin/guozha-poker-game/node_modules/@vitest/runner/dist/index.js:967:3)
    at file:///home/jin/guozha-poker-game/node_modules/vitest/dist/chunks/runtime-runBaseTests.oAvMKtQC.js:116:7
    at withEnv (file:///home/jin/guozha-poker-game/node_modules/vitest/dist/chunks/runtime-runBaseTests.oAvMKtQC.js:83:5)
    at run (file:///home/jin/guozha-poker-game/node_modules/vitest/dist/chunks/runtime-runBaseTests.oAvMKtQC.js:105:3)
[StateManager] Action failed: DEAL_CARDS Error: No handler registered for action type: DEAL_CARDS
    at StateManager.executeAction (/home/jin/guozha-poker-game/src/game-engine/state/StateManager.ts:131:15)
    at /home/jin/guozha-poker-game/tests/e2e/stress-test.test.ts:45:28
    at runTest (file:///home/jin/guozha-poker-game/node_modules/@vitest/runner/dist/index.js:781:11)
    at runSuite (file:///home/jin/guozha-poker-game/node_modules/@vitest/runner/dist/index.js:909:15)
    at runSuite (file:///home/jin/guozha-poker-game/node_modules/@vitest/runner/dist/index.js:909:15)
    at runFiles (file:///home/jin/guozha-poker-game/node_modules/@vitest/runner/dist/index.js:958:5)
    at startTests (file:///home/jin/guozha-poker-game/node_modules/@vitest/runner/dist/index.js:967:3)
    at file:///home/jin/guozha-poker-game/node_modules/vitest/dist/chunks/runtime-runBaseTests.oAvMKtQC.js:116:7
    at withEnv (file:///home/jin/guozha-poker-game/node_modules/vitest/dist/chunks/runtime-runBaseTests.oAvMKtQC.js:83:5)
    at run (file:///home/jin/guozha-poker-game/node_modules/vitest/dist/chunks/runtime-runBaseTests.oAvMKtQC.js:105:3)
游戏 84 失败: Error: No handler registered for action type: DEAL_CARDS
    at StateManager.executeAction (/home/jin/guozha-poker-game/src/game-engine/state/StateManager.ts:131:15)
    at /home/jin/guozha-poker-game/tests/e2e/stress-test.test.ts:45:28
    at runTest (file:///home/jin/guozha-poker-game/node_modules/@vitest/runner/dist/index.js:781:11)
    at runSuite (file:///home/jin/guozha-poker-game/node_modules/@vitest/runner/dist/index.js:909:15)
    at runSuite (file:///home/jin/guozha-poker-game/node_modules/@vitest/runner/dist/index.js:909:15)
    at runFiles (file:///home/jin/guozha-poker-game/node_modules/@vitest/runner/dist/index.js:958:5)
    at startTests (file:///home/jin/guozha-poker-game/node_modules/@vitest/runner/dist/index.js:967:3)
    at file:///home/jin/guozha-poker-game/node_modules/vitest/dist/chunks/runtime-runBaseTests.oAvMKtQC.js:116:7
    at withEnv (file:///home/jin/guozha-poker-game/node_modules/vitest/dist/chunks/runtime-runBaseTests.oAvMKtQC.js:83:5)
    at run (file:///home/jin/guozha-poker-game/node_modules/vitest/dist/chunks/runtime-runBaseTests.oAvMKtQC.js:105:3)
[StateManager] Action failed: DEAL_CARDS Error: No handler registered for action type: DEAL_CARDS
    at StateManager.executeAction (/home/jin/guozha-poker-game/src/game-engine/state/StateManager.ts:131:15)
    at /home/jin/guozha-poker-game/tests/e2e/stress-test.test.ts:45:28
    at runTest (file:///home/jin/guozha-poker-game/node_modules/@vitest/runner/dist/index.js:781:11)
    at runSuite (file:///home/jin/guozha-poker-game/node_modules/@vitest/runner/dist/index.js:909:15)
    at runSuite (file:///home/jin/guozha-poker-game/node_modules/@vitest/runner/dist/index.js:909:15)
    at runFiles (file:///home/jin/guozha-poker-game/node_modules/@vitest/runner/dist/index.js:958:5)
    at startTests (file:///home/jin/guozha-poker-game/node_modules/@vitest/runner/dist/index.js:967:3)
    at file:///home/jin/guozha-poker-game/node_modules/vitest/dist/chunks/runtime-runBaseTests.oAvMKtQC.js:116:7
    at withEnv (file:///home/jin/guozha-poker-game/node_modules/vitest/dist/chunks/runtime-runBaseTests.oAvMKtQC.js:83:5)
    at run (file:///home/jin/guozha-poker-game/node_modules/vitest/dist/chunks/runtime-runBaseTests.oAvMKtQC.js:105:3)
游戏 85 失败: Error: No handler registered for action type: DEAL_CARDS
    at StateManager.executeAction (/home/jin/guozha-poker-game/src/game-engine/state/StateManager.ts:131:15)
    at /home/jin/guozha-poker-game/tests/e2e/stress-test.test.ts:45:28
    at runTest (file:///home/jin/guozha-poker-game/node_modules/@vitest/runner/dist/index.js:781:11)
    at runSuite (file:///home/jin/guozha-poker-game/node_modules/@vitest/runner/dist/index.js:909:15)
    at runSuite (file:///home/jin/guozha-poker-game/node_modules/@vitest/runner/dist/index.js:909:15)
    at runFiles (file:///home/jin/guozha-poker-game/node_modules/@vitest/runner/dist/index.js:958:5)
    at startTests (file:///home/jin/guozha-poker-game/node_modules/@vitest/runner/dist/index.js:967:3)
    at file:///home/jin/guozha-poker-game/node_modules/vitest/dist/chunks/runtime-runBaseTests.oAvMKtQC.js:116:7
    at withEnv (file:///home/jin/guozha-poker-game/node_modules/vitest/dist/chunks/runtime-runBaseTests.oAvMKtQC.js:83:5)
    at run (file:///home/jin/guozha-poker-game/node_modules/vitest/dist/chunks/runtime-runBaseTests.oAvMKtQC.js:105:3)
[StateManager] Action failed: DEAL_CARDS Error: No handler registered for action type: DEAL_CARDS
    at StateManager.executeAction (/home/jin/guozha-poker-game/src/game-engine/state/StateManager.ts:131:15)
    at /home/jin/guozha-poker-game/tests/e2e/stress-test.test.ts:45:28
    at runTest (file:///home/jin/guozha-poker-game/node_modules/@vitest/runner/dist/index.js:781:11)
    at runSuite (file:///home/jin/guozha-poker-game/node_modules/@vitest/runner/dist/index.js:909:15)
    at runSuite (file:///home/jin/guozha-poker-game/node_modules/@vitest/runner/dist/index.js:909:15)
    at runFiles (file:///home/jin/guozha-poker-game/node_modules/@vitest/runner/dist/index.js:958:5)
    at startTests (file:///home/jin/guozha-poker-game/node_modules/@vitest/runner/dist/index.js:967:3)
    at file:///home/jin/guozha-poker-game/node_modules/vitest/dist/chunks/runtime-runBaseTests.oAvMKtQC.js:116:7
    at withEnv (file:///home/jin/guozha-poker-game/node_modules/vitest/dist/chunks/runtime-runBaseTests.oAvMKtQC.js:83:5)
    at run (file:///home/jin/guozha-poker-game/node_modules/vitest/dist/chunks/runtime-runBaseTests.oAvMKtQC.js:105:3)
游戏 86 失败: Error: No handler registered for action type: DEAL_CARDS
    at StateManager.executeAction (/home/jin/guozha-poker-game/src/game-engine/state/StateManager.ts:131:15)
    at /home/jin/guozha-poker-game/tests/e2e/stress-test.test.ts:45:28
    at runTest (file:///home/jin/guozha-poker-game/node_modules/@vitest/runner/dist/index.js:781:11)
    at runSuite (file:///home/jin/guozha-poker-game/node_modules/@vitest/runner/dist/index.js:909:15)
    at runSuite (file:///home/jin/guozha-poker-game/node_modules/@vitest/runner/dist/index.js:909:15)
    at runFiles (file:///home/jin/guozha-poker-game/node_modules/@vitest/runner/dist/index.js:958:5)
    at startTests (file:///home/jin/guozha-poker-game/node_modules/@vitest/runner/dist/index.js:967:3)
    at file:///home/jin/guozha-poker-game/node_modules/vitest/dist/chunks/runtime-runBaseTests.oAvMKtQC.js:116:7
    at withEnv (file:///home/jin/guozha-poker-game/node_modules/vitest/dist/chunks/runtime-runBaseTests.oAvMKtQC.js:83:5)
    at run (file:///home/jin/guozha-poker-game/node_modules/vitest/dist/chunks/runtime-runBaseTests.oAvMKtQC.js:105:3)
[StateManager] Action failed: DEAL_CARDS Error: No handler registered for action type: DEAL_CARDS
    at StateManager.executeAction (/home/jin/guozha-poker-game/src/game-engine/state/StateManager.ts:131:15)
    at /home/jin/guozha-poker-game/tests/e2e/stress-test.test.ts:45:28
    at runTest (file:///home/jin/guozha-poker-game/node_modules/@vitest/runner/dist/index.js:781:11)
    at runSuite (file:///home/jin/guozha-poker-game/node_modules/@vitest/runner/dist/index.js:909:15)
    at runSuite (file:///home/jin/guozha-poker-game/node_modules/@vitest/runner/dist/index.js:909:15)
    at runFiles (file:///home/jin/guozha-poker-game/node_modules/@vitest/runner/dist/index.js:958:5)
    at startTests (file:///home/jin/guozha-poker-game/node_modules/@vitest/runner/dist/index.js:967:3)
    at file:///home/jin/guozha-poker-game/node_modules/vitest/dist/chunks/runtime-runBaseTests.oAvMKtQC.js:116:7
    at withEnv (file:///home/jin/guozha-poker-game/node_modules/vitest/dist/chunks/runtime-runBaseTests.oAvMKtQC.js:83:5)
    at run (file:///home/jin/guozha-poker-game/node_modules/vitest/dist/chunks/runtime-runBaseTests.oAvMKtQC.js:105:3)
游戏 87 失败: Error: No handler registered for action type: DEAL_CARDS
    at StateManager.executeAction (/home/jin/guozha-poker-game/src/game-engine/state/StateManager.ts:131:15)
    at /home/jin/guozha-poker-game/tests/e2e/stress-test.test.ts:45:28
    at runTest (file:///home/jin/guozha-poker-game/node_modules/@vitest/runner/dist/index.js:781:11)
    at runSuite (file:///home/jin/guozha-poker-game/node_modules/@vitest/runner/dist/index.js:909:15)
    at runSuite (file:///home/jin/guozha-poker-game/node_modules/@vitest/runner/dist/index.js:909:15)
    at runFiles (file:///home/jin/guozha-poker-game/node_modules/@vitest/runner/dist/index.js:958:5)
    at startTests (file:///home/jin/guozha-poker-game/node_modules/@vitest/runner/dist/index.js:967:3)
    at file:///home/jin/guozha-poker-game/node_modules/vitest/dist/chunks/runtime-runBaseTests.oAvMKtQC.js:116:7
    at withEnv (file:///home/jin/guozha-poker-game/node_modules/vitest/dist/chunks/runtime-runBaseTests.oAvMKtQC.js:83:5)
    at run (file:///home/jin/guozha-poker-game/node_modules/vitest/dist/chunks/runtime-runBaseTests.oAvMKtQC.js:105:3)
[StateManager] Action failed: DEAL_CARDS Error: No handler registered for action type: DEAL_CARDS
    at StateManager.executeAction (/home/jin/guozha-poker-game/src/game-engine/state/StateManager.ts:131:15)
    at /home/jin/guozha-poker-game/tests/e2e/stress-test.test.ts:45:28
    at runTest (file:///home/jin/guozha-poker-game/node_modules/@vitest/runner/dist/index.js:781:11)
    at runSuite (file:///home/jin/guozha-poker-game/node_modules/@vitest/runner/dist/index.js:909:15)
    at runSuite (file:///home/jin/guozha-poker-game/node_modules/@vitest/runner/dist/index.js:909:15)
    at runFiles (file:///home/jin/guozha-poker-game/node_modules/@vitest/runner/dist/index.js:958:5)
    at startTests (file:///home/jin/guozha-poker-game/node_modules/@vitest/runner/dist/index.js:967:3)
    at file:///home/jin/guozha-poker-game/node_modules/vitest/dist/chunks/runtime-runBaseTests.oAvMKtQC.js:116:7
    at withEnv (file:///home/jin/guozha-poker-game/node_modules/vitest/dist/chunks/runtime-runBaseTests.oAvMKtQC.js:83:5)
    at run (file:///home/jin/guozha-poker-game/node_modules/vitest/dist/chunks/runtime-runBaseTests.oAvMKtQC.js:105:3)
游戏 88 失败: Error: No handler registered for action type: DEAL_CARDS
    at StateManager.executeAction (/home/jin/guozha-poker-game/src/game-engine/state/StateManager.ts:131:15)
    at /home/jin/guozha-poker-game/tests/e2e/stress-test.test.ts:45:28
    at runTest (file:///home/jin/guozha-poker-game/node_modules/@vitest/runner/dist/index.js:781:11)
    at runSuite (file:///home/jin/guozha-poker-game/node_modules/@vitest/runner/dist/index.js:909:15)
    at runSuite (file:///home/jin/guozha-poker-game/node_modules/@vitest/runner/dist/index.js:909:15)
    at runFiles (file:///home/jin/guozha-poker-game/node_modules/@vitest/runner/dist/index.js:958:5)
    at startTests (file:///home/jin/guozha-poker-game/node_modules/@vitest/runner/dist/index.js:967:3)
    at file:///home/jin/guozha-poker-game/node_modules/vitest/dist/chunks/runtime-runBaseTests.oAvMKtQC.js:116:7
    at withEnv (file:///home/jin/guozha-poker-game/node_modules/vitest/dist/chunks/runtime-runBaseTests.oAvMKtQC.js:83:5)
    at run (file:///home/jin/guozha-poker-game/node_modules/vitest/dist/chunks/runtime-runBaseTests.oAvMKtQC.js:105:3)
[StateManager] Action failed: DEAL_CARDS Error: No handler registered for action type: DEAL_CARDS
    at StateManager.executeAction (/home/jin/guozha-poker-game/src/game-engine/state/StateManager.ts:131:15)
    at /home/jin/guozha-poker-game/tests/e2e/stress-test.test.ts:45:28
    at runTest (file:///home/jin/guozha-poker-game/node_modules/@vitest/runner/dist/index.js:781:11)
    at runSuite (file:///home/jin/guozha-poker-game/node_modules/@vitest/runner/dist/index.js:909:15)
    at runSuite (file:///home/jin/guozha-poker-game/node_modules/@vitest/runner/dist/index.js:909:15)
    at runFiles (file:///home/jin/guozha-poker-game/node_modules/@vitest/runner/dist/index.js:958:5)
    at startTests (file:///home/jin/guozha-poker-game/node_modules/@vitest/runner/dist/index.js:967:3)
    at file:///home/jin/guozha-poker-game/node_modules/vitest/dist/chunks/runtime-runBaseTests.oAvMKtQC.js:116:7
    at withEnv (file:///home/jin/guozha-poker-game/node_modules/vitest/dist/chunks/runtime-runBaseTests.oAvMKtQC.js:83:5)
    at run (file:///home/jin/guozha-poker-game/node_modules/vitest/dist/chunks/runtime-runBaseTests.oAvMKtQC.js:105:3)
游戏 89 失败: Error: No handler registered for action type: DEAL_CARDS
    at StateManager.executeAction (/home/jin/guozha-poker-game/src/game-engine/state/StateManager.ts:131:15)
    at /home/jin/guozha-poker-game/tests/e2e/stress-test.test.ts:45:28
    at runTest (file:///home/jin/guozha-poker-game/node_modules/@vitest/runner/dist/index.js:781:11)
    at runSuite (file:///home/jin/guozha-poker-game/node_modules/@vitest/runner/dist/index.js:909:15)
    at runSuite (file:///home/jin/guozha-poker-game/node_modules/@vitest/runner/dist/index.js:909:15)
    at runFiles (file:///home/jin/guozha-poker-game/node_modules/@vitest/runner/dist/index.js:958:5)
    at startTests (file:///home/jin/guozha-poker-game/node_modules/@vitest/runner/dist/index.js:967:3)
    at file:///home/jin/guozha-poker-game/node_modules/vitest/dist/chunks/runtime-runBaseTests.oAvMKtQC.js:116:7
    at withEnv (file:///home/jin/guozha-poker-game/node_modules/vitest/dist/chunks/runtime-runBaseTests.oAvMKtQC.js:83:5)
    at run (file:///home/jin/guozha-poker-game/node_modules/vitest/dist/chunks/runtime-runBaseTests.oAvMKtQC.js:105:3)
[StateManager] Action failed: DEAL_CARDS Error: No handler registered for action type: DEAL_CARDS
    at StateManager.executeAction (/home/jin/guozha-poker-game/src/game-engine/state/StateManager.ts:131:15)
    at /home/jin/guozha-poker-game/tests/e2e/stress-test.test.ts:45:28
    at runTest (file:///home/jin/guozha-poker-game/node_modules/@vitest/runner/dist/index.js:781:11)
    at runSuite (file:///home/jin/guozha-poker-game/node_modules/@vitest/runner/dist/index.js:909:15)
    at runSuite (file:///home/jin/guozha-poker-game/node_modules/@vitest/runner/dist/index.js:909:15)
    at runFiles (file:///home/jin/guozha-poker-game/node_modules/@vitest/runner/dist/index.js:958:5)
    at startTests (file:///home/jin/guozha-poker-game/node_modules/@vitest/runner/dist/index.js:967:3)
    at file:///home/jin/guozha-poker-game/node_modules/vitest/dist/chunks/runtime-runBaseTests.oAvMKtQC.js:116:7
    at withEnv (file:///home/jin/guozha-poker-game/node_modules/vitest/dist/chunks/runtime-runBaseTests.oAvMKtQC.js:83:5)
    at run (file:///home/jin/guozha-poker-game/node_modules/vitest/dist/chunks/runtime-runBaseTests.oAvMKtQC.js:105:3)
游戏 90 失败: Error: No handler registered for action type: DEAL_CARDS
    at StateManager.executeAction (/home/jin/guozha-poker-game/src/game-engine/state/StateManager.ts:131:15)
    at /home/jin/guozha-poker-game/tests/e2e/stress-test.test.ts:45:28
    at runTest (file:///home/jin/guozha-poker-game/node_modules/@vitest/runner/dist/index.js:781:11)
    at runSuite (file:///home/jin/guozha-poker-game/node_modules/@vitest/runner/dist/index.js:909:15)
    at runSuite (file:///home/jin/guozha-poker-game/node_modules/@vitest/runner/dist/index.js:909:15)
    at runFiles (file:///home/jin/guozha-poker-game/node_modules/@vitest/runner/dist/index.js:958:5)
    at startTests (file:///home/jin/guozha-poker-game/node_modules/@vitest/runner/dist/index.js:967:3)
    at file:///home/jin/guozha-poker-game/node_modules/vitest/dist/chunks/runtime-runBaseTests.oAvMKtQC.js:116:7
    at withEnv (file:///home/jin/guozha-poker-game/node_modules/vitest/dist/chunks/runtime-runBaseTests.oAvMKtQC.js:83:5)
    at run (file:///home/jin/guozha-poker-game/node_modules/vitest/dist/chunks/runtime-runBaseTests.oAvMKtQC.js:105:3)
[StateManager] Action failed: DEAL_CARDS Error: No handler registered for action type: DEAL_CARDS
    at StateManager.executeAction (/home/jin/guozha-poker-game/src/game-engine/state/StateManager.ts:131:15)
    at /home/jin/guozha-poker-game/tests/e2e/stress-test.test.ts:45:28
    at runTest (file:///home/jin/guozha-poker-game/node_modules/@vitest/runner/dist/index.js:781:11)
    at runSuite (file:///home/jin/guozha-poker-game/node_modules/@vitest/runner/dist/index.js:909:15)
    at runSuite (file:///home/jin/guozha-poker-game/node_modules/@vitest/runner/dist/index.js:909:15)
    at runFiles (file:///home/jin/guozha-poker-game/node_modules/@vitest/runner/dist/index.js:958:5)
    at startTests (file:///home/jin/guozha-poker-game/node_modules/@vitest/runner/dist/index.js:967:3)
    at file:///home/jin/guozha-poker-game/node_modules/vitest/dist/chunks/runtime-runBaseTests.oAvMKtQC.js:116:7
    at withEnv (file:///home/jin/guozha-poker-game/node_modules/vitest/dist/chunks/runtime-runBaseTests.oAvMKtQC.js:83:5)
    at run (file:///home/jin/guozha-poker-game/node_modules/vitest/dist/chunks/runtime-runBaseTests.oAvMKtQC.js:105:3)
游戏 91 失败: Error: No handler registered for action type: DEAL_CARDS
    at StateManager.executeAction (/home/jin/guozha-poker-game/src/game-engine/state/StateManager.ts:131:15)
    at /home/jin/guozha-poker-game/tests/e2e/stress-test.test.ts:45:28
    at runTest (file:///home/jin/guozha-poker-game/node_modules/@vitest/runner/dist/index.js:781:11)
    at runSuite (file:///home/jin/guozha-poker-game/node_modules/@vitest/runner/dist/index.js:909:15)
    at runSuite (file:///home/jin/guozha-poker-game/node_modules/@vitest/runner/dist/index.js:909:15)
    at runFiles (file:///home/jin/guozha-poker-game/node_modules/@vitest/runner/dist/index.js:958:5)
    at startTests (file:///home/jin/guozha-poker-game/node_modules/@vitest/runner/dist/index.js:967:3)
    at file:///home/jin/guozha-poker-game/node_modules/vitest/dist/chunks/runtime-runBaseTests.oAvMKtQC.js:116:7
    at withEnv (file:///home/jin/guozha-poker-game/node_modules/vitest/dist/chunks/runtime-runBaseTests.oAvMKtQC.js:83:5)
    at run (file:///home/jin/guozha-poker-game/node_modules/vitest/dist/chunks/runtime-runBaseTests.oAvMKtQC.js:105:3)
[StateManager] Action failed: DEAL_CARDS Error: No handler registered for action type: DEAL_CARDS
    at StateManager.executeAction (/home/jin/guozha-poker-game/src/game-engine/state/StateManager.ts:131:15)
    at /home/jin/guozha-poker-game/tests/e2e/stress-test.test.ts:45:28
    at runTest (file:///home/jin/guozha-poker-game/node_modules/@vitest/runner/dist/index.js:781:11)
    at runSuite (file:///home/jin/guozha-poker-game/node_modules/@vitest/runner/dist/index.js:909:15)
    at runSuite (file:///home/jin/guozha-poker-game/node_modules/@vitest/runner/dist/index.js:909:15)
    at runFiles (file:///home/jin/guozha-poker-game/node_modules/@vitest/runner/dist/index.js:958:5)
    at startTests (file:///home/jin/guozha-poker-game/node_modules/@vitest/runner/dist/index.js:967:3)
    at file:///home/jin/guozha-poker-game/node_modules/vitest/dist/chunks/runtime-runBaseTests.oAvMKtQC.js:116:7
    at withEnv (file:///home/jin/guozha-poker-game/node_modules/vitest/dist/chunks/runtime-runBaseTests.oAvMKtQC.js:83:5)
    at run (file:///home/jin/guozha-poker-game/node_modules/vitest/dist/chunks/runtime-runBaseTests.oAvMKtQC.js:105:3)
游戏 92 失败: Error: No handler registered for action type: DEAL_CARDS
    at StateManager.executeAction (/home/jin/guozha-poker-game/src/game-engine/state/StateManager.ts:131:15)
    at /home/jin/guozha-poker-game/tests/e2e/stress-test.test.ts:45:28
    at runTest (file:///home/jin/guozha-poker-game/node_modules/@vitest/runner/dist/index.js:781:11)
    at runSuite (file:///home/jin/guozha-poker-game/node_modules/@vitest/runner/dist/index.js:909:15)
    at runSuite (file:///home/jin/guozha-poker-game/node_modules/@vitest/runner/dist/index.js:909:15)
    at runFiles (file:///home/jin/guozha-poker-game/node_modules/@vitest/runner/dist/index.js:958:5)
    at startTests (file:///home/jin/guozha-poker-game/node_modules/@vitest/runner/dist/index.js:967:3)
    at file:///home/jin/guozha-poker-game/node_modules/vitest/dist/chunks/runtime-runBaseTests.oAvMKtQC.js:116:7
    at withEnv (file:///home/jin/guozha-poker-game/node_modules/vitest/dist/chunks/runtime-runBaseTests.oAvMKtQC.js:83:5)
    at run (file:///home/jin/guozha-poker-game/node_modules/vitest/dist/chunks/runtime-runBaseTests.oAvMKtQC.js:105:3)
[StateManager] Action failed: DEAL_CARDS Error: No handler registered for action type: DEAL_CARDS
    at StateManager.executeAction (/home/jin/guozha-poker-game/src/game-engine/state/StateManager.ts:131:15)
    at /home/jin/guozha-poker-game/tests/e2e/stress-test.test.ts:45:28
    at runTest (file:///home/jin/guozha-poker-game/node_modules/@vitest/runner/dist/index.js:781:11)
    at runSuite (file:///home/jin/guozha-poker-game/node_modules/@vitest/runner/dist/index.js:909:15)
    at runSuite (file:///home/jin/guozha-poker-game/node_modules/@vitest/runner/dist/index.js:909:15)
    at runFiles (file:///home/jin/guozha-poker-game/node_modules/@vitest/runner/dist/index.js:958:5)
    at startTests (file:///home/jin/guozha-poker-game/node_modules/@vitest/runner/dist/index.js:967:3)
    at file:///home/jin/guozha-poker-game/node_modules/vitest/dist/chunks/runtime-runBaseTests.oAvMKtQC.js:116:7
    at withEnv (file:///home/jin/guozha-poker-game/node_modules/vitest/dist/chunks/runtime-runBaseTests.oAvMKtQC.js:83:5)
    at run (file:///home/jin/guozha-poker-game/node_modules/vitest/dist/chunks/runtime-runBaseTests.oAvMKtQC.js:105:3)
游戏 93 失败: Error: No handler registered for action type: DEAL_CARDS
    at StateManager.executeAction (/home/jin/guozha-poker-game/src/game-engine/state/StateManager.ts:131:15)
    at /home/jin/guozha-poker-game/tests/e2e/stress-test.test.ts:45:28
    at runTest (file:///home/jin/guozha-poker-game/node_modules/@vitest/runner/dist/index.js:781:11)
    at runSuite (file:///home/jin/guozha-poker-game/node_modules/@vitest/runner/dist/index.js:909:15)
    at runSuite (file:///home/jin/guozha-poker-game/node_modules/@vitest/runner/dist/index.js:909:15)
    at runFiles (file:///home/jin/guozha-poker-game/node_modules/@vitest/runner/dist/index.js:958:5)
    at startTests (file:///home/jin/guozha-poker-game/node_modules/@vitest/runner/dist/index.js:967:3)
    at file:///home/jin/guozha-poker-game/node_modules/vitest/dist/chunks/runtime-runBaseTests.oAvMKtQC.js:116:7
    at withEnv (file:///home/jin/guozha-poker-game/node_modules/vitest/dist/chunks/runtime-runBaseTests.oAvMKtQC.js:83:5)
    at run (file:///home/jin/guozha-poker-game/node_modules/vitest/dist/chunks/runtime-runBaseTests.oAvMKtQC.js:105:3)
[StateManager] Action failed: DEAL_CARDS Error: No handler registered for action type: DEAL_CARDS
    at StateManager.executeAction (/home/jin/guozha-poker-game/src/game-engine/state/StateManager.ts:131:15)
    at /home/jin/guozha-poker-game/tests/e2e/stress-test.test.ts:45:28
    at runTest (file:///home/jin/guozha-poker-game/node_modules/@vitest/runner/dist/index.js:781:11)
    at runSuite (file:///home/jin/guozha-poker-game/node_modules/@vitest/runner/dist/index.js:909:15)
    at runSuite (file:///home/jin/guozha-poker-game/node_modules/@vitest/runner/dist/index.js:909:15)
    at runFiles (file:///home/jin/guozha-poker-game/node_modules/@vitest/runner/dist/index.js:958:5)
    at startTests (file:///home/jin/guozha-poker-game/node_modules/@vitest/runner/dist/index.js:967:3)
    at file:///home/jin/guozha-poker-game/node_modules/vitest/dist/chunks/runtime-runBaseTests.oAvMKtQC.js:116:7
    at withEnv (file:///home/jin/guozha-poker-game/node_modules/vitest/dist/chunks/runtime-runBaseTests.oAvMKtQC.js:83:5)
    at run (file:///home/jin/guozha-poker-game/node_modules/vitest/dist/chunks/runtime-runBaseTests.oAvMKtQC.js:105:3)
游戏 94 失败: Error: No handler registered for action type: DEAL_CARDS
    at StateManager.executeAction (/home/jin/guozha-poker-game/src/game-engine/state/StateManager.ts:131:15)
    at /home/jin/guozha-poker-game/tests/e2e/stress-test.test.ts:45:28
    at runTest (file:///home/jin/guozha-poker-game/node_modules/@vitest/runner/dist/index.js:781:11)
    at runSuite (file:///home/jin/guozha-poker-game/node_modules/@vitest/runner/dist/index.js:909:15)
    at runSuite (file:///home/jin/guozha-poker-game/node_modules/@vitest/runner/dist/index.js:909:15)
    at runFiles (file:///home/jin/guozha-poker-game/node_modules/@vitest/runner/dist/index.js:958:5)
    at startTests (file:///home/jin/guozha-poker-game/node_modules/@vitest/runner/dist/index.js:967:3)
    at file:///home/jin/guozha-poker-game/node_modules/vitest/dist/chunks/runtime-runBaseTests.oAvMKtQC.js:116:7
    at withEnv (file:///home/jin/guozha-poker-game/node_modules/vitest/dist/chunks/runtime-runBaseTests.oAvMKtQC.js:83:5)
    at run (file:///home/jin/guozha-poker-game/node_modules/vitest/dist/chunks/runtime-runBaseTests.oAvMKtQC.js:105:3)
[StateManager] Action failed: DEAL_CARDS Error: No handler registered for action type: DEAL_CARDS
    at StateManager.executeAction (/home/jin/guozha-poker-game/src/game-engine/state/StateManager.ts:131:15)
    at /home/jin/guozha-poker-game/tests/e2e/stress-test.test.ts:45:28
    at runTest (file:///home/jin/guozha-poker-game/node_modules/@vitest/runner/dist/index.js:781:11)
    at runSuite (file:///home/jin/guozha-poker-game/node_modules/@vitest/runner/dist/index.js:909:15)
    at runSuite (file:///home/jin/guozha-poker-game/node_modules/@vitest/runner/dist/index.js:909:15)
    at runFiles (file:///home/jin/guozha-poker-game/node_modules/@vitest/runner/dist/index.js:958:5)
    at startTests (file:///home/jin/guozha-poker-game/node_modules/@vitest/runner/dist/index.js:967:3)
    at file:///home/jin/guozha-poker-game/node_modules/vitest/dist/chunks/runtime-runBaseTests.oAvMKtQC.js:116:7
    at withEnv (file:///home/jin/guozha-poker-game/node_modules/vitest/dist/chunks/runtime-runBaseTests.oAvMKtQC.js:83:5)
    at run (file:///home/jin/guozha-poker-game/node_modules/vitest/dist/chunks/runtime-runBaseTests.oAvMKtQC.js:105:3)
游戏 95 失败: Error: No handler registered for action type: DEAL_CARDS
    at StateManager.executeAction (/home/jin/guozha-poker-game/src/game-engine/state/StateManager.ts:131:15)
    at /home/jin/guozha-poker-game/tests/e2e/stress-test.test.ts:45:28
    at runTest (file:///home/jin/guozha-poker-game/node_modules/@vitest/runner/dist/index.js:781:11)
    at runSuite (file:///home/jin/guozha-poker-game/node_modules/@vitest/runner/dist/index.js:909:15)
    at runSuite (file:///home/jin/guozha-poker-game/node_modules/@vitest/runner/dist/index.js:909:15)
    at runFiles (file:///home/jin/guozha-poker-game/node_modules/@vitest/runner/dist/index.js:958:5)
    at startTests (file:///home/jin/guozha-poker-game/node_modules/@vitest/runner/dist/index.js:967:3)
    at file:///home/jin/guozha-poker-game/node_modules/vitest/dist/chunks/runtime-runBaseTests.oAvMKtQC.js:116:7
    at withEnv (file:///home/jin/guozha-poker-game/node_modules/vitest/dist/chunks/runtime-runBaseTests.oAvMKtQC.js:83:5)
    at run (file:///home/jin/guozha-poker-game/node_modules/vitest/dist/chunks/runtime-runBaseTests.oAvMKtQC.js:105:3)
[StateManager] Action failed: DEAL_CARDS Error: No handler registered for action type: DEAL_CARDS
    at StateManager.executeAction (/home/jin/guozha-poker-game/src/game-engine/state/StateManager.ts:131:15)
    at /home/jin/guozha-poker-game/tests/e2e/stress-test.test.ts:45:28
    at runTest (file:///home/jin/guozha-poker-game/node_modules/@vitest/runner/dist/index.js:781:11)
    at runSuite (file:///home/jin/guozha-poker-game/node_modules/@vitest/runner/dist/index.js:909:15)
    at runSuite (file:///home/jin/guozha-poker-game/node_modules/@vitest/runner/dist/index.js:909:15)
    at runFiles (file:///home/jin/guozha-poker-game/node_modules/@vitest/runner/dist/index.js:958:5)
    at startTests (file:///home/jin/guozha-poker-game/node_modules/@vitest/runner/dist/index.js:967:3)
    at file:///home/jin/guozha-poker-game/node_modules/vitest/dist/chunks/runtime-runBaseTests.oAvMKtQC.js:116:7
    at withEnv (file:///home/jin/guozha-poker-game/node_modules/vitest/dist/chunks/runtime-runBaseTests.oAvMKtQC.js:83:5)
    at run (file:///home/jin/guozha-poker-game/node_modules/vitest/dist/chunks/runtime-runBaseTests.oAvMKtQC.js:105:3)
游戏 96 失败: Error: No handler registered for action type: DEAL_CARDS
    at StateManager.executeAction (/home/jin/guozha-poker-game/src/game-engine/state/StateManager.ts:131:15)
    at /home/jin/guozha-poker-game/tests/e2e/stress-test.test.ts:45:28
    at runTest (file:///home/jin/guozha-poker-game/node_modules/@vitest/runner/dist/index.js:781:11)
    at runSuite (file:///home/jin/guozha-poker-game/node_modules/@vitest/runner/dist/index.js:909:15)
    at runSuite (file:///home/jin/guozha-poker-game/node_modules/@vitest/runner/dist/index.js:909:15)
    at runFiles (file:///home/jin/guozha-poker-game/node_modules/@vitest/runner/dist/index.js:958:5)
    at startTests (file:///home/jin/guozha-poker-game/node_modules/@vitest/runner/dist/index.js:967:3)
    at file:///home/jin/guozha-poker-game/node_modules/vitest/dist/chunks/runtime-runBaseTests.oAvMKtQC.js:116:7
    at withEnv (file:///home/jin/guozha-poker-game/node_modules/vitest/dist/chunks/runtime-runBaseTests.oAvMKtQC.js:83:5)
    at run (file:///home/jin/guozha-poker-game/node_modules/vitest/dist/chunks/runtime-runBaseTests.oAvMKtQC.js:105:3)
[StateManager] Action failed: DEAL_CARDS Error: No handler registered for action type: DEAL_CARDS
    at StateManager.executeAction (/home/jin/guozha-poker-game/src/game-engine/state/StateManager.ts:131:15)
    at /home/jin/guozha-poker-game/tests/e2e/stress-test.test.ts:45:28
    at runTest (file:///home/jin/guozha-poker-game/node_modules/@vitest/runner/dist/index.js:781:11)
    at runSuite (file:///home/jin/guozha-poker-game/node_modules/@vitest/runner/dist/index.js:909:15)
    at runSuite (file:///home/jin/guozha-poker-game/node_modules/@vitest/runner/dist/index.js:909:15)
    at runFiles (file:///home/jin/guozha-poker-game/node_modules/@vitest/runner/dist/index.js:958:5)
    at startTests (file:///home/jin/guozha-poker-game/node_modules/@vitest/runner/dist/index.js:967:3)
    at file:///home/jin/guozha-poker-game/node_modules/vitest/dist/chunks/runtime-runBaseTests.oAvMKtQC.js:116:7
    at withEnv (file:///home/jin/guozha-poker-game/node_modules/vitest/dist/chunks/runtime-runBaseTests.oAvMKtQC.js:83:5)
    at run (file:///home/jin/guozha-poker-game/node_modules/vitest/dist/chunks/runtime-runBaseTests.oAvMKtQC.js:105:3)
游戏 97 失败: Error: No handler registered for action type: DEAL_CARDS
    at StateManager.executeAction (/home/jin/guozha-poker-game/src/game-engine/state/StateManager.ts:131:15)
    at /home/jin/guozha-poker-game/tests/e2e/stress-test.test.ts:45:28
    at runTest (file:///home/jin/guozha-poker-game/node_modules/@vitest/runner/dist/index.js:781:11)
    at runSuite (file:///home/jin/guozha-poker-game/node_modules/@vitest/runner/dist/index.js:909:15)
    at runSuite (file:///home/jin/guozha-poker-game/node_modules/@vitest/runner/dist/index.js:909:15)
    at runFiles (file:///home/jin/guozha-poker-game/node_modules/@vitest/runner/dist/index.js:958:5)
    at startTests (file:///home/jin/guozha-poker-game/node_modules/@vitest/runner/dist/index.js:967:3)
    at file:///home/jin/guozha-poker-game/node_modules/vitest/dist/chunks/runtime-runBaseTests.oAvMKtQC.js:116:7
    at withEnv (file:///home/jin/guozha-poker-game/node_modules/vitest/dist/chunks/runtime-runBaseTests.oAvMKtQC.js:83:5)
    at run (file:///home/jin/guozha-poker-game/node_modules/vitest/dist/chunks/runtime-runBaseTests.oAvMKtQC.js:105:3)
[StateManager] Action failed: DEAL_CARDS Error: No handler registered for action type: DEAL_CARDS
    at StateManager.executeAction (/home/jin/guozha-poker-game/src/game-engine/state/StateManager.ts:131:15)
    at /home/jin/guozha-poker-game/tests/e2e/stress-test.test.ts:45:28
    at runTest (file:///home/jin/guozha-poker-game/node_modules/@vitest/runner/dist/index.js:781:11)
    at runSuite (file:///home/jin/guozha-poker-game/node_modules/@vitest/runner/dist/index.js:909:15)
    at runSuite (file:///home/jin/guozha-poker-game/node_modules/@vitest/runner/dist/index.js:909:15)
    at runFiles (file:///home/jin/guozha-poker-game/node_modules/@vitest/runner/dist/index.js:958:5)
    at startTests (file:///home/jin/guozha-poker-game/node_modules/@vitest/runner/dist/index.js:967:3)
    at file:///home/jin/guozha-poker-game/node_modules/vitest/dist/chunks/runtime-runBaseTests.oAvMKtQC.js:116:7
    at withEnv (file:///home/jin/guozha-poker-game/node_modules/vitest/dist/chunks/runtime-runBaseTests.oAvMKtQC.js:83:5)
    at run (file:///home/jin/guozha-poker-game/node_modules/vitest/dist/chunks/runtime-runBaseTests.oAvMKtQC.js:105:3)
游戏 98 失败: Error: No handler registered for action type: DEAL_CARDS
    at StateManager.executeAction (/home/jin/guozha-poker-game/src/game-engine/state/StateManager.ts:131:15)
    at /home/jin/guozha-poker-game/tests/e2e/stress-test.test.ts:45:28
    at runTest (file:///home/jin/guozha-poker-game/node_modules/@vitest/runner/dist/index.js:781:11)
    at runSuite (file:///home/jin/guozha-poker-game/node_modules/@vitest/runner/dist/index.js:909:15)
    at runSuite (file:///home/jin/guozha-poker-game/node_modules/@vitest/runner/dist/index.js:909:15)
    at runFiles (file:///home/jin/guozha-poker-game/node_modules/@vitest/runner/dist/index.js:958:5)
    at startTests (file:///home/jin/guozha-poker-game/node_modules/@vitest/runner/dist/index.js:967:3)
    at file:///home/jin/guozha-poker-game/node_modules/vitest/dist/chunks/runtime-runBaseTests.oAvMKtQC.js:116:7
    at withEnv (file:///home/jin/guozha-poker-game/node_modules/vitest/dist/chunks/runtime-runBaseTests.oAvMKtQC.js:83:5)
    at run (file:///home/jin/guozha-poker-game/node_modules/vitest/dist/chunks/runtime-runBaseTests.oAvMKtQC.js:105:3)
[StateManager] Action failed: DEAL_CARDS Error: No handler registered for action type: DEAL_CARDS
    at StateManager.executeAction (/home/jin/guozha-poker-game/src/game-engine/state/StateManager.ts:131:15)
    at /home/jin/guozha-poker-game/tests/e2e/stress-test.test.ts:45:28
    at runTest (file:///home/jin/guozha-poker-game/node_modules/@vitest/runner/dist/index.js:781:11)
    at runSuite (file:///home/jin/guozha-poker-game/node_modules/@vitest/runner/dist/index.js:909:15)
    at runSuite (file:///home/jin/guozha-poker-game/node_modules/@vitest/runner/dist/index.js:909:15)
    at runFiles (file:///home/jin/guozha-poker-game/node_modules/@vitest/runner/dist/index.js:958:5)
    at startTests (file:///home/jin/guozha-poker-game/node_modules/@vitest/runner/dist/index.js:967:3)
    at file:///home/jin/guozha-poker-game/node_modules/vitest/dist/chunks/runtime-runBaseTests.oAvMKtQC.js:116:7
    at withEnv (file:///home/jin/guozha-poker-game/node_modules/vitest/dist/chunks/runtime-runBaseTests.oAvMKtQC.js:83:5)
    at run (file:///home/jin/guozha-poker-game/node_modules/vitest/dist/chunks/runtime-runBaseTests.oAvMKtQC.js:105:3)
游戏 99 失败: Error: No handler registered for action type: DEAL_CARDS
    at StateManager.executeAction (/home/jin/guozha-poker-game/src/game-engine/state/StateManager.ts:131:15)
    at /home/jin/guozha-poker-game/tests/e2e/stress-test.test.ts:45:28
    at runTest (file:///home/jin/guozha-poker-game/node_modules/@vitest/runner/dist/index.js:781:11)
    at runSuite (file:///home/jin/guozha-poker-game/node_modules/@vitest/runner/dist/index.js:909:15)
    at runSuite (file:///home/jin/guozha-poker-game/node_modules/@vitest/runner/dist/index.js:909:15)
    at runFiles (file:///home/jin/guozha-poker-game/node_modules/@vitest/runner/dist/index.js:958:5)
    at startTests (file:///home/jin/guozha-poker-game/node_modules/@vitest/runner/dist/index.js:967:3)
    at file:///home/jin/guozha-poker-game/node_modules/vitest/dist/chunks/runtime-runBaseTests.oAvMKtQC.js:116:7
    at withEnv (file:///home/jin/guozha-poker-game/node_modules/vitest/dist/chunks/runtime-runBaseTests.oAvMKtQC.js:83:5)
    at run (file:///home/jin/guozha-poker-game/node_modules/vitest/dist/chunks/runtime-runBaseTests.oAvMKtQC.js:105:3)
[StateManager] Action failed: DEAL_CARDS Error: No handler registered for action type: DEAL_CARDS
    at StateManager.executeAction (/home/jin/guozha-poker-game/src/game-engine/state/StateManager.ts:131:15)
    at /home/jin/guozha-poker-game/tests/e2e/stress-test.test.ts:45:28
    at runTest (file:///home/jin/guozha-poker-game/node_modules/@vitest/runner/dist/index.js:781:11)
    at runSuite (file:///home/jin/guozha-poker-game/node_modules/@vitest/runner/dist/index.js:909:15)
    at runSuite (file:///home/jin/guozha-poker-game/node_modules/@vitest/runner/dist/index.js:909:15)
    at runFiles (file:///home/jin/guozha-poker-game/node_modules/@vitest/runner/dist/index.js:958:5)
    at startTests (file:///home/jin/guozha-poker-game/node_modules/@vitest/runner/dist/index.js:967:3)
    at file:///home/jin/guozha-poker-game/node_modules/vitest/dist/chunks/runtime-runBaseTests.oAvMKtQC.js:116:7
    at withEnv (file:///home/jin/guozha-poker-game/node_modules/vitest/dist/chunks/runtime-runBaseTests.oAvMKtQC.js:83:5)
    at run (file:///home/jin/guozha-poker-game/node_modules/vitest/dist/chunks/runtime-runBaseTests.oAvMKtQC.js:105:3)
游戏 100 失败: Error: No handler registered for action type: DEAL_CARDS
    at StateManager.executeAction (/home/jin/guozha-poker-game/src/game-engine/state/StateManager.ts:131:15)
    at /home/jin/guozha-poker-game/tests/e2e/stress-test.test.ts:45:28
    at runTest (file:///home/jin/guozha-poker-game/node_modules/@vitest/runner/dist/index.js:781:11)
    at runSuite (file:///home/jin/guozha-poker-game/node_modules/@vitest/runner/dist/index.js:909:15)
    at runSuite (file:///home/jin/guozha-poker-game/node_modules/@vitest/runner/dist/index.js:909:15)
    at runFiles (file:///home/jin/guozha-poker-game/node_modules/@vitest/runner/dist/index.js:958:5)
    at startTests (file:///home/jin/guozha-poker-game/node_modules/@vitest/runner/dist/index.js:967:3)
    at file:///home/jin/guozha-poker-game/node_modules/vitest/dist/chunks/runtime-runBaseTests.oAvMKtQC.js:116:7
    at withEnv (file:///home/jin/guozha-poker-game/node_modules/vitest/dist/chunks/runtime-runBaseTests.oAvMKtQC.js:83:5)
    at run (file:///home/jin/guozha-poker-game/node_modules/vitest/dist/chunks/runtime-runBaseTests.oAvMKtQC.js:105:3)

stdout | tests/e2e/stress-test.test.ts > 压力测试 > 应该支持快速连续操作
[StateManager] Handler registered: INIT_GAME
[StateManager] Action executed: INIT_GAME
[StateManager] Action executed: INIT_GAME
[StateManager] Action executed: INIT_GAME
[StateManager] Action executed: INIT_GAME
[StateManager] Action executed: INIT_GAME
[StateManager] Action executed: INIT_GAME
[StateManager] Action executed: INIT_GAME
[StateManager] Action executed: INIT_GAME
[StateManager] Action executed: INIT_GAME
[StateManager] Action executed: INIT_GAME
[StateManager] Action executed: INIT_GAME
[StateManager] Action executed: INIT_GAME
[StateManager] Action executed: INIT_GAME
[StateManager] Action executed: INIT_GAME
[StateManager] Action executed: INIT_GAME
[StateManager] Action executed: INIT_GAME
[StateManager] Action executed: INIT_GAME
[StateManager] Action executed: INIT_GAME
[StateManager] Action executed: INIT_GAME
[StateManager] Action executed: INIT_GAME
[StateManager] Action executed: INIT_GAME
[StateManager] Action executed: INIT_GAME
[StateManager] Action executed: INIT_GAME
[StateManager] Action executed: INIT_GAME
[StateManager] Action executed: INIT_GAME
[StateManager] Action executed: INIT_GAME
[StateManager] Action executed: INIT_GAME
[StateManager] Action executed: INIT_GAME
[StateManager] Action executed: INIT_GAME
[StateManager] Action executed: INIT_GAME
[StateManager] Action executed: INIT_GAME
[StateManager] Action executed: INIT_GAME
[StateManager] Action executed: INIT_GAME
[StateManager] Action executed: INIT_GAME
[StateManager] Action executed: INIT_GAME
[StateManager] Action executed: INIT_GAME
[StateManager] Action executed: INIT_GAME
[StateManager] Action executed: INIT_GAME
[StateManager] Action executed: INIT_GAME
[StateManager] Action executed: INIT_GAME
[StateManager] Action executed: INIT_GAME
[StateManager] Action executed: INIT_GAME
[StateManager] Action executed: INIT_GAME
[StateManager] Action executed: INIT_GAME
[StateManager] Action executed: INIT_GAME
[StateManager] Action executed: INIT_GAME
[StateManager] Action executed: INIT_GAME
[StateManager] Action executed: INIT_GAME
[StateManager] Action executed: INIT_GAME
[StateManager] Action executed: INIT_GAME
[StateManager] Action executed: INIT_GAME
[StateManager] Action executed: INIT_GAME
[StateManager] Action executed: INIT_GAME
[StateManager] Action executed: INIT_GAME
[StateManager] Action executed: INIT_GAME
[StateManager] Action executed: INIT_GAME
[StateManager] Action executed: INIT_GAME
[StateManager] Action executed: INIT_GAME
[StateManager] Action executed: INIT_GAME
[StateManager] Action executed: INIT_GAME
[StateManager] Action executed: INIT_GAME
[StateManager] Action executed: INIT_GAME
[StateManager] Action executed: INIT_GAME
[StateManager] Action executed: INIT_GAME
[StateManager] Action executed: INIT_GAME
[StateManager] Action executed: INIT_GAME
[StateManager] Action executed: INIT_GAME
[StateManager] Action executed: INIT_GAME
[StateManager] Action executed: INIT_GAME
[StateManager] Action executed: INIT_GAME
[StateManager] Action executed: INIT_GAME
[StateManager] Action executed: INIT_GAME
[StateManager] Action executed: INIT_GAME
[StateManager] Action executed: INIT_GAME
[StateManager] Action executed: INIT_GAME
[StateManager] Action executed: INIT_GAME
[StateManager] Action executed: INIT_GAME
[StateManager] Action executed: INIT_GAME
[StateManager] Action executed: INIT_GAME
[StateManager] Action executed: INIT_GAME
[StateManager] Action executed: INIT_GAME
[StateManager] Action executed: INIT_GAME
[StateManager] Action executed: INIT_GAME
[StateManager] Action executed: INIT_GAME
[StateManager] Action executed: INIT_GAME
[StateManager] Action executed: INIT_GAME
[StateManager] Action executed: INIT_GAME
[StateManager] Action executed: INIT_GAME
[StateManager] Action executed: INIT_GAME
[StateManager] Action executed: INIT_GAME
[StateManager] Action executed: INIT_GAME
[StateManager] Action executed: INIT_GAME
[StateManager] Action executed: INIT_GAME
[StateManager] Action executed: INIT_GAME
[StateManager] Action executed: INIT_GAME
[StateManager] Action executed: INIT_GAME
[StateManager] Action executed: INIT_GAME
[StateManager] Action executed: INIT_GAME
[StateManager] Action executed: INIT_GAME
[StateManager] Action executed: INIT_GAME
[StateManager] Action executed: INIT_GAME
[StateManager] Action executed: INIT_GAME
[StateManager] Action executed: INIT_GAME
[StateManager] Action executed: INIT_GAME
[StateManager] Action executed: INIT_GAME
[StateManager] Action executed: INIT_GAME
[StateManager] Action executed: INIT_GAME
[StateManager] Action executed: INIT_GAME
[StateManager] Action executed: INIT_GAME
[StateManager] Action executed: INIT_GAME
[StateManager] Action executed: INIT_GAME
[StateManager] Action executed: INIT_GAME
[StateManager] Action executed: INIT_GAME
[StateManager] Action executed: INIT_GAME
[StateManager] Action executed: INIT_GAME
[StateManager] Action executed: INIT_GAME
[StateManager] Action executed: INIT_GAME
[StateManager] Action executed: INIT_GAME
[StateManager] Action executed: INIT_GAME
[StateManager] Action executed: INIT_GAME
[StateManager] Action executed: INIT_GAME
[StateManager] Action executed: INIT_GAME
[StateManager] Action executed: INIT_GAME
[StateManager] Action executed: INIT_GAME
[StateManager] Action executed: INIT_GAME
[StateManager] Action executed: INIT_GAME
[StateManager] Action executed: INIT_GAME
[StateManager] Action executed: INIT_GAME
[StateManager] Action executed: INIT_GAME
[StateManager] Action executed: INIT_GAME
[StateManager] Action executed: INIT_GAME
[StateManager] Action executed: INIT_GAME
[StateManager] Action executed: INIT_GAME
[StateManager] Action executed: INIT_GAME
[StateManager] Action executed: INIT_GAME
[StateManager] Action executed: INIT_GAME
[StateManager] Action executed: INIT_GAME
[StateManager] Action executed: INIT_GAME
[StateManager] Action executed: INIT_GAME
[StateManager] Action executed: INIT_GAME
[StateManager] Action executed: INIT_GAME
[StateManager] Action executed: INIT_GAME
[StateManager] Action executed: INIT_GAME
[StateManager] Action executed: INIT_GAME
[StateManager] Action executed: INIT_GAME
[StateManager] Action executed: INIT_GAME
[StateManager] Action executed: INIT_GAME
[StateManager] Action executed: INIT_GAME
[StateManager] Action executed: INIT_GAME
[StateManager] Action executed: INIT_GAME
[StateManager] Action executed: INIT_GAME
[StateManager] Action executed: INIT_GAME
[StateManager] Action executed: INIT_GAME
[StateManager] Action executed: INIT_GAME
[StateManager] Action executed: INIT_GAME
[StateManager] Action executed: INIT_GAME
[StateManager] Action executed: INIT_GAME
[StateManager] Action executed: INIT_GAME
[StateManager] Action executed: INIT_GAME
[StateManager] Action executed: INIT_GAME
[StateManager] Action executed: INIT_GAME
[StateManager] Action executed: INIT_GAME
[StateManager] Action executed: INIT_GAME
[StateManager] Action executed: INIT_GAME
[StateManager] Action executed: INIT_GAME
[StateManager] Action executed: INIT_GAME
[StateManager] Action executed: INIT_GAME
[StateManager] Action executed: INIT_GAME
[StateManager] Action executed: INIT_GAME
[StateManager] Action executed: INIT_GAME
[StateManager] Action executed: INIT_GAME
[StateManager] Action executed: INIT_GAME
[StateManager] Action executed: INIT_GAME
[StateManager] Action executed: INIT_GAME
[StateManager] Action executed: INIT_GAME
[StateManager] Action executed: INIT_GAME
[StateManager] Action executed: INIT_GAME
[StateManager] Action executed: INIT_GAME
[StateManager] Action executed: INIT_GAME
[StateManager] Action executed: INIT_GAME
[StateManager] Action executed: INIT_GAME
[StateManager] Action executed: INIT_GAME
[StateManager] Action executed: INIT_GAME
[StateManager] Action executed: INIT_GAME
[StateManager] Action executed: INIT_GAME
[StateManager] Action executed: INIT_GAME
[StateManager] Action executed: INIT_GAME
[StateManager] Action executed: INIT_GAME
[StateManager] Action executed: INIT_GAME
[StateManager] Action executed: INIT_GAME
[StateManager] Action executed: INIT_GAME
[StateManager] Action executed: INIT_GAME
[StateManager] Action executed: INIT_GAME
[StateManager] Action executed: INIT_GAME
[StateManager] Action executed: INIT_GAME
[StateManager] Action executed: INIT_GAME
[StateManager] Action executed: INIT_GAME
[StateManager] Action executed: INIT_GAME
[StateManager] Action executed: INIT_GAME
[StateManager] Action executed: INIT_GAME
[StateManager] Action executed: INIT_GAME
[StateManager] Action executed: INIT_GAME
[StateManager] Action executed: INIT_GAME
[StateManager] Action executed: INIT_GAME
[StateManager] Action executed: INIT_GAME
[StateManager] Action executed: INIT_GAME
[StateManager] Action executed: INIT_GAME
[StateManager] Action executed: INIT_GAME
[StateManager] Action executed: INIT_GAME
[StateManager] Action executed: INIT_GAME
[StateManager] Action executed: INIT_GAME
[StateManager] Action executed: INIT_GAME
[StateManager] Action executed: INIT_GAME
[StateManager] Action executed: INIT_GAME
[StateManager] Action executed: INIT_GAME
[StateManager] Action executed: INIT_GAME
[StateManager] Action executed: INIT_GAME
[StateManager] Action executed: INIT_GAME
[StateManager] Action executed: INIT_GAME
[StateManager] Action executed: INIT_GAME
[StateManager] Action executed: INIT_GAME
[StateManager] Action executed: INIT_GAME
[StateManager] Action executed: INIT_GAME
[StateManager] Action executed: INIT_GAME
[StateManager] Action executed: INIT_GAME
[StateManager] Action executed: INIT_GAME
[StateManager] Action executed: INIT_GAME
[StateManager] Action executed: INIT_GAME
[StateManager] Action executed: INIT_GAME
[StateManager] Action executed: INIT_GAME
[StateManager] Action executed: INIT_GAME
[StateManager] Action executed: INIT_GAME
[StateManager] Action executed: INIT_GAME
[StateManager] Action executed: INIT_GAME
[StateManager] Action executed: INIT_GAME
[StateManager] Action executed: INIT_GAME
[StateManager] Action executed: INIT_GAME
[StateManager] Action executed: INIT_GAME
[StateManager] Action executed: INIT_GAME
[StateManager] Action executed: INIT_GAME
[StateManager] Action executed: INIT_GAME
[StateManager] Action executed: INIT_GAME
[StateManager] Action executed: INIT_GAME
[StateManager] Action executed: INIT_GAME
[StateManager] Action executed: INIT_GAME
[StateManager] Action executed: INIT_GAME
[StateManager] Action executed: INIT_GAME
[StateManager] Action executed: INIT_GAME
[StateManager] Action executed: INIT_GAME
[StateManager] Action executed: INIT_GAME
[StateManager] Action executed: INIT_GAME
[StateManager] Action executed: INIT_GAME
[StateManager] Action executed: INIT_GAME
[StateManager] Action executed: INIT_GAME
[StateManager] Action executed: INIT_GAME
[StateManager] Action executed: INIT_GAME
[StateManager] Action executed: INIT_GAME
[StateManager] Action executed: INIT_GAME
[StateManager] Action executed: INIT_GAME
[StateManager] Action executed: INIT_GAME
[StateManager] Action executed: INIT_GAME
[StateManager] Action executed: INIT_GAME
[StateManager] Action executed: INIT_GAME
[StateManager] Action executed: INIT_GAME
[StateManager] Action executed: INIT_GAME
[StateManager] Action executed: INIT_GAME
[StateManager] Action executed: INIT_GAME
[StateManager] Action executed: INIT_GAME
[StateManager] Action executed: INIT_GAME
[StateManager] Action executed: INIT_GAME
[StateManager] Action executed: INIT_GAME
[StateManager] Action executed: INIT_GAME
[StateManager] Action executed: INIT_GAME
[StateManager] Action executed: INIT_GAME
[StateManager] Action executed: INIT_GAME
[StateManager] Action executed: INIT_GAME
[StateManager] Action executed: INIT_GAME
[StateManager] Action executed: INIT_GAME
[StateManager] Action executed: INIT_GAME
[StateManager] Action executed: INIT_GAME
[StateManager] Action executed: INIT_GAME
[StateManager] Action executed: INIT_GAME
[StateManager] Action executed: INIT_GAME
[StateManager] Action executed: INIT_GAME
[StateManager] Action executed: INIT_GAME
[StateManager] Action executed: INIT_GAME
[StateManager] Action executed: INIT_GAME
[StateManager] Action executed: INIT_GAME
[StateManager] Action executed: INIT_GAME
[StateManager] Action executed: INIT_GAME
[StateManager] Action executed: INIT_GAME
[StateManager] Action executed: INIT_GAME
[StateManager] Action executed: INIT_GAME
[StateManager] Action executed: INIT_GAME
[StateManager] Action executed: INIT_GAME
[StateManager] Action executed: INIT_GAME
[StateManager] Action executed: INIT_GAME
[StateManager] Action executed: INIT_GAME
[StateManager] Action executed: INIT_GAME
[StateManager] Action executed: INIT_GAME
[StateManager] Action executed: INIT_GAME
[StateManager] Action executed: INIT_GAME
[StateManager] Action executed: INIT_GAME
[StateManager] Action executed: INIT_GAME
[StateManager] Action executed: INIT_GAME
[StateManager] Action executed: INIT_GAME
[StateManager] Action executed: INIT_GAME
[StateManager] Action executed: INIT_GAME
[StateManager] Action executed: INIT_GAME
[StateManager] Action executed: INIT_GAME
[StateManager] Action executed: INIT_GAME
[StateManager] Action executed: INIT_GAME
[StateManager] Action executed: INIT_GAME
[StateManager] Action executed: INIT_GAME
[StateManager] Action executed: INIT_GAME
[StateManager] Action executed: INIT_GAME
[StateManager] Action executed: INIT_GAME
[StateManager] Action executed: INIT_GAME
[StateManager] Action executed: INIT_GAME
[StateManager] Action executed: INIT_GAME
[StateManager] Action executed: INIT_GAME
[StateManager] Action executed: INIT_GAME
[StateManager] Action executed: INIT_GAME
[StateManager] Action executed: INIT_GAME
[StateManager] Action executed: INIT_GAME
[StateManager] Action executed: INIT_GAME
[StateManager] Action executed: INIT_GAME
[StateManager] Action executed: INIT_GAME
[StateManager] Action executed: INIT_GAME
[StateManager] Action executed: INIT_GAME
[StateManager] Action executed: INIT_GAME
[StateManager] Action executed: INIT_GAME
[StateManager] Action executed: INIT_GAME
[StateManager] Action executed: INIT_GAME
[StateManager] Action executed: INIT_GAME
[StateManager] Action executed: INIT_GAME
[StateManager] Action executed: INIT_GAME
[StateManager] Action executed: INIT_GAME
[StateManager] Action executed: INIT_GAME
[StateManager] Action executed: INIT_GAME
[StateManager] Action executed: INIT_GAME
[StateManager] Action executed: INIT_GAME
[StateManager] Action executed: INIT_GAME
[StateManager] Action executed: INIT_GAME
[StateManager] Action executed: INIT_GAME
[StateManager] Action executed: INIT_GAME
[StateManager] Action executed: INIT_GAME
[StateManager] Action executed: INIT_GAME
[StateManager] Action executed: INIT_GAME
[StateManager] Action executed: INIT_GAME
[StateManager] Action executed: INIT_GAME
[StateManager] Action executed: INIT_GAME
[StateManager] Action executed: INIT_GAME
[StateManager] Action executed: INIT_GAME
[StateManager] Action executed: INIT_GAME
[StateManager] Action executed: INIT_GAME
[StateManager] Action executed: INIT_GAME
[StateManager] Action executed: INIT_GAME
[StateManager] Action executed: INIT_GAME
[StateManager] Action executed: INIT_GAME
[StateManager] Action executed: INIT_GAME
[StateManager] Action executed: INIT_GAME
[StateManager] Action executed: INIT_GAME
[StateManager] Action executed: INIT_GAME
[StateManager] Action executed: INIT_GAME
[StateManager] Action executed: INIT_GAME
[StateManager] Action executed: INIT_GAME
[StateManager] Action executed: INIT_GAME
[StateManager] Action executed: INIT_GAME
[StateManager] Action executed: INIT_GAME
[StateManager] Action executed: INIT_GAME
[StateManager] Action executed: INIT_GAME
[StateManager] Action executed: INIT_GAME
[StateManager] Action executed: INIT_GAME
[StateManager] Action executed: INIT_GAME
[StateManager] Action executed: INIT_GAME
[StateManager] Action executed: INIT_GAME
[StateManager] Action executed: INIT_GAME
[StateManager] Action executed: INIT_GAME
[StateManager] Action executed: INIT_GAME
[StateManager] Action executed: INIT_GAME
[StateManager] Action executed: INIT_GAME
[StateManager] Action executed: INIT_GAME
[StateManager] Action executed: INIT_GAME
[StateManager] Action executed: INIT_GAME
[StateManager] Action executed: INIT_GAME
[StateManager] Action executed: INIT_GAME
[StateManager] Action executed: INIT_GAME
[StateManager] Action executed: INIT_GAME
[StateManager] Action executed: INIT_GAME
[StateManager] Action executed: INIT_GAME
[StateManager] Action executed: INIT_GAME
[StateManager] Action executed: INIT_GAME
[StateManager] Action executed: INIT_GAME
[StateManager] Action executed: INIT_GAME
[StateManager] Action executed: INIT_GAME
[StateManager] Action executed: INIT_GAME
[StateManager] Action executed: INIT_GAME
[StateManager] Action executed: INIT_GAME
[StateManager] Action executed: INIT_GAME
[StateManager] Action executed: INIT_GAME
[StateManager] Action executed: INIT_GAME
[StateManager] Action executed: INIT_GAME
[StateManager] Action executed: INIT_GAME
[StateManager] Action executed: INIT_GAME
[StateManager] Action executed: INIT_GAME
[StateManager] Action executed: INIT_GAME
[StateManager] Action executed: INIT_GAME
[StateManager] Action executed: INIT_GAME
[StateManager] Action executed: INIT_GAME
[StateManager] Action executed: INIT_GAME
[StateManager] Action executed: INIT_GAME
[StateManager] Action executed: INIT_GAME
[StateManager] Action executed: INIT_GAME
[StateManager] Action executed: INIT_GAME
[StateManager] Action executed: INIT_GAME
[StateManager] Action executed: INIT_GAME
[StateManager] Action executed: INIT_GAME
[StateManager] Action executed: INIT_GAME
[StateManager] Action executed: INIT_GAME
[StateManager] Action executed: INIT_GAME
[StateManager] Action executed: INIT_GAME
[StateManager] Action executed: INIT_GAME
[StateManager] Action executed: INIT_GAME
[StateManager] Action executed: INIT_GAME
[StateManager] Action executed: INIT_GAME
[StateManager] Action executed: INIT_GAME
[StateManager] Action executed: INIT_GAME
[StateManager] Action executed: INIT_GAME
[StateManager] Action executed: INIT_GAME
[StateManager] Action executed: INIT_GAME
[StateManager] Action executed: INIT_GAME
[StateManager] Action executed: INIT_GAME
[StateManager] Action executed: INIT_GAME
[StateManager] Action executed: INIT_GAME
[StateManager] Action executed: INIT_GAME
[StateManager] Action executed: INIT_GAME
[StateManager] Action executed: INIT_GAME
[StateManager] Action executed: INIT_GAME
[StateManager] Action executed: INIT_GAME
[StateManager] Action executed: INIT_GAME
[StateManager] Action executed: INIT_GAME
[StateManager] Action executed: INIT_GAME
[StateManager] Action executed: INIT_GAME
[StateManager] Action executed: INIT_GAME
[StateManager] Action executed: INIT_GAME
[StateManager] Action executed: INIT_GAME
[StateManager] Action executed: INIT_GAME
[StateManager] Action executed: INIT_GAME
[StateManager] Action executed: INIT_GAME
[StateManager] Action executed: INIT_GAME
[StateManager] Action executed: INIT_GAME
[StateManager] Action executed: INIT_GAME
[StateManager] Action executed: INIT_GAME
[StateManager] Action executed: INIT_GAME
[StateManager] Action executed: INIT_GAME
[StateManager] Action executed: INIT_GAME
[StateManager] Action executed: INIT_GAME
[StateManager] Action executed: INIT_GAME
[StateManager] Action executed: INIT_GAME
[StateManager] Action executed: INIT_GAME
[StateManager] Action executed: INIT_GAME
[StateManager] Action executed: INIT_GAME
[StateManager] Action executed: INIT_GAME
[StateManager] Action executed: INIT_GAME
[StateManager] Action executed: INIT_GAME
[StateManager] Action executed: INIT_GAME
[StateManager] Action executed: INIT_GAME
[StateManager] Action executed: INIT_GAME
[StateManager] Action executed: INIT_GAME
[StateManager] Action executed: INIT_GAME
[StateManager] Action executed: INIT_GAME
[StateManager] Action executed: INIT_GAME
[StateManager] Action executed: INIT_GAME
[StateManager] Action executed: INIT_GAME
[StateManager] Action executed: INIT_GAME
[StateManager] Action executed: INIT_GAME
[StateManager] Action executed: INIT_GAME
[StateManager] Action executed: INIT_GAME
[StateManager] Action executed: INIT_GAME
[StateManager] Action executed: INIT_GAME
[StateManager] Action executed: INIT_GAME
[StateManager] Action executed: INIT_GAME
[StateManager] Action executed: INIT_GAME
[StateManager] Action executed: INIT_GAME
[StateManager] Action executed: INIT_GAME
[StateManager] Action executed: INIT_GAME
[StateManager] Action executed: INIT_GAME
[StateManager] Action executed: INIT_GAME
[StateManager] Action executed: INIT_GAME
[StateManager] Action executed: INIT_GAME
[StateManager] Action executed: INIT_GAME
[StateManager] Action executed: INIT_GAME
[StateManager] Action executed: INIT_GAME
[StateManager] Action executed: INIT_GAME
[StateManager] Action executed: INIT_GAME
[StateManager] Action executed: INIT_GAME
[StateManager] Action executed: INIT_GAME
[StateManager] Action executed: INIT_GAME
[StateManager] Action executed: INIT_GAME
✅ 完成500次快速连续操作，总动作: 500

stdout | tests/e2e/stress-test.test.ts > 压力测试 > 应该在边界条件下稳定运行
[StateManager] Handler registered: INIT_GAME
[StateManager] Action executed: INIT_GAME
[StateManager] Action executed: INIT_GAME
✅ 边界条件测试通过

stdout | tests/e2e/stress-test.test.ts > 压力测试 > 应该正确处理并发操作
[StateManager] Handler registered: INIT_GAME
[StateManager] Action executed: INIT_GAME
[StateManager] Action executed: INIT_GAME
[StateManager] Action executed: INIT_GAME
[StateManager] Action executed: INIT_GAME
[StateManager] Action executed: INIT_GAME
[StateManager] Action executed: INIT_GAME
[StateManager] Action executed: INIT_GAME
[StateManager] Action executed: INIT_GAME
[StateManager] Action executed: INIT_GAME
[StateManager] Action executed: INIT_GAME
[StateManager] Action executed: INIT_GAME
[StateManager] Action executed: INIT_GAME
[StateManager] Action executed: INIT_GAME
[StateManager] Action executed: INIT_GAME
[StateManager] Action executed: INIT_GAME
[StateManager] Action executed: INIT_GAME
[StateManager] Action executed: INIT_GAME
[StateManager] Action executed: INIT_GAME
[StateManager] Action executed: INIT_GAME
[StateManager] Action executed: INIT_GAME
[StateManager] Action executed: INIT_GAME
[StateManager] Action executed: INIT_GAME
[StateManager] Action executed: INIT_GAME
[StateManager] Action executed: INIT_GAME
[StateManager] Action executed: INIT_GAME
[StateManager] Action executed: INIT_GAME
[StateManager] Action executed: INIT_GAME
[StateManager] Action executed: INIT_GAME
[StateManager] Action executed: INIT_GAME
[StateManager] Action executed: INIT_GAME
[StateManager] Action executed: INIT_GAME
[StateManager] Action executed: INIT_GAME
[StateManager] Action executed: INIT_GAME
[StateManager] Action executed: INIT_GAME
[StateManager] Action executed: INIT_GAME
[StateManager] Action executed: INIT_GAME
[StateManager] Action executed: INIT_GAME
[StateManager] Action executed: INIT_GAME
[StateManager] Action executed: INIT_GAME
[StateManager] Action executed: INIT_GAME
[StateManager] Action executed: INIT_GAME
[StateManager] Action executed: INIT_GAME
[StateManager] Action executed: INIT_GAME
[StateManager] Action executed: INIT_GAME
[StateManager] Action executed: INIT_GAME
[StateManager] Action executed: INIT_GAME
[StateManager] Action executed: INIT_GAME
[StateManager] Action executed: INIT_GAME
[StateManager] Action executed: INIT_GAME
[StateManager] Action executed: INIT_GAME
[StateManager] Action executed: INIT_GAME
[StateManager] Action executed: INIT_GAME
[StateManager] Action executed: INIT_GAME
[StateManager] Action executed: INIT_GAME
[StateManager] Action executed: INIT_GAME
[StateManager] Action executed: INIT_GAME
[StateManager] Action executed: INIT_GAME
[StateManager] Action executed: INIT_GAME
[StateManager] Action executed: INIT_GAME
[StateManager] Action executed: INIT_GAME
[StateManager] Action executed: INIT_GAME
[StateManager] Action executed: INIT_GAME
[StateManager] Action executed: INIT_GAME
[StateManager] Action executed: INIT_GAME
[StateManager] Action executed: INIT_GAME
[StateManager] Action executed: INIT_GAME
[StateManager] Action executed: INIT_GAME
[StateManager] Action executed: INIT_GAME
[StateManager] Action executed: INIT_GAME
[StateManager] Action executed: INIT_GAME
[StateManager] Action executed: INIT_GAME
[StateManager] Action executed: INIT_GAME
[StateManager] Action executed: INIT_GAME
[StateManager] Action executed: INIT_GAME
[StateManager] Action executed: INIT_GAME
[StateManager] Action executed: INIT_GAME
[StateManager] Action executed: INIT_GAME
[StateManager] Action executed: INIT_GAME
[StateManager] Action executed: INIT_GAME
[StateManager] Action executed: INIT_GAME
[StateManager] Action executed: INIT_GAME
[StateManager] Action executed: INIT_GAME
[StateManager] Action executed: INIT_GAME
[StateManager] Action executed: INIT_GAME
[StateManager] Action executed: INIT_GAME
[StateManager] Action executed: INIT_GAME
[StateManager] Action executed: INIT_GAME
[StateManager] Action executed: INIT_GAME
[StateManager] Action executed: INIT_GAME
[StateManager] Action executed: INIT_GAME
[StateManager] Action executed: INIT_GAME
[StateManager] Action executed: INIT_GAME
[StateManager] Action executed: INIT_GAME
[StateManager] Action executed: INIT_GAME
[StateManager] Action executed: INIT_GAME
[StateManager] Action executed: INIT_GAME
[StateManager] Action executed: INIT_GAME
[StateManager] Action executed: INIT_GAME
[StateManager] Action executed: INIT_GAME
[StateManager] Action executed: INIT_GAME
✅ 并发操作测试通过: 100次动作

stdout | tests/e2e/stress-test.test.ts > 压力测试 > 应该验证历史记录限制
[StateManager] Handler registered: INIT_GAME
[StateManager] Action executed: INIT_GAME
[StateManager] Action executed: INIT_GAME
[StateManager] Action executed: INIT_GAME
[StateManager] Action executed: INIT_GAME
[StateManager] Action executed: INIT_GAME
[StateManager] Action executed: INIT_GAME
[StateManager] Action executed: INIT_GAME
[StateManager] Action executed: INIT_GAME
[StateManager] Action executed: INIT_GAME
[StateManager] Action executed: INIT_GAME
[StateManager] Action executed: INIT_GAME
[StateManager] Action executed: INIT_GAME
[StateManager] Action executed: INIT_GAME
[StateManager] Action executed: INIT_GAME
[StateManager] Action executed: INIT_GAME
[StateManager] Action executed: INIT_GAME
[StateManager] Action executed: INIT_GAME
[StateManager] Action executed: INIT_GAME
[StateManager] Action executed: INIT_GAME
[StateManager] Action executed: INIT_GAME
[StateManager] Action executed: INIT_GAME
[StateManager] Action executed: INIT_GAME
[StateManager] Action executed: INIT_GAME
[StateManager] Action executed: INIT_GAME
[StateManager] Action executed: INIT_GAME
[StateManager] Action executed: INIT_GAME
[StateManager] Action executed: INIT_GAME
[StateManager] Action executed: INIT_GAME
[StateManager] Action executed: INIT_GAME
[StateManager] Action executed: INIT_GAME
[StateManager] Action executed: INIT_GAME
[StateManager] Action executed: INIT_GAME
[StateManager] Action executed: INIT_GAME
[StateManager] Action executed: INIT_GAME
[StateManager] Action executed: INIT_GAME
[StateManager] Action executed: INIT_GAME
[StateManager] Action executed: INIT_GAME
[StateManager] Action executed: INIT_GAME
[StateManager] Action executed: INIT_GAME
[StateManager] Action executed: INIT_GAME
[StateManager] Action executed: INIT_GAME
[StateManager] Action executed: INIT_GAME
[StateManager] Action executed: INIT_GAME
[StateManager] Action executed: INIT_GAME
[StateManager] Action executed: INIT_GAME
[StateManager] Action executed: INIT_GAME
[StateManager] Action executed: INIT_GAME
[StateManager] Action executed: INIT_GAME
[StateManager] Action executed: INIT_GAME
[StateManager] Action executed: INIT_GAME
[StateManager] Action executed: INIT_GAME
[StateManager] Action executed: INIT_GAME
[StateManager] Action executed: INIT_GAME
[StateManager] Action executed: INIT_GAME
[StateManager] Action executed: INIT_GAME
[StateManager] Action executed: INIT_GAME
[StateManager] Action executed: INIT_GAME
[StateManager] Action executed: INIT_GAME
[StateManager] Action executed: INIT_GAME
[StateManager] Action executed: INIT_GAME
[StateManager] Action executed: INIT_GAME
[StateManager] Action executed: INIT_GAME
[StateManager] Action executed: INIT_GAME
[StateManager] Action executed: INIT_GAME
[StateManager] Action executed: INIT_GAME
[StateManager] Action executed: INIT_GAME
[StateManager] Action executed: INIT_GAME
[StateManager] Action executed: INIT_GAME
[StateManager] Action executed: INIT_GAME
[StateManager] Action executed: INIT_GAME
[StateManager] Action executed: INIT_GAME
[StateManager] Action executed: INIT_GAME
[StateManager] Action executed: INIT_GAME
[StateManager] Action executed: INIT_GAME
[StateManager] Action executed: INIT_GAME
[StateManager] Action executed: INIT_GAME
[StateManager] Action executed: INIT_GAME
[StateManager] Action executed: INIT_GAME
[StateManager] Action executed: INIT_GAME
[StateManager] Action executed: INIT_GAME
[StateManager] Action executed: INIT_GAME
[StateManager] Action executed: INIT_GAME
[StateManager] Action executed: INIT_GAME
[StateManager] Action executed: INIT_GAME
[StateManager] Action executed: INIT_GAME
[StateManager] Action executed: INIT_GAME
[StateManager] Action executed: INIT_GAME
[StateManager] Action executed: INIT_GAME
[StateManager] Action executed: INIT_GAME
[StateManager] Action executed: INIT_GAME
[StateManager] Action executed: INIT_GAME
[StateManager] Action executed: INIT_GAME
[StateManager] Action executed: INIT_GAME
[StateManager] Action executed: INIT_GAME
[StateManager] Action executed: INIT_GAME
[StateManager] Action executed: INIT_GAME
[StateManager] Action executed: INIT_GAME
[StateManager] Action executed: INIT_GAME
[StateManager] Action executed: INIT_GAME
[StateManager] Action executed: INIT_GAME
✅ 历史记录管理正常，总动作: 100, 历史大小: 50

 × tests/speechIntegration.test.ts > 语音功能集成测试 > 实际游戏场景的语音提示 > 应该正确转换6个5的语音
   → expected '6 5s' to be '6个五' // Object.is equality
 × tests/speechIntegration.test.ts > 语音功能集成测试 > 实际游戏场景的语音提示 > 应该正确转换7个5的语音（墩）
   → expected '7 5s' to be '7个五' // Object.is equality
 × tests/speechIntegration.test.ts > 语音功能集成测试 > 实际游戏场景的语音提示 > 应该正确转换对子的语音
   → expected 'Pair of 5' to be '对五' // Object.is equality
 × tests/speechIntegration.test.ts > 语音功能集成测试 > 实际游戏场景的语音提示 > 应该正确转换三张的语音
   → expected 'Three 5s' to be '三个五' // Object.is equality
 × tests/speechIntegration.test.ts > 语音功能集成测试 > 实际游戏场景的语音提示 > 应该正确转换大小王的语音
   → expected 'Small Joker' to be '小王' // Object.is equality
 ✓ tests/speechIntegration.test.ts > 语音功能集成测试 > 语音功能可用性测试 > 应该检查浏览器是否支持语音
(node:673313) PromiseRejectionHandledWarning: Promise rejection was handled asynchronously (rejection id: 4)
(Use `node --trace-warnings ...` to show where the warning was created)
 ✓ tests/speechIntegration.test.ts > 语音功能集成测试 > 语音功能可用性测试 > 应该能够多次调用speakText而不出错
(node:673313) PromiseRejectionHandledWarning: Promise rejection was handled asynchronously (rejection id: 6)
(node:673313) PromiseRejectionHandledWarning: Promise rejection was handled asynchronously (rejection id: 8)
 ✓ tests/chatSceneFactory.test.ts > 聊天场景工厂 > 获取场景处理器 > 应该能够获取自发聊天处理器
 ✓ tests/chatSceneFactory.test.ts > 聊天场景工厂 > 获取场景处理器 > 应该能够获取事件触发处理器
 ✓ tests/chatSceneFactory.test.ts > 聊天场景工厂 > 获取场景处理器 > 应该能够获取对骂处理器
 ✓ tests/chatSceneFactory.test.ts > 聊天场景工厂 > 获取场景处理器 > 应该为未知场景抛出错误
 ✓ tests/chatSceneFactory.test.ts > 聊天场景工厂 > 事件类型到场景的映射 > RANDOM 应该映射到 SPONTANEOUS
 ✓ tests/chatSceneFactory.test.ts > 聊天场景工厂 > 事件类型到场景的映射 > DEALING 应该映射到 SPONTANEOUS
 ✓ tests/chatSceneFactory.test.ts > 聊天场景工厂 > 事件类型到场景的映射 > GOOD_PLAY 应该映射到 EVENT_DRIVEN
 ✓ tests/chatSceneFactory.test.ts > 聊天场景工厂 > 事件类型到场景的映射 > BIG_DUN 应该映射到 EVENT_DRIVEN
 ✓ tests/chatSceneFactory.test.ts > 聊天场景工厂 > 事件类型到场景的映射 > SCORE_STOLEN 应该映射到 EVENT_DRIVEN
 ✓ tests/chatSceneFactory.test.ts > 聊天场景工厂 > 事件类型到场景的映射 > 所有其他事件类型应该映射到 EVENT_DRIVEN
 ✓ tests/chatSceneFactory.test.ts > 聊天场景工厂 > 注册自定义处理器 > 应该能够注册自定义处理器
 ✓ tests/chatSceneFactory.test.ts > 聊天场景工厂 > 注册自定义处理器 > 应该能够注册事件类型映射
 ✓ tests/chatSceneFactory.test.ts > 聊天场景工厂 > 获取已注册场景 > 应该返回所有已注册的场景
 ✓ tests/aiPlayerAvatar.test.ts > AI玩家头像和状态面板 > 状态信息计算 > 应该正确计算玩家分数
 ✓ tests/aiPlayerAvatar.test.ts > AI玩家头像和状态面板 > 状态信息计算 > 应该正确处理分数为0的情况
 ✓ tests/aiPlayerAvatar.test.ts > AI玩家头像和状态面板 > 状态信息计算 > 应该正确显示名次
 ✓ tests/aiPlayerAvatar.test.ts > AI玩家头像和状态面板 > 状态信息计算 > 应该正确处理没有名次的情况
 ✓ tests/aiPlayerAvatar.test.ts > AI玩家头像和状态面板 > 头像emoji分配 > 应该为不同玩家分配不同的emoji
 ✓ tests/aiPlayerAvatar.test.ts > AI玩家头像和状态面板 > 头像emoji分配 > 应该为8个玩家分配不同的emoji
 ✓ tests/aiPlayerAvatar.test.ts > AI玩家头像和状态面板 > 状态面板数据 > 应该包含分数信息
 ✓ tests/aiPlayerAvatar.test.ts > AI玩家头像和状态面板 > 状态面板数据 > 应该包含名次信息（如果有）
 ✓ tests/aiPlayerAvatar.test.ts > AI玩家头像和状态面板 > 状态面板数据 > 应该正确处理多个玩家的状态
 ✓ tests/aiPlayerAvatar.test.ts > AI玩家头像和状态面板 > 位置计算 > 应该正确计算玩家位置（圆形布局）
 ✓ tests/aiPlayerAvatar.test.ts > AI玩家头像和状态面板 > 位置计算 > 应该为所有玩家计算有效位置
 ✓ tests/gameLogic.test.ts > 游戏逻辑测试 > 牌型判断 > 应该正确识别所有合法牌型
 ✓ tests/gameLogic.test.ts > 游戏逻辑测试 > 牌型判断 > 应该拒绝不合法的牌型组合
 ✓ tests/gameLogic.test.ts > 游戏逻辑测试 > 出牌规则 > 应该正确比较牌的大小
 ✓ tests/gameLogic.test.ts > 游戏逻辑测试 > 出牌规则 > 应该正确处理炸弹压过普通牌型
 ✓ tests/gameLogic.test.ts > 游戏逻辑测试 > 出牌规则 > 应该正确处理墩压过炸弹
 ✓ tests/gameLogic.test.ts > 游戏逻辑测试 > 发牌测试 > 4人游戏应该每人发54张牌
 ✓ tests/gameLogic.test.ts > 游戏逻辑测试 > 发牌测试 > 5人游戏应该每人发54张牌
 ✓ tests/gameLogic.test.ts > 游戏逻辑测试 > 发牌测试 > 发牌应该是随机的
 ✓ tests/jokerRules.test.ts > 大小王特殊规则测试 > 4张以下的大小王规则 > 1张小王应该可以单独出
 ✓ tests/jokerRules.test.ts > 大小王特殊规则测试 > 4张以下的大小王规则 > 2张小王应该可以出对子
 ✓ tests/jokerRules.test.ts > 大小王特殊规则测试 > 4张以下的大小王规则 > 3张小王应该可以出三张
 ✓ tests/jokerRules.test.ts > 大小王特殊规则测试 > 4张以下的大小王规则 > 1小王1大王混合应该被拒绝（4张以下）
 ✓ tests/jokerRules.test.ts > 大小王特殊规则测试 > 4张以下的大小王规则 > 2小王1大王混合应该被拒绝（4张以下）
 ✓ tests/jokerRules.test.ts > 大小王特殊规则测试 > 4张以下的大小王规则 > 大小王混合普通牌应该被拒绝（4张以下）
 ✓ tests/jokerRules.test.ts > 大小王特殊规则测试 > 4张及以上大小王规则 > 4张大小王（2小2大）应该可以一起出作为炸弹
 ✓ tests/jokerRules.test.ts > 大小王特殊规则测试 > 4张及以上大小王规则 > 5张大小王应该可以一起出作为炸弹
 ✓ tests/jokerRules.test.ts > 大小王特殊规则测试 > 4张及以上大小王规则 > 7张大小王应该可以一起出作为墩
 ✓ tests/jokerRules.test.ts > 大小王特殊规则测试 > 大小王与其他牌的比较 > 大王应该比小王大
 ✓ tests/chatContent.test.ts > 聊天内容库 > getChatContent > 应该返回普通话的随机闲聊内容
 ✓ tests/chatContent.test.ts > 聊天内容库 > getChatContent > 应该返回粤语的随机闲聊内容
 ✓ tests/chatContent.test.ts > 聊天内容库 > getChatContent > 应该返回大墩反应（普通话）
 ✓ tests/chatContent.test.ts > 聊天内容库 > getChatContent > 应该返回大墩反应（粤语）
 ✓ tests/chatContent.test.ts > 聊天内容库 > getChatContent > 应该返回分牌被捡走反应（普通话）
 ✓ tests/chatContent.test.ts > 聊天内容库 > getChatContent > 应该返回分牌被捡走反应（粤语）
 ✓ tests/chatContent.test.ts > 聊天内容库 > getChatContent > 应该返回好牌反应（普通话）
 ✓ tests/chatContent.test.ts > 聊天内容库 > getChatContent > 应该返回好牌反应（粤语）
 ✓ tests/chatContent.test.ts > 聊天内容库 > getChatContent > 应该返回对骂内容（普通话）
 ✓ tests/chatContent.test.ts > 聊天内容库 > getChatContent > 应该返回对骂内容（粤语）
 ✓ tests/chatContent.test.ts > 聊天内容库 > getChatContent > 多次调用应该返回不同的内容（随机性）
 ✓ tests/chatContent.test.ts > 聊天内容库 > getRandomChat > 应该返回普通话随机闲聊
 ✓ tests/chatContent.test.ts > 聊天内容库 > getRandomChat > 应该返回粤语随机闲聊
 ✓ tests/chatContent.test.ts > 聊天内容库 > getTaunt > 应该返回普通话对骂内容
 ✓ tests/chatContent.test.ts > 聊天内容库 > getTaunt > 应该返回粤语对骂内容
游戏1/10 [████░░░░░░░░░░░░░░░░░░░░░░░░░░░░░░░░░░░░] 10.0% | 已用: 0ms | 剩余: 0ms ✓ tests/cardSorting.test.ts > cardSorting > sortCards > 应该按从小到大排序 (asc)
 ✓ tests/cardSorting.test.ts > cardSorting > sortCards > 应该按从大到小排序 (desc)
 ✓ tests/cardSorting.test.ts > cardSorting > sortCards > 应该按数字分组排序 (grouped)
 ✓ tests/cardSorting.test.ts > cardSorting > sortCards > 应该处理大小王
 ✓ tests/cardSorting.test.ts > cardSorting > sortCards > 应该处理相同rank不同花色的排序
 ✓ tests/cardSorting.test.ts > cardSorting > sortCards > 应该处理空数组
 ✓ tests/cardSorting.test.ts > cardSorting > sortCards > 应该处理单张牌
 ✓ tests/cardSorting.test.ts > cardSorting > groupCardsByRank > 应该按rank分组卡牌
 ✓ tests/cardSorting.test.ts > cardSorting > groupCardsByRank > 应该处理空数组
 ✓ tests/cardSorting.test.ts > cardSorting > groupCardsByRank > 应该处理所有牌都不同的情况
 ✓ tests/performanceOptimization.test.ts > 性能优化测试 > MCTS快速模式测试 > 应该能在2秒内完成决策（快速模式）
 ✓ tests/performanceOptimization.test.ts > 性能优化测试 > MCTS快速模式测试 > 应该能在超时保护下提前结束
 ✓ tests/performanceOptimization.test.ts > 性能优化测试 > MCTS快速模式测试 > 手牌多时应该自动减少迭代次数
 ✓ tests/performanceOptimization.test.ts > 性能优化测试 > MCTS功能正确性测试 > 快速模式下应该仍然能选择有效的出牌
 ✓ tests/performanceOptimization.test.ts > 性能优化测试 > MCTS功能正确性测试 > 快速模式下应该能处理要不起的情况
 ✓ tests/usePlayerHand.test.ts > usePlayerHand > 应该初始化默认状态
 ✓ tests/usePlayerHand.test.ts > usePlayerHand > 应该能够选择卡片
 ✓ tests/usePlayerHand.test.ts > usePlayerHand > 应该能够取消选择卡片
 ✓ tests/usePlayerHand.test.ts > usePlayerHand > 应该能够切换展开/收起
 ✓ tests/usePlayerHand.test.ts > usePlayerHand > 应该能够清空选中的牌
 ✓ tests/usePlayerHand.test.ts > usePlayerHand > 应该按点数正确分组手牌
 ✓ tests/usePlayerHand.test.ts > usePlayerHand > 在不是玩家回合时不应该允许选择卡片
 ✓ tests/usePlayerHand.test.ts > usePlayerHand > 在游戏非进行中状态时不应该允许选择卡片
 ✓ tests/usePlayerHand.test.ts > usePlayerHand > 应该能够设置选中的牌
 ✓ src/components/ai-control/AIControlDashboard.test.tsx > AIControlDashboard > 应该渲染关闭状态的按钮
 ✓ src/components/ai-control/AIControlDashboard.test.tsx > AIControlDashboard > 点击按钮应该打开控制面板
 ✓ src/components/ai-control/AIControlDashboard.test.tsx > AIControlDashboard > 应该显示所有标签页
 ✓ src/components/ai-control/AIControlDashboard.test.tsx > AIControlDashboard > 应该能够切换标签页
 ✓ src/components/ai-control/AIControlDashboard.test.tsx > AIControlDashboard > 应该能够关闭控制面板
 ✓ src/components/ai-control/AIControlDashboard.test.tsx > AIControlDashboard > 仪表盘应该显示系统状态
 ✓ src/components/ai-control/AIControlDashboard.test.tsx > AIControlDashboard > 应该能够启动和停止监控
 × tests/chatBubbleSync.test.ts > ChatBubble 同步测试 > 应该在语音开始时显示气泡和播放指示器 5038ms
   → Test timed out in 5000ms.
If this is a long-running test, pass a timeout value as the last argument or configure it globally with "testTimeout".
 ✓ tests/progressBar.test.ts > 进度条工具 > createProgressBar > 应该创建基本的进度条
 ✓ tests/progressBar.test.ts > 进度条工具 > createProgressBar > 应该显示正确的百分比
 ✓ tests/progressBar.test.ts > 进度条工具 > createProgressBar > 应该处理完成状态
 ✓ tests/progressBar.test.ts > 进度条工具 > createProgressBar > 应该显示标签
 ✓ tests/progressBar.test.ts > 进度条工具 > createProgressBar > 应该显示时间信息
 ✓ tests/progressBar.test.ts > 进度条工具 > createProgressBar > 应该计算剩余时间
 ✓ tests/progressBar.test.ts > 进度条工具 > createProgressBar > 应该处理0进度
 ✓ tests/progressBar.test.ts > 进度条工具 > createProgressBar > 应该处理自定义宽度
 ✓ tests/progressBar.test.ts > 进度条工具 > createProgressBar > 应该在不显示百分比时隐藏百分比
 ✓ tests/progressBar.test.ts > 进度条工具 > createProgressBar > 应该处理total为0的情况
 ✓ tests/progressBar.test.ts > 进度条工具 > updateProgressBar > 应该在Node.js环境中更新进度条
 ✓ tests/progressBar.test.ts > 进度条工具 > updateProgressBar > 应该在完成时换行
 ✓ tests/progressBar.test.ts > 进度条工具 > clearLine > 应该在Node.js环境中清除行
 ✓ tests/e2e/full-game-flow.test.ts > E2E: 完整游戏流程 > 应该完成一局完整的游戏
 ✓ tests/e2e/full-game-flow.test.ts > E2E: 完整游戏流程 > 应该正确处理游戏流程
 ✓ tests/e2e/full-game-flow.test.ts > E2E: 完整游戏流程 > 应该支持状态不可变性
 ✓ tests/e2e/full-game-flow.test.ts > E2E: 完整游戏流程 > 应该正确处理游戏结束
 ✓ tests/e2e/full-game-flow.test.ts > E2E: 完整游戏流程 > 应该验证无循环依赖
 ✓ tests/dunScoringIntegration.test.ts > 墩的计分规则集成测试 > 墩的识别和计分 > 应该正确识别7张相同牌为墩
 ✓ tests/dunScoringIntegration.test.ts > 墩的计分规则集成测试 > 墩的识别和计分 > 应该正确识别8张相同牌为2墩
 ✓ tests/dunScoringIntegration.test.ts > 墩的计分规则集成测试 > 墩的识别和计分 > 应该正确计算4人游戏中出7张墩的分数
 ✓ tests/dunScoringIntegration.test.ts > 墩的计分规则集成测试 > 墩的识别和计分 > 应该正确计算4人游戏中出8张墩的分数
 ✓ tests/dunScoringIntegration.test.ts > 墩的计分规则集成测试 > 分数守恒性测试 > 4人游戏，1墩：总分变化应该为0（守恒）
 ✓ tests/dunScoringIntegration.test.ts > 墩的计分规则集成测试 > 分数守恒性测试 > 4人游戏，2墩：总分变化应该为0（守恒）
 ✓ tests/dunScoringIntegration.test.ts > 墩的计分规则集成测试 > 分数守恒性测试 > 5人游戏，1墩：总分变化应该为0（守恒）
 ✓ tests/dunScoringIntegration.test.ts > 墩的计分规则集成测试 > 分数守恒性测试 > 8人游戏，1墩：总分变化应该为0（守恒）
 ✓ tests/dunScoringIntegration.test.ts > 墩的计分规则集成测试 > 边界情况测试 > 应该正确处理大量墩的情况（13张=64墩）
 ✓ tests/dunScoringIntegration.test.ts > 墩的计分规则集成测试 > 边界情况测试 > 应该正确处理2人游戏的情况
 ✓ tests/system/audioModule.test.ts > AudioModule > 模块初始化 > 应该正确初始化音频模块
 ✓ tests/system/audioModule.test.ts > AudioModule > 模块初始化 > 应该能够获取模块状态
 ✓ tests/system/audioModule.test.ts > AudioModule > 音频操作 > 应该能够检查语音支持
 ✓ tests/system/audioModule.test.ts > AudioModule > 音频操作 > 应该能够获取可用语音列表
 ✓ tests/system/audioModule.test.ts > AudioModule > 音频操作 > 应该能够预加载音效
 ✓ tests/system/audioModule.test.ts > AudioModule > 音频操作 > 应该能够播放音效
 ✓ tests/system/audioModule.test.ts > AudioModule > 报牌功能 > 应该能够报牌
 ✓ tests/system/audioModule.test.ts > AudioModule > 报牌功能 > 应该能够报"要不起"
 ✓ tests/system/audioModule.test.ts > AudioModule > 配置管理 > 应该能够配置音频模块
 ✓ tests/system/audioModule.test.ts > AudioModule > 配置管理 > 应该能够在禁用状态下跳过音频操作
 ✓ tests/useChatBubbles.test.ts > useChatBubbles > 应该初始化默认状态
 ✓ tests/useChatBubbles.test.ts > useChatBubbles > 应该能够移除聊天气泡
 ✓ tests/useChatBubbles.test.ts > useChatBubbles > 应该能够计算人类玩家的气泡位置
 ✓ tests/useChatBubbles.test.ts > useChatBubbles > 应该能够计算AI玩家的气泡位置
 ✓ tests/useChatBubbles.test.ts > useChatBubbles > 应该监听聊天消息并添加气泡
 × tests/chatBubbleSync.test.ts > ChatBubble 同步测试 > 应该在语音结束时开始淡出 5018ms
   → Test timed out in 5000ms.
If this is a long-running test, pass a timeout value as the last argument or configure it globally with "testTimeout".
 ✓ tests/regression/pure-functions/mcts.regression.test.ts > MCTS算法回归测试 > UCT计算 - 一致性测试 > 相同输入应该产生相同输出
 ✓ tests/regression/pure-functions/mcts.regression.test.ts > MCTS算法回归测试 > 评估函数 - 一致性测试 > 评估函数应该存在
 ✓ tests/regression/pure-functions/mcts.regression.test.ts > MCTS算法回归测试 > 动作生成 - 一致性测试 > 相同手牌应该生成相同的动作列表
 ✓ tests/regression/pure-functions/mcts.regression.test.ts > MCTS算法回归测试 > 综合测试 - 50个随机场景 > UCT计算应该保持一致
 ✓ tests/gameMode/IndividualModeStrategy.test.ts > IndividualModeStrategy > getModeName > 应该返回正确的模式名称
 ✓ tests/gameMode/IndividualModeStrategy.test.ts > IndividualModeStrategy > shouldGameEnd > 应该在只剩1个玩家有牌时返回true
 ✓ tests/gameMode/IndividualModeStrategy.test.ts > IndividualModeStrategy > shouldGameEnd > 应该在有2个以上玩家有牌时返回false
 ✓ tests/gameMode/IndividualModeStrategy.test.ts > IndividualModeStrategy > shouldGameEnd > 应该在所有玩家都出完时返回true
 ✓ tests/gameMode/IndividualModeStrategy.test.ts > IndividualModeStrategy > findNextPlayerForNewRound > 应该在接风玩家还有牌时返回接风玩家
 ✓ tests/gameMode/IndividualModeStrategy.test.ts > IndividualModeStrategy > findNextPlayerForNewRound > 应该在接风玩家出完后返回下一个有牌的玩家
 ✓ tests/gameMode/IndividualModeStrategy.test.ts > IndividualModeStrategy > findNextPlayerForNewRound > 应该在winnerIndex为null时返回第一个有牌的玩家
 ✓ tests/gameMode/IndividualModeStrategy.test.ts > IndividualModeStrategy > getResultScreenType > 应该返回individual
stdout | tests/gameMode/IndividualModeStrategy.test.ts > IndividualModeStrategy > findNextPlayerForNewRound > 应该在接风玩家还有牌时返回接风玩家
[个人模式] 找下一个玩家，winnerIndex: 1
[个人模式] 接风玩家还有牌，返回: 1

stdout | tests/gameMode/IndividualModeStrategy.test.ts > IndividualModeStrategy > findNextPlayerForNewRound > 应该在接风玩家出完后返回下一个有牌的玩家
[个人模式] 找下一个玩家，winnerIndex: 1
[个人模式] 接风玩家已出完，下一个玩家: 2

stdout | tests/gameMode/IndividualModeStrategy.test.ts > IndividualModeStrategy > findNextPlayerForNewRound > 应该在winnerIndex为null时返回第一个有牌的玩家
[个人模式] 找下一个玩家，winnerIndex: null

 ✓ tests/useGameConfig.test.ts > useGameConfig > 应该初始化默认配置
 ✓ tests/useGameConfig.test.ts > useGameConfig > 应该能够更新玩家数量
 ✓ tests/useGameConfig.test.ts > useGameConfig > 应该能够更新人类玩家位置
 ✓ tests/useGameConfig.test.ts > useGameConfig > 应该能够更新AI策略
 ✓ tests/useGameConfig.test.ts > useGameConfig > 应该能够更新AI算法
 ✓ tests/useGameConfig.test.ts > useGameConfig > 应该能够处理开始游戏
 ✓ tests/useGameConfig.test.ts > useGameConfig > 应该为每个玩家创建正确的AI配置
游戏1/5 [████████░░░░░░░░░░░░░░░░░░░░░░░░░░░░░░░░] 20.0% | 已用: 0ms | 剩余: 0ms × tests/chatBubbleSync.test.ts > ChatBubble 同步测试 > 应该在播放中显示 speaking 类名和播放指示器 7722ms
   → Test timed out in 5000ms.
If this is a long-running test, pass a timeout value as the last argument or configure it globally with "testTimeout".
 × tests/chatBubbleSync.test.ts > ChatBubble 同步测试 > 应该在没有语音时使用超时保护机制 5008ms
   → Test timed out in 5000ms.
If this is a long-running test, pass a timeout value as the last argument or configure it globally with "testTimeout".
stdout | tests/unit/scheduler/ScheduleManager.test.ts > ScheduleManager > 基础功能 > 应该调度下一个玩家
[TaskQueue] Task enqueued: player_turn (queue size: 1)
[TaskQueue] Processing task: player_turn (id: turn-1764969230386)
[ScheduleManager] Executing: player_turn

 ✓ tests/unit/scheduler/ScheduleManager.test.ts > ScheduleManager > 基础功能 > 应该创建ScheduleManager
stdout | tests/unit/scheduler/ScheduleManager.test.ts > ScheduleManager > 清理功能 > 应该清空所有任务
[TaskQueue] Task enqueued: player_turn (queue size: 1)
[TaskQueue] Processing task: player_turn (id: turn-1764969230401)
[ScheduleManager] Executing: player_turn
[TaskQueue] Cleared all 0 tasks

stdout | tests/unit/scheduler/ScheduleManager.test.ts > ScheduleManager > 统计功能 > 应该提供统计信息
[TaskQueue] Task enqueued: player_turn (queue size: 1)
[TaskQueue] Processing task: player_turn (id: turn-1764969230402)
[ScheduleManager] Executing: player_turn

 ✓ tests/unit/scheduler/ScheduleManager.test.ts > ScheduleManager > 基础功能 > 应该调度下一个玩家
 ✓ tests/unit/scheduler/ScheduleManager.test.ts > ScheduleManager > 清理功能 > 应该清空所有任务
 ✓ tests/unit/scheduler/ScheduleManager.test.ts > ScheduleManager > 统计功能 > 应该提供统计信息
 ✓ tests/unit/modules/ScoreModule.test.ts > ScoreModule > allocateRoundScore > 应该分配分数给获胜者
 ✓ tests/unit/modules/ScoreModule.test.ts > ScoreModule > allocateRoundScore > 无效的获胜者ID应该抛出错误
 ✓ tests/unit/modules/ScoreModule.test.ts > ScoreModule > calculatePlayerTotalScore > 应该返回玩家分数
 ✓ tests/unit/modules/ScoreModule.test.ts > ScoreModule > calculatePlayerTotalScore > 未设置分数应该返回0
 ✓ tests/unit/modules/ScoreModule.test.ts > ScoreModule > calculateAllScores > 应该计算所有玩家分数
 ✓ tests/unit/modules/ScoreModule.test.ts > ScoreModule > updatePlayerScore > 应该更新玩家分数
 ✓ tests/unit/modules/ScoreModule.test.ts > ScoreModule > updatePlayerScore > 无效索引应该抛出错误
 ✓ tests/integration.test.ts > 集成测试 > 完整游戏流程 > 应该能够完成一轮出牌流程
 ✓ tests/integration.test.ts > 集成测试 > 完整游戏流程 > 应该正确处理炸弹压过普通牌型
 ✓ tests/integration.test.ts > 集成测试 > 边界情况测试 > 空手牌应该无法出牌
 ✓ tests/integration.test.ts > 集成测试 > 边界情况测试 > 单张牌应该可以出
 ✓ tests/integration.test.ts > 集成测试 > 边界情况测试 > 最大单牌（2）应该可以压过其他单牌
 ✓ tests/gameMode/GameModeFactory.test.ts > GameModeFactory > isTeamModeConfig > 应该在teamMode=true且playerCount=4时返回true
 ✓ tests/gameMode/GameModeFactory.test.ts > GameModeFactory > isTeamModeConfig > 应该在teamMode=true且playerCount=6时返回true
 ✓ tests/gameMode/GameModeFactory.test.ts > GameModeFactory > isTeamModeConfig > 应该在teamMode=false时返回false
 ✓ tests/gameMode/GameModeFactory.test.ts > GameModeFactory > isTeamModeConfig > 应该在playerCount不是4或6时返回false
 ✓ tests/gameMode/GameModeFactory.test.ts > GameModeFactory > createGameModeStrategy > 应该为团队模式创建TeamModeStrategy
 ✓ tests/gameMode/GameModeFactory.test.ts > GameModeFactory > createGameModeStrategy > 应该为个人模式创建IndividualModeStrategy
 ✓ tests/gameMode/GameModeFactory.test.ts > GameModeFactory > createGameModeStrategy > 应该在teamMode未设置时创建IndividualModeStrategy
stdout | tests/gameMode/GameModeFactory.test.ts > GameModeFactory > createGameModeStrategy > 应该为团队模式创建TeamModeStrategy
[GameModeFactory] 创建团队模式策略

stdout | tests/gameMode/GameModeFactory.test.ts > GameModeFactory > createGameModeStrategy > 应该为个人模式创建IndividualModeStrategy
[GameModeFactory] 创建个人模式策略

stdout | tests/gameMode/GameModeFactory.test.ts > GameModeFactory > createGameModeStrategy > 应该在teamMode未设置时创建IndividualModeStrategy
[GameModeFactory] 创建个人模式策略

 ✓ tests/unit/modules/DealingModule.test.ts > DealingModule > dealAndUpdateState > 应该发牌并更新状态
 ✓ tests/unit/modules/DealingModule.test.ts > DealingModule > assignHandsToPlayers > 应该分配手牌给玩家
 ✓ tests/unit/modules/DealingModule.test.ts > DealingModule > assignHandsToPlayers > 手牌数量不匹配应该抛出错误
游戏1/10 [████░░░░░░░░░░░░░░░░░░░░░░░░░░░░░░░░░░░░] 10.0% | 已用: 0ms | 剩余: 0ms正在运行第 1/5 局游戏...第 1/5 局完成 (耗时: 1.9秒) - 对手胜
游戏2/5 [████████████████░░░░░░░░░░░░░░░░░░░░░░░░] 40.0% | 已用: 1.9秒 | 剩余: 2.9秒正在运行第 2/5 局游戏...第 2/5 局完成 (耗时: 6.1秒) - 对手胜
游戏3/5 [████████████████████████░░░░░░░░░░░░░░░░] 60.0% | 已用: 8.1秒 | 剩余: 5.4秒正在运行第 3/5 局游戏...第 3/5 局完成 (耗时: 1.3秒) - 对手胜
游戏4/5 [████████████████████████████████░░░░░░░░] 80.0% | 已用: 9.4秒 | 剩余: 2.3秒正在运行第 4/5 局游戏...第 4/5 局完成 (耗时: 1.3秒) - 对手胜
游戏5/5 [████████████████████████████████████████] 100.0% | 已用: 10.7秒
正在运行第 5/5 局游戏...第 5/5 局完成 (耗时: 1.3秒) - 对手胜
                                                                                配置1/2 游戏1/3 [██████░░░░░░░░░░░░░░░░░░░░░░░░░░░░░░░░░░] 16.7% | 已用: 0ms | 剩余: 0ms配置1/2 游戏2/3 [█████████████░░░░░░░░░░░░░░░░░░░░░░░░░░░] 33.3% | 已用: 1.4秒 | 剩余: 2.8秒配置1/2 游戏3/3 [████████████████████░░░░░░░░░░░░░░░░░░░░] 50.0% | 已用: 3.0秒 | 剩余: 3.0秒                                                                                配置2/2 游戏1/3 [██████████████████████████░░░░░░░░░░░░░░] 66.7% | 已用: 5.1秒 | 剩余: 2.5秒配置2/2 游戏2/3 [█████████████████████████████████░░░░░░░] 83.3% | 已用: 6.7秒 | 剩余: 1.3秒配置2/2 游戏3/3 [████████████████████████████████████████] 100.0% | 已用: 8.5秒
                                                                                游戏1/10 [████░░░░░░░░░░░░░░░░░░░░░░░░░░░░░░░░░░░░] 10.0% | 已用: 0ms | 剩余: 0ms正在运行第 1/10 局游戏...第 1/10 局完成 (耗时: 1.7秒) - 对手胜
游戏2/10 [████████░░░░░░░░░░░░░░░░░░░░░░░░░░░░░░░░] 20.0% | 已用: 1.7秒 | 剩余: 6.9秒正在运行第 2/10 局游戏...第 2/10 局完成 (耗时: 1.7秒) - 对手胜
游戏3/10 [████████████░░░░░░░░░░░░░░░░░░░░░░░░░░░░] 30.0% | 已用: 3.4秒 | 剩余: 8.0秒正在运行第 3/10 局游戏...第 3/10 局完成 (耗时: 2.0秒) - 对手胜
游戏4/10 [████████████████░░░░░░░░░░░░░░░░░░░░░░░░] 40.0% | 已用: 5.4秒 | 剩余: 8.1秒正在运行第 4/10 局游戏...第 4/10 局完成 (耗时: 1.7秒) - 对手胜
游戏5/10 [████████████████████░░░░░░░░░░░░░░░░░░░░] 50.0% | 已用: 7.1秒 | 剩余: 7.1秒正在运行第 5/10 局游戏...第 5/10 局完成 (耗时: 1.8秒) - 对手胜
游戏6/10 [████████████████████████░░░░░░░░░░░░░░░░] 60.0% | 已用: 8.9秒 | 剩余: 6.0秒正在运行第 6/10 局游戏...第 6/10 局完成 (耗时: 1.7秒) - 对手胜
游戏7/10 [████████████████████████████░░░░░░░░░░░░] 70.0% | 已用: 10.7秒 | 剩余: 4.6秒正在运行第 7/10 局游戏...第 7/10 局完成 (耗时: 1.7秒) - 对手胜
游戏8/10 [████████████████████████████████░░░░░░░░] 80.0% | 已用: 12.4秒 | 剩余: 3.1秒正在运行第 8/10 局游戏...第 8/10 局完成 (耗时: 1.7秒) - 对手胜
游戏9/10 [████████████████████████████████████░░░░] 90.0% | 已用: 14.1秒 | 剩余: 1.6秒正在运行第 9/10 局游戏...第 9/10 局完成 (耗时: 1.7秒) - 对手胜
游戏10/10 [████████████████████████████████████████] 100.0% | 已用: 15.9秒
正在运行第 10/10 局游戏...第 10/10 局完成 (耗时: 4.5秒) - 对手胜
                                                                                游戏1/10 [████░░░░░░░░░░░░░░░░░░░░░░░░░░░░░░░░░░░░] 10.0% | 已用: 0ms | 剩余: 0ms正在运行第 1/10 局游戏...第 1/10 局完成 (耗时: 2.1秒) - 对手胜
游戏2/10 [████████░░░░░░░░░░░░░░░░░░░░░░░░░░░░░░░░] 20.0% | 已用: 2.1秒 | 剩余: 8.4秒正在运行第 2/10 局游戏...第 2/10 局完成 (耗时: 2.1秒) - 对手胜
游戏3/10 [████████████░░░░░░░░░░░░░░░░░░░░░░░░░░░░] 30.0% | 已用: 4.2秒 | 剩余: 9.7秒正在运行第 3/10 局游戏...第 3/10 局完成 (耗时: 2.2秒) - 对手胜
游戏4/10 [████████████████░░░░░░░░░░░░░░░░░░░░░░░░] 40.0% | 已用: 6.3秒 | 剩余: 9.5秒正在运行第 4/10 局游戏...第 4/10 局完成 (耗时: 1.8秒) - 对手胜
游戏5/10 [████████████████████░░░░░░░░░░░░░░░░░░░░] 50.0% | 已用: 8.2秒 | 剩余: 8.2秒正在运行第 5/10 局游戏...第 5/10 局完成 (耗时: 2.0秒) - 对手胜
游戏6/10 [████████████████████████░░░░░░░░░░░░░░░░] 60.0% | 已用: 10.2秒 | 剩余: 6.8秒正在运行第 6/10 局游戏...第 6/10 局完成 (耗时: 2.5秒) - 对手胜
游戏7/10 [████████████████████████████░░░░░░░░░░░░] 70.0% | 已用: 12.7秒 | 剩余: 5.5秒正在运行第 7/10 局游戏...第 7/10 局完成 (耗时: 2.1秒) - 对手胜
游戏8/10 [████████████████████████████████░░░░░░░░] 80.0% | 已用: 14.8秒 | 剩余: 3.7秒正在运行第 8/10 局游戏...第 8/10 局完成 (耗时: 2.1秒) - 对手胜
游戏9/10 [████████████████████████████████████░░░░] 90.0% | 已用: 16.9秒 | 剩余: 1.9秒正在运行第 9/10 局游戏...第 9/10 局完成 (耗时: 1.9秒) - 对手胜
游戏10/10 [████████████████████████████████████████] 100.0% | 已用: 18.8秒
正在运行第 10/10 局游戏...第 10/10 局完成 (耗时: 2.0秒) - 对手胜
                                                                                 ✓ tests/mctsTrainingRegression.test.ts > MCTS训练功能回归测试 > 配置分离测试 > 应该支持不同的训练和游戏配置
 ✓ tests/mctsTrainingRegression.test.ts > MCTS训练功能回归测试 > 进度条集成测试 > 应该在训练过程中显示进度
 ✓ tests/mctsTrainingRegression.test.ts > MCTS训练功能回归测试 > MCTS算法集成测试 > 应该能够完整运行MCTS流程
 ✓ tests/mctsTrainingRegression.test.ts > MCTS训练功能回归测试 > 游戏模拟集成测试 > 应该能够模拟完整游戏
 ✓ tests/mctsTrainingRegression.test.ts > MCTS训练功能回归测试 > 快速测试配置回归 > 应该能够运行快速测试 11932ms
 ✓ tests/mctsTrainingRegression.test.ts > MCTS训练功能回归测试 > 参数微调回归 > 应该能够测试不同参数组合 10160ms
 ✓ tests/mctsTrainingRegression.test.ts > MCTS训练功能回归测试 > 完全信息模式回归 > 应该在使用完全信息时表现更好 41137ms
 ✓ tests/mctsTrainingRegression.test.ts > MCTS训练功能回归测试 > 节点扩展回归 > 应该能够扩展节点并更新游戏状态
游戏1/1 [████████████████████████████████████████] 100.0% | 已用: 0ms ✓ tests/quickTuningFast.test.ts > 超快速微调测试（演示用） > 应该能够快速测试2个探索常数 45694ms
stdout | tests/quickTuningFast.test.ts > 超快速微调测试（演示用） > 应该能够快速测试2个探索常数

============================================================
🚀 超快速微调测试（演示用）
测试2个探索常数，每个配置5局
预计耗时：约2-3分钟
============================================================


[1/2] 测试探索常数: 1
  迭代次数: 200, 模拟深度: 30

[2/2] 测试探索常数: 1.414
  迭代次数: 200, 模拟深度: 30

============================================================
🎉 快速测试完成！
⏱️  总耗时: 45.7秒 (约0.8分钟)
============================================================

📊 结果对比:

1. 探索常数: 1
   胜率: 0.00%
   平均分数: 0.00
   平均回合数: 83.4

2. 探索常数: 1.414
   胜率: 0.00%
   平均分数: 0.00
   平均回合数: 92.2

🏆 最佳探索常数: 1
   胜率: 0.00%

💡 提示: 这只是快速演示，要获得准确结果，建议：
   - 增加对局数到20-50局
   - 增加迭代次数到500-1000
   - 增加模拟深度到50-100

正在运行第 1/5 局游戏...第 1/5 局完成 (耗时: 4.2秒) - 对手胜
游戏2/5 [████████████████░░░░░░░░░░░░░░░░░░░░░░░░] 40.0% | 已用: 4.2秒 | 剩余: 6.2秒正在运行第 2/5 局游戏...第 2/5 局完成 (耗时: 3.8秒) - 对手胜
游戏3/5 [████████████████████████░░░░░░░░░░░░░░░░] 60.0% | 已用: 7.9秒 | 剩余: 5.3秒正在运行第 3/5 局游戏...第 3/5 局完成 (耗时: 3.8秒) - 对手胜
游戏4/5 [████████████████████████████████░░░░░░░░] 80.0% | 已用: 11.7秒 | 剩余: 2.9秒正在运行第 4/5 局游戏...第 4/5 局完成 (耗时: 3.6秒) - 对手胜
游戏5/5 [████████████████████████████████████████] 100.0% | 已用: 15.3秒
正在运行第 5/5 局游戏...第 5/5 局完成 (耗时: 3.6秒) - 对手胜
                                                                                游戏1/5 [████████░░░░░░░░░░░░░░░░░░░░░░░░░░░░░░░░] 20.0% | 已用: 0ms | 剩余: 0ms正在运行第 1/5 局游戏...第 1/5 局完成 (耗时: 4.0秒) - 对手胜
游戏2/5 [████████████████░░░░░░░░░░░░░░░░░░░░░░░░] 40.0% | 已用: 4.0秒 | 剩余: 6.0秒正在运行第 2/5 局游戏...第 2/5 局完成 (耗时: 4.1秒) - 对手胜
游戏3/5 [████████████████████████░░░░░░░░░░░░░░░░] 60.0% | 已用: 8.1秒 | 剩余: 5.4秒正在运行第 3/5 局游戏...第 3/5 局完成 (耗时: 7.2秒) - 对手胜
游戏4/5 [████████████████████████████████░░░░░░░░] 80.0% | 已用: 15.3秒 | 剩余: 3.8秒正在运行第 4/5 局游戏...第 4/5 局完成 (耗时: 5.6秒) - 对手胜
游戏5/5 [████████████████████████████████████████] 100.0% | 已用: 20.9秒
正在运行第 5/5 局游戏...第 5/5 局完成 (耗时: 5.9秒) - 对手胜
                                                                                 ✓ tests/unit/modules/GameFlowModule.test.ts > GameFlowModule > startGame应该更新状态为PLAYING
 ✓ tests/unit/modules/GameFlowModule.test.ts > GameFlowModule > endGame应该设置获胜者并结束
 ✓ tests/unit/modules/GameFlowModule.test.ts > GameFlowModule > checkGameEnd应该检测游戏结束
 ✓ tests/unit/modules/GameFlowModule.test.ts > GameFlowModule > findNextPlayer应该找到有牌的玩家
 ✓ tests/system/systemConfig.test.ts > useSystemConfig > 配置状态 > 应该能够读取初始配置
 ✓ tests/system/systemConfig.test.ts > useSystemConfig > 配置状态 > 应该能够更新验证模块配置
 ✓ tests/mctsTuningQuick.test.ts > MCTS微调快速验证 > 应该能够运行单局测试 2211ms
 ✓ tests/mctsTuningQuick.test.ts > MCTS微调快速验证 > 应该能够运行少量对局测试 27818ms
stdout | tests/mctsTuningQuick.test.ts > MCTS微调快速验证 > 应该能够运行单局测试

开始快速验证测试（1局游戏）...
测试完成，耗时: 2.21秒
结果: 胜率=0.00%, 分数=0, 回合数=88.0

stdout | tests/mctsTuningQuick.test.ts > MCTS微调快速验证 > 应该能够运行少量对局测试

开始少量对局测试（5局游戏）...
测试完成，耗时: 27.82秒
平均每局耗时: 5.56秒
结果: 胜率=0.00%, 平均分数=0.00, 平均回合数=93.0


正在运行第 1/1 局游戏...第 1/1 局完成 (耗时: 2.2秒) - 对手胜
                                                                                游戏1/5 [████████░░░░░░░░░░░░░░░░░░░░░░░░░░░░░░░░] 20.0% | 已用: 0ms | 剩余: 0ms正在运行第 1/5 局游戏...第 1/5 局完成 (耗时: 3.9秒) - 对手胜
游戏2/5 [████████████████░░░░░░░░░░░░░░░░░░░░░░░░] 40.0% | 已用: 3.9秒 | 剩余: 5.9秒正在运行第 2/5 局游戏...第 2/5 局完成 (耗时: 7.0秒) - 对手胜
游戏3/5 [████████████████████████░░░░░░░░░░░░░░░░] 60.0% | 已用: 11.0秒 | 剩余: 7.3秒正在运行第 3/5 局游戏...第 3/5 局完成 (耗时: 5.1秒) - 对手胜
游戏4/5 [████████████████████████████████░░░░░░░░] 80.0% | 已用: 16.1秒 | 剩余: 4.0秒正在运行第 4/5 局游戏...第 4/5 局完成 (耗时: 6.4秒) - 对手胜
游戏5/5 [████████████████████████████████████████] 100.0% | 已用: 22.5秒
正在运行第 5/5 局游戏...第 5/5 局完成 (耗时: 5.3秒) - 对手胜
                                                                                游戏1/20 [██░░░░░░░░░░░░░░░░░░░░░░░░░░░░░░░░░░░░░░] 5.0% | 已用: 0ms | 剩余: 0msstdout | tests/mctsTuningWithProgress.test.ts > MCTS微调测试（带进度条） > 应该能够显示进度条和时间估算

开始测试进度条显示（10局游戏）...

测试完成: 胜率=0.00%

stdout | tests/mctsTuningWithProgress.test.ts > MCTS微调测试（带进度条） > 应该能够运行完整微调并显示进度

开始完整微调测试（小规模）...
这将测试进度条和时间估算功能

=== 所有配置结果 ===

1. 配置:
   探索常数: 1
   迭代次数: 500
   模拟深度: 50
   胜率: 0.00%
   平均分数: 0.00

2. 配置:
   探索常数: 1.414
   迭代次数: 500
   模拟深度: 50
   胜率: 0.00%
   平均分数: 0.00

正在运行第 1/10 局游戏...第 1/10 局完成 (耗时: 9.7秒) - 对手胜
游戏2/10 [████████░░░░░░░░░░░░░░░░░░░░░░░░░░░░░░░░] 20.0% | 已用: 9.7秒 | 剩余: 38.6秒正在运行第 2/10 局游戏...第 2/10 局完成 (耗时: 14.5秒) - 对手胜
游戏3/10 [████████████░░░░░░░░░░░░░░░░░░░░░░░░░░░░] 30.0% | 已用: 24.2秒 | 剩余: 56.4秒正在运行第 3/10 局游戏...第 3/10 局完成 (耗时: 13.3秒) - 对手胜
游戏4/10 [████████████████░░░░░░░░░░░░░░░░░░░░░░░░] 40.0% | 已用: 37.5秒 | 剩余: 56.2秒正在运行第 4/10 局游戏...第 4/10 局完成 (耗时: 11.7秒) - 对手胜
游戏5/10 [████████████████████░░░░░░░░░░░░░░░░░░░░] 50.0% | 已用: 49.2秒 | 剩余: 49.2秒正在运行第 5/10 局游戏...第 5/10 局完成 (耗时: 12.9秒) - 对手胜
游戏6/10 [████████████████████████░░░░░░░░░░░░░░░░] 60.0% | 已用: 1分2秒 | 剩余: 41.4秒正在运行第 6/10 局游戏...第 6/10 局完成 (耗时: 10.1秒) - 对手胜
游戏7/10 [████████████████████████████░░░░░░░░░░░░] 70.0% | 已用: 1分12秒 | 剩余: 30.9秒正在运行第 7/10 局游戏...第 7/10 局完成 (耗时: 8.9秒) - 对手胜
游戏8/10 [████████████████████████████████░░░░░░░░] 80.0% | 已用: 1分21秒 | 剩余: 20.3秒正在运行第 8/10 局游戏...第 8/10 局完成 (耗时: 8.5秒) - 对手胜
游戏9/10 [████████████████████████████████████░░░░] 90.0% | 已用: 1分29秒 | 剩余: 10.0秒正在运行第 9/10 局游戏...第 9/10 局完成 (耗时: 8.9秒) - 对手胜
游戏10/10 [████████████████████████████████████████] 100.0% | 已用: 1分38秒
正在运行第 10/10 局游戏...第 10/10 局完成 (耗时: 10.7秒) - 对手胜
                                                                                配置1/2 游戏1/10 [██░░░░░░░░░░░░░░░░░░░░░░░░░░░░░░░░░░░░░░] 5.0% | 已用: 0ms | 剩余: 0ms配置1/2 游戏2/10 [████░░░░░░░░░░░░░░░░░░░░░░░░░░░░░░░░░░░░] 10.0% | 已用: 9.2秒 | 剩余: 1分22秒配置1/2 游戏3/10 [██████░░░░░░░░░░░░░░░░░░░░░░░░░░░░░░░░░░] 15.0% | 已用: 17.1秒 | 剩余: 1分37秒配置1/2 游戏4/10 [████████░░░░░░░░░░░░░░░░░░░░░░░░░░░░░░░░] 20.0% | 已用: 26.1秒 | 剩余: 1分44秒配置1/2 游戏5/10 [██████████░░░░░░░░░░░░░░░░░░░░░░░░░░░░░░] 25.0% | 已用: 37.2秒 | 剩余: 1分51秒配置1/2 游戏6/10 [████████████░░░░░░░░░░░░░░░░░░░░░░░░░░░░] 30.0% | 已用: 45.8秒 | 剩余: 1分46秒配置1/2 游戏7/10 [██████████████░░░░░░░░░░░░░░░░░░░░░░░░░░] 35.0% | 已用: 53.9秒 | 剩余: 1分40秒配置1/2 游戏8/10 [████████████████░░░░░░░░░░░░░░░░░░░░░░░░] 40.0% | 已用: 1分2秒 | 剩余: 1分33秒配置1/2 游戏9/10 [██████████████████░░░░░░░░░░░░░░░░░░░░░░] 45.0% | 已用: 1分12秒 | 剩余: 1分28秒配置1/2 游戏10/10 [████████████████████░░░░░░░░░░░░░░░░░░░░] 50.0% | 已用: 1分21秒 | 剩余: 1分21秒                                                                                配置2/2 游戏1/10 [██████████████████████░░░░░░░░░░░░░░░░░░] 55.0% | 已用: 1分30秒 | 剩余: 1分13秒配置2/2 游戏2/10 [████████████████████████░░░░░░░░░░░░░░░░] 60.0% | 已用: 1分41秒 | 剩余: 1分7秒配置2/2 游戏3/10 [██████████████████████████░░░░░░░░░░░░░░] 65.0% | 已用: 1分51秒 | 剩余: 59.8秒配置2/2 游戏4/10 [████████████████████████████░░░░░░░░░░░░] 70.0% | 已用: 1分58秒 | 剩余: 51.0秒配置2/2 游戏5/10 [██████████████████████████████░░░░░░░░░░] 75.0% | 已用: 2分7秒 | 剩余: 42.5秒配置2/2 游戏6/10 [████████████████████████████████░░░░░░░░] 80.0% | 已用: 2分17秒 | 剩余: 34.4秒配置2/2 游戏7/10 [██████████████████████████████████░░░░░░] 85.0% | 已用: 2分27秒 | 剩余: 26.0秒配置2/2 游戏8/10 [████████████████████████████████████░░░░] 90.0% | 已用: 2分35秒 | 剩余: 17.2秒配置2/2 游戏9/10 [██████████████████████████████████████░░] 95.0% | 已用: 2分44秒 | 剩余: 8.6秒配置2/2 游戏10/10 [████████████████████████████████████████] 100.0% | 已用: 2分54秒
                                                                                 ✓ tests/mctsTuningWithProgress.test.ts > MCTS微调测试（带进度条） > 应该能够显示进度条和时间估算 109166ms
 ✓ tests/mctsTuningWithProgress.test.ts > MCTS微调测试（带进度条） > 应该能够运行完整微调并显示进度 182645ms
stdout | tests/runQuickTuning.test.ts > 快速微调测试 > 应该能够运行快速探索常数微调

============================================================
开始快速微调：测试探索常数对性能的影响
这将测试5个不同的探索常数，每个配置20局
预计耗时：30-40分钟
============================================================


✅ 快速微调完成！
你可以根据结果选择最佳探索常数，然后进行更详细的微调。

最佳探索常数: 0.5
胜率: 0.00%

正在运行第 1/20 局游戏...第 1/20 局完成 (耗时: 10.5秒) - 对手胜
游戏2/20 [████░░░░░░░░░░░░░░░░░░░░░░░░░░░░░░░░░░░░] 10.0% | 已用: 10.5秒 | 剩余: 1分34秒正在运行第 2/20 局游戏...第 2/20 局完成 (耗时: 11.7秒) - 对手胜
游戏3/20 [██████░░░░░░░░░░░░░░░░░░░░░░░░░░░░░░░░░░] 15.0% | 已用: 22.2秒 | 剩余: 2分5秒正在运行第 3/20 局游戏...第 3/20 局完成 (耗时: 9.4秒) - 对手胜
游戏4/20 [████████░░░░░░░░░░░░░░░░░░░░░░░░░░░░░░░░] 20.0% | 已用: 31.5秒 | 剩余: 2分6秒正在运行第 4/20 局游戏...第 4/20 局完成 (耗时: 10.3秒) - 对手胜
游戏5/20 [██████████░░░░░░░░░░░░░░░░░░░░░░░░░░░░░░] 25.0% | 已用: 41.8秒 | 剩余: 2分5秒正在运行第 5/20 局游戏...第 5/20 局完成 (耗时: 8.6秒) - 对手胜
游戏6/20 [████████████░░░░░░░░░░░░░░░░░░░░░░░░░░░░] 30.0% | 已用: 50.4秒 | 剩余: 1分57秒正在运行第 6/20 局游戏...第 6/20 局完成 (耗时: 10.0秒) - 对手胜
游戏7/20 [██████████████░░░░░░░░░░░░░░░░░░░░░░░░░░] 35.0% | 已用: 1分0秒 | 剩余: 1分52秒正在运行第 7/20 局游戏...第 7/20 局完成 (耗时: 12.8秒) - 对手胜
游戏8/20 [████████████████░░░░░░░░░░░░░░░░░░░░░░░░] 40.0% | 已用: 1分13秒 | 剩余: 1分49秒正在运行第 8/20 局游戏...第 8/20 局完成 (耗时: 8.7秒) - 对手胜
游戏9/20 [██████████████████░░░░░░░░░░░░░░░░░░░░░░] 45.0% | 已用: 1分21秒 | 剩余: 1分39秒正在运行第 9/20 局游戏...第 9/20 局完成 (耗时: 8.4秒) - 对手胜
游戏10/20 [████████████████████░░░░░░░░░░░░░░░░░░░░] 50.0% | 已用: 1分30秒 | 剩余: 1分30秒正在运行第 10/20 局游戏...第 10/20 局完成 (耗时: 8.2秒) - 对手胜
游戏11/20 [██████████████████████░░░░░░░░░░░░░░░░░░] 55.0% | 已用: 1分38秒 | 剩余: 1分20秒正在运行第 11/20 局游戏...第 11/20 局完成 (耗时: 9.7秒) - 对手胜
游戏12/20 [████████████████████████░░░░░░░░░░░░░░░░] 60.0% | 已用: 1分48秒 | 剩余: 1分12秒正在运行第 12/20 局游戏...第 12/20 局完成 (耗时: 8.1秒) - 对手胜
游戏13/20 [██████████████████████████░░░░░░░░░░░░░░] 65.0% | 已用: 1分56秒 | 剩余: 1分2秒正在运行第 13/20 局游戏...第 13/20 局完成 (耗时: 9.4秒) - 对手胜
游戏14/20 [████████████████████████████░░░░░░░░░░░░] 70.0% | 已用: 2分5秒 | 剩余: 53.8秒正在运行第 14/20 局游戏...第 14/20 局完成 (耗时: 10.8秒) - 对手胜
游戏15/20 [██████████████████████████████░░░░░░░░░░] 75.0% | 已用: 2分16秒 | 剩余: 45.4秒正在运行第 15/20 局游戏...第 15/20 局完成 (耗时: 8.4秒) - 对手胜
游戏16/20 [████████████████████████████████░░░░░░░░] 80.0% | 已用: 2分24秒 | 剩余: 36.2秒正在运行第 16/20 局游戏...第 16/20 局完成 (耗时: 9.3秒) - 对手胜
游戏17/20 [██████████████████████████████████░░░░░░] 85.0% | 已用: 2分33秒 | 剩余: 27.2秒正在运行第 17/20 局游戏...第 17/20 局完成 (耗时: 9.2秒) - 对手胜
游戏18/20 [████████████████████████████████████░░░░] 90.0% | 已用: 2分43秒 | 剩余: 18.1秒正在运行第 18/20 局游戏...第 18/20 局完成 (耗时: 11.3秒) - 对手胜
游戏19/20 [██████████████████████████████████████░░] 95.0% | 已用: 2分54秒 | 剩余: 9.2秒正在运行第 19/20 局游戏...第 19/20 局完成 (耗时: 8.6秒) - 对手胜
游戏20/20 [████████████████████████████████████████] 100.0% | 已用: 3分3秒
正在运行第 20/20 局游戏...第 20/20 局完成 (耗时: 8.3秒) - 对手胜
                                                                                游戏1/20 [██░░░░░░░░░░░░░░░░░░░░░░░░░░░░░░░░░░░░░░] 5.0% | 已用: 0ms | 剩余: 0ms正在运行第 1/20 局游戏...第 1/20 局完成 (耗时: 9.4秒) - 对手胜
游戏2/20 [████░░░░░░░░░░░░░░░░░░░░░░░░░░░░░░░░░░░░] 10.0% | 已用: 9.4秒 | 剩余: 1分24秒正在运行第 2/20 局游戏...第 2/20 局完成 (耗时: 11.8秒) - 对手胜
游戏3/20 [██████░░░░░░░░░░░░░░░░░░░░░░░░░░░░░░░░░░] 15.0% | 已用: 21.2秒 | 剩余: 2分0秒正在运行第 3/20 局游戏...第 3/20 局完成 (耗时: 8.6秒) - 对手胜
游戏4/20 [████████░░░░░░░░░░░░░░░░░░░░░░░░░░░░░░░░] 20.0% | 已用: 29.8秒 | 剩余: 1分59秒正在运行第 4/20 局游戏...第 4/20 局完成 (耗时: 8.7秒) - 对手胜
游戏5/20 [██████████░░░░░░░░░░░░░░░░░░░░░░░░░░░░░░] 25.0% | 已用: 38.5秒 | 剩余: 1分55秒正在运行第 5/20 局游戏...第 5/20 局完成 (耗时: 10.2秒) - 对手胜
游戏6/20 [████████████░░░░░░░░░░░░░░░░░░░░░░░░░░░░] 30.0% | 已用: 48.7秒 | 剩余: 1分53秒正在运行第 6/20 局游戏...第 6/20 局完成 (耗时: 9.5秒) - 对手胜
游戏7/20 [██████████████░░░░░░░░░░░░░░░░░░░░░░░░░░] 35.0% | 已用: 58.2秒 | 剩余: 1分48秒正在运行第 7/20 局游戏...第 7/20 局完成 (耗时: 7.9秒) - 对手胜
游戏8/20 [████████████████░░░░░░░░░░░░░░░░░░░░░░░░] 40.0% | 已用: 1分6秒 | 剩余: 1分39秒正在运行第 8/20 局游戏...第 8/20 局完成 (耗时: 7.4秒) - 对手胜
游戏9/20 [██████████████████░░░░░░░░░░░░░░░░░░░░░░] 45.0% | 已用: 1分13秒 | 剩余: 1分29秒正在运行第 9/20 局游戏...第 9/20 局完成 (耗时: 7.0秒) - 对手胜
游戏10/20 [████████████████████░░░░░░░░░░░░░░░░░░░░] 50.0% | 已用: 1分20秒 | 剩余: 1分20秒正在运行第 10/20 局游戏...第 10/20 局完成 (耗时: 8.4秒) - 对手胜
游戏11/20 [██████████████████████░░░░░░░░░░░░░░░░░░] 55.0% | 已用: 1分28秒 | 剩余: 1分12秒正在运行第 11/20 局游戏...第 11/20 局完成 (耗时: 6.8秒) - 对手胜
游戏12/20 [████████████████████████░░░░░░░░░░░░░░░░] 60.0% | 已用: 1分35秒 | 剩余: 1分3秒正在运行第 12/20 局游戏...第 12/20 局完成 (耗时: 7.3秒) - 对手胜
游戏13/20 [██████████████████████████░░░░░░░░░░░░░░] 65.0% | 已用: 1分42秒 | 剩余: 55.4秒正在运行第 13/20 局游戏...第 13/20 局完成 (耗时: 6.8秒) - 对手胜
游戏14/20 [████████████████████████████░░░░░░░░░░░░] 70.0% | 已用: 1分49秒 | 剩余: 47.0秒正在运行第 14/20 局游戏...第 14/20 局完成 (耗时: 9.5秒) - 对手胜
游戏15/20 [██████████████████████████████░░░░░░░░░░] 75.0% | 已用: 1分59秒 | 剩余: 39.7秒正在运行第 15/20 局游戏...第 15/20 局完成 (耗时: 7.3秒) - 对手胜
游戏16/20 [████████████████████████████████░░░░░░░░] 80.0% | 已用: 2分6秒 | 剩余: 31.6秒正在运行第 16/20 局游戏...第 16/20 局完成 (耗时: 6.9秒) - 对手胜
游戏17/20 [██████████████████████████████████░░░░░░] 85.0% | 已用: 2分13秒 | 剩余: 23.5秒正在运行第 17/20 局游戏...第 17/20 局完成 (耗时: 6.9秒) - 对手胜
游戏18/20 [████████████████████████████████████░░░░] 90.0% | 已用: 2分20秒 | 剩余: 15.6秒正在运行第 18/20 局游戏...第 18/20 局完成 (耗时: 7.1秒) - 对手胜
游戏19/20 [██████████████████████████████████████░░] 95.0% | 已用: 2分27秒 | 剩余: 7.8秒正在运行第 19/20 局游戏...第 19/20 局完成 (耗时: 9.2秒) - 对手胜
游戏20/20 [████████████████████████████████████████] 100.0% | 已用: 2分36秒
正在运行第 20/20 局游戏...第 20/20 局完成 (耗时: 7.3秒) - 对手胜
                                                                                游戏1/20 [██░░░░░░░░░░░░░░░░░░░░░░░░░░░░░░░░░░░░░░] 5.0% | 已用: 0ms | 剩余: 0ms正在运行第 1/20 局游戏...第 1/20 局完成 (耗时: 7.0秒) - 对手胜
游戏2/20 [████░░░░░░░░░░░░░░░░░░░░░░░░░░░░░░░░░░░░] 10.0% | 已用: 7.0秒 | 剩余: 1分2秒正在运行第 2/20 局游戏...第 2/20 局完成 (耗时: 6.9秒) - 对手胜
游戏3/20 [██████░░░░░░░░░░░░░░░░░░░░░░░░░░░░░░░░░░] 15.0% | 已用: 13.9秒 | 剩余: 1分18秒正在运行第 3/20 局游戏...第 3/20 局完成 (耗时: 10.4秒) - 对手胜
游戏4/20 [████████░░░░░░░░░░░░░░░░░░░░░░░░░░░░░░░░] 20.0% | 已用: 24.3秒 | 剩余: 1分37秒正在运行第 4/20 局游戏...第 4/20 局完成 (耗时: 6.7秒) - 对手胜
游戏5/20 [██████████░░░░░░░░░░░░░░░░░░░░░░░░░░░░░░] 25.0% | 已用: 31.0秒 | 剩余: 1分32秒正在运行第 5/20 局游戏...第 5/20 局完成 (耗时: 7.4秒) - 对手胜
游戏6/20 [████████████░░░░░░░░░░░░░░░░░░░░░░░░░░░░] 30.0% | 已用: 38.3秒 | 剩余: 1分29秒正在运行第 6/20 局游戏...第 6/20 局完成 (耗时: 7.4秒) - 对手胜
游戏7/20 [██████████████░░░░░░░░░░░░░░░░░░░░░░░░░░] 35.0% | 已用: 45.7秒 | 剩余: 1分24秒正在运行第 7/20 局游戏...第 7/20 局完成 (耗时: 6.8秒) - 对手胜
游戏8/20 [████████████████░░░░░░░░░░░░░░░░░░░░░░░░] 40.0% | 已用: 52.6秒 | 剩余: 1分18秒正在运行第 8/20 局游戏...第 8/20 局完成 (耗时: 8.6秒) - 对手胜
游戏9/20 [██████████████████░░░░░░░░░░░░░░░░░░░░░░] 45.0% | 已用: 1分1秒 | 剩余: 1分14秒正在运行第 9/20 局游戏...第 9/20 局完成 (耗时: 7.3秒) - 对手胜
游戏10/20 [████████████████████░░░░░░░░░░░░░░░░░░░░] 50.0% | 已用: 1分8秒 | 剩余: 1分8秒正在运行第 10/20 局游戏...第 10/20 局完成 (耗时: 7.0秒) - 对手胜
游戏11/20 [██████████████████████░░░░░░░░░░░░░░░░░░] 55.0% | 已用: 1分15秒 | 剩余: 1分1秒正在运行第 11/20 局游戏...第 11/20 局完成 (耗时: 7.3秒) - 对手胜
游戏12/20 [████████████████████████░░░░░░░░░░░░░░░░] 60.0% | 已用: 1分22秒 | 剩余: 55.2秒正在运行第 12/20 局游戏...第 12/20 局完成 (耗时: 6.9秒) - 对手胜
游戏13/20 [██████████████████████████░░░░░░░░░░░░░░] 65.0% | 已用: 1分29秒 | 剩余: 48.3秒正在运行第 13/20 局游戏...第 13/20 局完成 (耗时: 9.0秒) - 对手胜
游戏14/20 [████████████████████████████░░░░░░░░░░░░] 70.0% | 已用: 1分38秒 | 剩余: 42.2秒正在运行第 14/20 局游戏...第 14/20 局完成 (耗时: 6.9秒) - 对手胜
游戏15/20 [██████████████████████████████░░░░░░░░░░] 75.0% | 已用: 1分45秒 | 剩余: 35.2秒正在运行第 15/20 局游戏...第 15/20 局完成 (耗时: 7.1秒) - 对手胜
游戏16/20 [████████████████████████████████░░░░░░░░] 80.0% | 已用: 1分52秒 | 剩余: 28.1秒正在运行第 16/20 局游戏...第 16/20 局完成 (耗时: 7.3秒) - 对手胜
游戏17/20 [██████████████████████████████████░░░░░░] 85.0% | 已用: 1分59秒 | 剩余: 21.2秒正在运行第 17/20 局游戏...第 17/20 局完成 (耗时: 9.4秒) - 对手胜
游戏18/20 [████████████████████████████████████░░░░] 90.0% | 已用: 2分9秒 | 剩余: 14.4秒正在运行第 18/20 局游戏...第 18/20 局完成 (耗时: 7.4秒) - 对手胜
游戏19/20 [██████████████████████████████████████░░] 95.0% | 已用: 2分16秒 | 剩余: 7.2秒正在运行第 19/20 局游戏...第 19/20 局完成 (耗时: 7.5秒) - 对手胜
游戏20/20 [████████████████████████████████████████] 100.0% | 已用: 2分24秒
正在运行第 20/20 局游戏...第 20/20 局完成 (耗时: 6.9秒) - 对手胜
                                                                                游戏1/20 [██░░░░░░░░░░░░░░░░░░░░░░░░░░░░░░░░░░░░░░] 5.0% | 已用: 0ms | 剩余: 0ms正在运行第 1/20 局游戏...第 1/20 局完成 (耗时: 6.8秒) - 对手胜
游戏2/20 [████░░░░░░░░░░░░░░░░░░░░░░░░░░░░░░░░░░░░] 10.0% | 已用: 6.8秒 | 剩余: 1分0秒正在运行第 2/20 局游戏...第 2/20 局完成 (耗时: 9.3秒) - 对手胜
游戏3/20 [██████░░░░░░░░░░░░░░░░░░░░░░░░░░░░░░░░░░] 15.0% | 已用: 16.1秒 | 剩余: 1分31秒正在运行第 3/20 局游戏...第 3/20 局完成 (耗时: 7.6秒) - 对手胜
游戏4/20 [████████░░░░░░░░░░░░░░░░░░░░░░░░░░░░░░░░] 20.0% | 已用: 23.7秒 | 剩余: 1分34秒正在运行第 4/20 局游戏...第 4/20 局完成 (耗时: 7.0秒) - 对手胜
游戏5/20 [██████████░░░░░░░░░░░░░░░░░░░░░░░░░░░░░░] 25.0% | 已用: 30.7秒 | 剩余: 1分32秒正在运行第 5/20 局游戏...第 5/20 局完成 (耗时: 6.8秒) - 对手胜
游戏6/20 [████████████░░░░░░░░░░░░░░░░░░░░░░░░░░░░] 30.0% | 已用: 37.5秒 | 剩余: 1分27秒正在运行第 6/20 局游戏...第 6/20 局完成 (耗时: 9.1秒) - 对手胜
游戏7/20 [██████████████░░░░░░░░░░░░░░░░░░░░░░░░░░] 35.0% | 已用: 46.6秒 | 剩余: 1分26秒正在运行第 7/20 局游戏...第 7/20 局完成 (耗时: 7.4秒) - 对手胜
游戏8/20 [████████████████░░░░░░░░░░░░░░░░░░░░░░░░] 40.0% | 已用: 54.0秒 | 剩余: 1分21秒正在运行第 8/20 局游戏...第 8/20 局完成 (耗时: 7.0秒) - 对手胜
游戏9/20 [██████████████████░░░░░░░░░░░░░░░░░░░░░░] 45.0% | 已用: 1分1秒 | 剩余: 1分14秒正在运行第 9/20 局游戏...第 9/20 局完成 (耗时: 7.5秒) - 对手胜
游戏10/20 [████████████████████░░░░░░░░░░░░░░░░░░░░] 50.0% | 已用: 1分8秒 | 剩余: 1分8秒正在运行第 10/20 局游戏...第 10/20 局完成 (耗时: 7.3秒) - 对手胜
游戏11/20 [██████████████████████░░░░░░░░░░░░░░░░░░] 55.0% | 已用: 1分15秒 | 剩余: 1分2秒正在运行第 11/20 局游戏...第 11/20 局完成 (耗时: 7.2秒) - 对手胜
游戏12/20 [████████████████████████░░░░░░░░░░░░░░░░] 60.0% | 已用: 1分23秒 | 剩余: 55.4秒正在运行第 12/20 局游戏...第 12/20 局完成 (耗时: 7.2秒) - 对手胜
游戏13/20 [██████████████████████████░░░░░░░░░░░░░░] 65.0% | 已用: 1分30秒 | 剩余: 48.6秒正在运行第 13/20 局游戏...第 13/20 局完成 (耗时: 9.9秒) - 对手胜
游戏14/20 [████████████████████████████░░░░░░░░░░░░] 70.0% | 已用: 1分40秒 | 剩余: 42.9秒正在运行第 14/20 局游戏...第 14/20 局完成 (耗时: 7.6秒) - 对手胜
游戏15/20 [██████████████████████████████░░░░░░░░░░] 75.0% | 已用: 1分47秒 | 剩余: 35.9秒正在运行第 15/20 局游戏...第 15/20 局完成 (耗时: 8.7秒) - 对手胜
游戏16/20 [████████████████████████████████░░░░░░░░] 80.0% | 已用: 1分56秒 | 剩余: 29.1秒正在运行第 16/20 局游戏...第 16/20 局完成 (耗时: 8.3秒) - 对手胜
游戏17/20 [██████████████████████████████████░░░░░░] 85.0% | 已用: 2分4秒 | 剩余: 22.0秒正在运行第 17/20 局游戏...第 17/20 局完成 (耗时: 10.2秒) - 对手胜
游戏18/20 [████████████████████████████████████░░░░] 90.0% | 已用: 2分14秒 | 剩余: 15.0秒正在运行第 18/20 局游戏...第 18/20 局完成 (耗时: 8.4秒) - 对手胜
游戏19/20 [██████████████████████████████████████░░] 95.0% | 已用: 2分23秒 | 剩余: 7.5秒正在运行第 19/20 局游戏...第 19/20 局完成 (耗时: 6.7秒) - 对手胜
游戏20/20 [████████████████████████████████████████] 100.0% | 已用: 2分30秒
正在运行第 20/20 局游戏...第 20/20 局完成 (耗时: 6.8秒) - 对手胜
                                                                                游戏1/20 [██░░░░░░░░░░░░░░░░░░░░░░░░░░░░░░░░░░░░░░] 5.0% | 已用: 0ms | 剩余: 0ms正在运行第 1/20 局游戏...第 1/20 局完成 (耗时: 9.1秒) - 对手胜
游戏2/20 [████░░░░░░░░░░░░░░░░░░░░░░░░░░░░░░░░░░░░] 10.0% | 已用: 9.1秒 | 剩余: 1分21秒正在运行第 2/20 局游戏...第 2/20 局完成 (耗时: 6.9秒) - 对手胜
游戏3/20 [██████░░░░░░░░░░░░░░░░░░░░░░░░░░░░░░░░░░] 15.0% | 已用: 16.0秒 | 剩余: 1分30秒正在运行第 3/20 局游戏...第 3/20 局完成 (耗时: 6.8秒) - 对手胜
游戏4/20 [████████░░░░░░░░░░░░░░░░░░░░░░░░░░░░░░░░] 20.0% | 已用: 22.8秒 | 剩余: 1分31秒正在运行第 4/20 局游戏...第 4/20 局完成 (耗时: 6.6秒) - 对手胜
游戏5/20 [██████████░░░░░░░░░░░░░░░░░░░░░░░░░░░░░░] 25.0% | 已用: 29.4秒 | 剩余: 1分28秒正在运行第 5/20 局游戏...第 5/20 局完成 (耗时: 7.3秒) - 对手胜
游戏6/20 [████████████░░░░░░░░░░░░░░░░░░░░░░░░░░░░] 30.0% | 已用: 36.7秒 | 剩余: 1分25秒正在运行第 6/20 局游戏...第 6/20 局完成 (耗时: 9.6秒) - 对手胜
游戏7/20 [██████████████░░░░░░░░░░░░░░░░░░░░░░░░░░] 35.0% | 已用: 46.3秒 | 剩余: 1分25秒正在运行第 7/20 局游戏...第 7/20 局完成 (耗时: 6.6秒) - 对手胜
游戏8/20 [████████████████░░░░░░░░░░░░░░░░░░░░░░░░] 40.0% | 已用: 52.9秒 | 剩余: 1分19秒正在运行第 8/20 局游戏...第 8/20 局完成 (耗时: 6.4秒) - 对手胜
游戏9/20 [██████████████████░░░░░░░░░░░░░░░░░░░░░░] 45.0% | 已用: 59.3秒 | 剩余: 1分12秒正在运行第 9/20 局游戏...第 9/20 局完成 (耗时: 7.2秒) - 对手胜
游戏10/20 [████████████████████░░░░░░░░░░░░░░░░░░░░] 50.0% | 已用: 1分6秒 | 剩余: 1分6秒正在运行第 10/20 局游戏...第 10/20 局完成 (耗时: 6.7秒) - 对手胜
游戏11/20 [██████████████████████░░░░░░░░░░░░░░░░░░] 55.0% | 已用: 1分13秒 | 剩余: 59.9秒正在运行第 11/20 局游戏...第 11/20 局完成 (耗时: 8.7秒) - 对手胜
游戏12/20 [████████████████████████░░░░░░░░░░░░░░░░] 60.0% | 已用: 1分21秒 | 剩余: 54.6秒正在运行第 12/20 局游戏...第 12/20 局完成 (耗时: 7.6秒) - 对手胜
游戏13/20 [██████████████████████████░░░░░░░░░░░░░░] 65.0% | 已用: 1分29秒 | 剩余: 48.2秒正在运行第 13/20 局游戏...第 13/20 局完成 (耗时: 7.0秒) - 对手胜
游戏14/20 [████████████████████████████░░░░░░░░░░░░] 70.0% | 已用: 1分36秒 | 剩余: 41.4秒正在运行第 14/20 局游戏...第 14/20 局完成 (耗时: 6.8秒) - 对手胜
游戏15/20 [██████████████████████████████░░░░░░░░░░] 75.0% | 已用: 1分43秒 | 剩余: 34.5秒正在运行第 15/20 局游戏...第 15/20 局完成 (耗时: 9.2秒) - 对手胜
游戏16/20 [████████████████████████████████░░░░░░░░] 80.0% | 已用: 1分52秒 | 剩余: 28.1秒正在运行第 16/20 局游戏...第 16/20 局完成 (耗时: 7.5秒) - 对手胜
游戏17/20 [██████████████████████████████████░░░░░░] 85.0% | 已用: 2分0秒 | 剩余: 21.2秒正在运行第 17/20 局游戏...第 17/20 局完成 (耗时: 6.7秒) - 对手胜
游戏18/20 [████████████████████████████████████░░░░] 90.0% | 已用: 2分6秒 | 剩余: 14.1秒正在运行第 18/20 局游戏...第 18/20 局完成 (耗时: 7.5秒) - 对手胜
游戏19/20 [██████████████████████████████████████░░] 95.0% | 已用: 2分14秒 | 剩余: 7.1秒正在运行第 19/20 局游戏...第 19/20 局完成 (耗时: 7.2秒) - 对手胜
游戏20/20 [████████████████████████████████████████] 100.0% | 已用: 2分21秒
正在运行第 20/20 局游戏...第 20/20 局完成 (耗时: 9.9秒) - 对手胜
                                                                                 ✓ tests/runQuickTuning.test.ts > 快速微调测试 > 应该能够运行快速探索常数微调 814633ms
stdout | tests/unit/services/LLMServiceWrapper.test.ts > LLMServiceWrapper > 应该成功调用LLM
[AsyncTask] Starting: unknown (task_1764970089916_1)
[AsyncTask] Success: unknown in 0ms

stdout | tests/unit/services/LLMServiceWrapper.test.ts > LLMServiceWrapper > 应该记录指标
[AsyncTask] Starting: unknown (task_1764970089917_1)
[AsyncTask] Success: unknown in 0ms

 ✓ tests/unit/services/LLMServiceWrapper.test.ts > LLMServiceWrapper > 应该成功调用LLM
 ✓ tests/unit/services/LLMServiceWrapper.test.ts > LLMServiceWrapper > 应该记录指标
stdout | tests/mctsTuning.test.ts > MCTS微调测试 > 应该能够运行快速测试

开始快速测试...
测试完成: 胜率=30.00%

stdout | tests/mctsTuning.test.ts > MCTS微调测试 > 应该能够测试不同探索常数

测试不同探索常数...
  测试探索常数: 1
  测试探索常数: 1.414
  测试探索常数: 2

结果:
  探索常数 1: 胜率=5.00%
  探索常数 1.414: 胜率=0.00%
  探索常数 2: 胜率=0.00%

最佳探索常数: 1

stdout | tests/mctsTuning.test.ts > MCTS微调测试 > 应该能够对比完全信息模式和估计模式

对比完全信息模式 vs 估计模式...
  测试完全信息模式...
  测试估计模式...

对比结果:
  完全信息模式胜率: 0.00%
  估计模式胜率: 6.67%
  提升: -6.67%

正在运行第 1/10 局游戏...第 1/10 局完成 (耗时: 8.7秒) - 对手胜
游戏2/10 [████████░░░░░░░░░░░░░░░░░░░░░░░░░░░░░░░░] 20.0% | 已用: 8.7秒 | 剩余: 35.0秒正在运行第 2/10 局游戏...第 2/10 局完成 (耗时: 11.3秒) - AI胜
游戏3/10 [████████████░░░░░░░░░░░░░░░░░░░░░░░░░░░░] 30.0% | 已用: 20.0秒 | 剩余: 46.7秒正在运行第 3/10 局游戏...第 3/10 局完成 (耗时: 10.1秒) - 对手胜
游戏4/10 [████████████████░░░░░░░░░░░░░░░░░░░░░░░░] 40.0% | 已用: 30.1秒 | 剩余: 45.2秒正在运行第 4/10 局游戏...第 4/10 局完成 (耗时: 10.5秒) - 对手胜
游戏5/10 [████████████████████░░░░░░░░░░░░░░░░░░░░] 50.0% | 已用: 40.6秒 | 剩余: 40.6秒正在运行第 5/10 局游戏...第 5/10 局完成 (耗时: 13.5秒) - 对手胜
游戏6/10 [████████████████████████░░░░░░░░░░░░░░░░] 60.0% | 已用: 54.1秒 | 剩余: 36.1秒正在运行第 6/10 局游戏...第 6/10 局完成 (耗时: 14.4秒) - 对手胜
游戏7/10 [████████████████████████████░░░░░░░░░░░░] 70.0% | 已用: 1分8秒 | 剩余: 29.4秒正在运行第 7/10 局游戏...第 7/10 局完成 (耗时: 10.3秒) - AI胜
游戏8/10 [████████████████████████████████░░░░░░░░] 80.0% | 已用: 1分18秒 | 剩余: 19.7秒正在运行第 8/10 局游戏...第 8/10 局完成 (耗时: 12.4秒) - AI胜
游戏9/10 [████████████████████████████████████░░░░] 90.0% | 已用: 1分31秒 | 剩余: 10.1秒正在运行第 9/10 局游戏...第 9/10 局完成 (耗时: 9.1秒) - 对手胜
游戏10/10 [████████████████████████████████████████] 100.0% | 已用: 1分40秒
正在运行第 10/10 局游戏...第 10/10 局完成 (耗时: 9.0秒) - 对手胜
                                                                                游戏1/20 [██░░░░░░░░░░░░░░░░░░░░░░░░░░░░░░░░░░░░░░] 5.0% | 已用: 0ms | 剩余: 0ms正在运行第 1/20 局游戏...第 1/20 局完成 (耗时: 9.2秒) - 对手胜
游戏2/20 [████░░░░░░░░░░░░░░░░░░░░░░░░░░░░░░░░░░░░] 10.0% | 已用: 9.2秒 | 剩余: 1分22秒正在运行第 2/20 局游戏...第 2/20 局完成 (耗时: 9.6秒) - 对手胜
游戏3/20 [██████░░░░░░░░░░░░░░░░░░░░░░░░░░░░░░░░░░] 15.0% | 已用: 18.8秒 | 剩余: 1分46秒正在运行第 3/20 局游戏...第 3/20 局完成 (耗时: 12.2秒) - 对手胜
游戏4/20 [████████░░░░░░░░░░░░░░░░░░░░░░░░░░░░░░░░] 20.0% | 已用: 31.0秒 | 剩余: 2分3秒正在运行第 4/20 局游戏...第 4/20 局完成 (耗时: 8.5秒) - 对手胜
游戏5/20 [██████████░░░░░░░░░░░░░░░░░░░░░░░░░░░░░░] 25.0% | 已用: 39.5秒 | 剩余: 1分58秒正在运行第 5/20 局游戏...第 5/20 局完成 (耗时: 8.3秒) - 对手胜
游戏6/20 [████████████░░░░░░░░░░░░░░░░░░░░░░░░░░░░] 30.0% | 已用: 47.8秒 | 剩余: 1分51秒正在运行第 6/20 局游戏...第 6/20 局完成 (耗时: 11.1秒) - 对手胜
游戏7/20 [██████████████░░░░░░░░░░░░░░░░░░░░░░░░░░] 35.0% | 已用: 58.8秒 | 剩余: 1分49秒正在运行第 7/20 局游戏...第 7/20 局完成 (耗时: 9.0秒) - 对手胜
游戏8/20 [████████████████░░░░░░░░░░░░░░░░░░░░░░░░] 40.0% | 已用: 1分7秒 | 剩余: 1分41秒正在运行第 8/20 局游戏...第 8/20 局完成 (耗时: 8.5秒) - 对手胜
游戏9/20 [██████████████████░░░░░░░░░░░░░░░░░░░░░░] 45.0% | 已用: 1分16秒 | 剩余: 1分33秒正在运行第 9/20 局游戏...第 9/20 局完成 (耗时: 9.2秒) - 对手胜
游戏10/20 [████████████████████░░░░░░░░░░░░░░░░░░░░] 50.0% | 已用: 1分25秒 | 剩余: 1分25秒正在运行第 10/20 局游戏...第 10/20 局完成 (耗时: 11.2秒) - 对手胜
游戏11/20 [██████████████████████░░░░░░░░░░░░░░░░░░] 55.0% | 已用: 1分36秒 | 剩余: 1分19秒正在运行第 11/20 局游戏...第 11/20 局完成 (耗时: 9.4秒) - 对手胜
游戏12/20 [████████████████████████░░░░░░░░░░░░░░░░] 60.0% | 已用: 1分46秒 | 剩余: 1分10秒正在运行第 12/20 局游戏...第 12/20 局完成 (耗时: 9.2秒) - 对手胜
游戏13/20 [██████████████████████████░░░░░░░░░░░░░░] 65.0% | 已用: 1分55秒 | 剩余: 1分2秒正在运行第 13/20 局游戏...第 13/20 局完成 (耗时: 10.0秒) - 对手胜
游戏14/20 [████████████████████████████░░░░░░░░░░░░] 70.0% | 已用: 2分5秒 | 剩余: 53.7秒正在运行第 14/20 局游戏...第 14/20 局完成 (耗时: 10.2秒) - 对手胜
游戏15/20 [██████████████████████████████░░░░░░░░░░] 75.0% | 已用: 2分15秒 | 剩余: 45.1秒正在运行第 15/20 局游戏...第 15/20 局完成 (耗时: 8.8秒) - 对手胜
游戏16/20 [████████████████████████████████░░░░░░░░] 80.0% | 已用: 2分24秒 | 剩余: 36.0秒正在运行第 16/20 局游戏...第 16/20 局完成 (耗时: 8.7秒) - AI胜
游戏17/20 [██████████████████████████████████░░░░░░] 85.0% | 已用: 2分32秒 | 剩余: 27.0秒正在运行第 17/20 局游戏...第 17/20 局完成 (耗时: 11.8秒) - 对手胜
游戏18/20 [████████████████████████████████████░░░░] 90.0% | 已用: 2分44秒 | 剩余: 18.3秒正在运行第 18/20 局游戏...第 18/20 局完成 (耗时: 9.2秒) - 对手胜
游戏19/20 [██████████████████████████████████████░░] 95.0% | 已用: 2分53秒 | 剩余: 9.1秒正在运行第 19/20 局游戏...第 19/20 局完成 (耗时: 8.6秒) - 对手胜
游戏20/20 [████████████████████████████████████████] 100.0% | 已用: 3分2秒
正在运行第 20/20 局游戏...第 20/20 局完成 (耗时: 8.4秒) - 对手胜
                                                                                游戏1/20 [██░░░░░░░░░░░░░░░░░░░░░░░░░░░░░░░░░░░░░░] 5.0% | 已用: 0ms | 剩余: 0ms正在运行第 1/20 局游戏...第 1/20 局完成 (耗时: 10.5秒) - 对手胜
游戏2/20 [████░░░░░░░░░░░░░░░░░░░░░░░░░░░░░░░░░░░░] 10.0% | 已用: 10.5秒 | 剩余: 1分34秒正在运行第 2/20 局游戏...第 2/20 局完成 (耗时: 8.3秒) - 对手胜
游戏3/20 [██████░░░░░░░░░░░░░░░░░░░░░░░░░░░░░░░░░░] 15.0% | 已用: 18.8秒 | 剩余: 1分46秒正在运行第 3/20 局游戏...第 3/20 局完成 (耗时: 7.7秒) - 对手胜
游戏4/20 [████████░░░░░░░░░░░░░░░░░░░░░░░░░░░░░░░░] 20.0% | 已用: 26.5秒 | 剩余: 1分46秒正在运行第 4/20 局游戏...第 4/20 局完成 (耗时: 6.9秒) - 对手胜
游戏5/20 [██████████░░░░░░░░░░░░░░░░░░░░░░░░░░░░░░] 25.0% | 已用: 33.4秒 | 剩余: 1分40秒正在运行第 5/20 局游戏...第 5/20 局完成 (耗时: 9.7秒) - 对手胜
游戏6/20 [████████████░░░░░░░░░░░░░░░░░░░░░░░░░░░░] 30.0% | 已用: 43.1秒 | 剩余: 1分40秒正在运行第 6/20 局游戏...第 6/20 局完成 (耗时: 7.4秒) - 对手胜
游戏7/20 [██████████████░░░░░░░░░░░░░░░░░░░░░░░░░░] 35.0% | 已用: 50.5秒 | 剩余: 1分33秒正在运行第 7/20 局游戏...第 7/20 局完成 (耗时: 6.5秒) - 对手胜
游戏8/20 [████████████████░░░░░░░░░░░░░░░░░░░░░░░░] 40.0% | 已用: 57.1秒 | 剩余: 1分25秒正在运行第 8/20 局游戏...第 8/20 局完成 (耗时: 7.6秒) - 对手胜
游戏9/20 [██████████████████░░░░░░░░░░░░░░░░░░░░░░] 45.0% | 已用: 1分4秒 | 剩余: 1分19秒正在运行第 9/20 局游戏...第 9/20 局完成 (耗时: 6.8秒) - 对手胜
游戏10/20 [████████████████████░░░░░░░░░░░░░░░░░░░░] 50.0% | 已用: 1分11秒 | 剩余: 1分11秒正在运行第 10/20 局游戏...第 10/20 局完成 (耗时: 10.3秒) - 对手胜
游戏11/20 [██████████████████████░░░░░░░░░░░░░░░░░░] 55.0% | 已用: 1分21秒 | 剩余: 1分6秒正在运行第 11/20 局游戏...第 11/20 局完成 (耗时: 7.1秒) - 对手胜
游戏12/20 [████████████████████████░░░░░░░░░░░░░░░░] 60.0% | 已用: 1分28秒 | 剩余: 59.3秒正在运行第 12/20 局游戏...第 12/20 局完成 (耗时: 6.6秒) - 对手胜
游戏13/20 [██████████████████████████░░░░░░░░░░░░░░] 65.0% | 已用: 1分35秒 | 剩余: 51.4秒正在运行第 13/20 局游戏...第 13/20 局完成 (耗时: 7.5秒) - 对手胜
游戏14/20 [████████████████████████████░░░░░░░░░░░░] 70.0% | 已用: 1分43秒 | 剩余: 44.1秒正在运行第 14/20 局游戏...第 14/20 局完成 (耗时: 9.8秒) - 对手胜
游戏15/20 [██████████████████████████████░░░░░░░░░░] 75.0% | 已用: 1分52秒 | 剩余: 37.6秒正在运行第 15/20 局游戏...第 15/20 局完成 (耗时: 7.4秒) - 对手胜
游戏16/20 [████████████████████████████████░░░░░░░░] 80.0% | 已用: 2分0秒 | 剩余: 30.0秒正在运行第 16/20 局游戏...第 16/20 局完成 (耗时: 7.1秒) - 对手胜
游戏17/20 [██████████████████████████████████░░░░░░] 85.0% | 已用: 2分7秒 | 剩余: 22.4秒正在运行第 17/20 局游戏...第 17/20 局完成 (耗时: 7.0秒) - 对手胜
游戏18/20 [████████████████████████████████████░░░░] 90.0% | 已用: 2分14秒 | 剩余: 14.9秒正在运行第 18/20 局游戏...第 18/20 局完成 (耗时: 7.6秒) - 对手胜
游戏19/20 [██████████████████████████████████████░░] 95.0% | 已用: 2分21秒 | 剩余: 7.5秒正在运行第 19/20 局游戏...第 19/20 局完成 (耗时: 8.8秒) - 对手胜
游戏20/20 [████████████████████████████████████████] 100.0% | 已用: 2分30秒
正在运行第 20/20 局游戏...第 20/20 局完成 (耗时: 7.9秒) - 对手胜
                                                                                游戏1/20 [██░░░░░░░░░░░░░░░░░░░░░░░░░░░░░░░░░░░░░░] 5.0% | 已用: 0ms | 剩余: 0ms正在运行第 1/20 局游戏...第 1/20 局完成 (耗时: 6.8秒) - 对手胜
游戏2/20 [████░░░░░░░░░░░░░░░░░░░░░░░░░░░░░░░░░░░░] 10.0% | 已用: 6.8秒 | 剩余: 1分1秒正在运行第 2/20 局游戏...第 2/20 局完成 (耗时: 7.2秒) - 对手胜
游戏3/20 [██████░░░░░░░░░░░░░░░░░░░░░░░░░░░░░░░░░░] 15.0% | 已用: 14.0秒 | 剩余: 1分19秒正在运行第 3/20 局游戏...第 3/20 局完成 (耗时: 9.2秒) - 对手胜
游戏4/20 [████████░░░░░░░░░░░░░░░░░░░░░░░░░░░░░░░░] 20.0% | 已用: 23.2秒 | 剩余: 1分32秒正在运行第 4/20 局游戏...第 4/20 局完成 (耗时: 6.8秒) - 对手胜
游戏5/20 [██████████░░░░░░░░░░░░░░░░░░░░░░░░░░░░░░] 25.0% | 已用: 29.9秒 | 剩余: 1分29秒正在运行第 5/20 局游戏...第 5/20 局完成 (耗时: 7.0秒) - 对手胜
游戏6/20 [████████████░░░░░░░░░░░░░░░░░░░░░░░░░░░░] 30.0% | 已用: 36.9秒 | 剩余: 1分26秒正在运行第 6/20 局游戏...第 6/20 局完成 (耗时: 7.2秒) - 对手胜
游戏7/20 [██████████████░░░░░░░░░░░░░░░░░░░░░░░░░░] 35.0% | 已用: 44.1秒 | 剩余: 1分21秒正在运行第 7/20 局游戏...第 7/20 局完成 (耗时: 7.2秒) - 对手胜
游戏8/20 [████████████████░░░░░░░░░░░░░░░░░░░░░░░░] 40.0% | 已用: 51.3秒 | 剩余: 1分17秒正在运行第 8/20 局游戏...第 8/20 局完成 (耗时: 9.0秒) - 对手胜
游戏9/20 [██████████████████░░░░░░░░░░░░░░░░░░░░░░] 45.0% | 已用: 1分0秒 | 剩余: 1分13秒正在运行第 9/20 局游戏...第 9/20 局完成 (耗时: 6.9秒) - 对手胜
游戏10/20 [████████████████████░░░░░░░░░░░░░░░░░░░░] 50.0% | 已用: 1分7秒 | 剩余: 1分7秒正在运行第 10/20 局游戏...第 10/20 局完成 (耗时: 6.8秒) - 对手胜
游戏11/20 [██████████████████████░░░░░░░░░░░░░░░░░░] 55.0% | 已用: 1分14秒 | 剩余: 1分0秒正在运行第 11/20 局游戏...第 11/20 局完成 (耗时: 6.7秒) - 对手胜
游戏12/20 [████████████████████████░░░░░░░░░░░░░░░░] 60.0% | 已用: 1分20秒 | 剩余: 53.8秒正在运行第 12/20 局游戏...第 12/20 局完成 (耗时: 9.6秒) - 对手胜
游戏13/20 [██████████████████████████░░░░░░░░░░░░░░] 65.0% | 已用: 1分30秒 | 剩余: 48.7秒正在运行第 13/20 局游戏...第 13/20 局完成 (耗时: 7.1秒) - 对手胜
游戏14/20 [████████████████████████████░░░░░░░░░░░░] 70.0% | 已用: 1分37秒 | 剩余: 41.8秒正在运行第 14/20 局游戏...第 14/20 局完成 (耗时: 7.4秒) - 对手胜
游戏15/20 [██████████████████████████████░░░░░░░░░░] 75.0% | 已用: 1分44秒 | 剩余: 35.0秒正在运行第 15/20 局游戏...第 15/20 局完成 (耗时: 6.9秒) - 对手胜
游戏16/20 [████████████████████████████████░░░░░░░░] 80.0% | 已用: 1分51秒 | 剩余: 27.9秒正在运行第 16/20 局游戏...第 16/20 局完成 (耗时: 6.9秒) - 对手胜
游戏17/20 [██████████████████████████████████░░░░░░] 85.0% | 已用: 1分58秒 | 剩余: 20.9秒正在运行第 17/20 局游戏...第 17/20 局完成 (耗时: 9.1秒) - 对手胜
游戏18/20 [████████████████████████████████████░░░░] 90.0% | 已用: 2分7秒 | 剩余: 14.2秒正在运行第 18/20 局游戏...第 18/20 局完成 (耗时: 7.5秒) - 对手胜
游戏19/20 [██████████████████████████████████████░░] 95.0% | 已用: 2分15秒 | 剩余: 7.1秒正在运行第 19/20 局游戏...第 19/20 局完成 (耗时: 6.8秒) - 对手胜
游戏20/20 [████████████████████████████████████████] 100.0% | 已用: 2分22秒
正在运行第 20/20 局游戏...第 20/20 局完成 (耗时: 7.1秒) - 对手胜
                                                                                游戏1/30 [█░░░░░░░░░░░░░░░░░░░░░░░░░░░░░░░░░░░░░░░] 3.3% | 已用: 0ms | 剩余: 0ms正在运行第 1/30 局游戏...第 1/30 局完成 (耗时: 6.9秒) - 对手胜
游戏2/30 [██░░░░░░░░░░░░░░░░░░░░░░░░░░░░░░░░░░░░░░] 6.7% | 已用: 6.9秒 | 剩余: 1分36秒正在运行第 2/30 局游戏...第 2/30 局完成 (耗时: 9.8秒) - 对手胜
游戏3/30 [████░░░░░░░░░░░░░░░░░░░░░░░░░░░░░░░░░░░░] 10.0% | 已用: 16.7秒 | 剩余: 2分29秒正在运行第 3/30 局游戏...第 3/30 局完成 (耗时: 7.4秒) - 对手胜
游戏4/30 [█████░░░░░░░░░░░░░░░░░░░░░░░░░░░░░░░░░░░] 13.3% | 已用: 24.1秒 | 剩余: 2分36秒正在运行第 4/30 局游戏...第 4/30 局完成 (耗时: 7.0秒) - 对手胜
游戏5/30 [██████░░░░░░░░░░░░░░░░░░░░░░░░░░░░░░░░░░] 16.7% | 已用: 31.1秒 | 剩余: 2分35秒正在运行第 5/30 局游戏...第 5/30 局完成 (耗时: 7.7秒) - 对手胜
游戏6/30 [████████░░░░░░░░░░░░░░░░░░░░░░░░░░░░░░░░] 20.0% | 已用: 38.8秒 | 剩余: 2分35秒正在运行第 6/30 局游戏...第 6/30 局完成 (耗时: 7.4秒) - 对手胜
游戏7/30 [█████████░░░░░░░░░░░░░░░░░░░░░░░░░░░░░░░] 23.3% | 已用: 46.1秒 | 剩余: 2分31秒正在运行第 7/30 局游戏...第 7/30 局完成 (耗时: 7.3秒) - 对手胜
游戏8/30 [██████████░░░░░░░░░░░░░░░░░░░░░░░░░░░░░░] 26.7% | 已用: 53.4秒 | 剩余: 2分26秒正在运行第 8/30 局游戏...第 8/30 局完成 (耗时: 10.4秒) - 对手胜
游戏9/30 [████████████░░░░░░░░░░░░░░░░░░░░░░░░░░░░] 30.0% | 已用: 1分3秒 | 剩余: 2分28秒正在运行第 9/30 局游戏...第 9/30 局完成 (耗时: 8.0秒) - 对手胜
游戏10/30 [█████████████░░░░░░░░░░░░░░░░░░░░░░░░░░░] 33.3% | 已用: 1分11秒 | 剩余: 2分23秒正在运行第 10/30 局游戏...第 10/30 局完成 (耗时: 9.0秒) - 对手胜
游戏11/30 [██████████████░░░░░░░░░░░░░░░░░░░░░░░░░░] 36.7% | 已用: 1分20秒 | 剩余: 2分19秒正在运行第 11/30 局游戏...第 11/30 局完成 (耗时: 8.5秒) - 对手胜
游戏12/30 [████████████████░░░░░░░░░░░░░░░░░░░░░░░░] 40.0% | 已用: 1分29秒 | 剩余: 2分13秒正在运行第 12/30 局游戏...第 12/30 局完成 (耗时: 10.8秒) - 对手胜
游戏13/30 [█████████████████░░░░░░░░░░░░░░░░░░░░░░░] 43.3% | 已用: 1分40秒 | 剩余: 2分10秒正在运行第 13/30 局游戏...第 13/30 局完成 (耗时: 8.2秒) - 对手胜
游戏14/30 [██████████████████░░░░░░░░░░░░░░░░░░░░░░] 46.7% | 已用: 1分48秒 | 剩余: 2分3秒正在运行第 14/30 局游戏...第 14/30 局完成 (耗时: 7.5秒) - 对手胜
游戏15/30 [████████████████████░░░░░░░░░░░░░░░░░░░░] 50.0% | 已用: 1分55秒 | 剩余: 1分55秒正在运行第 15/30 局游戏...第 15/30 局完成 (耗时: 7.4秒) - 对手胜
游戏16/30 [█████████████████████░░░░░░░░░░░░░░░░░░░] 53.3% | 已用: 2分3秒 | 剩余: 1分47秒正在运行第 16/30 局游戏...第 16/30 局完成 (耗时: 9.0秒) - 对手胜
游戏17/30 [██████████████████████░░░░░░░░░░░░░░░░░░] 56.7% | 已用: 2分12秒 | 剩余: 1分41秒正在运行第 17/30 局游戏...第 17/30 局完成 (耗时: 7.2秒) - 对手胜
游戏18/30 [████████████████████████░░░░░░░░░░░░░░░░] 60.0% | 已用: 2分19秒 | 剩余: 1分32秒正在运行第 18/30 局游戏...第 18/30 局完成 (耗时: 7.4秒) - 对手胜
游戏19/30 [█████████████████████████░░░░░░░░░░░░░░░] 63.3% | 已用: 2分26秒 | 剩余: 1分24秒正在运行第 19/30 局游戏...第 19/30 局完成 (耗时: 6.4秒) - 对手胜
游戏20/30 [██████████████████████████░░░░░░░░░░░░░░] 66.7% | 已用: 2分33秒 | 剩余: 1分16秒正在运行第 20/30 局游戏...第 20/30 局完成 (耗时: 7.2秒) - 对手胜
游戏21/30 [████████████████████████████░░░░░░░░░░░░] 70.0% | 已用: 2分40秒 | 剩余: 1分8秒正在运行第 21/30 局游戏...第 21/30 局完成 (耗时: 10.0秒) - 对手胜
游戏22/30 [█████████████████████████████░░░░░░░░░░░] 73.3% | 已用: 2分50秒 | 剩余: 1分1秒正在运行第 22/30 局游戏...第 22/30 局完成 (耗时: 6.7秒) - 对手胜
游戏23/30 [██████████████████████████████░░░░░░░░░░] 76.7% | 已用: 2分57秒 | 剩余: 53.9秒正在运行第 23/30 局游戏...第 23/30 局完成 (耗时: 6.8秒) - 对手胜
游戏24/30 [████████████████████████████████░░░░░░░░] 80.0% | 已用: 3分3秒 | 剩余: 46.0秒正在运行第 24/30 局游戏...第 24/30 局完成 (耗时: 6.6秒) - 对手胜
游戏25/30 [█████████████████████████████████░░░░░░░] 83.3% | 已用: 3分10秒 | 剩余: 38.1秒正在运行第 25/30 局游戏...第 25/30 局完成 (耗时: 9.2秒) - 对手胜
游戏26/30 [██████████████████████████████████░░░░░░] 86.7% | 已用: 3分19秒 | 剩余: 30.7秒正在运行第 26/30 局游戏...第 26/30 局完成 (耗时: 7.1秒) - 对手胜
游戏27/30 [████████████████████████████████████░░░░] 90.0% | 已用: 3分26秒 | 剩余: 23.0秒正在运行第 27/30 局游戏...第 27/30 局完成 (耗时: 7.7秒) - 对手胜
游戏28/30 [█████████████████████████████████████░░░] 93.3% | 已用: 3分34秒 | 剩余: 15.3秒正在运行第 28/30 局游戏...第 28/30 局完成 (耗时: 7.7秒) - 对手胜
游戏29/30 [██████████████████████████████████████░░] 96.7% | 已用: 3分42秒 | 剩余: 7.7秒正在运行第 29/30 局游戏...第 29/30 局完成 (耗时: 6.8秒) - 对手胜
游戏30/30 [████████████████████████████████████████] 100.0% | 已用: 3分48秒
正在运行第 30/30 局游戏...第 30/30 局完成 (耗时: 9.4秒) - 对手胜
                                                                                游戏1/30 [█░░░░░░░░░░░░░░░░░░░░░░░░░░░░░░░░░░░░░░░] 3.3% | 已用: 0ms | 剩余: 0ms正在运行第 1/30 局游戏...第 1/30 局完成 (耗时: 6.8秒) - 对手胜
游戏2/30 [██░░░░░░░░░░░░░░░░░░░░░░░░░░░░░░░░░░░░░░] 6.7% | 已用: 6.8秒 | 剩余: 1分35秒正在运行第 2/30 局游戏...第 2/30 局完成 (耗时: 7.2秒) - 对手胜
游戏3/30 [████░░░░░░░░░░░░░░░░░░░░░░░░░░░░░░░░░░░░] 10.0% | 已用: 14.1秒 | 剩余: 2分6秒正在运行第 3/30 局游戏...第 3/30 局完成 (耗时: 8.5秒) - 对手胜
游戏4/30 [█████░░░░░░░░░░░░░░░░░░░░░░░░░░░░░░░░░░░] 13.3% | 已用: 22.5秒 | 剩余: 2分26秒正在运行第 4/30 局游戏...第 4/30 局完成 (耗时: 9.7秒) - 对手胜
游戏5/30 [██████░░░░░░░░░░░░░░░░░░░░░░░░░░░░░░░░░░] 16.7% | 已用: 32.2秒 | 剩余: 2分41秒正在运行第 5/30 局游戏...第 5/30 局完成 (耗时: 8.0秒) - 对手胜
游戏6/30 [████████░░░░░░░░░░░░░░░░░░░░░░░░░░░░░░░░] 20.0% | 已用: 40.2秒 | 剩余: 2分40秒正在运行第 6/30 局游戏...第 6/30 局完成 (耗时: 5.9秒) - 对手胜
游戏7/30 [█████████░░░░░░░░░░░░░░░░░░░░░░░░░░░░░░░] 23.3% | 已用: 46.1秒 | 剩余: 2分31秒正在运行第 7/30 局游戏...第 7/30 局完成 (耗时: 6.1秒) - 对手胜
游戏8/30 [██████████░░░░░░░░░░░░░░░░░░░░░░░░░░░░░░] 26.7% | 已用: 52.1秒 | 剩余: 2分23秒正在运行第 8/30 局游戏...第 8/30 局完成 (耗时: 6.7秒) - 对手胜
游戏9/30 [████████████░░░░░░░░░░░░░░░░░░░░░░░░░░░░] 30.0% | 已用: 58.9秒 | 剩余: 2分17秒正在运行第 9/30 局游戏...第 9/30 局完成 (耗时: 9.0秒) - 对手胜
游戏10/30 [█████████████░░░░░░░░░░░░░░░░░░░░░░░░░░░] 33.3% | 已用: 1分7秒 | 剩余: 2分15秒正在运行第 10/30 局游戏...第 10/30 局完成 (耗时: 6.7秒) - AI胜
游戏11/30 [██████████████░░░░░░░░░░░░░░░░░░░░░░░░░░] 36.7% | 已用: 1分14秒 | 剩余: 2分8秒正在运行第 11/30 局游戏...第 11/30 局完成 (耗时: 6.3秒) - 对手胜
游戏12/30 [████████████████░░░░░░░░░░░░░░░░░░░░░░░░] 40.0% | 已用: 1分20秒 | 剩余: 2分1秒正在运行第 12/30 局游戏...第 12/30 局完成 (耗时: 5.9秒) - 对手胜
游戏13/30 [█████████████████░░░░░░░░░░░░░░░░░░░░░░░] 43.3% | 已用: 1分26秒 | 剩余: 1分53秒正在运行第 13/30 局游戏...第 13/30 局完成 (耗时: 5.3秒) - 对手胜
游戏14/30 [██████████████████░░░░░░░░░░░░░░░░░░░░░░] 46.7% | 已用: 1分32秒 | 剩余: 1分45秒正在运行第 14/30 局游戏...第 14/30 局完成 (耗时: 9.2秒) - 对手胜
游戏15/30 [████████████████████░░░░░░░░░░░░░░░░░░░░] 50.0% | 已用: 1分41秒 | 剩余: 1分41秒正在运行第 15/30 局游戏...第 15/30 局完成 (耗时: 6.3秒) - 对手胜
游戏16/30 [█████████████████████░░░░░░░░░░░░░░░░░░░] 53.3% | 已用: 1分47秒 | 剩余: 1分34秒正在运行第 16/30 局游戏...第 16/30 局完成 (耗时: 6.4秒) - 对手胜
游戏17/30 [██████████████████████░░░░░░░░░░░░░░░░░░] 56.7% | 已用: 1分53秒 | 剩余: 1分27秒正在运行第 17/30 局游戏...第 17/30 局完成 (耗时: 5.6秒) - 对手胜
游戏18/30 [████████████████████████░░░░░░░░░░░░░░░░] 60.0% | 已用: 1分59秒 | 剩余: 1分19秒正在运行第 18/30 局游戏...第 18/30 局完成 (耗时: 5.3秒) - 对手胜
游戏19/30 [█████████████████████████░░░░░░░░░░░░░░░] 63.3% | 已用: 2分4秒 | 剩余: 1分12秒正在运行第 19/30 局游戏...第 19/30 局完成 (耗时: 6.3秒) - 对手胜
游戏20/30 [██████████████████████████░░░░░░░░░░░░░░] 66.7% | 已用: 2分11秒 | 剩余: 1分5秒正在运行第 20/30 局游戏...第 20/30 局完成 (耗时: 9.6秒) - 对手胜
游戏21/30 [████████████████████████████░░░░░░░░░░░░] 70.0% | 已用: 2分20秒 | 剩余: 1分0秒正在运行第 21/30 局游戏...第 21/30 局完成 (耗时: 5.6秒) - 对手胜
游戏22/30 [█████████████████████████████░░░░░░░░░░░] 73.3% | 已用: 2分26秒 | 剩余: 53.2秒正在运行第 22/30 局游戏...第 22/30 局完成 (耗时: 6.3秒) - 对手胜
游戏23/30 [██████████████████████████████░░░░░░░░░░] 76.7% | 已用: 2分32秒 | 剩余: 46.4秒正在运行第 23/30 局游戏...第 23/30 局完成 (耗时: 6.5秒) - 对手胜
游戏24/30 [████████████████████████████████░░░░░░░░] 80.0% | 已用: 2分38秒 | 剩余: 39.7秒正在运行第 24/30 局游戏...第 24/30 局完成 (耗时: 5.5秒) - 对手胜
游戏25/30 [█████████████████████████████████░░░░░░░] 83.3% | 已用: 2分44秒 | 剩余: 32.9秒正在运行第 25/30 局游戏...第 25/30 局完成 (耗时: 9.0秒) - AI胜
游戏26/30 [██████████████████████████████████░░░░░░] 86.7% | 已用: 2分53秒 | 剩余: 26.7秒正在运行第 26/30 局游戏...第 26/30 局完成 (耗时: 6.0秒) - 对手胜
游戏27/30 [████████████████████████████████████░░░░] 90.0% | 已用: 2分59秒 | 剩余: 19.9秒正在运行第 27/30 局游戏...第 27/30 局完成 (耗时: 6.6秒) - 对手胜
游戏28/30 [█████████████████████████████████████░░░] 93.3% | 已用: 3分6秒 | 剩余: 13.3秒正在运行第 28/30 局游戏...第 28/30 局完成 (耗时: 7.1秒) - 对手胜
游戏29/30 [██████████████████████████████████████░░] 96.7% | 已用: 3分13秒 | 剩余: 6.7秒正在运行第 29/30 局游戏...第 29/30 局完成 (耗时: 6.2秒) - 对手胜
游戏30/30 [████████████████████████████████████████] 100.0% | 已用: 3分19秒
正在运行第 30/30 局游戏...第 30/30 局完成 (耗时: 8.1秒) - 对手胜
                                                                                 ✓ tests/mctsTuning.test.ts > MCTS微调测试 > 应该能够运行快速测试 109284ms
 ✓ tests/mctsTuning.test.ts > MCTS微调测试 > 应该能够测试不同探索常数 498396ms
 ✓ tests/mctsTuning.test.ts > MCTS微调测试 > 应该能够对比完全信息模式和估计模式 445771ms
stdout | tests/unit/services/TTSServiceWrapper.test.ts > TTSServiceWrapper > 应该成功调用TTS
[AsyncTask] Starting: unknown (task_1764970261760_1)
[AsyncTask] Success: unknown in 0ms

stdout | tests/unit/services/TTSServiceWrapper.test.ts > TTSServiceWrapper > 应该记录指标
[AsyncTask] Starting: unknown (task_1764970261763_1)
[AsyncTask] Success: unknown in 1ms

 ✓ tests/unit/services/TTSServiceWrapper.test.ts > TTSServiceWrapper > 应该成功调用TTS
 ✓ tests/unit/services/TTSServiceWrapper.test.ts > TTSServiceWrapper > 应该记录指标

⎯⎯⎯⎯⎯⎯ Failed Suites 3 ⎯⎯⎯⎯⎯⎯⎯

 FAIL  merged-tests-1764516795368.test.ts [ merged-tests-1764516795368.test.ts ]
Error: Transform failed with 34 errors:
/home/jin/guozha-poker-game/merged-tests-1764516795368.test.ts:10275:15: ERROR: The symbol "waitForLanguageChange" has already been declared
/home/jin/guozha-poker-game/merged-tests-1764516795368.test.ts:15540:9: ERROR: The symbol "createSameRankCards" has already been declared
/home/jin/guozha-poker-game/merged-tests-1764516795368.test.ts:15540:9: ERROR: The symbol "createSameRankCards" has already been declared
/home/jin/guozha-poker-game/merged-tests-1764516795368.test.ts:15540:9: ERROR: The symbol "createSameRankCards" has already been declared
/home/jin/guozha-poker-game/merged-tests-1764516795368.test.ts:15540:9: ERROR: The symbol "createSameRankCards" has already been declared
...
 ❯ failureErrorWithLog node_modules/esbuild/lib/main.js:1472:15
 ❯ node_modules/esbuild/lib/main.js:755:50
 ❯ responseCallbacks.<computed> node_modules/esbuild/lib/main.js:622:9
 ❯ handleIncomingPacket node_modules/esbuild/lib/main.js:677:12
 ❯ Socket.readFromStdout node_modules/esbuild/lib/main.js:600:7
 ❯ Socket.emit node:events:524:28

⎯⎯⎯⎯⎯⎯⎯⎯⎯⎯⎯⎯⎯⎯⎯⎯⎯⎯⎯⎯⎯⎯[1/118]⎯

 FAIL  merged-tests-1764516820892.test.ts [ merged-tests-1764516820892.test.ts ]
Error: Transform failed with 34 errors:
/home/jin/guozha-poker-game/merged-tests-1764516820892.test.ts:10275:15: ERROR: The symbol "waitForLanguageChange" has already been declared
/home/jin/guozha-poker-game/merged-tests-1764516820892.test.ts:15540:9: ERROR: The symbol "createSameRankCards" has already been declared
/home/jin/guozha-poker-game/merged-tests-1764516820892.test.ts:15540:9: ERROR: The symbol "createSameRankCards" has already been declared
/home/jin/guozha-poker-game/merged-tests-1764516820892.test.ts:15540:9: ERROR: The symbol "createSameRankCards" has already been declared
/home/jin/guozha-poker-game/merged-tests-1764516820892.test.ts:15540:9: ERROR: The symbol "createSameRankCards" has already been declared
...
 ❯ failureErrorWithLog node_modules/esbuild/lib/main.js:1472:15
 ❯ node_modules/esbuild/lib/main.js:755:50
 ❯ responseCallbacks.<computed> node_modules/esbuild/lib/main.js:622:9
 ❯ handleIncomingPacket node_modules/esbuild/lib/main.js:677:12
 ❯ Socket.readFromStdout node_modules/esbuild/lib/main.js:600:7
 ❯ Socket.emit node:events:524:28

⎯⎯⎯⎯⎯⎯⎯⎯⎯⎯⎯⎯⎯⎯⎯⎯⎯⎯⎯⎯⎯⎯[2/118]⎯

 FAIL  tests/teamMCTS.test.ts [ tests/teamMCTS.test.ts ]
Error: Failed to resolve import "./arrayUtils" from "src/utils/teamMCTSTraining.ts". Does the file exist?
 ❯ TransformPluginContext._formatError node_modules/vite/dist/node/chunks/dep-BK3b2jBa.js:49258:41
 ❯ TransformPluginContext.error node_modules/vite/dist/node/chunks/dep-BK3b2jBa.js:49253:16
 ❯ normalizeUrl node_modules/vite/dist/node/chunks/dep-BK3b2jBa.js:64307:23
 ❯ async file:/home/jin/guozha-poker-game/node_modules/vite/dist/node/chunks/dep-BK3b2jBa.js:64439:39
 ❯ TransformPluginContext.transform node_modules/vite/dist/node/chunks/dep-BK3b2jBa.js:64366:7
 ❯ PluginContainer.transform node_modules/vite/dist/node/chunks/dep-BK3b2jBa.js:49099:18
 ❯ loadAndTransform node_modules/vite/dist/node/chunks/dep-BK3b2jBa.js:51978:27

⎯⎯⎯⎯⎯⎯⎯⎯⎯⎯⎯⎯⎯⎯⎯⎯⎯⎯⎯⎯⎯⎯[3/118]⎯

⎯⎯⎯⎯⎯⎯ Failed Tests 115 ⎯⎯⎯⎯⎯⎯

 FAIL  tests/channelScheduler.test.ts > ChannelScheduler > 声道分配 > 超过4个玩家时应该循环使用通道
AssertionError: expected 4 to be +0 // Object.is equality

- Expected
+ Received

- 0
+ 4

 ❯ tests/channelScheduler.test.ts:51:45
     49| 
     50|     it('超过4个玩家时应该循环使用通道', () => {
     51|       expect(scheduler.getPlayerChannel(4)).toBe(ChannelType.PLAYER_0);
       |                                             ^
     52|       expect(scheduler.getPlayerChannel(5)).toBe(ChannelType.PLAYER_1);
     53|       expect(scheduler.getPlayerChannel(6)).toBe(ChannelType.PLAYER_2);

⎯⎯⎯⎯⎯⎯⎯⎯⎯⎯⎯⎯⎯⎯⎯⎯⎯⎯⎯⎯⎯⎯[4/118]⎯

 FAIL  tests/channelScheduler.test.ts > ChannelScheduler > 报牌播放 > 报牌应该使用ANNOUNCEMENT通道
AssertionError: expected "spy" to be called with arguments: [ Array(5) ]

Received: 



Number of calls: 0

 ❯ tests/channelScheduler.test.ts:70:37
     68| 
     69|       const { ttsAudioService } = await import('../src/services/ttsAud…
     70|       expect(ttsAudioService.speak).toHaveBeenCalledWith(
       |                                     ^
     71|         '报牌测试',
     72|         undefined,

⎯⎯⎯⎯⎯⎯⎯⎯⎯⎯⎯⎯⎯⎯⎯⎯⎯⎯⎯⎯⎯⎯[5/118]⎯

 FAIL  tests/channelScheduler.test.ts > ChannelScheduler > 报牌播放 > 报牌应该中断所有玩家聊天
TypeError: scheduler.getChannelStatus is not a function
 ❯ tests/channelScheduler.test.ts:96:36
     94|       
     95|       // 验证聊天已经开始播放
     96|       const chatStatus = scheduler.getChannelStatus(ChannelType.PLAYER…
       |                                    ^
     97|       expect(chatStatus.isPlaying).toBe(true);
     98|       

⎯⎯⎯⎯⎯⎯⎯⎯⎯⎯⎯⎯⎯⎯⎯⎯⎯⎯⎯⎯⎯⎯[6/118]⎯

 FAIL  tests/channelScheduler.test.ts > ChannelScheduler > 玩家聊天播放 > 4个玩家应该各自使用独立通道
AssertionError: expected "spy" to be called 4 times, but got 0 times
 ❯ tests/channelScheduler.test.ts:154:37
    152| 
    153|       const { ttsAudioService } = await import('../src/services/ttsAud…
    154|       expect(ttsAudioService.speak).toHaveBeenCalledTimes(4);
       |                                     ^
    155|       expect(ttsAudioService.speak).toHaveBeenCalledWith(
    156|         '玩家0',

⎯⎯⎯⎯⎯⎯⎯⎯⎯⎯⎯⎯⎯⎯⎯⎯⎯⎯⎯⎯⎯⎯[7/118]⎯

 FAIL  tests/channelScheduler.test.ts > ChannelScheduler > 玩家聊天播放 > 同一玩家的多个聊天请求应该排队
TypeError: scheduler.getChannelStatus is not a function
 ❯ tests/channelScheduler.test.ts:195:33
    193|       
    194|       // 验证第一个请求已经开始播放
    195|       const status1 = scheduler.getChannelStatus(ChannelType.PLAYER_0);
       |                                 ^
    196|       expect(status1.isPlaying).toBe(true);
    197|       

⎯⎯⎯⎯⎯⎯⎯⎯⎯⎯⎯⎯⎯⎯⎯⎯⎯⎯⎯⎯⎯⎯[8/118]⎯

 FAIL  tests/channelScheduler.test.ts > ChannelScheduler > 通道状态 > 应该正确返回通道状态
TypeError: scheduler.getChannelStatus is not a function
 ❯ tests/channelScheduler.test.ts:214:32
    212|   describe('通道状态', () => {
    213|     it('应该正确返回通道状态', () => {
    214|       const status = scheduler.getChannelStatus(ChannelType.PLAYER_0);
       |                                ^
    215|       expect(status.channel).toBe(ChannelType.PLAYER_0);
    216|       expect(status.isPlaying).toBe(false);

⎯⎯⎯⎯⎯⎯⎯⎯⎯⎯⎯⎯⎯⎯⎯⎯⎯⎯⎯⎯⎯⎯[9/118]⎯

 FAIL  tests/channelScheduler.test.ts > ChannelScheduler > 通道状态 > 应该返回所有通道状态
TypeError: scheduler.getChannelStatus is not a function
 ❯ tests/channelScheduler.test.ts:221:37
    219| 
    220|     it('应该返回所有通道状态', () => {
    221|       const allStatuses = scheduler.getChannelStatus();
       |                                     ^
    222|       expect(allStatuses).toBeInstanceOf(Map);
    223|       expect(allStatuses.size).toBe(5); // 4个玩家通道 + 1个报牌通道

⎯⎯⎯⎯⎯⎯⎯⎯⎯⎯⎯⎯⎯⎯⎯⎯⎯⎯⎯⎯⎯[10/118]⎯

 FAIL  tests/channelScheduler.test.ts > ChannelScheduler > 中断功能 > 应该能够中断指定通道
TypeError: scheduler.interrupt is not a function
 ❯ tests/channelScheduler.test.ts:238:17
    236| 
    237|       scheduler.requestPlay(request);
    238|       scheduler.interrupt(ChannelType.PLAYER_0);
       |                 ^
    239| 
    240|       const { ttsAudioService } = await import('../src/services/ttsAud…

⎯⎯⎯⎯⎯⎯⎯⎯⎯⎯⎯⎯⎯⎯⎯⎯⎯⎯⎯⎯⎯[11/118]⎯

 FAIL  tests/channelScheduler.test.ts > ChannelScheduler > 中断功能 > 应该能够中断所有通道
TypeError: scheduler.interrupt is not a function
 ❯ tests/channelScheduler.test.ts:245:17
    243| 
    244|     it('应该能够中断所有通道', async () => {
    245|       scheduler.interrupt();
       |                 ^
    246| 
    247|       const { ttsAudioService } = await import('../src/services/ttsAud…

⎯⎯⎯⎯⎯⎯⎯⎯⎯⎯⎯⎯⎯⎯⎯⎯⎯⎯⎯⎯⎯[12/118]⎯

 FAIL  tests/chatAndVoiceRegression.test.ts > 聊天和语音系统回归测试 > 语音功能回归 > 应该保持原有的牌型转语音文本功能
AssertionError: expected 'Pair of 5' to be '对五' // Object.is equality

- Expected
+ Received

- 对五
+ Pair of 5

 ❯ tests/chatAndVoiceRegression.test.ts:48:38
     46|       };
     47| 
     48|       expect(playToSpeechText(play)).toBe('对五');
       |                                      ^
     49|     });
     50| 

⎯⎯⎯⎯⎯⎯⎯⎯⎯⎯⎯⎯⎯⎯⎯⎯⎯⎯⎯⎯⎯[13/118]⎯

 FAIL  tests/chatAndVoiceRegression.test.ts > 聊天和语音系统回归测试 > 语音功能回归 > 应该保持原有的自定义rank发音
AssertionError: expected '7 Js' to contain '钩'

- Expected
+ Received

- 钩
+ 7 Js

 ❯ tests/chatAndVoiceRegression.test.ts:68:39
     66|         value: Rank.JACK
     67|       };
     68|       expect(playToSpeechText(playJ)).toContain('钩');
       |                                       ^
     69| 
     70|       const playQ: Play = {

⎯⎯⎯⎯⎯⎯⎯⎯⎯⎯⎯⎯⎯⎯⎯⎯⎯⎯⎯⎯⎯[14/118]⎯

 FAIL  tests/chatAndVoiceRegression.test.ts > 聊天和语音系统回归测试 > 聊天功能回归 > 应该能够正常触发随机闲聊
 FAIL  tests/chatAndVoiceRegression.test.ts > 聊天和语音系统回归测试 > 聊天功能回归 > 应该能够正常触发事件聊天
 FAIL  tests/chatAndVoiceRegression.test.ts > 聊天和语音系统回归测试 > 聊天功能回归 > 应该能够正常触发大墩反应
 FAIL  tests/chatAndVoiceRegression.test.ts > 聊天和语音系统回归测试 > 集成回归 > 应该能够同时使用语音和聊天功能
 FAIL  tests/chatAndVoiceRegression.test.ts > 聊天和语音系统回归测试 > 集成回归 > 应该能够处理多个玩家的聊天
 FAIL  tests/chatBubbleSync.test.ts > ChatBubble 同步测试 > 应该在语音开始时显示气泡和播放指示器
 FAIL  tests/chatBubbleSync.test.ts > ChatBubble 同步测试 > 应该在语音结束时开始淡出
 FAIL  tests/chatBubbleSync.test.ts > ChatBubble 同步测试 > 应该在播放中显示 speaking 类名和播放指示器
 FAIL  tests/chatBubbleSync.test.ts > ChatBubble 同步测试 > 应该在没有语音时使用超时保护机制
 FAIL  tests/dealingManualMode.test.ts > 手动发牌模式 > 应该显示手动/自动切换按钮
 FAIL  tests/dealingSortingRegression.test.ts > 发牌和理牌功能回归测试 > 理牌聊天触发 > 应该检测炸弹并触发聊天
 FAIL  tests/dealingSortingRegression.test.ts > 发牌和理牌功能回归测试 > 理牌聊天触发 > 应该检测墩并触发聊天
 FAIL  tests/dealingSortingRegression.test.ts > 发牌和理牌功能回归测试 > 理牌聊天触发 > 应该检测超大牌并触发聊天
 FAIL  tests/dealingSortingRegression.test.ts > 发牌和理牌功能回归测试 > 理牌聊天触发 > 应该优先检测炸弹/墩
 FAIL  tests/round.test.ts > Round 类单元测试 > 时间控制 > 应该正确开始和清除超时计时器
 FAIL  tests/roundRegression.test.ts > Round 类回归测试 > 时间控制流程 > 应该正确触发超时
Error: Test timed out in 5000ms.
If this is a long-running test, pass a timeout value as the last argument or configure it globally with "testTimeout".
⎯⎯⎯⎯⎯⎯⎯⎯⎯⎯⎯⎯⎯⎯⎯⎯⎯⎯⎯⎯⎯[15/118]⎯

 FAIL  tests/chatBubbleSyncRegression.test.ts > 聊天气泡与语音同步回归测试 > 应该同步显示气泡和播放语音
 FAIL  tests/chatBubbleSyncRegression.test.ts > 聊天气泡与语音同步回归测试 > 应该在语音播放完成时更新状态
 FAIL  tests/chatBubbleSyncRegression.test.ts > 聊天气泡与语音同步回归测试 > 应该在语音播放失败时使用超时保护
 FAIL  tests/chatBubbleSyncRegression.test.ts > 聊天气泡与语音同步回归测试 > 应该处理多个玩家的同步播放
Error: [vitest] No "i18n" export is defined on the "../src/i18n" mock. Did you forget to return it from "vi.mock"?
If you need to partially mock a module, you can use "importOriginal" helper inside:

vi.mock("../src/i18n", async (importOriginal) => {
  const actual = await importOriginal()
  return {
    ...actual,
    // your mocked methods
  }
})

 ❯ checkNewMessages src/hooks/useChatBubbles.ts:51:29
     49|         
     50|         // 翻译消息内容（如果当前语言不是中文）
     51|         const currentLang = i18n?.language || 'zh-CN';
       |                             ^
     52|         const player = game?.players?.find(p => p.id === latestMessage…
     53|         

⎯⎯⎯⎯⎯⎯⎯⎯⎯⎯⎯⎯⎯⎯⎯⎯⎯⎯⎯⎯⎯[16/118]⎯

 FAIL  tests/chatReply.test.ts > 聊天回复功能 > LLMChatStrategy.generateReply > 应该生成回复消息
TypeError: strategy.generateReply is not a function
 ❯ tests/chatReply.test.ts:100:36
     98|     it('应该生成回复消息', async () => {
     99|       const strategy = new LLMChatStrategy(DEFAULT_LLM_CHAT_CONFIG);
    100|       const reply = await strategy.generateReply!(mockReplyPlayer, ori…
       |                                    ^
    101| 
    102|       expect(reply).not.toBeNull();

⎯⎯⎯⎯⎯⎯⎯⎯⎯⎯⎯⎯⎯⎯⎯⎯⎯⎯⎯⎯⎯[17/118]⎯

 FAIL  tests/chatReply.test.ts > 聊天回复功能 > LLMChatStrategy.generateReply > 应该包含原消息信息在回复中
TypeError: strategy.generateReply is not a function
 ❯ tests/chatReply.test.ts:113:36
    111|     it('应该包含原消息信息在回复中', async () => {
    112|       const strategy = new LLMChatStrategy(DEFAULT_LLM_CHAT_CONFIG);
    113|       const reply = await strategy.generateReply!(mockReplyPlayer, ori…
       |                                    ^
    114| 
    115|       expect(reply?.replyTo).toEqual({

⎯⎯⎯⎯⎯⎯⎯⎯⎯⎯⎯⎯⎯⎯⎯⎯⎯⎯⎯⎯⎯[18/118]⎯

 FAIL  tests/chatReply.test.ts > 聊天回复功能 > LLMChatStrategy.generateReply > 应该调用LLM API生成回复
TypeError: strategy.generateReply is not a function
 ❯ tests/chatReply.test.ts:125:22
    123|     it('应该调用LLM API生成回复', async () => {
    124|       const strategy = new LLMChatStrategy(DEFAULT_LLM_CHAT_CONFIG);
    125|       await strategy.generateReply!(mockReplyPlayer, originalMessage, …
       |                      ^
    126| 
    127|       expect(global.fetch).toHaveBeenCalled();

⎯⎯⎯⎯⎯⎯⎯⎯⎯⎯⎯⎯⎯⎯⎯⎯⎯⎯⎯⎯⎯[19/118]⎯

 FAIL  tests/chatReply.test.ts > 聊天回复功能 > LLMChatStrategy.generateReply > 应该处理南昌话方言转换
TypeError: strategy.generateReply is not a function
 ❯ tests/chatReply.test.ts:155:36
    153| 
    154|       const strategy = new LLMChatStrategy(DEFAULT_LLM_CHAT_CONFIG);
    155|       const reply = await strategy.generateReply!(nanchangPlayer, orig…
       |                                    ^
    156| 
    157|       expect(reply).not.toBeNull();

⎯⎯⎯⎯⎯⎯⎯⎯⎯⎯⎯⎯⎯⎯⎯⎯⎯⎯⎯⎯⎯[20/118]⎯

 FAIL  tests/chatReply.test.ts > 聊天回复功能 > chatService.triggerReply > 应该触发回复并添加到消息列表
AssertionError: expected null not to be null
 ❯ tests/chatReply.test.ts:229:25
    227|       const reply = await triggerReply(mockReplyPlayer, originalMessag…
    228| 
    229|       expect(reply).not.toBeNull();
       |                         ^
    230|       expect(reply?.replyTo).toBeDefined();
    231|     });

⎯⎯⎯⎯⎯⎯⎯⎯⎯⎯⎯⎯⎯⎯⎯⎯⎯⎯⎯⎯⎯[21/118]⎯

 FAIL  tests/chatReply.test.ts > 聊天回复功能 > 回复消息的场景标记 > 回复消息应该标记为SPONTANEOUS场景
TypeError: strategy.generateReply is not a function
 ❯ tests/chatReply.test.ts:368:36
    366|     it('回复消息应该标记为SPONTANEOUS场景', async () => {
    367|       const strategy = new LLMChatStrategy(DEFAULT_LLM_CHAT_CONFIG);
    368|       const reply = await strategy.generateReply!(mockReplyPlayer, ori…
       |                                    ^
    369| 
    370|       expect(reply?.scene).toBe('spontaneous');

⎯⎯⎯⎯⎯⎯⎯⎯⎯⎯⎯⎯⎯⎯⎯⎯⎯⎯⎯⎯⎯[22/118]⎯

 FAIL  tests/chatReplyRegression.test.ts > 聊天回复功能回归测试 > 向后兼容性 > 应该保持事件聊天功能正常工作
AssertionError: expected undefined to be 'good_play' // Object.is equality

- Expected: 
"good_play"

+ Received: 
undefined

 ❯ tests/chatReplyRegression.test.ts:119:34
    117|       expect(message).not.toBeNull();
    118|       expect(message?.type).toBe('event');
    119|       expect(message?.eventType).toBe(ChatEventType.GOOD_PLAY);
       |                                  ^
    120|     });
    121| 

⎯⎯⎯⎯⎯⎯⎯⎯⎯⎯⎯⎯⎯⎯⎯⎯⎯⎯⎯⎯⎯[23/118]⎯

 FAIL  tests/chatReplyRegression.test.ts > 聊天回复功能回归测试 > 回复功能不影响现有聊天流程 > 回复消息应该正常添加到消息列表
AssertionError: expected null not to be null
 ❯ tests/chatReplyRegression.test.ts:183:25
    181|       const reply = await triggerReply(mockPlayer2, originalMessage, 1…
    182| 
    183|       expect(reply).not.toBeNull();
       |                         ^
    184|       
    185|       const messages = getChatMessages();

⎯⎯⎯⎯⎯⎯⎯⎯⎯⎯⎯⎯⎯⎯⎯⎯⎯⎯⎯⎯⎯[24/118]⎯

 FAIL  tests/chatReplyRegression.test.ts > 聊天回复功能回归测试 > 回复功能不影响现有聊天流程 > 回复消息应该能够触发新的回复（回复链）
AssertionError: expected null not to be null
 ❯ tests/chatReplyRegression.test.ts:201:26
    199| 
    200|       const reply1 = await triggerReply(mockPlayer2, originalMessage, …
    201|       expect(reply1).not.toBeNull();
       |                          ^
    202| 
    203|       if (reply1) {

⎯⎯⎯⎯⎯⎯⎯⎯⎯⎯⎯⎯⎯⎯⎯⎯⎯⎯⎯⎯⎯[25/118]⎯

 FAIL  tests/chatReplyRegression.test.ts > 聊天回复功能回归测试 > 策略接口兼容性 > LLMChatStrategy应该实现generateReply方法
AssertionError: expected undefined not to be undefined
 ❯ tests/chatReplyRegression.test.ts:218:38
    216|     it('LLMChatStrategy应该实现generateReply方法', () => {
    217|       const strategy = new LLMChatStrategy(DEFAULT_LLM_CHAT_CONFIG);
    218|       expect(strategy.generateReply).toBeDefined();
       |                                      ^
    219|       expect(typeof strategy.generateReply).toBe('function');
    220|     });

⎯⎯⎯⎯⎯⎯⎯⎯⎯⎯⎯⎯⎯⎯⎯⎯⎯⎯⎯⎯⎯[26/118]⎯

 FAIL  tests/chatReplyRegression.test.ts > 聊天回复功能回归测试 > 策略接口兼容性 > generateReply应该是可选方法（向后兼容）
AssertionError: expected undefined not to be undefined
 ❯ tests/chatReplyRegression.test.ts:235:38
    233|       // 即使策略没有实现generateReply，也不应该报错
    234|       const strategy = new LLMChatStrategy(DEFAULT_LLM_CHAT_CONFIG);
    235|       expect(strategy.generateReply).toBeDefined();
       |                                      ^
    236|     });
    237|   });

⎯⎯⎯⎯⎯⎯⎯⎯⎯⎯⎯⎯⎯⎯⎯⎯⎯⎯⎯⎯⎯[27/118]⎯

 FAIL  tests/chatReplyRegression.test.ts > 聊天回复功能回归测试 > 边界情况 > 应该处理回复已回复的消息
AssertionError: expected null not to be null
 ❯ tests/chatReplyRegression.test.ts:346:26
    344| 
    345|       const reply1 = await triggerReply(mockPlayer2, originalMessage, …
    346|       expect(reply1).not.toBeNull();
       |                          ^
    347| 
    348|       if (reply1) {

⎯⎯⎯⎯⎯⎯⎯⎯⎯⎯⎯⎯⎯⎯⎯⎯⎯⎯⎯⎯⎯[28/118]⎯

 FAIL  tests/chatSceneProcessors.test.ts > 聊天场景处理器 > SpontaneousChatProcessor（自发聊天） > 应该构建轻量级提示词
AssertionError: expected '你是一个过炸牌游戏的AI玩家，正在和其他玩家进行轻松的闲聊。\n\n⚠️ …' to contain '最多20个字'

- Expected
+ Received

- 最多20个字
+ 你是一个过炸牌游戏的AI玩家，正在和其他玩家进行轻松的闲聊。
+
+ ⚠️ 重要要求（必须严格遵守）：
+ 1. 只返回一句话（不要多句，不要分段）
+ 2. 必须简洁！直接说重点，不要冗余表达
+ 3. 不要使用"好的，"、"我觉得，"、"其实，"等冗余开头
+ 4. 不要使用"对吧"、"是吧"、"怎么样"等冗余结尾
+ 5. 口语化表达，符合玩家的性格和方言特色
+ 6. 可以轻松随意，不需要对应具体游戏事件
+
+ ## 玩家信息
+ 玩家名称：测试玩家
+ 玩家类型：AI
+ 方言：mandarin
+ 性别：男
+ 手牌数量：0张
+ 当前得分：100分
+
+ ## 简单游戏状态
+ 当前轮次：第1轮
+ 当前轮次累计分数：50分
+ 游戏总分数：100分
+ 当前出牌玩家：玩家0
+
+
+
+ ## 任务
+ 生成一句自然、轻松的闲聊内容。
+
+ ⚠️ 重要要求（必须严格遵守）：
+ 1. 只返回一句话（不要多句，不要分段）
+ 2. 必须简洁！直接说重点，不要冗余表达，但保持语义完整
+ 3. 不要使用"好的，"、"我觉得，"、"其实，"等冗余开头
+ 4. 不要使用"对吧"、"是吧"、"怎么样"等冗余结尾
+ 5. 口语化表达，符合玩家的性格和方言特色
+ 6. 可以轻松随意，不需要对应具体游戏事件
+ 7. 只返回要说的话，不要添加任何解释、标记或标点符号（除非必要）
+
+ 简洁示例（参考这些长度和风格）：
+ - 大家好
+ - 这局有意思
+ - 等等我
+ - 手气不错
+ - 继续继续
+
+ ❌ 错误示例（不要这样）：
+ - 好的，我觉得这局很有意思，大家觉得呢？（太长，有冗余）
+ - 其实，我觉得手气不错，对吧？（有冗余开头和结尾）
+
+ 聊天内容：

 ❯ tests/chatSceneProcessors.test.ts:67:22
     65|       expect(prompt).toContain('当前轮次：第1轮');
     66|       expect(prompt).not.toContain('完整游戏状态'); // 轻量级，不包含…
     67|       expect(prompt).toContain('最多20个字'); // 自发聊天允许更长
       |                      ^
     68|     });
     69| 

⎯⎯⎯⎯⎯⎯⎯⎯⎯⎯⎯⎯⎯⎯⎯⎯⎯⎯⎯⎯⎯[29/118]⎯

 FAIL  tests/chatSceneProcessors.test.ts > 聊天场景处理器 > EventDrivenChatProcessor（事件触发） > 应该构建详细提示词
AssertionError: expected '你是一个过炸牌游戏的AI玩家，需要根据游戏情况生成自然、有趣的聊天内容。\…' to contain '最多15个字'

- Expected
+ Received

- 最多15个字
+ 你是一个过炸牌游戏的AI玩家，需要根据游戏情况生成自然、有趣的聊天内容。
+
+ ⚠️ 重要要求（必须严格遵守）：
+ 1. 只返回一句话（不要多句，不要分段）
+ 2. 必须简洁！直接说重点，不要冗余表达
+ 3. 不要使用"好的，"、"我觉得，"、"其实，"等冗余开头
+ 4. 不要使用"对吧"、"是吧"、"怎么样"等冗余结尾
+ 5. 必须与当前游戏事件相关，精准有力
+ 6. 符合游戏场景，口语化表达
+
+ ## 游戏信息
+ 游戏规则：过炸/争上游
+ - 每人一副完整的牌（52张）
+ - 支持牌型：单张、对子、三张、炸弹（4张及以上相同）、墩（7张及以上相同）
+ - 分牌：5=5分，10=10分，K=10分
+ - 墩的计分：7张=1墩，8张=2墩，9张=4墩，10张=8墩（翻倍）
+ - 出墩时，每个墩从每个其他玩家扣除30分，出墩玩家获得相应分数
+ - 先出完牌的玩家获胜
+
+ 当前游戏状态：
+ - 玩家数量：4人
+ - 当前轮次：第1轮
+ - 当前轮次累计分数：50分
+ - 游戏总分数：100分
+ - 当前出牌玩家：玩家0
+ - 上家出牌：无（新轮次开始）
+
+ ## 当前玩家信息
+ 玩家名称：测试玩家
+ 玩家类型：AI
+ 方言：mandarin
+ 性别：男
+ 手牌数量：0张
+ 手牌详情：无
+ 当前得分：100分
+ 出完牌名次：未出完
+
+ 所有玩家情况：
+ - 测试玩家（当前玩家）：手牌0张，得分100分
+
+ ## 事件信息
+ 事件类型：出好牌
+
+
+
+ ## 任务
+ 根据以上信息，生成一句符合当前游戏场景和事件的聊天内容。
+
+ ⚠️ 重要要求（必须严格遵守）：
+ 1. 只返回一句话（不要多句，不要分段）
+ 2. 必须简洁！直接说重点，不要冗余表达，但保持语义完整
+ 3. 不要使用"好的，"、"我觉得，"、"其实，"等冗余开头
+ 4. 不要使用"对吧"、"是吧"、"怎么样"等冗余结尾
+ 5. 必须与当前事件相关，精准有力
+ 6. 符合玩家的性格和方言特色
+ 7. 只返回要说的话，不要添加任何解释、标记或标点符号（除非必要）
+
+ 简洁示例（参考这些长度和风格）：
+ - 好牌！
+ - 这手不错
+ - 大墩！
+ - 分牌被吃了
+ - 出得好
+
+ ❌ 错误示例（不要这样）：
+ - 好的，我觉得这手牌出得不错，应该能赢吧？（太长，有冗余）
+ - 其实，我觉得这是好牌，对吧？（有冗余开头和结尾）
+
+ 聊天内容：

 ❯ tests/chatSceneProcessors.test.ts:141:22
    139|       expect(prompt).toContain('当前游戏状态');
    140|       expect(prompt).toContain('事件类型：出好牌');
    141|       expect(prompt).toContain('最多15个字'); // 事件触发更短
       |                      ^
    142|     });
    143| 

⎯⎯⎯⎯⎯⎯⎯⎯⎯⎯⎯⎯⎯⎯⎯⎯⎯⎯⎯⎯⎯[30/118]⎯

 FAIL  tests/chatSceneProcessors.test.ts > 聊天场景处理器 > TauntChatProcessor（对骂） > 应该构建对骂提示词
AssertionError: expected '你是一个过炸牌游戏的AI玩家，需要生成对骂/挑衅内容。\n\n重要要求：\…' to contain '最多15个字'

- Expected
+ Received

- 最多15个字
+ 你是一个过炸牌游戏的AI玩家，需要生成对骂/挑衅内容。
+
+ 重要要求：
+ 1. 只返回一句话（不要多句）
+ 2. 必须包含脏话和粗口，要激烈一些
+ 3. 符合打牌时的对骂场景
+ 4. 符合玩家的性格和方言特色
+
+ ## 游戏信息
+ 当前轮次：第1轮
+ 当前轮次累计分数：50分
+
+ ## 当前玩家信息
+ 玩家名称：测试玩家
+ 方言：mandarin
+ 性别：男
+ 当前得分：100分
+
+ ## 目标玩家信息
+ 玩家名称：目标玩家
+ 方言：mandarin
+ 性别：女
+ 当前得分：0分
+
+
+ ## 任务
+ 生成一句对目标玩家的对骂/挑衅内容。
+
+ ⚠️ 重要要求（必须严格遵守）：
+ 1. 只返回一句话（不要多句，不要分段）
+ 2. 必须简洁！直接说重点，不要冗余表达，但保持语义完整
+ 3. 必须包含脏话或粗口（这是对骂，不是普通聊天）
+ 4. 不要使用"好的，"、"我觉得，"、"其实，"等冗余开头
+ 5. 不要使用"对吧"、"是吧"、"怎么样"等冗余结尾
+ 6. 符合玩家的性格和方言特色
+ 7. 只返回要说的话，不要添加任何解释、标记或标点符号（除非必要）
+
+ 脏话要求：
+ - 必须使用脏话，如"你妈逼"、"妈的"、"靠"、"卧槽"、"我去"等
+ - 这是打牌时的对骂，要激烈一些
+ - 可以适度使用方言脏话
+
+ 简洁示例（必须包含脏话，参考这些长度和风格）：
+ - 你妈逼，等着
+ - 妈的，太狠了
+ - 靠，你完了
+ - 卧槽，你等着
+ - 我去，你妈逼
+ - 你妈逼，看我的
+ - 妈的，别得意
+ - 靠，你死定了
+
+ ❌ 错误示例（不要这样）：
+ - 好的，我觉得你这次出牌太狠了，你妈逼，等着瞧吧！（太长，有冗余）
+ - 其实，我觉得你完了，对吧？（有冗余开头和结尾，缺少脏话）
+
+ 对骂内容：

 ❯ tests/chatSceneProcessors.test.ts:232:22
    230|       expect(prompt).toContain('必须包含脏话');
    231|       expect(prompt).toContain('你妈逼');
    232|       expect(prompt).toContain('最多15个字');
       |                      ^
    233|     });
    234| 

⎯⎯⎯⎯⎯⎯⎯⎯⎯⎯⎯⎯⎯⎯⎯⎯⎯⎯⎯⎯⎯[31/118]⎯

 FAIL  tests/chatSceneProcessors.test.ts > 聊天场景处理器 > TauntChatProcessor（对骂） > 应该保留对骂内容的原始性（不严格处理）
AssertionError: expected 21 to be less than or equal to 20
 ❯ tests/chatSceneProcessors.test.ts:241:32
    239|       
    240|       // 对骂内容保留原始性，只做长度限制
    241|       expect(processed.length).toBeLessThanOrEqual(config.maxLength);
       |                                ^
    242|       // 不严格移除冗余表达，保留对骂的完整性
    243|       // 只验证长度限制，不验证内容是否包含冗余表达

⎯⎯⎯⎯⎯⎯⎯⎯⎯⎯⎯⎯⎯⎯⎯⎯⎯⎯⎯⎯⎯[32/118]⎯

 FAIL  tests/chatSceneRegression.test.ts > 聊天场景化系统回归测试 > LLMChatStrategy 场景集成 > 应该为随机聊天标记 SPONTANEOUS 场景
AssertionError: expected undefined to be 'spontaneous' // Object.is equality

- Expected: 
"spontaneous"

+ Received: 
undefined

 ❯ tests/chatSceneRegression.test.ts:85:30
     83|       
     84|       expect(message).not.toBeNull();
     85|       expect(message?.scene).toBe(ChatScene.SPONTANEOUS);
       |                              ^
     86|       expect(message?.type).toBe('random');
     87|     });

⎯⎯⎯⎯⎯⎯⎯⎯⎯⎯⎯⎯⎯⎯⎯⎯⎯⎯⎯⎯⎯[33/118]⎯

 FAIL  tests/chatSceneRegression.test.ts > 聊天场景化系统回归测试 > LLMChatStrategy 场景集成 > 应该为事件聊天标记 EVENT_DRIVEN 场景
AssertionError: expected undefined to be 'event-driven' // Object.is equality

- Expected: 
"event-driven"

+ Received: 
undefined

 ❯ tests/chatSceneRegression.test.ts:94:30
     92|       
     93|       expect(message).not.toBeNull();
     94|       expect(message?.scene).toBe(ChatScene.EVENT_DRIVEN);
       |                              ^
     95|       expect(message?.type).toBe('event');
     96|       expect(message?.eventType).toBe(ChatEventType.GOOD_PLAY);

⎯⎯⎯⎯⎯⎯⎯⎯⎯⎯⎯⎯⎯⎯⎯⎯⎯⎯⎯⎯⎯[34/118]⎯

 FAIL  tests/chatSceneRegression.test.ts > 聊天场景化系统回归测试 > LLMChatStrategy 场景集成 > 应该为对骂标记 TAUNT 场景
AssertionError: expected undefined to be 'taunt' // Object.is equality

- Expected: 
"taunt"

+ Received: 
undefined

 ❯ tests/chatSceneRegression.test.ts:111:30
    109|       
    110|       expect(message).not.toBeNull();
    111|       expect(message?.scene).toBe(ChatScene.TAUNT);
       |                              ^
    112|       expect(message?.type).toBe('taunt');
    113|     });

⎯⎯⎯⎯⎯⎯⎯⎯⎯⎯⎯⎯⎯⎯⎯⎯⎯⎯⎯⎯⎯[35/118]⎯

 FAIL  tests/chatSceneRegression.test.ts > 聊天场景化系统回归测试 > LLMChatStrategy 场景集成 > 应该根据事件类型选择正确的场景
AssertionError: expected undefined to be 'spontaneous' // Object.is equality

- Expected: 
"spontaneous"

+ Received: 
undefined

 ❯ tests/chatSceneRegression.test.ts:120:36
    118|       // RANDOM 应该使用 SPONTANEOUS
    119|       const randomMessage = await strategy.generateRandomChat(mockPlay…
    120|       expect(randomMessage?.scene).toBe(ChatScene.SPONTANEOUS);
       |                                    ^
    121|       
    122|       // GOOD_PLAY 应该使用 EVENT_DRIVEN

⎯⎯⎯⎯⎯⎯⎯⎯⎯⎯⎯⎯⎯⎯⎯⎯⎯⎯⎯⎯⎯[36/118]⎯

 FAIL  tests/chatSceneRegression.test.ts > 聊天场景化系统回归测试 > 向后兼容性 > 消息应该包含所有必需字段
AssertionError: expected { playerId: +0, …(4) } to have property "scene"
 ❯ tests/chatSceneRegression.test.ts:191:23
    189|       expect(message).toHaveProperty('timestamp');
    190|       expect(message).toHaveProperty('type');
    191|       expect(message).toHaveProperty('scene'); // 新增字段
       |                       ^
    192|     });
    193| 

⎯⎯⎯⎯⎯⎯⎯⎯⎯⎯⎯⎯⎯⎯⎯⎯⎯⎯⎯⎯⎯[37/118]⎯

 FAIL  tests/compactHandCards.test.tsx > 紧凑型手牌组件测试 > 紧凑模式显示 > 应该显示数量徽章（多张牌时）
AssertionError: expected null to be truthy

- Expected: 
null

+ Received: 
false

 ❯ tests/compactHandCards.test.tsx:144:21
    142| 
    143|       const badge = container.querySelector('.compact-count-badge');
    144|       expect(badge).toBeTruthy();
       |                     ^
    145|       expect(badge?.textContent).toBe('5');
    146|     });

⎯⎯⎯⎯⎯⎯⎯⎯⎯⎯⎯⎯⎯⎯⎯⎯⎯⎯⎯⎯⎯[38/118]⎯

 FAIL  tests/comprehensiveRegressionTests.test.ts > 完整回归测试套件 > 分数分配回归测试 > 墩的分数应该正确分配给所有玩家
AssertionError: expected +0 to be -130 // Object.is equality

- Expected
+ Received

- -130
+ 0

 ❯ tests/comprehensiveRegressionTests.test.ts:397:46
    395|       // 1墩，4人游戏：出墩玩家获得90分，其他玩家各扣30分
    396|       // 注意：handleDunScoring只处理其他玩家的扣分，出墩玩家的加分在u…
    397|       expect(result.updatedPlayers[1].score).toBe(-130); // -100 - 30
       |                                              ^
    398|       expect(result.updatedPlayers[2].score).toBe(-130);
    399|       expect(result.updatedPlayers[3].score).toBe(-130);

⎯⎯⎯⎯⎯⎯⎯⎯⎯⎯⎯⎯⎯⎯⎯⎯⎯⎯⎯⎯⎯[39/118]⎯

 FAIL  tests/comprehensiveUnitTests.test.ts > 完整单元测试套件 > playManager 模块测试 > 应该正确处理墩的计分
AssertionError: expected +0 to be -130 // Object.is equality

- Expected
+ Received

- -130
+ 0

 ❯ tests/comprehensiveUnitTests.test.ts:436:46
    434|       // 1墩，4人游戏：出墩玩家获得90分，其他玩家各扣30分
    435|       // 注意：handleDunScoring只处理其他玩家的扣分，出墩玩家的加分在u…
    436|       expect(result.updatedPlayers[1].score).toBe(-130); // -100 - 30
       |                                              ^
    437|       expect(result.updatedPlayers[2].score).toBe(-130);
    438|       expect(result.updatedPlayers[3].score).toBe(-130);

⎯⎯⎯⎯⎯⎯⎯⎯⎯⎯⎯⎯⎯⎯⎯⎯⎯⎯⎯⎯⎯[40/118]⎯

 FAIL  tests/dealingManualMode.test.ts > 手动发牌模式 > 应该能够切换到手动模式
 FAIL  tests/dealingManualMode.test.ts > 手动发牌模式 > 手动模式下点击抓牌按钮应该发一张牌
 FAIL  tests/dealingManualMode.test.ts > 手动发牌模式 > 手动模式下不应该自动发牌
 FAIL  tests/dealingManualMode.test.ts > 手动发牌模式 > 应该能够从手动模式切换回自动模式
Error: Test timed out in 10000ms.
If this is a long-running test, pass a timeout value as the last argument or configure it globally with "testTimeout".
⎯⎯⎯⎯⎯⎯⎯⎯⎯⎯⎯⎯⎯⎯⎯⎯⎯⎯⎯⎯⎯[41/118]⎯

 FAIL  tests/refactorRegression.test.ts > 重构回归测试 - 快速验证 > ✅ useGameConfig Hook > 应该能够处理开始游戏
Error: [vitest] No "updateChatLLMConfig" export is defined on the "../src/services/chatService" mock. Did you forget to return it from "vi.mock"?
If you need to partially mock a module, you can use "importOriginal" helper inside:

vi.mock("../src/services/chatService", async (importOriginal) => {
  const actual = await importOriginal()
  return {
    ...actual,
    // your mocked methods
  }
})

 ❯ Object.handleStartGame src/hooks/useGameConfig.ts:161:5
    159|   const handleStartGame = useCallback((startGame: (config: GameStartCo…
    160|     // 更新聊天服务的LLM配置
    161|     updateChatLLMConfig({
       |     ^
    162|       model: llmModel,
    163|       apiUrl: llmApiUrl,
 ❯ tests/refactorRegression.test.ts:65:24
 ❯ node_modules/@testing-library/react/dist/act-compat.js:48:24
 ❯ act node_modules/react/cjs/react.development.js:2512:16
 ❯ Proxy.<anonymous> node_modules/@testing-library/react/dist/act-compat.js:47:25
 ❯ tests/refactorRegression.test.ts:63:7

⎯⎯⎯⎯⎯⎯⎯⎯⎯⎯⎯⎯⎯⎯⎯⎯⎯⎯⎯⎯⎯[42/118]⎯

 FAIL  tests/refactorRegression.test.ts > 重构回归测试 - 快速验证 > ✅ useGameActions Hook > 应该管理游戏操作
TypeError: Cannot read properties of undefined (reading 'currentPlayerIndex')
 ❯ Module.useGameActions src/hooks/useGameActions.ts:51:12
     49|     // 如果有上家出牌，检查是否有能打过的牌
     50|     return !hasPlayableCards(humanPlayer.hand, lastPlay);
     51|   }, [game.currentPlayerIndex, game, humanPlayer]);
       |            ^
     52| 
     53|   const isPlayerTurn = useMemo(() => {
 ❯ tests/refactorRegression.test.ts:202:9
 ❯ TestComponent node_modules/@testing-library/react/dist/pure.js:309:27
 ❯ renderWithHooks node_modules/react-dom/cjs/react-dom.development.js:15486:18
 ❯ mountIndeterminateComponent node_modules/react-dom/cjs/react-dom.development.js:20103:13
 ❯ beginWork node_modules/react-dom/cjs/react-dom.development.js:21626:16
 ❯ beginWork$1 node_modules/react-dom/cjs/react-dom.development.js:27465:14
 ❯ performUnitOfWork node_modules/react-dom/cjs/react-dom.development.js:26599:12
 ❯ workLoopSync node_modules/react-dom/cjs/react-dom.development.js:26505:5
 ❯ renderRootSync node_modules/react-dom/cjs/react-dom.development.js:26473:7

⎯⎯⎯⎯⎯⎯⎯⎯⎯⎯⎯⎯⎯⎯⎯⎯⎯⎯⎯⎯⎯[43/118]⎯

 FAIL  tests/regressionAllFeatures.test.ts > 所有新功能回归测试 > 回归测试：语音功能 > 修复前：应该能正确转换牌型为语音文本 - 应该已修复
AssertionError: expected '6 5s' to be '6个五' // Object.is equality

- Expected
+ Received

- 6个五
+ 6 5s

 ❯ tests/regressionAllFeatures.test.ts:98:20
     96|       
     97|       const text = playToSpeechText(play);
     98|       expect(text).toBe('6个五');
       |                    ^
     99|     });
    100| 

⎯⎯⎯⎯⎯⎯⎯⎯⎯⎯⎯⎯⎯⎯⎯⎯⎯⎯⎯⎯⎯[44/118]⎯

 FAIL  tests/regressionAllFeatures.test.ts > 所有新功能回归测试 > 回归测试：语音功能 > 修复前：应该能处理所有牌型的语音转换 - 应该已修复
AssertionError: expected '5' to be '五' // Object.is equality

- Expected
+ Received

- 五
+ 5

 ❯ tests/regressionAllFeatures.test.ts:124:22
    122|         
    123|         const text = playToSpeechText(play);
    124|         expect(text).toBe(expected);
       |                      ^
    125|       });
    126|     });
 ❯ tests/regressionAllFeatures.test.ts:110:17

⎯⎯⎯⎯⎯⎯⎯⎯⎯⎯⎯⎯⎯⎯⎯⎯⎯⎯⎯⎯⎯[45/118]⎯

 FAIL  tests/regressionAllFeatures.test.ts > 所有新功能回归测试 > 综合回归测试 > 所有功能应该协同工作
AssertionError: expected '7 5s' to be '7个五' // Object.is equality

- Expected
+ Received

- 7个五
+ 7 5s

 ❯ tests/regressionAllFeatures.test.ts:174:22
    172|       if (play) {
    173|         const text = playToSpeechText(play);
    174|         expect(text).toBe('7个五');
       |                      ^
    175|       }
    176|       

⎯⎯⎯⎯⎯⎯⎯⎯⎯⎯⎯⎯⎯⎯⎯⎯⎯⎯⎯⎯⎯[46/118]⎯

 FAIL  tests/round.test.ts > Round 类单元测试 > 时间控制 > 应该正确等待最短间隔
AssertionError: expected 99 to be greater than or equal to 100
 ❯ tests/round.test.ts:106:23
    104|       
    105|       // 应该至少等待了最短间隔时间
    106|       expect(elapsed).toBeGreaterThanOrEqual(100);
       |                       ^
    107|     });
    108| 

⎯⎯⎯⎯⎯⎯⎯⎯⎯⎯⎯⎯⎯⎯⎯⎯⎯⎯⎯⎯⎯[47/118]⎯

 FAIL  tests/roundScheduler.test.ts > RoundScheduler 接风轮询逻辑 > onPassCompleted - 开始接风轮询 > 应该正确开始接风轮询（玩家要不起后）
AssertionError: expected false to be true // Object.is equality

- Expected
+ Received

- true
+ false

 ❯ tests/roundScheduler.test.ts:182:52
    180|       // 应该标记为接风轮
    181|       const updatedRound = mockGameState.rounds[mockGameState.currentR…
    182|       expect(updatedRound.isTakeoverRoundActive()).toBe(true);
       |                                                    ^
    183|       expect(updatedRound.getTakeoverStartPlayerIndex()).toBe(1);
    184|       expect(updatedRound.getTakeoverEndPlayerIndex()).toBe(0);

⎯⎯⎯⎯⎯⎯⎯⎯⎯⎯⎯⎯⎯⎯⎯⎯⎯⎯⎯⎯⎯[48/118]⎯

 FAIL  tests/roundScheduler.test.ts > RoundScheduler 集成测试 - 完整接风流程 > 完整接风流程：玩家0出牌 -> 玩家1要不起 -> 玩家2要不起 -> 玩家3要得起
AssertionError: expected false to be true // Object.is equality

- Expected
+ Received

- true
+ false

 ❯ tests/roundScheduler.test.ts:446:43
    444|     );
    445|     
    446|     expect(round.isTakeoverRoundActive()).toBe(true);
       |                                           ^
    447|     expect(round.getTakeoverStartPlayerIndex()).toBe(1);
    448|     expect(round.getTakeoverEndPlayerIndex()).toBe(0);

⎯⎯⎯⎯⎯⎯⎯⎯⎯⎯⎯⎯⎯⎯⎯⎯⎯⎯⎯⎯⎯[49/118]⎯

 FAIL  tests/roundScheduler.test.ts > RoundScheduler 集成测试 - 完整接风流程 > 完整接风流程：所有玩家都要不起，回到出牌玩家
AssertionError: expected 4 to be 1 // Object.is equality

- Expected
+ Received

- 1
+ 4

 ❯ tests/roundScheduler.test.ts:541:34
    539|     
    540|     // 应该调用onRoundEnd，玩家0是接风玩家
    541|     expect(roundEndCalls.length).toBe(1);
       |                                  ^
    542|     expect(roundEndCalls[0].savedWinnerIndex).toBe(0);
    543|     expect(roundEndCalls[0].nextPlayerIndex).toBe(0); // 下一轮由玩家0…

⎯⎯⎯⎯⎯⎯⎯⎯⎯⎯⎯⎯⎯⎯⎯⎯⎯⎯⎯⎯⎯[50/118]⎯

 FAIL  tests/scoringService.test.ts > scoringService - 出牌时计分 > handleDunScoring > 应该正确处理墩的计分
AssertionError: expected +0 to be -30 // Object.is equality

- Expected
+ Received

- -30
+ 0

 ❯ tests/scoringService.test.ts:173:46
    171|       // handleDunScoring 只更新其他玩家的分数（扣分），出墩玩家的分数…
    172|       // 先验证其他玩家被扣分
    173|       expect(result.updatedPlayers[1].score).toBe(0 - 30); // -30
       |                                              ^
    174|       expect(result.updatedPlayers[2].score).toBe(0 - 30); // -30
    175|       expect(result.updatedPlayers[3].score).toBe(0 - 30); // -30

⎯⎯⎯⎯⎯⎯⎯⎯⎯⎯⎯⎯⎯⎯⎯⎯⎯⎯⎯⎯⎯[51/118]⎯

 FAIL  tests/scoringService.test.ts > scoringService - 出牌时计分 > updatePlayerAfterPlay > 应该正确更新玩家手牌和分数
AssertionError: expected +0 to be 50 // Object.is equality

- Expected
+ Received

- 50
+ 0

 ❯ tests/scoringService.test.ts:240:35
    238|       expect(updatedPlayer.hand.length).toBe(1);
    239|       expect(updatedPlayer.hand[0].id).toBe('card-3');
    240|       expect(updatedPlayer.score).toBe(0 + 50); // 50
       |                                   ^
    241|     });
    242|   });

⎯⎯⎯⎯⎯⎯⎯⎯⎯⎯⎯⎯⎯⎯⎯⎯⎯⎯⎯⎯⎯[52/118]⎯

 FAIL  tests/scoringService.test.ts > scoringService - 游戏结束计分 > applyFinalGameRules > 应该正确应用最终规则并更新玩家分数
AssertionError: expected undefined not to be undefined
 ❯ tests/scoringService.test.ts:503:41
    501| 
    502|       // 应该有finishedRank
    503|       expect(firstPlayer!.finishedRank).toBeDefined();
       |                                         ^
    504|     });
    505|   });

⎯⎯⎯⎯⎯⎯⎯⎯⎯⎯⎯⎯⎯⎯⎯⎯⎯⎯⎯⎯⎯[53/118]⎯

 FAIL  tests/scoringServiceRegression.test.ts > scoringService - 回归测试 > 不同玩家数的墩计分测试 > 应该正确处理4人游戏的墩计分
AssertionError: expected +0 to be -10 // Object.is equality

- Expected
+ Received

- -10
+ 0

 ❯ tests/scoringServiceRegression.test.ts:244:37
    242| 
    243|       // 4人游戏，1墩：出墩玩家获得90分（3个其他玩家 × 30分），其他玩…
    244|       expect(player0AfterDun.score).toBe(-100 + 90); // -10
       |                                     ^
    245|       expect(dunResult.updatedPlayers[1].score).toBe(-100 - 30); // -1…
    246|       expect(dunResult.updatedPlayers[2].score).toBe(-100 - 30); // -1…

⎯⎯⎯⎯⎯⎯⎯⎯⎯⎯⎯⎯⎯⎯⎯⎯⎯⎯⎯⎯⎯[54/118]⎯

 FAIL  tests/scoringServiceRegression.test.ts > scoringService - 回归测试 > 不同玩家数的墩计分测试 > 应该正确处理8人游戏的墩计分
AssertionError: expected +0 to be 110 // Object.is equality

- Expected
+ Received

- 110
+ 0

 ❯ tests/scoringServiceRegression.test.ts:281:37
    279| 
    280|       // 8人游戏，1墩：出墩玩家获得210分（7个其他玩家 × 30分），其他玩…
    281|       expect(player0AfterDun.score).toBe(-100 + 210); // 110
       |                                     ^
    282|       expect(dunResult.updatedPlayers[1].score).toBe(-100 - 30); // -1…
    283|     });

⎯⎯⎯⎯⎯⎯⎯⎯⎯⎯⎯⎯⎯⎯⎯⎯⎯⎯⎯⎯⎯[55/118]⎯

 FAIL  tests/serialVoicePlayback.test.ts > 串行播放单元测试 > 优先级排序 > 应该按优先级排序：对骂 > 事件 > 随机
 FAIL  tests/serialVoicePlayback.test.ts > 串行播放单元测试 > 串行播放 > 应该一次只播放一个聊天语音
 FAIL  tests/serialVoicePlayback.test.ts > 串行播放单元测试 > 串行播放 > 应该按顺序播放队列中的消息
 FAIL  tests/serialVoicePlayback.test.ts > 串行播放单元测试 > 报牌中断 > 报牌应该可以中断聊天语音
 FAIL  tests/serialVoicePlayback.test.ts > 串行播放单元测试 > 队列管理 > 应该正确处理队列中的消息
 FAIL  tests/serialVoicePlayback.test.ts > 串行播放单元测试 > 气泡同步 > onStart应该在语音真正开始时触发
 FAIL  tests/serialVoicePlayback.test.ts > 串行播放单元测试 > 气泡同步 > 队列中的消息也应该触发onStart
 FAIL  tests/serialVoicePlaybackRegression.test.ts > 串行播放回归测试 > 向后兼容性 > voiceService.speak应该仍然工作
 FAIL  tests/serialVoicePlaybackRegression.test.ts > 串行播放回归测试 > 向后兼容性 > 应该支持不同的声道
 FAIL  tests/serialVoicePlaybackRegression.test.ts > 串行播放回归测试 > 向后兼容性 > 报牌应该仍然可以立即播放
 FAIL  tests/serialVoicePlaybackRegression.test.ts > 串行播放回归测试 > 现有功能保持 > 应该支持VoiceConfig配置
 FAIL  tests/serialVoicePlaybackRegression.test.ts > 串行播放回归测试 > 现有功能保持 > 应该支持事件回调
 FAIL  tests/serialVoicePlaybackRegression.test.ts > 串行播放回归测试 > 性能回归 > 应该能快速处理多个消息
 FAIL  tests/voiceServiceCleanup.test.ts > 语音服务清理后测试 > 核心功能验证 > speakImmediate 应该仍然工作
 FAIL  tests/voiceServiceCleanup.test.ts > 语音服务清理后测试 > 串行播放验证 > 应该按顺序播放消息
 FAIL  tests/voiceServiceCleanup.test.ts > 语音服务清理后测试 > 串行播放验证 > 应该按优先级排序播放
 FAIL  tests/voiceServiceCleanup.test.ts > 语音服务清理后测试 > 向后兼容性 > voiceService.speak 应该接受 priority 参数
 FAIL  tests/voiceServiceCleanup.test.ts > 语音服务清理后测试 > 向后兼容性 > voiceService.speakImmediate 应该仍然工作
Error: TTS服务音频生成失败
 ❯ src/services/ttsAudioService.ts:213:25
    211|         if (!audioBuffer) {
    212|           // 生成失败，直接失败（不使用speechSynthesis）
    213|           const error = new Error('TTS服务音频生成失败');
       |                         ^
    214|           if (events?.onError) {
    215|             events.onError(error);

⎯⎯⎯⎯⎯⎯⎯⎯⎯⎯⎯⎯⎯⎯⎯⎯⎯⎯⎯⎯⎯[56/118]⎯

 FAIL  tests/serialVoicePlayback.test.ts > 串行播放单元测试 > 队列管理 > 队列满时应该丢弃低优先级消息
AssertionError: expected 0 to be greater than 0
 ❯ tests/serialVoicePlayback.test.ts:280:37
    278|       // 验证高优先级消息被播放，低优先级消息可能被丢弃
    279|       // 由于队列长度为10，前5个低优先级消息可能被丢弃
    280|       expect(playedMessages.length).toBeGreaterThan(0);
       |                                     ^
    281|       // 验证高优先级消息（后10个）被播放
    282|       const highPriorityPlayed = playedMessages.filter(m => m.startsWi…

⎯⎯⎯⎯⎯⎯⎯⎯⎯⎯⎯⎯⎯⎯⎯⎯⎯⎯⎯⎯⎯[57/118]⎯

 FAIL  tests/speechIntegration.test.ts > 语音功能集成测试 > 实际游戏场景的语音提示 > 应该正确转换6个5的语音
AssertionError: expected '6 5s' to be '6个五' // Object.is equality

- Expected
+ Received

- 6个五
+ 6 5s

 ❯ tests/speechIntegration.test.ts:79:20
     77|       
     78|       const text = playToSpeechText(play);
     79|       expect(text).toBe('6个五');
       |                    ^
     80|       
     81|       // 使用 speakText + playToSpeechText 替代 speakPlay

⎯⎯⎯⎯⎯⎯⎯⎯⎯⎯⎯⎯⎯⎯⎯⎯⎯⎯⎯⎯⎯[58/118]⎯

 FAIL  tests/speechIntegration.test.ts > 语音功能集成测试 > 实际游戏场景的语音提示 > 应该正确转换7个5的语音（墩）
AssertionError: expected '7 5s' to be '7个五' // Object.is equality

- Expected
+ Received

- 7个五
+ 7 5s

 ❯ tests/speechIntegration.test.ts:102:20
    100|       
    101|       const text = playToSpeechText(play);
    102|       expect(text).toBe('7个五');
       |                    ^
    103|       
    104|       // 使用 speakText + playToSpeechText 替代 speakPlay

⎯⎯⎯⎯⎯⎯⎯⎯⎯⎯⎯⎯⎯⎯⎯⎯⎯⎯⎯⎯⎯[59/118]⎯

 FAIL  tests/speechIntegration.test.ts > 语音功能集成测试 > 实际游戏场景的语音提示 > 应该正确转换对子的语音
AssertionError: expected 'Pair of 5' to be '对五' // Object.is equality

- Expected
+ Received

- 对五
+ Pair of 5

 ❯ tests/speechIntegration.test.ts:124:20
    122|       
    123|       const text = playToSpeechText(play);
    124|       expect(text).toBe('对五');
       |                    ^
    125|     });
    126| 

⎯⎯⎯⎯⎯⎯⎯⎯⎯⎯⎯⎯⎯⎯⎯⎯⎯⎯⎯⎯⎯[60/118]⎯

 FAIL  tests/speechIntegration.test.ts > 语音功能集成测试 > 实际游戏场景的语音提示 > 应该正确转换三张的语音
AssertionError: expected 'Three 5s' to be '三个五' // Object.is equality

- Expected
+ Received

- 三个五
+ Three 5s

 ❯ tests/speechIntegration.test.ts:139:20
    137|       
    138|       const text = playToSpeechText(play);
    139|       expect(text).toBe('三个五');
       |                    ^
    140|     });
    141| 

⎯⎯⎯⎯⎯⎯⎯⎯⎯⎯⎯⎯⎯⎯⎯⎯⎯⎯⎯⎯⎯[61/118]⎯

 FAIL  tests/speechIntegration.test.ts > 语音功能集成测试 > 实际游戏场景的语音提示 > 应该正确转换大小王的语音
AssertionError: expected 'Small Joker' to be '小王' // Object.is equality

- Expected
+ Received

- 小王
+ Small Joker

 ❯ tests/speechIntegration.test.ts:152:20
    150|       
    151|       const text = playToSpeechText(play);
    152|       expect(text).toBe('小王');
       |                    ^
    153|       
    154|       const play2: Play = {

⎯⎯⎯⎯⎯⎯⎯⎯⎯⎯⎯⎯⎯⎯⎯⎯⎯⎯⎯⎯⎯[62/118]⎯

 FAIL  tests/speechUtils.test.ts > 语音工具测试 > 牌型转语音文本 > 应该正确转换单张
AssertionError: expected '5' to be '五' // Object.is equality

- Expected
+ Received

- 五
+ 5

 ❯ tests/speechUtils.test.ts:88:38
     86|       };
     87|       
     88|       expect(playToSpeechText(play)).toBe('五');
       |                                      ^
     89|     });
     90| 

⎯⎯⎯⎯⎯⎯⎯⎯⎯⎯⎯⎯⎯⎯⎯⎯⎯⎯⎯⎯⎯[63/118]⎯

 FAIL  tests/speechUtils.test.ts > 语音工具测试 > 牌型转语音文本 > 应该正确转换对子
AssertionError: expected 'Pair of 5' to be '对五' // Object.is equality

- Expected
+ Received

- 对五
+ Pair of 5

 ❯ tests/speechUtils.test.ts:101:38
     99|       };
    100|       
    101|       expect(playToSpeechText(play)).toBe('对五');
       |                                      ^
    102|     });
    103| 

⎯⎯⎯⎯⎯⎯⎯⎯⎯⎯⎯⎯⎯⎯⎯⎯⎯⎯⎯⎯⎯[64/118]⎯

 FAIL  tests/speechUtils.test.ts > 语音工具测试 > 牌型转语音文本 > 应该正确转换三张
AssertionError: expected 'Three 5s' to be '三个五' // Object.is equality

- Expected
+ Received

- 三个五
+ Three 5s

 ❯ tests/speechUtils.test.ts:115:38
    113|       };
    114|       
    115|       expect(playToSpeechText(play)).toBe('三个五');
       |                                      ^
    116|     });
    117| 

⎯⎯⎯⎯⎯⎯⎯⎯⎯⎯⎯⎯⎯⎯⎯⎯⎯⎯⎯⎯⎯[65/118]⎯

 FAIL  tests/speechUtils.test.ts > 语音工具测试 > 牌型转语音文本 > 应该正确转换炸弹（4张）
AssertionError: expected '4 5s' to be '4个五' // Object.is equality

- Expected
+ Received

- 4个五
+ 4 5s

 ❯ tests/speechUtils.test.ts:129:38
    127|       };
    128|       
    129|       expect(playToSpeechText(play)).toBe('4个五');
       |                                      ^
    130|     });
    131| 

⎯⎯⎯⎯⎯⎯⎯⎯⎯⎯⎯⎯⎯⎯⎯⎯⎯⎯⎯⎯⎯[66/118]⎯

 FAIL  tests/speechUtils.test.ts > 语音工具测试 > 牌型转语音文本 > 应该正确转换炸弹（6张）
AssertionError: expected '6 5s' to be '6个五' // Object.is equality

- Expected
+ Received

- 6个五
+ 6 5s

 ❯ tests/speechUtils.test.ts:143:38
    141|       };
    142|       
    143|       expect(playToSpeechText(play)).toBe('6个五');
       |                                      ^
    144|     });
    145| 

⎯⎯⎯⎯⎯⎯⎯⎯⎯⎯⎯⎯⎯⎯⎯⎯⎯⎯⎯⎯⎯[67/118]⎯

 FAIL  tests/speechUtils.test.ts > 语音工具测试 > 牌型转语音文本 > 应该正确转换墩（7张）
AssertionError: expected '7 5s' to be '7个五' // Object.is equality

- Expected
+ Received

- 7个五
+ 7 5s

 ❯ tests/speechUtils.test.ts:157:38
    155|       };
    156|       
    157|       expect(playToSpeechText(play)).toBe('7个五');
       |                                      ^
    158|     });
    159| 

⎯⎯⎯⎯⎯⎯⎯⎯⎯⎯⎯⎯⎯⎯⎯⎯⎯⎯⎯⎯⎯[68/118]⎯

 FAIL  tests/speechUtils.test.ts > 语音工具测试 > 牌型转语音文本 > 应该正确转换墩（8张）
AssertionError: expected '8 5s' to be '8个五' // Object.is equality

- Expected
+ Received

- 8个五
+ 8 5s

 ❯ tests/speechUtils.test.ts:171:38
    169|       };
    170|       
    171|       expect(playToSpeechText(play)).toBe('8个五');
       |                                      ^
    172|     });
    173| 

⎯⎯⎯⎯⎯⎯⎯⎯⎯⎯⎯⎯⎯⎯⎯⎯⎯⎯⎯⎯⎯[69/118]⎯

 FAIL  tests/speechUtils.test.ts > 语音工具测试 > 牌型转语音文本 > 应该正确转换所有rank
AssertionError: expected '3' to be '三' // Object.is equality

- Expected
+ Received

- 三
+ 3

 ❯ tests/speechUtils.test.ts:199:40
    197|           value: rank
    198|         };
    199|         expect(playToSpeechText(play)).toBe(expected);
       |                                        ^
    200|       });
    201|     });
 ❯ tests/speechUtils.test.ts:193:13

⎯⎯⎯⎯⎯⎯⎯⎯⎯⎯⎯⎯⎯⎯⎯⎯⎯⎯⎯⎯⎯[70/118]⎯

 FAIL  tests/speechUtils.test.ts > 语音工具测试 > 语音合成 > 应该能够调用speakPlay（使用speakText + playToSpeechText）
AssertionError: expected '6 5s' to be '6个五' // Object.is equality

- Expected
+ Received

- 6个五
+ 6 5s

 ❯ tests/speechUtils.test.ts:240:20
    238|       // 使用 playToSpeechText 转换，然后用 speakText 播放
    239|       const text = playToSpeechText(play);
    240|       expect(text).toBe('6个五');
       |                    ^
    241|       
    242|       // 注意：speakText 现在使用多声道服务，不会直接调用 mockSpeak

⎯⎯⎯⎯⎯⎯⎯⎯⎯⎯⎯⎯⎯⎯⎯⎯⎯⎯⎯⎯⎯[71/118]⎯

 FAIL  tests/voiceServiceCleanup.test.ts > 语音服务清理后测试 > 清理验证 > 应该仍然导出 getPlayerChannel 函数
AssertionError: expected 4 to be +0 // Object.is equality

- Expected
+ Received

- 0
+ 4

 ❯ tests/voiceServiceCleanup.test.ts:117:35
    115|       expect(getPlayerChannel(2)).toBe(ChannelType.PLAYER_2);
    116|       expect(getPlayerChannel(3)).toBe(ChannelType.PLAYER_3);
    117|       expect(getPlayerChannel(4)).toBe(ChannelType.PLAYER_0); // 循环
       |                                   ^
    118|     });
    119| 

⎯⎯⎯⎯⎯⎯⎯⎯⎯⎯⎯⎯⎯⎯⎯⎯⎯⎯⎯⎯⎯[72/118]⎯

 FAIL  tests/e2e/performance-benchmark.test.ts > 性能基准测试 > 应该在10ms内完成一次出牌
Error: No handler registered for action type: DEAL_CARDS
 ❯ StateManager.executeAction src/game-engine/state/StateManager.ts:131:15
    129|       
    130|       if (!handler) {
    131|         throw new Error(`No handler registered for action type: ${acti…
       |               ^
    132|       }
    133|       
 ❯ tests/e2e/performance-benchmark.test.ts:73:24

⎯⎯⎯⎯⎯⎯⎯⎯⎯⎯⎯⎯⎯⎯⎯⎯⎯⎯⎯⎯⎯[73/118]⎯

 FAIL  tests/e2e/performance-benchmark.test.ts > 性能基准测试 > 应该维持内存稳定 (无明显泄漏)
Error: No handler registered for action type: DEAL_CARDS
 ❯ StateManager.executeAction src/game-engine/state/StateManager.ts:131:15
    129|       
    130|       if (!handler) {
    131|         throw new Error(`No handler registered for action type: ${acti…
       |               ^
    132|       }
    133|       
 ❯ tests/e2e/performance-benchmark.test.ts:172:26

⎯⎯⎯⎯⎯⎯⎯⎯⎯⎯⎯⎯⎯⎯⎯⎯⎯⎯⎯⎯⎯[74/118]⎯

 FAIL  tests/e2e/performance-benchmark.test.ts > 性能基准测试 > 应该支持快照创建和恢复
TypeError: state.snapshot is not a function
 ❯ tests/e2e/performance-benchmark.test.ts:220:28
    218|     
    219|     const start = performance.now();
    220|     const snapshot = state.snapshot();
       |                            ^
    221|     const end = performance.now();
    222|     

⎯⎯⎯⎯⎯⎯⎯⎯⎯⎯⎯⎯⎯⎯⎯⎯⎯⎯⎯⎯⎯[75/118]⎯

 FAIL  tests/e2e/stress-test.test.ts > 压力测试 > 应该支持连续100局游戏无崩溃
AssertionError: expected 0 to be greater than or equal to 90
 ❯ tests/e2e/stress-test.test.ts:63:26
     61|     
     62|     // 允许少量失败，因为有些action还未实现
     63|     expect(successCount).toBeGreaterThanOrEqual(90);
       |                          ^
     64|     expect(errorCount).toBeLessThanOrEqual(10);
     65|     

⎯⎯⎯⎯⎯⎯⎯⎯⎯⎯⎯⎯⎯⎯⎯⎯⎯⎯⎯⎯⎯[76/118]⎯

 FAIL  tests/regression/pure-functions/teamLogic.regression.test.ts > 团队逻辑回归测试 > 综合场景测试 > 完整团队游戏流程
AssertionError: expected undefined not to be undefined
 ❯ tests/regression/pure-functions/teamLogic.regression.test.ts:184:25
    182|       const team0Rank = rankings.find(r => r.teamId === 0);
    183|       const team1Rank = rankings.find(r => r.teamId === 1);
    184|       expect(team0Rank).toBeDefined();
       |                         ^
    185|       expect(team1Rank).toBeDefined();
    186|       if (team0Rank && team1Rank) {

⎯⎯⎯⎯⎯⎯⎯⎯⎯⎯⎯⎯⎯⎯⎯⎯⎯⎯⎯⎯⎯[77/118]⎯

 FAIL  tests/services/llm/OllamaServerManager.test.ts > OllamaServerManager > 收藏功能 > 应该能获取收藏的服务器列表
AssertionError: expected 2 to be greater than or equal to 3
 ❯ tests/services/llm/OllamaServerManager.test.ts:211:32
    209|       const favorites = manager.getFavoriteServers();
    210|       // 应该至少有3个收藏的服务器（本地 + 收藏1 + 收藏2）
    211|       expect(favorites.length).toBeGreaterThanOrEqual(3);
       |                                ^
    212|       expect(favorites.every(s => s.isFavorite)).toBe(true);
    213|       // 验证具体的服务器是否在收藏列表中

⎯⎯⎯⎯⎯⎯⎯⎯⎯⎯⎯⎯⎯⎯⎯⎯⎯⎯⎯⎯⎯[78/118]⎯

 FAIL  tests/unit/scheduler/TaskQueue.test.ts > TaskQueue > 基础功能 > 应该按优先级排序
AssertionError: expected [ '1', '2', '3' ] to deeply equal [ '2', '3', '1' ]

- Expected
+ Received

  Array [
+   "1",
    "2",
    "3",
-   "1",
  ]

 ❯ tests/unit/scheduler/TaskQueue.test.ts:51:29
     49|       
     50|       // 应该按优先级顺序执行: 2(3) -> 3(2) -> 1(1)
     51|       expect(executedOrder).toEqual(['2', '3', '1']);
       |                             ^
     52|     });
     53|   });

⎯⎯⎯⎯⎯⎯⎯⎯⎯⎯⎯⎯⎯⎯⎯⎯⎯⎯⎯⎯⎯[79/118]⎯

 FAIL  tests/unit/scheduler/TaskQueue.test.ts > TaskQueue > 统计功能 > 应该计算成功率
AssertionError: expected 2 to be 3 // Object.is equality

- Expected
+ Received

- 3
+ 2

 ❯ tests/unit/scheduler/TaskQueue.test.ts:170:36
    168|       
    169|       const stats = queue.getStats();
    170|       expect(stats.processedCount).toBe(3);
       |                                    ^
    171|       expect(stats.errorCount).toBe(1);
    172|       expect(stats.successRate).toBeCloseTo(2 / 3, 2);

⎯⎯⎯⎯⎯⎯⎯⎯⎯⎯⎯⎯⎯⎯⎯⎯⎯⎯⎯⎯⎯[80/118]⎯

⎯⎯⎯⎯⎯⎯ Unhandled Errors ⎯⎯⎯⎯⎯⎯

Vitest caught 70 unhandled errors during the test run.
This might cause false positive tests. Resolve unhandled errors to make sure your tests are not affected.

⎯⎯⎯⎯ Unhandled Rejection ⎯⎯⎯⎯⎯
Error: 模拟错误
 ❯ tests/round.test.ts:388:15
    386|       const result = await round.processPlayAsync(0, async () => {
    387|         round.recordPlay(playRecord, play);
    388|         throw new Error('模拟错误');
       |               ^
    389|       });
    390| 
 ❯ wrappedProcessAsync src/utils/Round.ts:391:17
 ❯ Round.processPlayAsync src/utils/Round.ts:399:11
 ❯ tests/round.test.ts:386:34
 ❯ node_modules/@vitest/runner/dist/index.js:135:14
 ❯ node_modules/@vitest/runner/dist/index.js:60:26
 ❯ runTest node_modules/@vitest/runner/dist/index.js:781:17
 ❯ runSuite node_modules/@vitest/runner/dist/index.js:909:15
 ❯ runSuite node_modules/@vitest/runner/dist/index.js:909:15
 ❯ runSuite node_modules/@vitest/runner/dist/index.js:909:15

This error originated in "tests/round.test.ts" test file. It doesn't mean the error was thrown inside the file itself, but while it was running.
The latest test that might've caused the error is "应该等待正在处理的出牌完成". It might mean one of the following:
- The error was thrown, while Vitest was running this test.
- If the error occurred after the test had been completed, this was the last documented test before it was thrown.

⎯⎯⎯⎯ Unhandled Rejection ⎯⎯⎯⎯⎯
Error: TTS服务音频生成失败
 ❯ src/services/ttsAudioService.ts:213:25
    211|         if (!audioBuffer) {
    212|           // 生成失败，直接失败（不使用speechSynthesis）
    213|           const error = new Error('TTS服务音频生成失败');
       |                         ^
    214|           if (events?.onError) {
    215|             events.onError(error);

This error originated in "tests/serialVoicePlayback.test.ts" test file. It doesn't mean the error was thrown inside the file itself, but while it was running.
The latest test that might've caused the error is "应该按优先级排序：对骂 > 事件 > 随机". It might mean one of the following:
- The error was thrown, while Vitest was running this test.
- If the error occurred after the test had been completed, this was the last documented test before it was thrown.

⎯⎯⎯⎯ Unhandled Rejection ⎯⎯⎯⎯⎯
Error: TTS服务音频生成失败
 ❯ src/services/ttsAudioService.ts:213:25
    211|         if (!audioBuffer) {
    212|           // 生成失败，直接失败（不使用speechSynthesis）
    213|           const error = new Error('TTS服务音频生成失败');
       |                         ^
    214|           if (events?.onError) {
    215|             events.onError(error);

This error originated in "tests/serialVoicePlayback.test.ts" test file. It doesn't mean the error was thrown inside the file itself, but while it was running.
The latest test that might've caused the error is "应该按优先级排序：对骂 > 事件 > 随机". It might mean one of the following:
- The error was thrown, while Vitest was running this test.
- If the error occurred after the test had been completed, this was the last documented test before it was thrown.

⎯⎯⎯⎯ Unhandled Rejection ⎯⎯⎯⎯⎯
Error: TTS服务音频生成失败
 ❯ src/services/ttsAudioService.ts:213:25
    211|         if (!audioBuffer) {
    212|           // 生成失败，直接失败（不使用speechSynthesis）
    213|           const error = new Error('TTS服务音频生成失败');
       |                         ^
    214|           if (events?.onError) {
    215|             events.onError(error);

This error originated in "tests/serialVoicePlayback.test.ts" test file. It doesn't mean the error was thrown inside the file itself, but while it was running.
The latest test that might've caused the error is "应该按优先级排序：对骂 > 事件 > 随机". It might mean one of the following:
- The error was thrown, while Vitest was running this test.
- If the error occurred after the test had been completed, this was the last documented test before it was thrown.

⎯⎯⎯⎯ Unhandled Rejection ⎯⎯⎯⎯⎯
Error: TTS服务音频生成失败
 ❯ src/services/ttsAudioService.ts:213:25
    211|         if (!audioBuffer) {
    212|           // 生成失败，直接失败（不使用speechSynthesis）
    213|           const error = new Error('TTS服务音频生成失败');
       |                         ^
    214|           if (events?.onError) {
    215|             events.onError(error);

This error originated in "tests/serialVoicePlayback.test.ts" test file. It doesn't mean the error was thrown inside the file itself, but while it was running.
The latest test that might've caused the error is "应该按优先级排序：对骂 > 事件 > 随机". It might mean one of the following:
- The error was thrown, while Vitest was running this test.
- If the error occurred after the test had been completed, this was the last documented test before it was thrown.

⎯⎯⎯⎯ Unhandled Rejection ⎯⎯⎯⎯⎯
Error: TTS服务音频生成失败
 ❯ src/services/ttsAudioService.ts:213:25
    211|         if (!audioBuffer) {
    212|           // 生成失败，直接失败（不使用speechSynthesis）
    213|           const error = new Error('TTS服务音频生成失败');
       |                         ^
    214|           if (events?.onError) {
    215|             events.onError(error);

This error originated in "tests/serialVoicePlayback.test.ts" test file. It doesn't mean the error was thrown inside the file itself, but while it was running.
The latest test that might've caused the error is "应该一次只播放一个聊天语音". It might mean one of the following:
- The error was thrown, while Vitest was running this test.
- If the error occurred after the test had been completed, this was the last documented test before it was thrown.

⎯⎯⎯⎯ Unhandled Rejection ⎯⎯⎯⎯⎯
Error: TTS服务音频生成失败
 ❯ src/services/ttsAudioService.ts:213:25
    211|         if (!audioBuffer) {
    212|           // 生成失败，直接失败（不使用speechSynthesis）
    213|           const error = new Error('TTS服务音频生成失败');
       |                         ^
    214|           if (events?.onError) {
    215|             events.onError(error);

This error originated in "tests/serialVoicePlayback.test.ts" test file. It doesn't mean the error was thrown inside the file itself, but while it was running.
The latest test that might've caused the error is "应该一次只播放一个聊天语音". It might mean one of the following:
- The error was thrown, while Vitest was running this test.
- If the error occurred after the test had been completed, this was the last documented test before it was thrown.

⎯⎯⎯⎯ Unhandled Rejection ⎯⎯⎯⎯⎯
Error: TTS服务音频生成失败
 ❯ src/services/ttsAudioService.ts:213:25
    211|         if (!audioBuffer) {
    212|           // 生成失败，直接失败（不使用speechSynthesis）
    213|           const error = new Error('TTS服务音频生成失败');
       |                         ^
    214|           if (events?.onError) {
    215|             events.onError(error);

This error originated in "tests/serialVoicePlayback.test.ts" test file. It doesn't mean the error was thrown inside the file itself, but while it was running.
The latest test that might've caused the error is "应该一次只播放一个聊天语音". It might mean one of the following:
- The error was thrown, while Vitest was running this test.
- If the error occurred after the test had been completed, this was the last documented test before it was thrown.

⎯⎯⎯⎯ Unhandled Rejection ⎯⎯⎯⎯⎯
Error: TTS服务音频生成失败
 ❯ src/services/ttsAudioService.ts:213:25
    211|         if (!audioBuffer) {
    212|           // 生成失败，直接失败（不使用speechSynthesis）
    213|           const error = new Error('TTS服务音频生成失败');
       |                         ^
    214|           if (events?.onError) {
    215|             events.onError(error);

This error originated in "tests/serialVoicePlayback.test.ts" test file. It doesn't mean the error was thrown inside the file itself, but while it was running.
The latest test that might've caused the error is "应该按顺序播放队列中的消息". It might mean one of the following:
- The error was thrown, while Vitest was running this test.
- If the error occurred after the test had been completed, this was the last documented test before it was thrown.

⎯⎯⎯⎯ Unhandled Rejection ⎯⎯⎯⎯⎯
Error: TTS服务音频生成失败
 ❯ src/services/ttsAudioService.ts:213:25
    211|         if (!audioBuffer) {
    212|           // 生成失败，直接失败（不使用speechSynthesis）
    213|           const error = new Error('TTS服务音频生成失败');
       |                         ^
    214|           if (events?.onError) {
    215|             events.onError(error);

This error originated in "tests/serialVoicePlayback.test.ts" test file. It doesn't mean the error was thrown inside the file itself, but while it was running.
The latest test that might've caused the error is "应该按顺序播放队列中的消息". It might mean one of the following:
- The error was thrown, while Vitest was running this test.
- If the error occurred after the test had been completed, this was the last documented test before it was thrown.

⎯⎯⎯⎯ Unhandled Rejection ⎯⎯⎯⎯⎯
Error: TTS服务音频生成失败
 ❯ src/services/ttsAudioService.ts:213:25
    211|         if (!audioBuffer) {
    212|           // 生成失败，直接失败（不使用speechSynthesis）
    213|           const error = new Error('TTS服务音频生成失败');
       |                         ^
    214|           if (events?.onError) {
    215|             events.onError(error);

This error originated in "tests/serialVoicePlayback.test.ts" test file. It doesn't mean the error was thrown inside the file itself, but while it was running.
The latest test that might've caused the error is "应该按顺序播放队列中的消息". It might mean one of the following:
- The error was thrown, while Vitest was running this test.
- If the error occurred after the test had been completed, this was the last documented test before it was thrown.

⎯⎯⎯⎯ Unhandled Rejection ⎯⎯⎯⎯⎯
Error: TTS服务音频生成失败
 ❯ src/services/ttsAudioService.ts:213:25
    211|         if (!audioBuffer) {
    212|           // 生成失败，直接失败（不使用speechSynthesis）
    213|           const error = new Error('TTS服务音频生成失败');
       |                         ^
    214|           if (events?.onError) {
    215|             events.onError(error);

This error originated in "tests/serialVoicePlayback.test.ts" test file. It doesn't mean the error was thrown inside the file itself, but while it was running.
The latest test that might've caused the error is "应该按顺序播放队列中的消息". It might mean one of the following:
- The error was thrown, while Vitest was running this test.
- If the error occurred after the test had been completed, this was the last documented test before it was thrown.

⎯⎯⎯⎯ Unhandled Rejection ⎯⎯⎯⎯⎯
Error: TTS服务音频生成失败
 ❯ src/services/ttsAudioService.ts:213:25
    211|         if (!audioBuffer) {
    212|           // 生成失败，直接失败（不使用speechSynthesis）
    213|           const error = new Error('TTS服务音频生成失败');
       |                         ^
    214|           if (events?.onError) {
    215|             events.onError(error);

This error originated in "tests/serialVoicePlayback.test.ts" test file. It doesn't mean the error was thrown inside the file itself, but while it was running.
The latest test that might've caused the error is "报牌应该可以中断聊天语音". It might mean one of the following:
- The error was thrown, while Vitest was running this test.
- If the error occurred after the test had been completed, this was the last documented test before it was thrown.

⎯⎯⎯⎯ Unhandled Rejection ⎯⎯⎯⎯⎯
Error: TTS服务音频生成失败
 ❯ src/services/ttsAudioService.ts:213:25
    211|         if (!audioBuffer) {
    212|           // 生成失败，直接失败（不使用speechSynthesis）
    213|           const error = new Error('TTS服务音频生成失败');
       |                         ^
    214|           if (events?.onError) {
    215|             events.onError(error);

This error originated in "tests/serialVoicePlayback.test.ts" test file. It doesn't mean the error was thrown inside the file itself, but while it was running.
The latest test that might've caused the error is "报牌应该可以中断聊天语音". It might mean one of the following:
- The error was thrown, while Vitest was running this test.
- If the error occurred after the test had been completed, this was the last documented test before it was thrown.

⎯⎯⎯⎯ Unhandled Rejection ⎯⎯⎯⎯⎯
Error: TTS服务音频生成失败
 ❯ src/services/ttsAudioService.ts:213:25
    211|         if (!audioBuffer) {
    212|           // 生成失败，直接失败（不使用speechSynthesis）
    213|           const error = new Error('TTS服务音频生成失败');
       |                         ^
    214|           if (events?.onError) {
    215|             events.onError(error);

This error originated in "tests/serialVoicePlayback.test.ts" test file. It doesn't mean the error was thrown inside the file itself, but while it was running.
The latest test that might've caused the error is "应该正确处理队列中的消息". It might mean one of the following:
- The error was thrown, while Vitest was running this test.
- If the error occurred after the test had been completed, this was the last documented test before it was thrown.

⎯⎯⎯⎯ Unhandled Rejection ⎯⎯⎯⎯⎯
Error: TTS服务音频生成失败
 ❯ src/services/ttsAudioService.ts:213:25
    211|         if (!audioBuffer) {
    212|           // 生成失败，直接失败（不使用speechSynthesis）
    213|           const error = new Error('TTS服务音频生成失败');
       |                         ^
    214|           if (events?.onError) {
    215|             events.onError(error);

This error originated in "tests/serialVoicePlayback.test.ts" test file. It doesn't mean the error was thrown inside the file itself, but while it was running.
The latest test that might've caused the error is "应该正确处理队列中的消息". It might mean one of the following:
- The error was thrown, while Vitest was running this test.
- If the error occurred after the test had been completed, this was the last documented test before it was thrown.

⎯⎯⎯⎯ Unhandled Rejection ⎯⎯⎯⎯⎯
Error: TTS服务音频生成失败
 ❯ src/services/ttsAudioService.ts:213:25
    211|         if (!audioBuffer) {
    212|           // 生成失败，直接失败（不使用speechSynthesis）
    213|           const error = new Error('TTS服务音频生成失败');
       |                         ^
    214|           if (events?.onError) {
    215|             events.onError(error);

This error originated in "tests/serialVoicePlayback.test.ts" test file. It doesn't mean the error was thrown inside the file itself, but while it was running.
The latest test that might've caused the error is "应该正确处理队列中的消息". It might mean one of the following:
- The error was thrown, while Vitest was running this test.
- If the error occurred after the test had been completed, this was the last documented test before it was thrown.

⎯⎯⎯⎯ Unhandled Rejection ⎯⎯⎯⎯⎯
Error: TTS服务音频生成失败
 ❯ src/services/ttsAudioService.ts:213:25
    211|         if (!audioBuffer) {
    212|           // 生成失败，直接失败（不使用speechSynthesis）
    213|           const error = new Error('TTS服务音频生成失败');
       |                         ^
    214|           if (events?.onError) {
    215|             events.onError(error);

This error originated in "tests/serialVoicePlayback.test.ts" test file. It doesn't mean the error was thrown inside the file itself, but while it was running.
The latest test that might've caused the error is "onStart应该在语音真正开始时触发". It might mean one of the following:
- The error was thrown, while Vitest was running this test.
- If the error occurred after the test had been completed, this was the last documented test before it was thrown.

⎯⎯⎯⎯ Unhandled Rejection ⎯⎯⎯⎯⎯
Error: [vitest] No "triggerGoodPlayReaction" export is defined on the "../src/services/chatService" mock. Did you forget to return it from "vi.mock"?
If you need to partially mock a module, you can use "importOriginal" helper inside:

vi.mock("../src/services/chatService", async (importOriginal) => {
  const actual = await importOriginal()
  return {
    ...actual,
    // your mocked methods
  }
})

 ❯ VitestMocker.createError node_modules/vitest/dist/vendor/execute.fL3szUAI.js:79:19
 ❯ Object.get node_modules/vitest/dist/vendor/execute.fL3szUAI.js:153:22
 ❯ Module.triggerGoodPlayReactions src/utils/playManager.ts:138:5
    136|       }
    137|     };
    138|     triggerGoodPlayReaction(player, context, fullGameState).catch(() =…
       |     ^
    139|   }
    140| }
 ❯ src/utils/asyncPlayHandler.ts:249:5
 ❯ wrappedProcessAsync src/utils/Round.ts:391:17
 ❯ Round.processPlayAsync src/utils/Round.ts:399:11
 ❯ Module.processPlayAsync src/utils/asyncPlayHandler.ts:104:22
 ❯ Game.playCards src/utils/Game.ts:1001:22
 ❯ Game.playNextTurn src/utils/Game.ts:901:30

This error originated in "tests/gameState.test.ts" test file. It doesn't mean the error was thrown inside the file itself, but while it was running.

⎯⎯⎯⎯ Unhandled Rejection ⎯⎯⎯⎯⎯
Error: [vitest] No "triggerGoodPlayReaction" export is defined on the "../src/services/chatService" mock. Did you forget to return it from "vi.mock"?
If you need to partially mock a module, you can use "importOriginal" helper inside:

vi.mock("../src/services/chatService", async (importOriginal) => {
  const actual = await importOriginal()
  return {
    ...actual,
    // your mocked methods
  }
})

 ❯ VitestMocker.createError node_modules/vitest/dist/vendor/execute.fL3szUAI.js:79:19
 ❯ Object.get node_modules/vitest/dist/vendor/execute.fL3szUAI.js:153:22
 ❯ Module.triggerGoodPlayReactions src/utils/playManager.ts:138:5
    136|       }
    137|     };
    138|     triggerGoodPlayReaction(player, context, fullGameState).catch(() =…
       |     ^
    139|   }
    140| }
 ❯ src/utils/asyncPlayHandler.ts:249:5
 ❯ wrappedProcessAsync src/utils/Round.ts:391:17
 ❯ Round.processPlayAsync src/utils/Round.ts:399:11
 ❯ Module.processPlayAsync src/utils/asyncPlayHandler.ts:104:22
 ❯ Game.playCards src/utils/Game.ts:1001:22
 ❯ Game.playNextTurn src/utils/Game.ts:901:30

This error originated in "tests/gameState.test.ts" test file. It doesn't mean the error was thrown inside the file itself, but while it was running.

⎯⎯⎯⎯ Unhandled Rejection ⎯⎯⎯⎯⎯
Error: [vitest] No "triggerGoodPlayReaction" export is defined on the "../src/services/chatService" mock. Did you forget to return it from "vi.mock"?
If you need to partially mock a module, you can use "importOriginal" helper inside:

vi.mock("../src/services/chatService", async (importOriginal) => {
  const actual = await importOriginal()
  return {
    ...actual,
    // your mocked methods
  }
})

 ❯ VitestMocker.createError node_modules/vitest/dist/vendor/execute.fL3szUAI.js:79:19
 ❯ Object.get node_modules/vitest/dist/vendor/execute.fL3szUAI.js:153:22
 ❯ Module.triggerGoodPlayReactions src/utils/playManager.ts:138:5
    136|       }
    137|     };
    138|     triggerGoodPlayReaction(player, context, fullGameState).catch(() =…
       |     ^
    139|   }
    140| }
 ❯ src/utils/asyncPlayHandler.ts:249:5
 ❯ wrappedProcessAsync src/utils/Round.ts:391:17
 ❯ Round.processPlayAsync src/utils/Round.ts:399:11
 ❯ Module.processPlayAsync src/utils/asyncPlayHandler.ts:104:22
 ❯ Game.playCards src/utils/Game.ts:1001:22
 ❯ Game.playNextTurn src/utils/Game.ts:901:30
 ❯ RoundScheduler.scheduler.onNextTurnCallback src/utils/Game.ts:617:9

This error originated in "tests/gameState.test.ts" test file. It doesn't mean the error was thrown inside the file itself, but while it was running.

⎯⎯⎯⎯ Unhandled Rejection ⎯⎯⎯⎯⎯
Error: [vitest] No "triggerGoodPlayReaction" export is defined on the "../src/services/chatService" mock. Did you forget to return it from "vi.mock"?
If you need to partially mock a module, you can use "importOriginal" helper inside:

vi.mock("../src/services/chatService", async (importOriginal) => {
  const actual = await importOriginal()
  return {
    ...actual,
    // your mocked methods
  }
})

 ❯ VitestMocker.createError node_modules/vitest/dist/vendor/execute.fL3szUAI.js:79:19
 ❯ Object.get node_modules/vitest/dist/vendor/execute.fL3szUAI.js:153:22
 ❯ Module.triggerGoodPlayReactions src/utils/playManager.ts:138:5
    136|       }
    137|     };
    138|     triggerGoodPlayReaction(player, context, fullGameState).catch(() =…
       |     ^
    139|   }
    140| }
 ❯ src/utils/asyncPlayHandler.ts:249:5
 ❯ wrappedProcessAsync src/utils/Round.ts:391:17
 ❯ Round.processPlayAsync src/utils/Round.ts:399:11
 ❯ Module.processPlayAsync src/utils/asyncPlayHandler.ts:104:22
 ❯ Game.playCards src/utils/Game.ts:1001:22
 ❯ Game.playNextTurn src/utils/Game.ts:901:30
 ❯ RoundScheduler.scheduler.onNextTurnCallback src/utils/Game.ts:617:9

This error originated in "tests/gameState.test.ts" test file. It doesn't mean the error was thrown inside the file itself, but while it was running.

⎯⎯⎯⎯ Unhandled Rejection ⎯⎯⎯⎯⎯
Error: [vitest] No "triggerGoodPlayReaction" export is defined on the "../src/services/chatService" mock. Did you forget to return it from "vi.mock"?
If you need to partially mock a module, you can use "importOriginal" helper inside:

vi.mock("../src/services/chatService", async (importOriginal) => {
  const actual = await importOriginal()
  return {
    ...actual,
    // your mocked methods
  }
})

 ❯ VitestMocker.createError node_modules/vitest/dist/vendor/execute.fL3szUAI.js:79:19
 ❯ Object.get node_modules/vitest/dist/vendor/execute.fL3szUAI.js:153:22
 ❯ Module.triggerGoodPlayReactions src/utils/playManager.ts:138:5
    136|       }
    137|     };
    138|     triggerGoodPlayReaction(player, context, fullGameState).catch(() =…
       |     ^
    139|   }
    140| }
 ❯ src/utils/asyncPlayHandler.ts:249:5
 ❯ wrappedProcessAsync src/utils/Round.ts:391:17
 ❯ Round.processPlayAsync src/utils/Round.ts:399:11
 ❯ Module.processPlayAsync src/utils/asyncPlayHandler.ts:104:22
 ❯ Game.playCards src/utils/Game.ts:1001:22
 ❯ Game.playNextTurn src/utils/Game.ts:901:30

This error originated in "tests/gameState.test.ts" test file. It doesn't mean the error was thrown inside the file itself, but while it was running.

⎯⎯⎯⎯ Unhandled Rejection ⎯⎯⎯⎯⎯
Error: [vitest] No "triggerBigDunReaction" export is defined on the "../src/services/chatService" mock. Did you forget to return it from "vi.mock"?
If you need to partially mock a module, you can use "importOriginal" helper inside:

vi.mock("../src/services/chatService", async (importOriginal) => {
  const actual = await importOriginal()
  return {
    ...actual,
    // your mocked methods
  }
})

 ❯ VitestMocker.createError node_modules/vitest/dist/vendor/execute.fL3szUAI.js:79:19
 ❯ Object.get node_modules/vitest/dist/vendor/execute.fL3szUAI.js:153:22
 ❯ Module.handleDunScoring src/utils/playManager.ts:64:5
     62|     
     63|     // 触发大墩反应（其他玩家的惊呼，异步，不阻塞）
     64|     triggerBigDunReaction(newPlayers, playerIndex, cards.length).catch…
       |     ^
     65|     
     66|     // 触发出墩时的得意话（出牌玩家的得意话，异步，不阻塞）
 ❯ src/utils/asyncPlayHandler.ts:114:59
 ❯ wrappedProcessAsync src/utils/Round.ts:391:17
 ❯ Round.processPlayAsync src/utils/Round.ts:399:11
 ❯ Module.processPlayAsync src/utils/asyncPlayHandler.ts:104:22
 ❯ Game.playCards src/utils/Game.ts:1001:22
 ❯ Game.playNextTurn src/utils/Game.ts:901:30
 ❯ RoundScheduler.scheduler.onNextTurnCallback src/utils/Game.ts:617:9

This error originated in "tests/gameState.test.ts" test file. It doesn't mean the error was thrown inside the file itself, but while it was running.

⎯⎯⎯⎯ Unhandled Rejection ⎯⎯⎯⎯⎯
Error: [vitest] No "triggerGoodPlayReaction" export is defined on the "../src/services/chatService" mock. Did you forget to return it from "vi.mock"?
If you need to partially mock a module, you can use "importOriginal" helper inside:

vi.mock("../src/services/chatService", async (importOriginal) => {
  const actual = await importOriginal()
  return {
    ...actual,
    // your mocked methods
  }
})

 ❯ VitestMocker.createError node_modules/vitest/dist/vendor/execute.fL3szUAI.js:79:19
 ❯ Object.get node_modules/vitest/dist/vendor/execute.fL3szUAI.js:153:22
 ❯ Module.triggerGoodPlayReactions src/utils/playManager.ts:138:5
    136|       }
    137|     };
    138|     triggerGoodPlayReaction(player, context, fullGameState).catch(() =…
       |     ^
    139|   }
    140| }
 ❯ src/utils/asyncPlayHandler.ts:249:5
 ❯ wrappedProcessAsync src/utils/Round.ts:391:17
 ❯ Round.processPlayAsync src/utils/Round.ts:399:11
 ❯ Module.processPlayAsync src/utils/asyncPlayHandler.ts:104:22
 ❯ Game.playCards src/utils/Game.ts:1001:22
 ❯ Game.playNextTurn src/utils/Game.ts:901:30
 ❯ RoundScheduler.scheduler.onNextTurnCallback src/utils/Game.ts:617:9

This error originated in "tests/gameState.test.ts" test file. It doesn't mean the error was thrown inside the file itself, but while it was running.

⎯⎯⎯⎯ Unhandled Rejection ⎯⎯⎯⎯⎯
Error: [vitest] No "triggerBigDunReaction" export is defined on the "../src/services/chatService" mock. Did you forget to return it from "vi.mock"?
If you need to partially mock a module, you can use "importOriginal" helper inside:

vi.mock("../src/services/chatService", async (importOriginal) => {
  const actual = await importOriginal()
  return {
    ...actual,
    // your mocked methods
  }
})

 ❯ VitestMocker.createError node_modules/vitest/dist/vendor/execute.fL3szUAI.js:79:19
 ❯ Object.get node_modules/vitest/dist/vendor/execute.fL3szUAI.js:153:22
 ❯ Module.handleDunScoring src/utils/playManager.ts:64:5
     62|     
     63|     // 触发大墩反应（其他玩家的惊呼，异步，不阻塞）
     64|     triggerBigDunReaction(newPlayers, playerIndex, cards.length).catch…
       |     ^
     65|     
     66|     // 触发出墩时的得意话（出牌玩家的得意话，异步，不阻塞）
 ❯ src/utils/asyncPlayHandler.ts:114:59
 ❯ wrappedProcessAsync src/utils/Round.ts:391:17
 ❯ Round.processPlayAsync src/utils/Round.ts:399:11
 ❯ Module.processPlayAsync src/utils/asyncPlayHandler.ts:104:22
 ❯ Game.playCards src/utils/Game.ts:1001:22
 ❯ Game.playNextTurn src/utils/Game.ts:901:30
 ❯ RoundScheduler.scheduler.onNextTurnCallback src/utils/Game.ts:617:9

This error originated in "tests/gameState.test.ts" test file. It doesn't mean the error was thrown inside the file itself, but while it was running.

⎯⎯⎯⎯ Unhandled Rejection ⎯⎯⎯⎯⎯
Error: [vitest] No "triggerGoodPlayReaction" export is defined on the "../src/services/chatService" mock. Did you forget to return it from "vi.mock"?
If you need to partially mock a module, you can use "importOriginal" helper inside:

vi.mock("../src/services/chatService", async (importOriginal) => {
  const actual = await importOriginal()
  return {
    ...actual,
    // your mocked methods
  }
})

 ❯ VitestMocker.createError node_modules/vitest/dist/vendor/execute.fL3szUAI.js:79:19
 ❯ Object.get node_modules/vitest/dist/vendor/execute.fL3szUAI.js:153:22
 ❯ Module.triggerGoodPlayReactions src/utils/playManager.ts:138:5
    136|       }
    137|     };
    138|     triggerGoodPlayReaction(player, context, fullGameState).catch(() =…
       |     ^
    139|   }
    140| }
 ❯ src/utils/asyncPlayHandler.ts:249:5
 ❯ wrappedProcessAsync src/utils/Round.ts:391:17
 ❯ Round.processPlayAsync src/utils/Round.ts:399:11
 ❯ Module.processPlayAsync src/utils/asyncPlayHandler.ts:104:22
 ❯ Game.playCards src/utils/Game.ts:1001:22
 ❯ Game.playNextTurn src/utils/Game.ts:901:30
 ❯ src/utils/Game.ts:1329:15

This error originated in "tests/gameState.test.ts" test file. It doesn't mean the error was thrown inside the file itself, but while it was running.

⎯⎯⎯⎯ Unhandled Rejection ⎯⎯⎯⎯⎯
Error: [vitest] No "triggerGoodPlayReaction" export is defined on the "../src/services/chatService" mock. Did you forget to return it from "vi.mock"?
If you need to partially mock a module, you can use "importOriginal" helper inside:

vi.mock("../src/services/chatService", async (importOriginal) => {
  const actual = await importOriginal()
  return {
    ...actual,
    // your mocked methods
  }
})

 ❯ VitestMocker.createError node_modules/vitest/dist/vendor/execute.fL3szUAI.js:79:19
 ❯ Object.get node_modules/vitest/dist/vendor/execute.fL3szUAI.js:153:22
 ❯ Module.triggerGoodPlayReactions src/utils/playManager.ts:138:5
    136|       }
    137|     };
    138|     triggerGoodPlayReaction(player, context, fullGameState).catch(() =…
       |     ^
    139|   }
    140| }
 ❯ src/utils/asyncPlayHandler.ts:249:5
 ❯ wrappedProcessAsync src/utils/Round.ts:391:17
 ❯ Round.processPlayAsync src/utils/Round.ts:399:11
 ❯ Module.processPlayAsync src/utils/asyncPlayHandler.ts:104:22
 ❯ Game.playCards src/utils/Game.ts:1001:22
 ❯ Game.playNextTurn src/utils/Game.ts:901:30

This error originated in "tests/gameState.test.ts" test file. It doesn't mean the error was thrown inside the file itself, but while it was running.

⎯⎯⎯⎯ Unhandled Rejection ⎯⎯⎯⎯⎯
Error: [vitest] No "triggerGoodPlayReaction" export is defined on the "../src/services/chatService" mock. Did you forget to return it from "vi.mock"?
If you need to partially mock a module, you can use "importOriginal" helper inside:

vi.mock("../src/services/chatService", async (importOriginal) => {
  const actual = await importOriginal()
  return {
    ...actual,
    // your mocked methods
  }
})

 ❯ VitestMocker.createError node_modules/vitest/dist/vendor/execute.fL3szUAI.js:79:19
 ❯ Object.get node_modules/vitest/dist/vendor/execute.fL3szUAI.js:153:22
 ❯ Module.triggerGoodPlayReactions src/utils/playManager.ts:138:5
    136|       }
    137|     };
    138|     triggerGoodPlayReaction(player, context, fullGameState).catch(() =…
       |     ^
    139|   }
    140| }
 ❯ src/utils/asyncPlayHandler.ts:249:5
 ❯ wrappedProcessAsync src/utils/Round.ts:391:17
 ❯ Round.processPlayAsync src/utils/Round.ts:399:11
 ❯ Module.processPlayAsync src/utils/asyncPlayHandler.ts:104:22
 ❯ Game.playCards src/utils/Game.ts:1001:22
 ❯ Game.playNextTurn src/utils/Game.ts:901:30
 ❯ RoundScheduler.scheduler.onNextTurnCallback src/utils/Game.ts:617:9

This error originated in "tests/gameState.test.ts" test file. It doesn't mean the error was thrown inside the file itself, but while it was running.

⎯⎯⎯⎯ Unhandled Rejection ⎯⎯⎯⎯⎯
Error: [vitest] No "triggerGoodPlayReaction" export is defined on the "../src/services/chatService" mock. Did you forget to return it from "vi.mock"?
If you need to partially mock a module, you can use "importOriginal" helper inside:

vi.mock("../src/services/chatService", async (importOriginal) => {
  const actual = await importOriginal()
  return {
    ...actual,
    // your mocked methods
  }
})

 ❯ VitestMocker.createError node_modules/vitest/dist/vendor/execute.fL3szUAI.js:79:19
 ❯ Object.get node_modules/vitest/dist/vendor/execute.fL3szUAI.js:153:22
 ❯ Module.triggerGoodPlayReactions src/utils/playManager.ts:138:5
    136|       }
    137|     };
    138|     triggerGoodPlayReaction(player, context, fullGameState).catch(() =…
       |     ^
    139|   }
    140| }
 ❯ src/utils/asyncPlayHandler.ts:249:5
 ❯ wrappedProcessAsync src/utils/Round.ts:391:17
 ❯ Round.processPlayAsync src/utils/Round.ts:399:11
 ❯ Module.processPlayAsync src/utils/asyncPlayHandler.ts:104:22
 ❯ Game.playCards src/utils/Game.ts:1001:22
 ❯ Game.playNextTurn src/utils/Game.ts:901:30

This error originated in "tests/gameState.test.ts" test file. It doesn't mean the error was thrown inside the file itself, but while it was running.

⎯⎯⎯⎯ Unhandled Rejection ⎯⎯⎯⎯⎯
Error: [vitest] No "triggerGoodPlayReaction" export is defined on the "../src/services/chatService" mock. Did you forget to return it from "vi.mock"?
If you need to partially mock a module, you can use "importOriginal" helper inside:

vi.mock("../src/services/chatService", async (importOriginal) => {
  const actual = await importOriginal()
  return {
    ...actual,
    // your mocked methods
  }
})

 ❯ VitestMocker.createError node_modules/vitest/dist/vendor/execute.fL3szUAI.js:79:19
 ❯ Object.get node_modules/vitest/dist/vendor/execute.fL3szUAI.js:153:22
 ❯ Module.triggerGoodPlayReactions src/utils/playManager.ts:138:5
    136|       }
    137|     };
    138|     triggerGoodPlayReaction(player, context, fullGameState).catch(() =…
       |     ^
    139|   }
    140| }
 ❯ src/utils/asyncPlayHandler.ts:249:5
 ❯ wrappedProcessAsync src/utils/Round.ts:391:17
 ❯ Round.processPlayAsync src/utils/Round.ts:399:11
 ❯ Module.processPlayAsync src/utils/asyncPlayHandler.ts:104:22
 ❯ Game.playCards src/utils/Game.ts:1001:22
 ❯ Game.playNextTurn src/utils/Game.ts:901:30

This error originated in "tests/gameState.test.ts" test file. It doesn't mean the error was thrown inside the file itself, but while it was running.

⎯⎯⎯⎯ Unhandled Rejection ⎯⎯⎯⎯⎯
Error: [vitest] No "triggerGoodPlayReaction" export is defined on the "../src/services/chatService" mock. Did you forget to return it from "vi.mock"?
If you need to partially mock a module, you can use "importOriginal" helper inside:

vi.mock("../src/services/chatService", async (importOriginal) => {
  const actual = await importOriginal()
  return {
    ...actual,
    // your mocked methods
  }
})

 ❯ VitestMocker.createError node_modules/vitest/dist/vendor/execute.fL3szUAI.js:79:19
 ❯ Object.get node_modules/vitest/dist/vendor/execute.fL3szUAI.js:153:22
 ❯ Module.triggerGoodPlayReactions src/utils/playManager.ts:138:5
    136|       }
    137|     };
    138|     triggerGoodPlayReaction(player, context, fullGameState).catch(() =…
       |     ^
    139|   }
    140| }
 ❯ src/utils/asyncPlayHandler.ts:249:5
 ❯ wrappedProcessAsync src/utils/Round.ts:391:17
 ❯ Round.processPlayAsync src/utils/Round.ts:399:11
 ❯ Module.processPlayAsync src/utils/asyncPlayHandler.ts:104:22
 ❯ Game.playCards src/utils/Game.ts:1001:22
 ❯ Game.playNextTurn src/utils/Game.ts:901:30

This error originated in "tests/gameState.test.ts" test file. It doesn't mean the error was thrown inside the file itself, but while it was running.

⎯⎯⎯⎯ Unhandled Rejection ⎯⎯⎯⎯⎯
Error: [vitest] No "triggerGoodPlayReaction" export is defined on the "../src/services/chatService" mock. Did you forget to return it from "vi.mock"?
If you need to partially mock a module, you can use "importOriginal" helper inside:

vi.mock("../src/services/chatService", async (importOriginal) => {
  const actual = await importOriginal()
  return {
    ...actual,
    // your mocked methods
  }
})

 ❯ VitestMocker.createError node_modules/vitest/dist/vendor/execute.fL3szUAI.js:79:19
 ❯ Object.get node_modules/vitest/dist/vendor/execute.fL3szUAI.js:153:22
 ❯ Module.triggerGoodPlayReactions src/utils/playManager.ts:138:5
    136|       }
    137|     };
    138|     triggerGoodPlayReaction(player, context, fullGameState).catch(() =…
       |     ^
    139|   }
    140| }
 ❯ src/utils/asyncPlayHandler.ts:249:5
 ❯ wrappedProcessAsync src/utils/Round.ts:391:17
 ❯ Round.processPlayAsync src/utils/Round.ts:399:11
 ❯ Module.processPlayAsync src/utils/asyncPlayHandler.ts:104:22
 ❯ Game.playCards src/utils/Game.ts:1001:22
 ❯ Game.playNextTurn src/utils/Game.ts:901:30
 ❯ RoundScheduler.scheduler.onNextTurnCallback src/utils/Game.ts:617:9

This error originated in "tests/gameState.test.ts" test file. It doesn't mean the error was thrown inside the file itself, but while it was running.

⎯⎯⎯⎯ Unhandled Rejection ⎯⎯⎯⎯⎯
Error: [vitest] No "triggerBigDunReaction" export is defined on the "../src/services/chatService" mock. Did you forget to return it from "vi.mock"?
If you need to partially mock a module, you can use "importOriginal" helper inside:

vi.mock("../src/services/chatService", async (importOriginal) => {
  const actual = await importOriginal()
  return {
    ...actual,
    // your mocked methods
  }
})

 ❯ VitestMocker.createError node_modules/vitest/dist/vendor/execute.fL3szUAI.js:79:19
 ❯ Object.get node_modules/vitest/dist/vendor/execute.fL3szUAI.js:153:22
 ❯ Module.handleDunScoring src/utils/playManager.ts:64:5
     62|     
     63|     // 触发大墩反应（其他玩家的惊呼，异步，不阻塞）
     64|     triggerBigDunReaction(newPlayers, playerIndex, cards.length).catch…
       |     ^
     65|     
     66|     // 触发出墩时的得意话（出牌玩家的得意话，异步，不阻塞）
 ❯ src/utils/asyncPlayHandler.ts:114:59
 ❯ wrappedProcessAsync src/utils/Round.ts:391:17
 ❯ Round.processPlayAsync src/utils/Round.ts:399:11
 ❯ Module.processPlayAsync src/utils/asyncPlayHandler.ts:104:22
 ❯ Game.playCards src/utils/Game.ts:1001:22
 ❯ Game.playNextTurn src/utils/Game.ts:901:30
 ❯ RoundScheduler.scheduler.onNextTurnCallback src/utils/Game.ts:617:9

This error originated in "tests/gameState.test.ts" test file. It doesn't mean the error was thrown inside the file itself, but while it was running.

⎯⎯⎯⎯ Unhandled Rejection ⎯⎯⎯⎯⎯
Error: [vitest] No "triggerBigDunReaction" export is defined on the "../src/services/chatService" mock. Did you forget to return it from "vi.mock"?
If you need to partially mock a module, you can use "importOriginal" helper inside:

vi.mock("../src/services/chatService", async (importOriginal) => {
  const actual = await importOriginal()
  return {
    ...actual,
    // your mocked methods
  }
})

 ❯ VitestMocker.createError node_modules/vitest/dist/vendor/execute.fL3szUAI.js:79:19
 ❯ Object.get node_modules/vitest/dist/vendor/execute.fL3szUAI.js:153:22
 ❯ Module.handleDunScoring src/utils/playManager.ts:64:5
     62|     
     63|     // 触发大墩反应（其他玩家的惊呼，异步，不阻塞）
     64|     triggerBigDunReaction(newPlayers, playerIndex, cards.length).catch…
       |     ^
     65|     
     66|     // 触发出墩时的得意话（出牌玩家的得意话，异步，不阻塞）
 ❯ src/utils/asyncPlayHandler.ts:114:59
 ❯ wrappedProcessAsync src/utils/Round.ts:391:17
 ❯ Round.processPlayAsync src/utils/Round.ts:399:11
 ❯ Module.processPlayAsync src/utils/asyncPlayHandler.ts:104:22
 ❯ Game.playCards src/utils/Game.ts:1001:22
 ❯ Game.playNextTurn src/utils/Game.ts:901:30
 ❯ RoundScheduler.scheduler.onNextTurnCallback src/utils/Game.ts:617:9

This error originated in "tests/gameState.test.ts" test file. It doesn't mean the error was thrown inside the file itself, but while it was running.

⎯⎯⎯⎯ Unhandled Rejection ⎯⎯⎯⎯⎯
Error: [vitest] No "triggerGoodPlayReaction" export is defined on the "../src/services/chatService" mock. Did you forget to return it from "vi.mock"?
If you need to partially mock a module, you can use "importOriginal" helper inside:

vi.mock("../src/services/chatService", async (importOriginal) => {
  const actual = await importOriginal()
  return {
    ...actual,
    // your mocked methods
  }
})

 ❯ VitestMocker.createError node_modules/vitest/dist/vendor/execute.fL3szUAI.js:79:19
 ❯ Object.get node_modules/vitest/dist/vendor/execute.fL3szUAI.js:153:22
 ❯ Module.triggerGoodPlayReactions src/utils/playManager.ts:138:5
    136|       }
    137|     };
    138|     triggerGoodPlayReaction(player, context, fullGameState).catch(() =…
       |     ^
    139|   }
    140| }
 ❯ src/utils/asyncPlayHandler.ts:249:5
 ❯ wrappedProcessAsync src/utils/Round.ts:391:17
 ❯ Round.processPlayAsync src/utils/Round.ts:399:11
 ❯ Module.processPlayAsync src/utils/asyncPlayHandler.ts:104:22
 ❯ Game.playCards src/utils/Game.ts:1001:22
 ❯ Game.playNextTurn src/utils/Game.ts:901:30
 ❯ RoundScheduler.scheduler.onNextTurnCallback src/utils/Game.ts:617:9

This error originated in "tests/gameState.test.ts" test file. It doesn't mean the error was thrown inside the file itself, but while it was running.

⎯⎯⎯⎯ Unhandled Rejection ⎯⎯⎯⎯⎯
Error: [vitest] No "triggerGoodPlayReaction" export is defined on the "../src/services/chatService" mock. Did you forget to return it from "vi.mock"?
If you need to partially mock a module, you can use "importOriginal" helper inside:

vi.mock("../src/services/chatService", async (importOriginal) => {
  const actual = await importOriginal()
  return {
    ...actual,
    // your mocked methods
  }
})

 ❯ VitestMocker.createError node_modules/vitest/dist/vendor/execute.fL3szUAI.js:79:19
 ❯ Object.get node_modules/vitest/dist/vendor/execute.fL3szUAI.js:153:22
 ❯ Module.triggerGoodPlayReactions src/utils/playManager.ts:138:5
    136|       }
    137|     };
    138|     triggerGoodPlayReaction(player, context, fullGameState).catch(() =…
       |     ^
    139|   }
    140| }
 ❯ src/utils/asyncPlayHandler.ts:249:5
 ❯ wrappedProcessAsync src/utils/Round.ts:391:17
 ❯ Round.processPlayAsync src/utils/Round.ts:399:11
 ❯ Module.processPlayAsync src/utils/asyncPlayHandler.ts:104:22
 ❯ Game.playCards src/utils/Game.ts:1001:22
 ❯ Game.playNextTurn src/utils/Game.ts:901:30
 ❯ RoundScheduler.scheduler.onNextTurnCallback src/utils/Game.ts:617:9

This error originated in "tests/gameState.test.ts" test file. It doesn't mean the error was thrown inside the file itself, but while it was running.

⎯⎯⎯⎯ Unhandled Rejection ⎯⎯⎯⎯⎯
Error: [vitest] No "triggerGoodPlayReaction" export is defined on the "../src/services/chatService" mock. Did you forget to return it from "vi.mock"?
If you need to partially mock a module, you can use "importOriginal" helper inside:

vi.mock("../src/services/chatService", async (importOriginal) => {
  const actual = await importOriginal()
  return {
    ...actual,
    // your mocked methods
  }
})

 ❯ VitestMocker.createError node_modules/vitest/dist/vendor/execute.fL3szUAI.js:79:19
 ❯ Object.get node_modules/vitest/dist/vendor/execute.fL3szUAI.js:153:22
 ❯ Module.triggerGoodPlayReactions src/utils/playManager.ts:138:5
    136|       }
    137|     };
    138|     triggerGoodPlayReaction(player, context, fullGameState).catch(() =…
       |     ^
    139|   }
    140| }
 ❯ src/utils/asyncPlayHandler.ts:249:5
 ❯ wrappedProcessAsync src/utils/Round.ts:391:17
 ❯ Round.processPlayAsync src/utils/Round.ts:399:11
 ❯ Module.processPlayAsync src/utils/asyncPlayHandler.ts:104:22
 ❯ Game.playCards src/utils/Game.ts:1001:22
 ❯ Game.playNextTurn src/utils/Game.ts:901:30
 ❯ src/utils/Game.ts:1329:15

This error originated in "tests/gameState.test.ts" test file. It doesn't mean the error was thrown inside the file itself, but while it was running.

⎯⎯⎯⎯ Unhandled Rejection ⎯⎯⎯⎯⎯
Error: [vitest] No "triggerGoodPlayReaction" export is defined on the "../src/services/chatService" mock. Did you forget to return it from "vi.mock"?
If you need to partially mock a module, you can use "importOriginal" helper inside:

vi.mock("../src/services/chatService", async (importOriginal) => {
  const actual = await importOriginal()
  return {
    ...actual,
    // your mocked methods
  }
})

 ❯ VitestMocker.createError node_modules/vitest/dist/vendor/execute.fL3szUAI.js:79:19
 ❯ Object.get node_modules/vitest/dist/vendor/execute.fL3szUAI.js:153:22
 ❯ Module.triggerGoodPlayReactions src/utils/playManager.ts:138:5
    136|       }
    137|     };
    138|     triggerGoodPlayReaction(player, context, fullGameState).catch(() =…
       |     ^
    139|   }
    140| }
 ❯ src/utils/asyncPlayHandler.ts:249:5
 ❯ wrappedProcessAsync src/utils/Round.ts:391:17
 ❯ Round.processPlayAsync src/utils/Round.ts:399:11
 ❯ Module.processPlayAsync src/utils/asyncPlayHandler.ts:104:22
 ❯ Game.playCards src/utils/Game.ts:1001:22
 ❯ Game.playNextTurn src/utils/Game.ts:901:30

This error originated in "tests/gameState.test.ts" test file. It doesn't mean the error was thrown inside the file itself, but while it was running.

⎯⎯⎯⎯ Unhandled Rejection ⎯⎯⎯⎯⎯
Error: [vitest] No "triggerGoodPlayReaction" export is defined on the "../src/services/chatService" mock. Did you forget to return it from "vi.mock"?
If you need to partially mock a module, you can use "importOriginal" helper inside:

vi.mock("../src/services/chatService", async (importOriginal) => {
  const actual = await importOriginal()
  return {
    ...actual,
    // your mocked methods
  }
})

 ❯ VitestMocker.createError node_modules/vitest/dist/vendor/execute.fL3szUAI.js:79:19
 ❯ Object.get node_modules/vitest/dist/vendor/execute.fL3szUAI.js:153:22
 ❯ Module.triggerGoodPlayReactions src/utils/playManager.ts:138:5
    136|       }
    137|     };
    138|     triggerGoodPlayReaction(player, context, fullGameState).catch(() =…
       |     ^
    139|   }
    140| }
 ❯ src/utils/asyncPlayHandler.ts:249:5
 ❯ wrappedProcessAsync src/utils/Round.ts:391:17
 ❯ Round.processPlayAsync src/utils/Round.ts:399:11
 ❯ Module.processPlayAsync src/utils/asyncPlayHandler.ts:104:22
 ❯ Game.playCards src/utils/Game.ts:1001:22
 ❯ Game.playNextTurn src/utils/Game.ts:901:30

This error originated in "tests/gameState.test.ts" test file. It doesn't mean the error was thrown inside the file itself, but while it was running.

⎯⎯⎯⎯ Unhandled Rejection ⎯⎯⎯⎯⎯
Error: [vitest] No "triggerGoodPlayReaction" export is defined on the "../src/services/chatService" mock. Did you forget to return it from "vi.mock"?
If you need to partially mock a module, you can use "importOriginal" helper inside:

vi.mock("../src/services/chatService", async (importOriginal) => {
  const actual = await importOriginal()
  return {
    ...actual,
    // your mocked methods
  }
})

 ❯ VitestMocker.createError node_modules/vitest/dist/vendor/execute.fL3szUAI.js:79:19
 ❯ Object.get node_modules/vitest/dist/vendor/execute.fL3szUAI.js:153:22
 ❯ Module.triggerGoodPlayReactions src/utils/playManager.ts:138:5
    136|       }
    137|     };
    138|     triggerGoodPlayReaction(player, context, fullGameState).catch(() =…
       |     ^
    139|   }
    140| }
 ❯ src/utils/asyncPlayHandler.ts:249:5
 ❯ wrappedProcessAsync src/utils/Round.ts:391:17
 ❯ Round.processPlayAsync src/utils/Round.ts:399:11
 ❯ Module.processPlayAsync src/utils/asyncPlayHandler.ts:104:22
 ❯ Game.playCards src/utils/Game.ts:1001:22
 ❯ Game.playNextTurn src/utils/Game.ts:901:30
 ❯ RoundScheduler.scheduler.onNextTurnCallback src/utils/Game.ts:617:9

This error originated in "tests/gameState.test.ts" test file. It doesn't mean the error was thrown inside the file itself, but while it was running.

⎯⎯⎯⎯ Unhandled Rejection ⎯⎯⎯⎯⎯
Error: [vitest] No "triggerGoodPlayReaction" export is defined on the "../src/services/chatService" mock. Did you forget to return it from "vi.mock"?
If you need to partially mock a module, you can use "importOriginal" helper inside:

vi.mock("../src/services/chatService", async (importOriginal) => {
  const actual = await importOriginal()
  return {
    ...actual,
    // your mocked methods
  }
})

 ❯ VitestMocker.createError node_modules/vitest/dist/vendor/execute.fL3szUAI.js:79:19
 ❯ Object.get node_modules/vitest/dist/vendor/execute.fL3szUAI.js:153:22
 ❯ Module.triggerGoodPlayReactions src/utils/playManager.ts:138:5
    136|       }
    137|     };
    138|     triggerGoodPlayReaction(player, context, fullGameState).catch(() =…
       |     ^
    139|   }
    140| }
 ❯ src/utils/asyncPlayHandler.ts:249:5
 ❯ wrappedProcessAsync src/utils/Round.ts:391:17
 ❯ Round.processPlayAsync src/utils/Round.ts:399:11
 ❯ Module.processPlayAsync src/utils/asyncPlayHandler.ts:104:22
 ❯ Game.playCards src/utils/Game.ts:1001:22
 ❯ Game.playNextTurn src/utils/Game.ts:901:30
 ❯ RoundScheduler.scheduler.onNextTurnCallback src/utils/Game.ts:617:9

This error originated in "tests/gameState.test.ts" test file. It doesn't mean the error was thrown inside the file itself, but while it was running.

⎯⎯⎯⎯ Unhandled Rejection ⎯⎯⎯⎯⎯
Error: [vitest] No "triggerBigDunReaction" export is defined on the "../src/services/chatService" mock. Did you forget to return it from "vi.mock"?
If you need to partially mock a module, you can use "importOriginal" helper inside:

vi.mock("../src/services/chatService", async (importOriginal) => {
  const actual = await importOriginal()
  return {
    ...actual,
    // your mocked methods
  }
})

 ❯ VitestMocker.createError node_modules/vitest/dist/vendor/execute.fL3szUAI.js:79:19
 ❯ Object.get node_modules/vitest/dist/vendor/execute.fL3szUAI.js:153:22
 ❯ Module.handleDunScoring src/utils/playManager.ts:64:5
     62|     
     63|     // 触发大墩反应（其他玩家的惊呼，异步，不阻塞）
     64|     triggerBigDunReaction(newPlayers, playerIndex, cards.length).catch…
       |     ^
     65|     
     66|     // 触发出墩时的得意话（出牌玩家的得意话，异步，不阻塞）
 ❯ src/utils/asyncPlayHandler.ts:114:59
 ❯ wrappedProcessAsync src/utils/Round.ts:391:17
 ❯ Round.processPlayAsync src/utils/Round.ts:399:11
 ❯ Module.processPlayAsync src/utils/asyncPlayHandler.ts:104:22
 ❯ Game.playCards src/utils/Game.ts:1001:22
 ❯ Game.playNextTurn src/utils/Game.ts:901:30
 ❯ RoundScheduler.scheduler.onNextTurnCallback src/utils/Game.ts:617:9

This error originated in "tests/gameState.test.ts" test file. It doesn't mean the error was thrown inside the file itself, but while it was running.

⎯⎯⎯⎯ Unhandled Rejection ⎯⎯⎯⎯⎯
Error: [vitest] No "triggerGoodPlayReaction" export is defined on the "../src/services/chatService" mock. Did you forget to return it from "vi.mock"?
If you need to partially mock a module, you can use "importOriginal" helper inside:

vi.mock("../src/services/chatService", async (importOriginal) => {
  const actual = await importOriginal()
  return {
    ...actual,
    // your mocked methods
  }
})

 ❯ VitestMocker.createError node_modules/vitest/dist/vendor/execute.fL3szUAI.js:79:19
 ❯ Object.get node_modules/vitest/dist/vendor/execute.fL3szUAI.js:153:22
 ❯ Module.triggerGoodPlayReactions src/utils/playManager.ts:138:5
    136|       }
    137|     };
    138|     triggerGoodPlayReaction(player, context, fullGameState).catch(() =…
       |     ^
    139|   }
    140| }
 ❯ src/utils/asyncPlayHandler.ts:249:5
 ❯ wrappedProcessAsync src/utils/Round.ts:391:17
 ❯ Round.processPlayAsync src/utils/Round.ts:399:11
 ❯ Module.processPlayAsync src/utils/asyncPlayHandler.ts:104:22
 ❯ Game.playCards src/utils/Game.ts:1001:22
 ❯ Game.playNextTurn src/utils/Game.ts:901:30
 ❯ src/utils/Game.ts:1329:15

This error originated in "tests/gameState.test.ts" test file. It doesn't mean the error was thrown inside the file itself, but while it was running.

⎯⎯⎯⎯ Unhandled Rejection ⎯⎯⎯⎯⎯
Error: [vitest] No "triggerGoodPlayReaction" export is defined on the "../src/services/chatService" mock. Did you forget to return it from "vi.mock"?
If you need to partially mock a module, you can use "importOriginal" helper inside:

vi.mock("../src/services/chatService", async (importOriginal) => {
  const actual = await importOriginal()
  return {
    ...actual,
    // your mocked methods
  }
})

 ❯ VitestMocker.createError node_modules/vitest/dist/vendor/execute.fL3szUAI.js:79:19
 ❯ Object.get node_modules/vitest/dist/vendor/execute.fL3szUAI.js:153:22
 ❯ Module.triggerGoodPlayReactions src/utils/playManager.ts:138:5
    136|       }
    137|     };
    138|     triggerGoodPlayReaction(player, context, fullGameState).catch(() =…
       |     ^
    139|   }
    140| }
 ❯ src/utils/asyncPlayHandler.ts:249:5
 ❯ wrappedProcessAsync src/utils/Round.ts:391:17
 ❯ Round.processPlayAsync src/utils/Round.ts:399:11
 ❯ Module.processPlayAsync src/utils/asyncPlayHandler.ts:104:22
 ❯ Game.playCards src/utils/Game.ts:1001:22
 ❯ Game.playNextTurn src/utils/Game.ts:901:30

This error originated in "tests/gameState.test.ts" test file. It doesn't mean the error was thrown inside the file itself, but while it was running.

⎯⎯⎯⎯ Unhandled Rejection ⎯⎯⎯⎯⎯
Error: TTS服务音频生成失败
 ❯ src/services/ttsAudioService.ts:213:25
    211|         if (!audioBuffer) {
    212|           // 生成失败，直接失败（不使用speechSynthesis）
    213|           const error = new Error('TTS服务音频生成失败');
       |                         ^
    214|           if (events?.onError) {
    215|             events.onError(error);

This error originated in "tests/voiceServiceCleanup.test.ts" test file. It doesn't mean the error was thrown inside the file itself, but while it was running.
The latest test that might've caused the error is "speakImmediate 应该仍然工作". It might mean one of the following:
- The error was thrown, while Vitest was running this test.
- If the error occurred after the test had been completed, this was the last documented test before it was thrown.

⎯⎯⎯⎯ Unhandled Rejection ⎯⎯⎯⎯⎯
Error: TTS服务音频生成失败
 ❯ src/services/ttsAudioService.ts:213:25
    211|         if (!audioBuffer) {
    212|           // 生成失败，直接失败（不使用speechSynthesis）
    213|           const error = new Error('TTS服务音频生成失败');
       |                         ^
    214|           if (events?.onError) {
    215|             events.onError(error);

This error originated in "tests/voiceServiceCleanup.test.ts" test file. It doesn't mean the error was thrown inside the file itself, but while it was running.
The latest test that might've caused the error is "应该按顺序播放消息". It might mean one of the following:
- The error was thrown, while Vitest was running this test.
- If the error occurred after the test had been completed, this was the last documented test before it was thrown.

⎯⎯⎯⎯ Unhandled Rejection ⎯⎯⎯⎯⎯
Error: TTS服务音频生成失败
 ❯ src/services/ttsAudioService.ts:213:25
    211|         if (!audioBuffer) {
    212|           // 生成失败，直接失败（不使用speechSynthesis）
    213|           const error = new Error('TTS服务音频生成失败');
       |                         ^
    214|           if (events?.onError) {
    215|             events.onError(error);

This error originated in "tests/voiceServiceCleanup.test.ts" test file. It doesn't mean the error was thrown inside the file itself, but while it was running.
The latest test that might've caused the error is "应该按顺序播放消息". It might mean one of the following:
- The error was thrown, while Vitest was running this test.
- If the error occurred after the test had been completed, this was the last documented test before it was thrown.

⎯⎯⎯⎯ Unhandled Rejection ⎯⎯⎯⎯⎯
Error: TTS服务音频生成失败
 ❯ src/services/ttsAudioService.ts:213:25
    211|         if (!audioBuffer) {
    212|           // 生成失败，直接失败（不使用speechSynthesis）
    213|           const error = new Error('TTS服务音频生成失败');
       |                         ^
    214|           if (events?.onError) {
    215|             events.onError(error);

This error originated in "tests/voiceServiceCleanup.test.ts" test file. It doesn't mean the error was thrown inside the file itself, but while it was running.
The latest test that might've caused the error is "应该按优先级排序播放". It might mean one of the following:
- The error was thrown, while Vitest was running this test.
- If the error occurred after the test had been completed, this was the last documented test before it was thrown.

⎯⎯⎯⎯ Unhandled Rejection ⎯⎯⎯⎯⎯
Error: TTS服务音频生成失败
 ❯ src/services/ttsAudioService.ts:213:25
    211|         if (!audioBuffer) {
    212|           // 生成失败，直接失败（不使用speechSynthesis）
    213|           const error = new Error('TTS服务音频生成失败');
       |                         ^
    214|           if (events?.onError) {
    215|             events.onError(error);

This error originated in "tests/voiceServiceCleanup.test.ts" test file. It doesn't mean the error was thrown inside the file itself, but while it was running.
The latest test that might've caused the error is "应该按优先级排序播放". It might mean one of the following:
- The error was thrown, while Vitest was running this test.
- If the error occurred after the test had been completed, this was the last documented test before it was thrown.

⎯⎯⎯⎯ Unhandled Rejection ⎯⎯⎯⎯⎯
Error: TTS服务音频生成失败
 ❯ src/services/ttsAudioService.ts:213:25
    211|         if (!audioBuffer) {
    212|           // 生成失败，直接失败（不使用speechSynthesis）
    213|           const error = new Error('TTS服务音频生成失败');
       |                         ^
    214|           if (events?.onError) {
    215|             events.onError(error);

This error originated in "tests/voiceServiceCleanup.test.ts" test file. It doesn't mean the error was thrown inside the file itself, but while it was running.
The latest test that might've caused the error is "voiceService.speak 应该接受 priority 参数". It might mean one of the following:
- The error was thrown, while Vitest was running this test.
- If the error occurred after the test had been completed, this was the last documented test before it was thrown.

⎯⎯⎯⎯ Unhandled Rejection ⎯⎯⎯⎯⎯
Error: TTS服务音频生成失败
 ❯ src/services/ttsAudioService.ts:213:25
    211|         if (!audioBuffer) {
    212|           // 生成失败，直接失败（不使用speechSynthesis）
    213|           const error = new Error('TTS服务音频生成失败');
       |                         ^
    214|           if (events?.onError) {
    215|             events.onError(error);

This error originated in "tests/voiceServiceCleanup.test.ts" test file. It doesn't mean the error was thrown inside the file itself, but while it was running.
The latest test that might've caused the error is "voiceService.speakImmediate 应该仍然工作". It might mean one of the following:
- The error was thrown, while Vitest was running this test.
- If the error occurred after the test had been completed, this was the last documented test before it was thrown.

⎯⎯⎯⎯ Unhandled Rejection ⎯⎯⎯⎯⎯
Error: TTS服务音频生成失败
 ❯ src/services/ttsAudioService.ts:213:25
    211|         if (!audioBuffer) {
    212|           // 生成失败，直接失败（不使用speechSynthesis）
    213|           const error = new Error('TTS服务音频生成失败');
       |                         ^
    214|           if (events?.onError) {
    215|             events.onError(error);

This error originated in "tests/serialVoicePlaybackRegression.test.ts" test file. It doesn't mean the error was thrown inside the file itself, but while it was running.
The latest test that might've caused the error is "voiceService.speak应该仍然工作". It might mean one of the following:
- The error was thrown, while Vitest was running this test.
- If the error occurred after the test had been completed, this was the last documented test before it was thrown.

⎯⎯⎯⎯ Unhandled Rejection ⎯⎯⎯⎯⎯
Error: TTS服务音频生成失败
 ❯ src/services/ttsAudioService.ts:213:25
    211|         if (!audioBuffer) {
    212|           // 生成失败，直接失败（不使用speechSynthesis）
    213|           const error = new Error('TTS服务音频生成失败');
       |                         ^
    214|           if (events?.onError) {
    215|             events.onError(error);

This error originated in "tests/serialVoicePlaybackRegression.test.ts" test file. It doesn't mean the error was thrown inside the file itself, but while it was running.
The latest test that might've caused the error is "应该支持不同的声道". It might mean one of the following:
- The error was thrown, while Vitest was running this test.
- If the error occurred after the test had been completed, this was the last documented test before it was thrown.

⎯⎯⎯⎯ Unhandled Rejection ⎯⎯⎯⎯⎯
Error: TTS服务音频生成失败
 ❯ src/services/ttsAudioService.ts:213:25
    211|         if (!audioBuffer) {
    212|           // 生成失败，直接失败（不使用speechSynthesis）
    213|           const error = new Error('TTS服务音频生成失败');
       |                         ^
    214|           if (events?.onError) {
    215|             events.onError(error);

This error originated in "tests/serialVoicePlaybackRegression.test.ts" test file. It doesn't mean the error was thrown inside the file itself, but while it was running.
The latest test that might've caused the error is "报牌应该仍然可以立即播放". It might mean one of the following:
- The error was thrown, while Vitest was running this test.
- If the error occurred after the test had been completed, this was the last documented test before it was thrown.

⎯⎯⎯⎯ Unhandled Rejection ⎯⎯⎯⎯⎯
Error: TTS服务音频生成失败
 ❯ src/services/ttsAudioService.ts:213:25
    211|         if (!audioBuffer) {
    212|           // 生成失败，直接失败（不使用speechSynthesis）
    213|           const error = new Error('TTS服务音频生成失败');
       |                         ^
    214|           if (events?.onError) {
    215|             events.onError(error);

This error originated in "tests/serialVoicePlaybackRegression.test.ts" test file. It doesn't mean the error was thrown inside the file itself, but while it was running.
The latest test that might've caused the error is "应该支持VoiceConfig配置". It might mean one of the following:
- The error was thrown, while Vitest was running this test.
- If the error occurred after the test had been completed, this was the last documented test before it was thrown.

⎯⎯⎯⎯ Unhandled Rejection ⎯⎯⎯⎯⎯
Error: TTS服务音频生成失败
 ❯ src/services/ttsAudioService.ts:213:25
    211|         if (!audioBuffer) {
    212|           // 生成失败，直接失败（不使用speechSynthesis）
    213|           const error = new Error('TTS服务音频生成失败');
       |                         ^
    214|           if (events?.onError) {
    215|             events.onError(error);

This error originated in "tests/serialVoicePlaybackRegression.test.ts" test file. It doesn't mean the error was thrown inside the file itself, but while it was running.
The latest test that might've caused the error is "应该支持事件回调". It might mean one of the following:
- The error was thrown, while Vitest was running this test.
- If the error occurred after the test had been completed, this was the last documented test before it was thrown.

⎯⎯⎯⎯ Unhandled Rejection ⎯⎯⎯⎯⎯
Error: TTS服务音频生成失败
 ❯ src/services/ttsAudioService.ts:213:25
    211|         if (!audioBuffer) {
    212|           // 生成失败，直接失败（不使用speechSynthesis）
    213|           const error = new Error('TTS服务音频生成失败');
       |                         ^
    214|           if (events?.onError) {
    215|             events.onError(error);

This error originated in "tests/serialVoicePlaybackRegression.test.ts" test file. It doesn't mean the error was thrown inside the file itself, but while it was running.
The latest test that might've caused the error is "应该能快速处理多个消息". It might mean one of the following:
- The error was thrown, while Vitest was running this test.
- If the error occurred after the test had been completed, this was the last documented test before it was thrown.

⎯⎯⎯⎯ Unhandled Rejection ⎯⎯⎯⎯⎯
Error: TTS服务音频生成失败
 ❯ src/services/ttsAudioService.ts:213:25
    211|         if (!audioBuffer) {
    212|           // 生成失败，直接失败（不使用speechSynthesis）
    213|           const error = new Error('TTS服务音频生成失败');
       |                         ^
    214|           if (events?.onError) {
    215|             events.onError(error);

This error originated in "tests/serialVoicePlaybackRegression.test.ts" test file. It doesn't mean the error was thrown inside the file itself, but while it was running.
The latest test that might've caused the error is "应该能快速处理多个消息". It might mean one of the following:
- The error was thrown, while Vitest was running this test.
- If the error occurred after the test had been completed, this was the last documented test before it was thrown.

⎯⎯⎯⎯ Unhandled Rejection ⎯⎯⎯⎯⎯
Error: TTS服务音频生成失败
 ❯ src/services/ttsAudioService.ts:213:25
    211|         if (!audioBuffer) {
    212|           // 生成失败，直接失败（不使用speechSynthesis）
    213|           const error = new Error('TTS服务音频生成失败');
       |                         ^
    214|           if (events?.onError) {
    215|             events.onError(error);

This error originated in "tests/serialVoicePlaybackRegression.test.ts" test file. It doesn't mean the error was thrown inside the file itself, but while it was running.
The latest test that might've caused the error is "应该能快速处理多个消息". It might mean one of the following:
- The error was thrown, while Vitest was running this test.
- If the error occurred after the test had been completed, this was the last documented test before it was thrown.

⎯⎯⎯⎯ Unhandled Rejection ⎯⎯⎯⎯⎯
Error: TTS服务音频生成失败
 ❯ src/services/ttsAudioService.ts:213:25
    211|         if (!audioBuffer) {
    212|           // 生成失败，直接失败（不使用speechSynthesis）
    213|           const error = new Error('TTS服务音频生成失败');
       |                         ^
    214|           if (events?.onError) {
    215|             events.onError(error);

This error originated in "tests/serialVoicePlaybackRegression.test.ts" test file. It doesn't mean the error was thrown inside the file itself, but while it was running.
The latest test that might've caused the error is "应该能快速处理多个消息". It might mean one of the following:
- The error was thrown, while Vitest was running this test.
- If the error occurred after the test had been completed, this was the last documented test before it was thrown.

⎯⎯⎯⎯ Unhandled Rejection ⎯⎯⎯⎯⎯
Error: TTS服务音频生成失败
 ❯ src/services/ttsAudioService.ts:213:25
    211|         if (!audioBuffer) {
    212|           // 生成失败，直接失败（不使用speechSynthesis）
    213|           const error = new Error('TTS服务音频生成失败');
       |                         ^
    214|           if (events?.onError) {
    215|             events.onError(error);

This error originated in "tests/serialVoicePlaybackRegression.test.ts" test file. It doesn't mean the error was thrown inside the file itself, but while it was running.
The latest test that might've caused the error is "应该能快速处理多个消息". It might mean one of the following:
- The error was thrown, while Vitest was running this test.
- If the error occurred after the test had been completed, this was the last documented test before it was thrown.

⎯⎯⎯⎯ Unhandled Rejection ⎯⎯⎯⎯⎯
Error: TTS服务音频生成失败
 ❯ src/services/ttsAudioService.ts:213:25
    211|         if (!audioBuffer) {
    212|           // 生成失败，直接失败（不使用speechSynthesis）
    213|           const error = new Error('TTS服务音频生成失败');
       |                         ^
    214|           if (events?.onError) {
    215|             events.onError(error);

This error originated in "tests/serialVoicePlaybackRegression.test.ts" test file. It doesn't mean the error was thrown inside the file itself, but while it was running.
The latest test that might've caused the error is "应该能快速处理多个消息". It might mean one of the following:
- The error was thrown, while Vitest was running this test.
- If the error occurred after the test had been completed, this was the last documented test before it was thrown.

⎯⎯⎯⎯ Unhandled Rejection ⎯⎯⎯⎯⎯
Error: TTS服务音频生成失败
 ❯ src/services/ttsAudioService.ts:213:25
    211|         if (!audioBuffer) {
    212|           // 生成失败，直接失败（不使用speechSynthesis）
    213|           const error = new Error('TTS服务音频生成失败');
       |                         ^
    214|           if (events?.onError) {
    215|             events.onError(error);

This error originated in "tests/serialVoicePlaybackRegression.test.ts" test file. It doesn't mean the error was thrown inside the file itself, but while it was running.
The latest test that might've caused the error is "应该能快速处理多个消息". It might mean one of the following:
- The error was thrown, while Vitest was running this test.
- If the error occurred after the test had been completed, this was the last documented test before it was thrown.

⎯⎯⎯⎯ Unhandled Rejection ⎯⎯⎯⎯⎯
Error: TTS服务音频生成失败
 ❯ src/services/ttsAudioService.ts:213:25
    211|         if (!audioBuffer) {
    212|           // 生成失败，直接失败（不使用speechSynthesis）
    213|           const error = new Error('TTS服务音频生成失败');
       |                         ^
    214|           if (events?.onError) {
    215|             events.onError(error);

This error originated in "tests/serialVoicePlaybackRegression.test.ts" test file. It doesn't mean the error was thrown inside the file itself, but while it was running.
The latest test that might've caused the error is "应该能快速处理多个消息". It might mean one of the following:
- The error was thrown, while Vitest was running this test.
- If the error occurred after the test had been completed, this was the last documented test before it was thrown.

⎯⎯⎯⎯ Unhandled Rejection ⎯⎯⎯⎯⎯
Error: TTS服务音频生成失败
 ❯ src/services/ttsAudioService.ts:213:25
    211|         if (!audioBuffer) {
    212|           // 生成失败，直接失败（不使用speechSynthesis）
    213|           const error = new Error('TTS服务音频生成失败');
       |                         ^
    214|           if (events?.onError) {
    215|             events.onError(error);

This error originated in "tests/serialVoicePlaybackRegression.test.ts" test file. It doesn't mean the error was thrown inside the file itself, but while it was running.
The latest test that might've caused the error is "应该能快速处理多个消息". It might mean one of the following:
- The error was thrown, while Vitest was running this test.
- If the error occurred after the test had been completed, this was the last documented test before it was thrown.

⎯⎯⎯⎯ Unhandled Rejection ⎯⎯⎯⎯⎯
Error: TTS服务音频生成失败
 ❯ src/services/ttsAudioService.ts:213:25
    211|         if (!audioBuffer) {
    212|           // 生成失败，直接失败（不使用speechSynthesis）
    213|           const error = new Error('TTS服务音频生成失败');
       |                         ^
    214|           if (events?.onError) {
    215|             events.onError(error);

This error originated in "tests/serialVoicePlaybackRegression.test.ts" test file. It doesn't mean the error was thrown inside the file itself, but while it was running.
The latest test that might've caused the error is "应该能快速处理多个消息". It might mean one of the following:
- The error was thrown, while Vitest was running this test.
- If the error occurred after the test had been completed, this was the last documented test before it was thrown.

⎯⎯⎯⎯ Unhandled Rejection ⎯⎯⎯⎯⎯
Error: TTS服务音频生成失败
 ❯ src/services/ttsAudioService.ts:213:25
    211|         if (!audioBuffer) {
    212|           // 生成失败，直接失败（不使用speechSynthesis）
    213|           const error = new Error('TTS服务音频生成失败');
       |                         ^
    214|           if (events?.onError) {
    215|             events.onError(error);

This error originated in "tests/speechIntegration.test.ts" test file. It doesn't mean the error was thrown inside the file itself, but while it was running.
The latest test that might've caused the error is "应该能够多次调用speakText而不出错". It might mean one of the following:
- The error was thrown, while Vitest was running this test.
- If the error occurred after the test had been completed, this was the last documented test before it was thrown.

⎯⎯⎯⎯ Unhandled Rejection ⎯⎯⎯⎯⎯
Error: TTS服务音频生成失败
 ❯ src/services/ttsAudioService.ts:213:25
    211|         if (!audioBuffer) {
    212|           // 生成失败，直接失败（不使用speechSynthesis）
    213|           const error = new Error('TTS服务音频生成失败');
       |                         ^
    214|           if (events?.onError) {
    215|             events.onError(error);

This error originated in "tests/speechIntegration.test.ts" test file. It doesn't mean the error was thrown inside the file itself, but while it was running.
The latest test that might've caused the error is "应该能够多次调用speakText而不出错". It might mean one of the following:
- The error was thrown, while Vitest was running this test.
- If the error occurred after the test had been completed, this was the last documented test before it was thrown.

⎯⎯⎯⎯ Unhandled Rejection ⎯⎯⎯⎯⎯
Error: TTS服务音频生成失败
 ❯ src/services/ttsAudioService.ts:213:25
    211|         if (!audioBuffer) {
    212|           // 生成失败，直接失败（不使用speechSynthesis）
    213|           const error = new Error('TTS服务音频生成失败');
       |                         ^
    214|           if (events?.onError) {
    215|             events.onError(error);
 ❯ runNextTicks node:internal/process/task_queues:60:5
 ❯ processTimers node:internal/timers:516:9

This error originated in "tests/speechIntegration.test.ts" test file. It doesn't mean the error was thrown inside the file itself, but while it was running.
The latest test that might've caused the error is "应该能够多次调用speakText而不出错". It might mean one of the following:
- The error was thrown, while Vitest was running this test.
- If the error occurred after the test had been completed, this was the last documented test before it was thrown.
⎯⎯⎯⎯⎯⎯⎯⎯⎯⎯⎯⎯⎯⎯⎯⎯⎯⎯⎯⎯⎯⎯⎯⎯⎯⎯⎯⎯⎯⎯

 Test Files  33 failed | 86 passed (119)
      Tests  115 failed | 1345 passed | 23 skipped (1483)
     Errors  70 errors
   Start at  06:11:51
   Duration  1067.38s (transform 6.24s, setup 58.80s, collect 20.44s, tests 2479.00s, environment 91.14s, prepare 21.14s)

